/Users/rl-14/Desktop/Celine-Thesis/all-data-reordered/all/ Bela bilib kang Coco.txt
/Users/rl-14/Desktop/Celine-Thesis/all-data-reordered/all/ Blackout sa Samal.txt
/Users/rl-14/Desktop/Celine-Thesis/all-data-reordered/all/ COC-Phinma naghari.txt
/Users/rl-14/Desktop/Celine-Thesis/all-data-reordered/all/ Congressman Zarate wa mahadlok sa kasong illegal detention .txt
/Users/rl-14/Desktop/Celine-Thesis/all-data-reordered/all/ Gikanselar tungod sa MERS .txt
/Users/rl-14/Desktop/Celine-Thesis/all-data-reordered/all/ Lokal kasikas: Biyahe ngadto sa pangandoy.txt
/Users/rl-14/Desktop/Celine-Thesis/all-data-reordered/all/ Lokal Kasikas: Dog Hotel gibuksan sa Davao .txt
/Users/rl-14/Desktop/Celine-Thesis/all-data-reordered/all/ Lokal Kasikas: October Pets 2015.txt
/Users/rl-14/Desktop/Celine-Thesis/all-data-reordered/all/ Love story sa duha ka paresan nga sports personality sa lokal .txt
/Users/rl-14/Desktop/Celine-Thesis/all-data-reordered/all/ Meditalk: Naay PCOS, gusto mabuntis.txt
/Users/rl-14/Desktop/Celine-Thesis/all-data-reordered/all/ Meditalk: Nagproblema sa kanunay nga pag-daydreaming (9).txt
/Users/rl-14/Desktop/Celine-Thesis/all-data-reordered/all/ Monster Kitchen: Exist to improve lives.txt
/Users/rl-14/Desktop/Celine-Thesis/all-data-reordered/all/ Ombudsman paspasan mga kaso batok politiko.txt
/Users/rl-14/Desktop/Celine-Thesis/all-data-reordered/all/ Oro baskeeters abante sa Jr. NBA Phils natl camp  SunStar.txt
/Users/rl-14/Desktop/Celine-Thesis/all-data-reordered/all/ Oro boxers abante sa PSC-Pacman finals  SunStar.txt
/Users/rl-14/Desktop/Celine-Thesis/all-data-reordered/all/ Pokwang ug imported jowa nagbangutan.txt
/Users/rl-14/Desktop/Celine-Thesis/all-data-reordered/all/ Ruffa naguol sa future sa mga anak.txt
/Users/rl-14/Desktop/Celine-Thesis/all-data-reordered/all/ Saludo Kami: Paghulma sa kaugalingon.txt
/Users/rl-14/Desktop/Celine-Thesis/all-data-reordered/all/ Sugilanon: Tuo-tuo nga kinaraan.txt
/Users/rl-14/Desktop/Celine-Thesis/all-data-reordered/all/ Suter: Kalisdanan.txt
/Users/rl-14/Desktop/Celine-Thesis/all-data-reordered/all/ ‘Onsehan sa druga’, lakip sa gisusi pagpatay sa 2 lalaki.txt
/Users/rl-14/Desktop/Celine-Thesis/all-data-reordered/all/"Bedak kusog sab".txt
/Users/rl-14/Desktop/Celine-Thesis/all-data-reordered/all/"Drug queen" nga kanhi mayor, bana arestado.txt
/Users/rl-14/Desktop/Celine-Thesis/all-data-reordered/all/"Milagrosong tubig" padayon gidagsa.txt
/Users/rl-14/Desktop/Celine-Thesis/all-data-reordered/all/"My Korean Jagiya" mo ere na sa GMA Telebabad.txt
/Users/rl-14/Desktop/Celine-Thesis/all-data-reordered/all/"Oplan Tokhang" ipahigayon unta sa nasunogan .txt
/Users/rl-14/Desktop/Celine-Thesis/all-data-reordered/all/#puso2019 nagdugo.txt
/Users/rl-14/Desktop/Celine-Thesis/all-data-reordered/all/$10M ganti ni Manny.txt
/Users/rl-14/Desktop/Celine-Thesis/all-data-reordered/all/$20 million pangayo ni Pacquiao sa away batok ni Crawford.txt
/Users/rl-14/Desktop/Celine-Thesis/all-data-reordered/all/$400 million ang kitaon.txt
/Users/rl-14/Desktop/Celine-Thesis/all-data-reordered/all/$5M nga multa gamay: USADA.txt
/Users/rl-14/Desktop/Celine-Thesis/all-data-reordered/all/'Adik' milugos sa 1 ka tuig nga anak  SunStar.txt
/Users/rl-14/Desktop/Celine-Thesis/all-data-reordered/all/'Alapag kondisyon gihapon'.txt
/Users/rl-14/Desktop/Celine-Thesis/all-data-reordered/all/'Bag-ong Gilas mas lig-on kay sa una'.txt
/Users/rl-14/Desktop/Celine-Thesis/all-data-reordered/all/'Bakbakan sa Catmon' boxing, karong Enero 31.txt
/Users/rl-14/Desktop/Celine-Thesis/all-data-reordered/all/'Bali' sa tangkugo ang namatyan.txt
/Users/rl-14/Desktop/Celine-Thesis/all-data-reordered/all/'Barok' milig-on.txt
/Users/rl-14/Desktop/Celine-Thesis/all-data-reordered/all/'Barok' nagpadayon sa illegal drugs: pulis.txt
/Users/rl-14/Desktop/Celine-Thesis/all-data-reordered/all/'Boobs’ gibunlot sulod sa bar.txt
/Users/rl-14/Desktop/Celine-Thesis/all-data-reordered/all/'Chicken'.txt
/Users/rl-14/Desktop/Celine-Thesis/all-data-reordered/all/'Dashcam' ipataud sa mga public utility vehicles .txt
/Users/rl-14/Desktop/Celine-Thesis/all-data-reordered/all/'Desperado' mi-ambak sa tulay.txt
/Users/rl-14/Desktop/Celine-Thesis/all-data-reordered/all/'Drug den' sa Lanao del Norte, gironda.txt
/Users/rl-14/Desktop/Celine-Thesis/all-data-reordered/all/'Drug lord' sa Camotes mas dako ni Jaguar.txt
/Users/rl-14/Desktop/Celine-Thesis/all-data-reordered/all/'Drug queen' sikop.txt
/Users/rl-14/Desktop/Celine-Thesis/all-data-reordered/all/'Dukot Queen' gialmahan ni Sunshine.txt
/Users/rl-14/Desktop/Celine-Thesis/all-data-reordered/all/'Dumot' motibo pagtipi sa pulis.txt
/Users/rl-14/Desktop/Celine-Thesis/all-data-reordered/all/'El Granada' gusto nga mobuto.txt
/Users/rl-14/Desktop/Celine-Thesis/all-data-reordered/all/'Espiya' gipagawas ni Roach.txt
/Users/rl-14/Desktop/Celine-Thesis/all-data-reordered/all/'Full alert' giisa sa CV .txt
/Users/rl-14/Desktop/Celine-Thesis/all-data-reordered/all/'Gipainom' og makaluya, 'gi-rape'.txt
/Users/rl-14/Desktop/Celine-Thesis/all-data-reordered/all/'Girls got game' gipahigayon sa Davao  .txt
/Users/rl-14/Desktop/Celine-Thesis/all-data-reordered/all/'Gitipi' sa kauban.txt
/Users/rl-14/Desktop/Celine-Thesis/all-data-reordered/all/'Halfrice' nagpabilin sa Rain or Shine.txt
/Users/rl-14/Desktop/Celine-Thesis/all-data-reordered/all/'Hangtod nga walay lawas, wa say closure'.txt
/Users/rl-14/Desktop/Celine-Thesis/all-data-reordered/all/'Heneral Luna' bongga na ang talent fee.txt
/Users/rl-14/Desktop/Celine-Thesis/all-data-reordered/all/'Holistic plan' ipasumite kontra NPA.txt
/Users/rl-14/Desktop/Celine-Thesis/all-data-reordered/all/'Ipahibawo ang hulga'.txt
/Users/rl-14/Desktop/Celine-Thesis/all-data-reordered/all/'Jesus Reigns' ipahigayon Huwebes sa hapon.txt
/Users/rl-14/Desktop/Celine-Thesis/all-data-reordered/all/'Job fair' sa mga biktima sa sunog sa NCCC gitakda.txt
/Users/rl-14/Desktop/Celine-Thesis/all-data-reordered/all/'Julia Barretto' nag-transform, mibalik sa pagka-lalaki.txt
/Users/rl-14/Desktop/Celine-Thesis/all-data-reordered/all/'Kasagaran kabus ang mapatay'.txt
/Users/rl-14/Desktop/Celine-Thesis/all-data-reordered/all/'Kid Pacquiao' ila giilog: Neri.txt
/Users/rl-14/Desktop/Celine-Thesis/all-data-reordered/all/'Killer' mitahan.txt
/Users/rl-14/Desktop/Celine-Thesis/all-data-reordered/all/'Killer' sa 2 ka babaye sa Siquijor nangayog pasaylo sa mga pamilya.txt
/Users/rl-14/Desktop/Celine-Thesis/all-data-reordered/all/'Killer' sa hepe, wanted dead o alive.txt
/Users/rl-14/Desktop/Celine-Thesis/all-data-reordered/all/'Korean mafia' mikontrolar sa Sugbo .txt
/Users/rl-14/Desktop/Celine-Thesis/all-data-reordered/all/'Love triangle' hinungdan sa pagpangluba sa diskohan .txt
/Users/rl-14/Desktop/Celine-Thesis/all-data-reordered/all/'Love triangle' motibo pagpatay sa ulitawo.txt
/Users/rl-14/Desktop/Celine-Thesis/all-data-reordered/all/'Managit' nadakpan.txt
/Users/rl-14/Desktop/Celine-Thesis/all-data-reordered/all/'May Tatlong Bibe' ni Jayrah Kaye.txt
/Users/rl-14/Desktop/Celine-Thesis/all-data-reordered/all/'Mipatay' sa election officer sa Barili gikihag murder.txt
/Users/rl-14/Desktop/Celine-Thesis/all-data-reordered/all/'Moment of Truth' .txt
/Users/rl-14/Desktop/Celine-Thesis/all-data-reordered/all/'Museum of Bicycling' makita sa Gabii sa Kabilin karong Biyernes.txt
/Users/rl-14/Desktop/Celine-Thesis/all-data-reordered/all/'Nasaypang protektor'.txt
/Users/rl-14/Desktop/Celine-Thesis/all-data-reordered/all/'Oplan Double Barrel' dunay bag-ong guidelines.txt
/Users/rl-14/Desktop/Celine-Thesis/all-data-reordered/all/'Oplan Tokhang' malampuson.txt
/Users/rl-14/Desktop/Celine-Thesis/all-data-reordered/all/'Pa-gwapuhon kong mamatay'.txt
/Users/rl-14/Desktop/Celine-Thesis/all-data-reordered/all/'Panghasi, panion' ni Kap nabidyuhan.txt
/Users/rl-14/Desktop/Celine-Thesis/all-data-reordered/all/'Pari way kapasidad'.txt
/Users/rl-14/Desktop/Celine-Thesis/all-data-reordered/all/'Persons of interest' sa Ungab case  .txt
/Users/rl-14/Desktop/Celine-Thesis/all-data-reordered/all/'Pusher nga tulisan' sa Danao patay.txt
/Users/rl-14/Desktop/Celine-Thesis/all-data-reordered/all/'Pusher' patay sa Tokhang.txt
/Users/rl-14/Desktop/Celine-Thesis/all-data-reordered/all/'Pusher' sa Tejero nakuhaag P560T shabu sa buy bust.txt
/Users/rl-14/Desktop/Celine-Thesis/all-data-reordered/all/'Relax lang'.txt
/Users/rl-14/Desktop/Celine-Thesis/all-data-reordered/all/'Rubber mat' nga salog ibutang sa Osmeña Park ug sa Botanical Garden.txt
/Users/rl-14/Desktop/Celine-Thesis/all-data-reordered/all/'Sakop' ni Kerwin nasikop sa Lorega.txt
/Users/rl-14/Desktop/Celine-Thesis/all-data-reordered/all/'Satanic rosary' gipabantayan sa simbahan.txt
/Users/rl-14/Desktop/Celine-Thesis/all-data-reordered/all/'Satanic' nga rosaryohan naa sa Cebu; di angay nga kahadlukan: Archdiocese.txt
/Users/rl-14/Desktop/Celine-Thesis/all-data-reordered/all/'Security package' alang sa Semana Santa .txt
/Users/rl-14/Desktop/Celine-Thesis/all-data-reordered/all/'Shabu tiangge' gironda sa PDEA; 25 sikop.txt
/Users/rl-14/Desktop/Celine-Thesis/all-data-reordered/all/'Shame campaign' risgo sa kasong libelo: Davide.txt
/Users/rl-14/Desktop/Celine-Thesis/all-data-reordered/all/'Southern Storm Exercise' sa PRO-Davao ipahigayon.txt
/Users/rl-14/Desktop/Celine-Thesis/all-data-reordered/all/'Spiderman' nasikop sa PDEA.txt
/Users/rl-14/Desktop/Celine-Thesis/all-data-reordered/all/'Summer Groovin' recital gipahigayon.txt
/Users/rl-14/Desktop/Celine-Thesis/all-data-reordered/all/'Supplier’ sa unibersidad tiklo.txt
/Users/rl-14/Desktop/Celine-Thesis/all-data-reordered/all/'SWAT challenge' nakatabang batok sa terorismo ug insurhensya.txt
/Users/rl-14/Desktop/Celine-Thesis/all-data-reordered/all/'Tiggamag' porno nasikop sa NBI.txt
/Users/rl-14/Desktop/Celine-Thesis/all-data-reordered/all/'Timeless concert' ni Regine, gidugok.txt
/Users/rl-14/Desktop/Celine-Thesis/all-data-reordered/all/'Tokhang' subling mo-arangkada.txt
/Users/rl-14/Desktop/Celine-Thesis/all-data-reordered/all/'Trained bomber' sa Maute group milusot sa mga checkpoint  SunStar.txt
/Users/rl-14/Desktop/Celine-Thesis/all-data-reordered/all/'Tubig Queen' milagda isip ambahador sa NEXUS .txt
/Users/rl-14/Desktop/Celine-Thesis/all-data-reordered/all/'Tumang binukbokay'.txt
/Users/rl-14/Desktop/Celine-Thesis/all-data-reordered/all/'Tuo nga kamot' ni Sabalones napatay sa pulis.txt
/Users/rl-14/Desktop/Celine-Thesis/all-data-reordered/all/'Utangan' sa druga gipatay.txt
/Users/rl-14/Desktop/Celine-Thesis/all-data-reordered/all/'Walk with Jesus' giapilan sa 80T ka tawo.txt
/Users/rl-14/Desktop/Celine-Thesis/all-data-reordered/all/'War' tali Kris gilimod ni Vice.txt
/Users/rl-14/Desktop/Celine-Thesis/all-data-reordered/all/'Way buy bust nahitabo'.txt
/Users/rl-14/Desktop/Celine-Thesis/all-data-reordered/all/'Written in Our Stars' cast, nganga!.txt
/Users/rl-14/Desktop/Celine-Thesis/all-data-reordered/all/(Update) 3 ka sakop sa AFP nga nasikop tungod sa illegal gambling ug RA 9165,gi-kasohan na’.txt
/Users/rl-14/Desktop/Celine-Thesis/all-data-reordered/all/1 army patay, 13 naangol sa engkwentro sa Compostela Valley .txt
/Users/rl-14/Desktop/Celine-Thesis/all-data-reordered/all/1 dead on the spot, 2 angol human miligid ang van sa Sarangani.txt
/Users/rl-14/Desktop/Celine-Thesis/all-data-reordered/all/1 Grade 9 student patay samtang usa kritikal sa aksidente sa Agusan Del Norte.txt
/Users/rl-14/Desktop/Celine-Thesis/all-data-reordered/all/1 ka JO sa Mandaue gitaktak sa mayor.txt
/Users/rl-14/Desktop/Celine-Thesis/all-data-reordered/all/1 ka tuig nga bata 'gipatay' sa inahan.txt
/Users/rl-14/Desktop/Celine-Thesis/all-data-reordered/all/1 ka ‘adik’ na lang ang wala matokhang.txt
/Users/rl-14/Desktop/Celine-Thesis/all-data-reordered/all/1 kilo shabu nasakmit.txt
/Users/rl-14/Desktop/Celine-Thesis/all-data-reordered/all/1 kilo shabu sapon sa checkpoint .txt
/Users/rl-14/Desktop/Celine-Thesis/all-data-reordered/all/1 kilong shabu, sapon sa Iligan pantalan.txt
/Users/rl-14/Desktop/Celine-Thesis/all-data-reordered/all/1 lang sa 143 homeowners nga gi-pangdemolish ang kuwalipikadong makabalhin sa relacation site.txt
/Users/rl-14/Desktop/Celine-Thesis/all-data-reordered/all/1 patay 7 dakpan sa managlahing drug buy bust operation sa dakbayan.txt
/Users/rl-14/Desktop/Celine-Thesis/all-data-reordered/all/1 patay kay priso nagwala.txt
/Users/rl-14/Desktop/Celine-Thesis/all-data-reordered/all/1 patay og 2 angol sa vehicular accident sa Agusan del Sur.txt
/Users/rl-14/Desktop/Celine-Thesis/all-data-reordered/all/1 patay sa bangga sa Brgy. Camaman-an .txt
/Users/rl-14/Desktop/Celine-Thesis/all-data-reordered/all/1 patay sa masaker sa Bukidnon.txt
/Users/rl-14/Desktop/Celine-Thesis/all-data-reordered/all/1 patay sa pagkusu kusu sa bagyong Basyang sa Southern Cebu.txt
/Users/rl-14/Desktop/Celine-Thesis/all-data-reordered/all/1 patay, 1 anggol sa managlahing pagpamusil .txt
/Users/rl-14/Desktop/Celine-Thesis/all-data-reordered/all/1 patay, 1 angol human mibangga ang motorsiklo sa poste.txt
/Users/rl-14/Desktop/Celine-Thesis/all-data-reordered/all/1 patay, 1 missing at 2 naluwas sa manag-lahing drowning incidents sa Agusan del Sur.txt
/Users/rl-14/Desktop/Celine-Thesis/all-data-reordered/all/1 patay, 2 angol sa pagpamusil.txt
/Users/rl-14/Desktop/Celine-Thesis/all-data-reordered/all/1 patay, 3 angol sa bangga sa motorsiklo .txt
/Users/rl-14/Desktop/Celine-Thesis/all-data-reordered/all/1 patay, 3 angol sa pagpamusil.txt
/Users/rl-14/Desktop/Celine-Thesis/all-data-reordered/all/1 patay, 3 angol sa sunog sa Cagayan de Oro .txt
/Users/rl-14/Desktop/Celine-Thesis/all-data-reordered/all/1 patay, 3 missing sa Tacloban.txt
/Users/rl-14/Desktop/Celine-Thesis/all-data-reordered/all/1 patay, 5 angol sa bangga.txt
/Users/rl-14/Desktop/Celine-Thesis/all-data-reordered/all/1 patay, 8 angol sa dasmag.txt
/Users/rl-14/Desktop/Celine-Thesis/all-data-reordered/all/1 patay, 8 angol sa vehicular accident sa Lianga, Surigao del Sur.txt
/Users/rl-14/Desktop/Celine-Thesis/all-data-reordered/all/1 patay, missing sa kadagatan sa Lapu.txt
/Users/rl-14/Desktop/Celine-Thesis/all-data-reordered/all/1 patay;2 samaron sa CdeO road accident.txt
/Users/rl-14/Desktop/Celine-Thesis/all-data-reordered/all/1 positibo sa drug test sa CPDRC staff.txt
/Users/rl-14/Desktop/Celine-Thesis/all-data-reordered/all/1 pulis, 2 sibilyan sikop sa drug bust.txt
/Users/rl-14/Desktop/Celine-Thesis/all-data-reordered/all/1 sa 24 ka brgy. sa Naga mibahin sa ilang basura.txt
/Users/rl-14/Desktop/Celine-Thesis/all-data-reordered/all/1 sa duha ka suspek sa pagluba sa drayber ni Kanhe Mayor Daisy Plaza, dakpan.txt
/Users/rl-14/Desktop/Celine-Thesis/all-data-reordered/all/1 sa nasunog nga pintor working student.txt
/Users/rl-14/Desktop/Celine-Thesis/all-data-reordered/all/1 samdan, 2 motor naangin.txt
/Users/rl-14/Desktop/Celine-Thesis/all-data-reordered/all/1 sikop sa anti-drug operation.txt
/Users/rl-14/Desktop/Celine-Thesis/all-data-reordered/all/1 sundalo patay, 1 samdan sa managlahing pagbusikad sa bomba.txt
/Users/rl-14/Desktop/Celine-Thesis/all-data-reordered/all/1 tiklo sa drug operation.txt
/Users/rl-14/Desktop/Celine-Thesis/all-data-reordered/all/1,000 IDPs namakwit.txt
/Users/rl-14/Desktop/Celine-Thesis/all-data-reordered/all/1,000 ka polis i-deploy sa Huwebes ug Biyernes Santo .txt
/Users/rl-14/Desktop/Celine-Thesis/all-data-reordered/all/1,000 runners managan sa Family Run.txt
/Users/rl-14/Desktop/Celine-Thesis/all-data-reordered/all/1,000 wa nakatungha sa Talaingod.txt
/Users/rl-14/Desktop/Celine-Thesis/all-data-reordered/all/1,030 prank calls nadawat sa Kean Gabriel Hotline.txt
/Users/rl-14/Desktop/Celine-Thesis/all-data-reordered/all/1,149 sugarol nasikop sa Davao Region.txt
/Users/rl-14/Desktop/Celine-Thesis/all-data-reordered/all/1,400 ka menor nalambigit sa drugs.txt
/Users/rl-14/Desktop/Celine-Thesis/all-data-reordered/all/1,500 ka balay sa Lapu-Lapu gibahaan.txt
/Users/rl-14/Desktop/Celine-Thesis/all-data-reordered/all/1,800 pulis magbantay sa Pasko Fiesta 2017.txt
/Users/rl-14/Desktop/Celine-Thesis/all-data-reordered/all/1-1 buakon.txt
/Users/rl-14/Desktop/Celine-Thesis/all-data-reordered/all/1-2 sa playoffs dili bag-o sa Warriors.txt
/Users/rl-14/Desktop/Celine-Thesis/all-data-reordered/all/1-K tawo, gihikling tungod sa TD Agaton sa MisOr.txt
/Users/rl-14/Desktop/Celine-Thesis/all-data-reordered/all/1.1 million worth of shabu gitagu-an sa imburnal.txt
/Users/rl-14/Desktop/Celine-Thesis/all-data-reordered/all/1.2M kilong basura kada adlaw sa Sugbo.txt
/Users/rl-14/Desktop/Celine-Thesis/all-data-reordered/all/1.6 ka tinun-an moDagsa sa mga tunghaan sa CV.txt
/Users/rl-14/Desktop/Celine-Thesis/all-data-reordered/all/10 anyos gilugos sa uyoan.txt
/Users/rl-14/Desktop/Celine-Thesis/all-data-reordered/all/10 anyos nga gibakunahan na-dengue.txt
/Users/rl-14/Desktop/Celine-Thesis/all-data-reordered/all/10 bank accounts ni Rico ‘gipugngan’.txt
/Users/rl-14/Desktop/Celine-Thesis/all-data-reordered/all/10 barangay officials nalambigit sa droga giukoy sa pulis.txt
/Users/rl-14/Desktop/Celine-Thesis/all-data-reordered/all/10 ka balay naugdaw sa sunog.txt
/Users/rl-14/Desktop/Celine-Thesis/all-data-reordered/all/10 ka balay sa Labangon ugdaw.txt
/Users/rl-14/Desktop/Celine-Thesis/all-data-reordered/all/10 ka menor mga drug couriers.txt
/Users/rl-14/Desktop/Celine-Thesis/all-data-reordered/all/10 ka mga jailguard sa CPDRC parelibuhan kay hayan kunsabo.txt
/Users/rl-14/Desktop/Celine-Thesis/all-data-reordered/all/10 ka opisyal sa PNP hagbong sa lifestyle check, gipangkiha.txt
/Users/rl-14/Desktop/Celine-Thesis/all-data-reordered/all/10 ka oras ang traffic; Talisay, Mingla way gihimo?.txt
/Users/rl-14/Desktop/Celine-Thesis/all-data-reordered/all/10 ka pakete nga shabu nasakmit .txt
/Users/rl-14/Desktop/Celine-Thesis/all-data-reordered/all/10 ka priso sa MOPJ naka-parol.txt
/Users/rl-14/Desktop/Celine-Thesis/all-data-reordered/all/10 ka pulis sa CCPO giparelibohan.txt
/Users/rl-14/Desktop/Celine-Thesis/all-data-reordered/all/10 ka Sugboanon kandidato sa National softball team.txt
/Users/rl-14/Desktop/Celine-Thesis/all-data-reordered/all/10 ka tawo angol sa nahulog nga multicab sa Misamis Oriental.txt
/Users/rl-14/Desktop/Celine-Thesis/all-data-reordered/all/10 kilometros nga lawod sa Leyte gilangoy sa Pinoyng Aquaman.txt
/Users/rl-14/Desktop/Celine-Thesis/all-data-reordered/all/10 local solo folk singers, country bands concert.txt
/Users/rl-14/Desktop/Celine-Thesis/all-data-reordered/all/10 na ka paresan sa TPG 6.txt
/Users/rl-14/Desktop/Celine-Thesis/all-data-reordered/all/10 nasikop sa gidiling drugas sa Danao City.txt
/Users/rl-14/Desktop/Celine-Thesis/all-data-reordered/all/10 Oro boxers moaway sa PSC-Pacman Boxing Cup.txt
/Users/rl-14/Desktop/Celine-Thesis/all-data-reordered/all/10 patay sa BIFF, 2 naangol sa engkwentro sa Maguindanao.txt
/Users/rl-14/Desktop/Celine-Thesis/all-data-reordered/all/10 traffic enforcers sa CCTO gipasidunggan sa Rotary Club.txt
/Users/rl-14/Desktop/Celine-Thesis/all-data-reordered/all/10% usbaw sa business tax rate gipatuman na sa syudad.txt
/Users/rl-14/Desktop/Celine-Thesis/all-data-reordered/all/10,000 daises sa center island nahimong atraksiyon sa Lapu.txt
/Users/rl-14/Desktop/Celine-Thesis/all-data-reordered/all/10,000 moapil sa CCSC Summer Sports Training.txt
/Users/rl-14/Desktop/Celine-Thesis/all-data-reordered/all/10-anyos lalaki naghikog.txt
/Users/rl-14/Desktop/Celine-Thesis/all-data-reordered/all/10-anyos nga lalaki nalumos sa swimming pool   .txt
/Users/rl-14/Desktop/Celine-Thesis/all-data-reordered/all/10-anyos nisurprisa sa mga beterano.txt
/Users/rl-14/Desktop/Celine-Thesis/all-data-reordered/all/10-point agenda ni Sara gibida sa Soca .txt
/Users/rl-14/Desktop/Celine-Thesis/all-data-reordered/all/10-wheeler truck gisunog.txt
/Users/rl-14/Desktop/Celine-Thesis/all-data-reordered/all/10-year validity nga driver's license.txt
/Users/rl-14/Desktop/Celine-Thesis/all-data-reordered/all/100 arnisador magtigi.txt
/Users/rl-14/Desktop/Celine-Thesis/all-data-reordered/all/100 container vans para Devotee City.txt
/Users/rl-14/Desktop/Celine-Thesis/all-data-reordered/all/100 ka boluntaryo nanglimpiyo sa Guadalupe river sa Father’s Day.txt
/Users/rl-14/Desktop/Celine-Thesis/all-data-reordered/all/100 ka mga kawani sa ospital gipaundang.txt
/Users/rl-14/Desktop/Celine-Thesis/all-data-reordered/all/100 ka priso ‘gipagawas’ usa.txt
/Users/rl-14/Desktop/Celine-Thesis/all-data-reordered/all/100 ka seniors sa Cebu City gihatagan og mga sungkod.txt
/Users/rl-14/Desktop/Celine-Thesis/all-data-reordered/all/100 ka traffic vests gidonar sa Aboitiz Land.txt
/Users/rl-14/Desktop/Celine-Thesis/all-data-reordered/all/100 kapin natanggong sa Lapu .txt
/Users/rl-14/Desktop/Celine-Thesis/all-data-reordered/all/100 mibenepisyo sa libreng medical clinic.txt
/Users/rl-14/Desktop/Celine-Thesis/all-data-reordered/all/100 miles ultramarathon karon.txt
/Users/rl-14/Desktop/Celine-Thesis/all-data-reordered/all/100 mitambong sa party nadakpan sa Team.txt
/Users/rl-14/Desktop/Celine-Thesis/all-data-reordered/all/100 moapil tigi sa arnis karong Sabado.txt
/Users/rl-14/Desktop/Celine-Thesis/all-data-reordered/all/100 nakigtigi sa 'Araw' Arnis .txt
/Users/rl-14/Desktop/Celine-Thesis/all-data-reordered/all/100 years gisaulog sa NMMC.txt
/Users/rl-14/Desktop/Celine-Thesis/all-data-reordered/all/100,000 voter's ID wa pa makuha gikan sa Comelec.txt
/Users/rl-14/Desktop/Celine-Thesis/all-data-reordered/all/100-anyos dagha’g sekreto .txt
/Users/rl-14/Desktop/Celine-Thesis/all-data-reordered/all/103 centenarians sa CV nakadawat og cash gift .txt
/Users/rl-14/Desktop/Celine-Thesis/all-data-reordered/all/106 employees sa Toledo Hospital wala pa mamalik.txt
/Users/rl-14/Desktop/Celine-Thesis/all-data-reordered/all/106 ka tinun-an sa Talisay gitanyagan og scholarship.txt
/Users/rl-14/Desktop/Celine-Thesis/all-data-reordered/all/107 gitabang sa EMS, 15 ka bata nabuwag sa ilang pamilya atol sa parada sa Sinulog.txt
/Users/rl-14/Desktop/Celine-Thesis/all-data-reordered/all/10th Asean Chess Championship himuon sa Royal Mandaya.txt
/Users/rl-14/Desktop/Celine-Thesis/all-data-reordered/all/10th Cebu Marathon karong Dominggo.txt
/Users/rl-14/Desktop/Celine-Thesis/all-data-reordered/all/11 anyos nalumos kay giingong gibira sa ‘ukoy’ sa CdeO?.txt
/Users/rl-14/Desktop/Celine-Thesis/all-data-reordered/all/11 BIFF patay sa air assault.txt
/Users/rl-14/Desktop/Celine-Thesis/all-data-reordered/all/11 ka football players lakip sa SAC-SMB  '18 awardees.txt
/Users/rl-14/Desktop/Celine-Thesis/all-data-reordered/all/11 ka mga pulis nga gireklamo gipangrelibuhan ni Doria .txt
/Users/rl-14/Desktop/Celine-Thesis/all-data-reordered/all/11 ka patrol cars gihatag ngadto sa Lapu police.txt
/Users/rl-14/Desktop/Celine-Thesis/all-data-reordered/all/11 ka pulis sa Mandaue gikiha; 4 ini mga positibo sa drug test.txt
/Users/rl-14/Desktop/Celine-Thesis/all-data-reordered/all/11 ka tinun-an sa Bogo City apil sa unang scholars sa Rondalla camp.txt
/Users/rl-14/Desktop/Celine-Thesis/all-data-reordered/all/11 nasikop sa buy bust sa Lapu.txt
/Users/rl-14/Desktop/Celine-Thesis/all-data-reordered/all/11 pambato sa Mumma moaway.txt
/Users/rl-14/Desktop/Celine-Thesis/all-data-reordered/all/11-0 target sa Cavaliers.txt
/Users/rl-14/Desktop/Celine-Thesis/all-data-reordered/all/11-anyos nga NPA mitahan.txt
/Users/rl-14/Desktop/Celine-Thesis/all-data-reordered/all/111 ka mga pulis sa Caraga, benepisyaryo sa Pabalay Program sa gobyerno.txt
/Users/rl-14/Desktop/Celine-Thesis/all-data-reordered/all/111 sa nangalanag nakauli; DOST mosusi.txt
/Users/rl-14/Desktop/Celine-Thesis/all-data-reordered/all/11th Bulawan Festival giablihan sa Compostela Valley.txt
/Users/rl-14/Desktop/Celine-Thesis/all-data-reordered/all/11th Sari-Sari Festival sa Agusto 13 na .txt
/Users/rl-14/Desktop/Celine-Thesis/all-data-reordered/all/12 anyos gilugos sa lolo.txt
/Users/rl-14/Desktop/Celine-Thesis/all-data-reordered/all/12 anyos gilugos, gipatay.txt
/Users/rl-14/Desktop/Celine-Thesis/all-data-reordered/all/12 anyos gilugos.txt
/Users/rl-14/Desktop/Celine-Thesis/all-data-reordered/all/12 BIFF, 5 MILF napatay sa Maguindanao.txt
/Users/rl-14/Desktop/Celine-Thesis/all-data-reordered/all/12 candidates magtigi sa Ms. IAU 2018.txt
/Users/rl-14/Desktop/Celine-Thesis/all-data-reordered/all/12 hepe sa kapulisan sa Amihanang Mindanao gitaktak.txt
/Users/rl-14/Desktop/Celine-Thesis/all-data-reordered/all/12 ka armas,gitahan sa PNP sa Bukidnon.txt
/Users/rl-14/Desktop/Celine-Thesis/all-data-reordered/all/12 ka balay sa Barangay Apas nasunog.txt
/Users/rl-14/Desktop/Celine-Thesis/all-data-reordered/all/12 ka barangay sa Argao napunduhan sa Kalahi-CIDSS.txt
/Users/rl-14/Desktop/Celine-Thesis/all-data-reordered/all/12 ka bata abante sa national camp .txt
/Users/rl-14/Desktop/Celine-Thesis/all-data-reordered/all/12 ka case sa beer, gikawat sa palahubog.txt
/Users/rl-14/Desktop/Celine-Thesis/all-data-reordered/all/12 ka HVT sa MisOr gipangita sa Tokhangers.txt
/Users/rl-14/Desktop/Celine-Thesis/all-data-reordered/all/12 ka LGUs sa rehiyon 7 apil sa awardees sa ‘Seal of Good Local Governance’.txt
/Users/rl-14/Desktop/Celine-Thesis/all-data-reordered/all/12 ka mga PNP personnel sa Talisay City gi-relieve tungod sa pagbakasyon niadtong Holidays.txt
/Users/rl-14/Desktop/Celine-Thesis/all-data-reordered/all/12 ka pulis girelibohan .txt
/Users/rl-14/Desktop/Celine-Thesis/all-data-reordered/all/12 ka pulis sa Talisay girelibuhan.txt
/Users/rl-14/Desktop/Celine-Thesis/all-data-reordered/all/12 magtigi sa Oroderm City Top Model Search 2018.txt
/Users/rl-14/Desktop/Celine-Thesis/all-data-reordered/all/12 Maute houses,gi-monitor sa PNP sa Iligan City.txt
/Users/rl-14/Desktop/Celine-Thesis/all-data-reordered/all/12 nasikop sa mga buy bust sa Sugbo.txt
/Users/rl-14/Desktop/Celine-Thesis/all-data-reordered/all/12 nga bata gidala sa tambalanan human matagakan sa bunga sa lubi nga natumba sa ilang balay.txt
/Users/rl-14/Desktop/Celine-Thesis/all-data-reordered/all/12 Oro boxers abante sa PSC-Pacman finals .txt
/Users/rl-14/Desktop/Celine-Thesis/all-data-reordered/all/12 Pulis dili na makabalik sa Talisay City.txt
/Users/rl-14/Desktop/Celine-Thesis/all-data-reordered/all/12 ‘apil’ sa smuggling sa CPDRC, gisuspenso.txt
/Users/rl-14/Desktop/Celine-Thesis/all-data-reordered/all/12-anyos mipatugbabaw sa CEPCA month tourney.txt
/Users/rl-14/Desktop/Celine-Thesis/all-data-reordered/all/12-anyos naluwas sa milagro?.txt
/Users/rl-14/Desktop/Celine-Thesis/all-data-reordered/all/12-anyos NPA nakig-giyera.txt
/Users/rl-14/Desktop/Celine-Thesis/all-data-reordered/all/12-anyos patay sa bangga.txt
/Users/rl-14/Desktop/Celine-Thesis/all-data-reordered/all/12-anyos tigtagbo sa 'shabu' .txt
/Users/rl-14/Desktop/Celine-Thesis/all-data-reordered/all/120 ATM apektuhan kon way signal.txt
/Users/rl-14/Desktop/Celine-Thesis/all-data-reordered/all/122 indibidwal na-tokhang sa Region 12.txt
/Users/rl-14/Desktop/Celine-Thesis/all-data-reordered/all/123 NPA returnees,balik-Mindanao gikan sa Malakanyang dinner.txt
/Users/rl-14/Desktop/Celine-Thesis/all-data-reordered/all/13 anyos gilugos sa drayber sa foundation.txt
/Users/rl-14/Desktop/Celine-Thesis/all-data-reordered/all/13 anyos namatay sa ‘pinusilay’.txt
/Users/rl-14/Desktop/Celine-Thesis/all-data-reordered/all/13 ka balay naugdaw sa lungsod sa Balingoan  SunStar.txt
/Users/rl-14/Desktop/Celine-Thesis/all-data-reordered/all/13 ka COCPO officials,gi-relib sa CdeO.txt
/Users/rl-14/Desktop/Celine-Thesis/all-data-reordered/all/13 ka mga balay sa Surigao del Sur, na-abo sa sunog sa pagsugat sa tuig 2018.txt
/Users/rl-14/Desktop/Celine-Thesis/all-data-reordered/all/13 ka mga lungsod way fire station.txt
/Users/rl-14/Desktop/Celine-Thesis/all-data-reordered/all/13 ka pier sa Mandaue wa marehistro?.txt
/Users/rl-14/Desktop/Celine-Thesis/all-data-reordered/all/13 ka sagunson nga kadaugan.txt
/Users/rl-14/Desktop/Celine-Thesis/all-data-reordered/all/13 New Year babies, gihimugso sa CdeO.txt
/Users/rl-14/Desktop/Celine-Thesis/all-data-reordered/all/13 pakete sa marijuana, nasakmit .txt
/Users/rl-14/Desktop/Celine-Thesis/all-data-reordered/all/13 sapon sa rescue operation.txt
/Users/rl-14/Desktop/Celine-Thesis/all-data-reordered/all/13-anyos gidagit sa 15-anyos.txt
/Users/rl-14/Desktop/Celine-Thesis/all-data-reordered/all/13-anyos nga 6-9 taas og maabtan.txt
/Users/rl-14/Desktop/Celine-Thesis/all-data-reordered/all/13-anyos nga bayong-bayong sa Butuan City, ang-qualify alang sa Jr. NBA National Training Camp.txt
/Users/rl-14/Desktop/Celine-Thesis/all-data-reordered/all/130 ka NPA mibalik-gobyerno.txt
/Users/rl-14/Desktop/Celine-Thesis/all-data-reordered/all/132 ka mga natuplokan ug Dengvaxia sa rehiyon padayong gi-monitor.txt
/Users/rl-14/Desktop/Celine-Thesis/all-data-reordered/all/135 sinkholes sa Samal.txt
/Users/rl-14/Desktop/Celine-Thesis/all-data-reordered/all/138 ka pulis gibansay pagpunting og pusil.txt
/Users/rl-14/Desktop/Celine-Thesis/all-data-reordered/all/14 anyos gisulayan og lugos.txt
/Users/rl-14/Desktop/Celine-Thesis/all-data-reordered/all/14 anyos nga user mitahan.txt
/Users/rl-14/Desktop/Celine-Thesis/all-data-reordered/all/14 anyos patay, lola angol.txt
/Users/rl-14/Desktop/Celine-Thesis/all-data-reordered/all/14 anyos tig-deliver og shabu.txt
/Users/rl-14/Desktop/Celine-Thesis/all-data-reordered/all/14-anyos babaye gidala sa NPA.txt
/Users/rl-14/Desktop/Celine-Thesis/all-data-reordered/all/14-anyos nga 6-9 kuhaon sa Gilas.txt
/Users/rl-14/Desktop/Celine-Thesis/all-data-reordered/all/141 OFWs miabot gikan sa Riyadh gitabangan.txt
/Users/rl-14/Desktop/Celine-Thesis/all-data-reordered/all/14th World Eskrima Kali arnis  championship, Hulyo 22-24.txt
/Users/rl-14/Desktop/Celine-Thesis/all-data-reordered/all/15 anyos gilugos sa kasagbotan .txt
/Users/rl-14/Desktop/Celine-Thesis/all-data-reordered/all/15 anyos gimolestiya sa Turko sud sa motel.txt
/Users/rl-14/Desktop/Celine-Thesis/all-data-reordered/all/15 anyos kadudahan nga lihok sapon sa CCTV.txt
/Users/rl-14/Desktop/Celine-Thesis/all-data-reordered/all/15 anyos nga buros sikop sa drug bust .txt
/Users/rl-14/Desktop/Celine-Thesis/all-data-reordered/all/15 anyos ‘gilugos’ sa ka-chat nga langyaw .txt
/Users/rl-14/Desktop/Celine-Thesis/all-data-reordered/all/15 Finalist sa Doble Kara singing Contest gibisto ang ilang sekrito.txt
/Users/rl-14/Desktop/Celine-Thesis/all-data-reordered/all/15 ka giyera sa militar natala batok NPA .txt
/Users/rl-14/Desktop/Celine-Thesis/all-data-reordered/all/15 ka loose firearms gitahan .txt
/Users/rl-14/Desktop/Celine-Thesis/all-data-reordered/all/15 ka mga kandidata ang magsangka sa Miss Kuyamis Festival 2017.txt
/Users/rl-14/Desktop/Celine-Thesis/all-data-reordered/all/15 kagawad sa Comval gihulga nga patyun .txt
/Users/rl-14/Desktop/Celine-Thesis/all-data-reordered/all/15 local artists sa art exhibit sa Montebello Villa Hotel.txt
/Users/rl-14/Desktop/Celine-Thesis/all-data-reordered/all/15 na patay sa dengue sa Mandaue sa 2016.txt
/Users/rl-14/Desktop/Celine-Thesis/all-data-reordered/all/15 Pantawid beneficiaries mitapos.txt
/Users/rl-14/Desktop/Celine-Thesis/all-data-reordered/all/15,000 ka mga runners magtigi sa Milo marathon.txt
/Users/rl-14/Desktop/Celine-Thesis/all-data-reordered/all/15,130 nalambigit sa druga mitahan sa Davao del Norte.txt
/Users/rl-14/Desktop/Celine-Thesis/all-data-reordered/all/15-anyos kanunay kasab-an.txt
/Users/rl-14/Desktop/Celine-Thesis/all-data-reordered/all/15-anyos nahulga’g dakong bato, patay.txt
/Users/rl-14/Desktop/Celine-Thesis/all-data-reordered/all/15-anyos nalumos, patay.txt
/Users/rl-14/Desktop/Celine-Thesis/all-data-reordered/all/15-anyos nga mabdos gimolestiya sa ama-ama.txt
/Users/rl-14/Desktop/Celine-Thesis/all-data-reordered/all/15-anyos ‘gilugos’ sa uyoan .txt
/Users/rl-14/Desktop/Celine-Thesis/all-data-reordered/all/150 boxers gi-ban sa GAB.txt
/Users/rl-14/Desktop/Celine-Thesis/all-data-reordered/all/150 ka balay gisugdan na'g guba.txt
/Users/rl-14/Desktop/Celine-Thesis/all-data-reordered/all/150 na ang nadakpan sa Cebu City; 11T sa Mandaue.txt
/Users/rl-14/Desktop/Celine-Thesis/all-data-reordered/all/150 pamilya sa duha ka munisipyo sa South Cotabato nakabenipisyo sa food ug non-food items sa PDRRMO.txt
/Users/rl-14/Desktop/Celine-Thesis/all-data-reordered/all/150 riders gilauman sa Cyclomax motocross.txt
/Users/rl-14/Desktop/Celine-Thesis/all-data-reordered/all/157 ka sakyanan nga nagbuga og itum nga aso nasapon.txt
/Users/rl-14/Desktop/Celine-Thesis/all-data-reordered/all/16 anyos naghikog.txt
/Users/rl-14/Desktop/Celine-Thesis/all-data-reordered/all/16 anyus nga anak ni PAF Sgt Oberes nagtu-u nga adunay mas lawum nga rason ang kamatayon sa iyahang amahan.txt
/Users/rl-14/Desktop/Celine-Thesis/all-data-reordered/all/16 armas nakuha sa 2 ka mga girondang panimalay.txt
/Users/rl-14/Desktop/Celine-Thesis/all-data-reordered/all/16 drug personality nasikop sa Consolacion, Carcar, Danao .txt
/Users/rl-14/Desktop/Celine-Thesis/all-data-reordered/all/16 ka barangays gideklarar sa CPPO nga luwas sa druga.txt
/Users/rl-14/Desktop/Celine-Thesis/all-data-reordered/all/16 ka mga pulis girelibuhan.txt
/Users/rl-14/Desktop/Celine-Thesis/all-data-reordered/all/16 ka mga wanted persons dakpan sa operasyon sa kapulisan.txt
/Users/rl-14/Desktop/Celine-Thesis/all-data-reordered/all/16 sikop, 1.7 mil gi-profile sa Oplan Bulabog.txt
/Users/rl-14/Desktop/Celine-Thesis/all-data-reordered/all/16 sulod sa Gilas pool.txt
/Users/rl-14/Desktop/Celine-Thesis/all-data-reordered/all/16-anyos nga dalagita naghikog, patay  .txt
/Users/rl-14/Desktop/Celine-Thesis/all-data-reordered/all/160 drug cleared brgy. nameligro nga bawian sa ilang certificate sa CPADAO.txt
/Users/rl-14/Desktop/Celine-Thesis/all-data-reordered/all/17 anyos nga suspek paglugos sa 32 anyos tiklo.txt
/Users/rl-14/Desktop/Celine-Thesis/all-data-reordered/all/17 ka atleta sa dakbayan makigtigi sa pencak silat.txt
/Users/rl-14/Desktop/Celine-Thesis/all-data-reordered/all/17 NPA mitahan; 37 landmine narekober.txt
/Users/rl-14/Desktop/Celine-Thesis/all-data-reordered/all/17 surrenderees kawani na sa Lapu.txt
/Users/rl-14/Desktop/Celine-Thesis/all-data-reordered/all/17-anyos milugos sa 12-anyos, sikop.txt
/Users/rl-14/Desktop/Celine-Thesis/all-data-reordered/all/17-anyos naminaw musika gisaka sa balay, gipusil.txt
/Users/rl-14/Desktop/Celine-Thesis/all-data-reordered/all/17-anyos nga nag-atubang og rape sa 11-anyos sa Bantayan gidakop.txt
/Users/rl-14/Desktop/Celine-Thesis/all-data-reordered/all/170 ka durugista tipi; sagad iya sa 'vigilante'.txt
/Users/rl-14/Desktop/Celine-Thesis/all-data-reordered/all/17th Tuna Festival, mabulukon ug malampuson.txt
/Users/rl-14/Desktop/Celine-Thesis/all-data-reordered/all/18 anyos 'gi-gang rape' sa 6 ka menor nga kainom.txt
/Users/rl-14/Desktop/Celine-Thesis/all-data-reordered/all/18 anyos biktima sa gang rape; mga suspek pulos menor de edad.txt
/Users/rl-14/Desktop/Celine-Thesis/all-data-reordered/all/18 ka barangay gibahaan.txt
/Users/rl-14/Desktop/Celine-Thesis/all-data-reordered/all/18 milabay og basura, nadakpan.txt
/Users/rl-14/Desktop/Celine-Thesis/all-data-reordered/all/18 stalls sa pabuto gisirhan .txt
/Users/rl-14/Desktop/Celine-Thesis/all-data-reordered/all/18-anyos lalaki patay human nakuryenti samtang nanguryente ug mga isda.txt
/Users/rl-14/Desktop/Celine-Thesis/all-data-reordered/all/180 na ka stall owners sa Tabunok.txt
/Users/rl-14/Desktop/Celine-Thesis/all-data-reordered/all/184 ka cellphones sa piniriso nasakmit.txt
/Users/rl-14/Desktop/Celine-Thesis/all-data-reordered/all/184 lisensya nakumpiska sa Lambat Bitag sa Davao .txt
/Users/rl-14/Desktop/Celine-Thesis/all-data-reordered/all/19 ka barangay ‘drug-cleared’ human sa tokhang.txt
/Users/rl-14/Desktop/Celine-Thesis/all-data-reordered/all/19 ka drug lord ang gi-monitor.txt
/Users/rl-14/Desktop/Celine-Thesis/all-data-reordered/all/19 ka pamilya walay balay sa Pasko.txt
/Users/rl-14/Desktop/Celine-Thesis/all-data-reordered/all/19 ka scholars sa Vicsal Foundation migraduwar.txt
/Users/rl-14/Desktop/Celine-Thesis/all-data-reordered/all/19 Nubain ampules nasakmit sa CCJ.txt
/Users/rl-14/Desktop/Celine-Thesis/all-data-reordered/all/19-anyos gipatay sa kapuyo .txt
/Users/rl-14/Desktop/Celine-Thesis/all-data-reordered/all/1st Alcantara Fiesta Cup gilusad.txt
/Users/rl-14/Desktop/Celine-Thesis/all-data-reordered/all/1st batch sa mga sakyanan nga na-impound ipagawas.txt
/Users/rl-14/Desktop/Celine-Thesis/all-data-reordered/all/1st Bulua Inter-School Chess Tournament ablihon karon.txt
/Users/rl-14/Desktop/Celine-Thesis/all-data-reordered/all/1st CCBI-CBL pormal gisugdan.txt
/Users/rl-14/Desktop/Celine-Thesis/all-data-reordered/all/1st Forwarder Run, Oktubre 4.txt
/Users/rl-14/Desktop/Celine-Thesis/all-data-reordered/all/1st Inter-Public School Basketball Championships Abrihon karon .txt
/Users/rl-14/Desktop/Celine-Thesis/all-data-reordered/all/1st Lunghi Run sa Cebu karong Marso.txt
/Users/rl-14/Desktop/Celine-Thesis/all-data-reordered/all/1st Oro SPEED Basketball Finals sugdan karon.txt
/Users/rl-14/Desktop/Celine-Thesis/all-data-reordered/all/1st Philippine TBI Summit .txt
/Users/rl-14/Desktop/Celine-Thesis/all-data-reordered/all/1st Quarter Nationwide Simultaneous Earthquake Drill, ipahigayon sa OCD-12.txt
/Users/rl-14/Desktop/Celine-Thesis/all-data-reordered/all/2 'base command' sa MILF nagpinatyanay.txt
/Users/rl-14/Desktop/Celine-Thesis/all-data-reordered/all/2 anak gibugaw sa inahan.txt
/Users/rl-14/Desktop/Celine-Thesis/all-data-reordered/all/2 anyos gilugos, gipatay.txt
/Users/rl-14/Desktop/Celine-Thesis/all-data-reordered/all/2 anyos nalumos.txt
/Users/rl-14/Desktop/Celine-Thesis/all-data-reordered/all/2 balay nasunog, P200T danyos.txt
/Users/rl-14/Desktop/Celine-Thesis/all-data-reordered/all/2 Barangay kapitan ug kanhe kapitan sa Cabadbaran City, nakuhaan ug mga bala, granade ug dinamita.txt
/Users/rl-14/Desktop/Celine-Thesis/all-data-reordered/all/2 bata mikirig, patay.txt
/Users/rl-14/Desktop/Celine-Thesis/all-data-reordered/all/2 bata nalumos, patay.txt
/Users/rl-14/Desktop/Celine-Thesis/all-data-reordered/all/2 bomb scare gikaalarma.txt
/Users/rl-14/Desktop/Celine-Thesis/all-data-reordered/all/2 boxing experts nagtuo modaug si Pacman.txt
/Users/rl-14/Desktop/Celine-Thesis/all-data-reordered/all/2 bypass roads gitun-an sa RDC 7.txt
/Users/rl-14/Desktop/Celine-Thesis/all-data-reordered/all/2 Cafgu nagsinuntokay sulod sa kampo, 1 patay.txt
/Users/rl-14/Desktop/Celine-Thesis/all-data-reordered/all/2 Dabawenyong boksidor natagak sa PSC-Pacquiao Cup.txt
/Users/rl-14/Desktop/Celine-Thesis/all-data-reordered/all/2 Daesh-ISIS members,sikop sa Lanao del Sur.txt
/Users/rl-14/Desktop/Celine-Thesis/all-data-reordered/all/2 dagkong transport group di mosuporta.txt
/Users/rl-14/Desktop/Celine-Thesis/all-data-reordered/all/2 dalaga nag-withdraw giti-onan og 'junior’ .txt
/Users/rl-14/Desktop/Celine-Thesis/all-data-reordered/all/2 doktor sa Lanao Norte dunay hulga sa kinabuhi.txt
/Users/rl-14/Desktop/Celine-Thesis/all-data-reordered/all/2 drug personalities sikop.txt
/Users/rl-14/Desktop/Celine-Thesis/all-data-reordered/all/2 empleyado patay sa pagpanulis, P2.4M wala madala.txt
/Users/rl-14/Desktop/Celine-Thesis/all-data-reordered/all/2 gidakop may labot sa pagpatay sa call center agent.txt
/Users/rl-14/Desktop/Celine-Thesis/all-data-reordered/all/2 gidunggab sa katagay.txt
/Users/rl-14/Desktop/Celine-Thesis/all-data-reordered/all/2 gipamusil, 1 patay.txt
/Users/rl-14/Desktop/Celine-Thesis/all-data-reordered/all/2 gipatay tungod sa gidiling druga?.txt
/Users/rl-14/Desktop/Celine-Thesis/all-data-reordered/all/2 gobernador nakigalyado sa Hugpong Ng Pagbabago .txt
/Users/rl-14/Desktop/Celine-Thesis/all-data-reordered/all/2 HEAVY EQUIPMENT sa MAYOR sa AGUSAN DEL SUR, gisunog sa NPA.txt
/Users/rl-14/Desktop/Celine-Thesis/all-data-reordered/all/2 HVTs,sikop sa PDEA sa CdeO.txt
/Users/rl-14/Desktop/Celine-Thesis/all-data-reordered/all/2 istasyon sa radyo sirhan sa NTC-Davao.txt
/Users/rl-14/Desktop/Celine-Thesis/all-data-reordered/all/2 ka  mga `tulisan’  nakalapas sa trapiko, nadakpan hinuon.txt
/Users/rl-14/Desktop/Celine-Thesis/all-data-reordered/all/2 ka 'gunman' patay sa pinusilay.txt
/Users/rl-14/Desktop/Celine-Thesis/all-data-reordered/all/2 ka adlaw nga Children's game natapos kagahapon.txt
/Users/rl-14/Desktop/Celine-Thesis/all-data-reordered/all/2 ka babaye nga namaligya ug iligal nga droga, na-aresto.txt
/Users/rl-14/Desktop/Celine-Thesis/all-data-reordered/all/2 ka babaye wa  kaaguwanta sa kasakit sa pagbati.txt
/Users/rl-14/Desktop/Celine-Thesis/all-data-reordered/all/2 ka balay nasunog sa Oro.txt
/Users/rl-14/Desktop/Celine-Thesis/all-data-reordered/all/2 ka balay sa kanhi mayor sa Marawi gironda.txt
/Users/rl-14/Desktop/Celine-Thesis/all-data-reordered/all/2 ka barangay gibahaan.txt
/Users/rl-14/Desktop/Celine-Thesis/all-data-reordered/all/2 ka barangay sa Sugbo nominado sa regional model Solid Waste management sa nasod.txt
/Users/rl-14/Desktop/Celine-Thesis/all-data-reordered/all/2 ka barangay wala miduso og listahan.txt
/Users/rl-14/Desktop/Celine-Thesis/all-data-reordered/all/2 ka barangays apektado sa drugs.txt
/Users/rl-14/Desktop/Celine-Thesis/all-data-reordered/all/2 ka barko nagbangga; 54 ka pasahero luwas.txt
/Users/rl-14/Desktop/Celine-Thesis/all-data-reordered/all/2 ka bata nalumos sa sapa sa Brgy. Mabini.txt
/Users/rl-14/Desktop/Celine-Thesis/all-data-reordered/all/2 ka batalyon sa kasundaluhan ipadala sa North Cotabato batok sa NPA.txt
/Users/rl-14/Desktop/Celine-Thesis/all-data-reordered/all/2 ka buhatan gipanglungkab.txt
/Users/rl-14/Desktop/Celine-Thesis/all-data-reordered/all/2 ka consultant gibabagan sa Team Rama .txt
/Users/rl-14/Desktop/Celine-Thesis/all-data-reordered/all/2 ka dapit sa Danao naigo sa alimpus.txt
/Users/rl-14/Desktop/Celine-Thesis/all-data-reordered/all/2 ka drug surrenderers positibo sa drug test.txt
/Users/rl-14/Desktop/Celine-Thesis/all-data-reordered/all/2 ka drug users nga naaktuhan nga nagtinunolay ug shabu, nasikop.txt
/Users/rl-14/Desktop/Celine-Thesis/all-data-reordered/all/2 ka drug-listed sikop sa operasyon sa PDEA12.txt
/Users/rl-14/Desktop/Celine-Thesis/all-data-reordered/all/2 ka estudyante nalumos-patay ning syudad.txt
/Users/rl-14/Desktop/Celine-Thesis/all-data-reordered/all/2 ka fratman girakrakan, patay.txt
/Users/rl-14/Desktop/Celine-Thesis/all-data-reordered/all/2 ka hepe, 3 ka pulis patyon.txt
/Users/rl-14/Desktop/Celine-Thesis/all-data-reordered/all/2 ka import sa PBA subhan karon.txt
/Users/rl-14/Desktop/Celine-Thesis/all-data-reordered/all/2 ka kawani sa LTFRB gihulga; hepe nagpatabang.txt
/Users/rl-14/Desktop/Celine-Thesis/all-data-reordered/all/2 ka kawani sa Mandaue City giila.txt
/Users/rl-14/Desktop/Celine-Thesis/all-data-reordered/all/2 ka kilo shabu nasakmit sa PDEA.txt
/Users/rl-14/Desktop/Celine-Thesis/all-data-reordered/all/2 ka Mandauehanon mi-top sa LET gihatagan og cash incentives sa lokal nga kagamhanan.txt
/Users/rl-14/Desktop/Celine-Thesis/all-data-reordered/all/2 ka mga `gun-for-hire' napatay.txt
/Users/rl-14/Desktop/Celine-Thesis/all-data-reordered/all/2 ka mga babaye gitulis, gi-rape.txt
/Users/rl-14/Desktop/Celine-Thesis/all-data-reordered/all/2 ka mga babayeng menor sikop sa buy bust.txt
/Users/rl-14/Desktop/Celine-Thesis/all-data-reordered/all/2 ka mga bar gipaimbestigar.txt
/Users/rl-14/Desktop/Celine-Thesis/all-data-reordered/all/2 ka mga enforcer `nangilkil'.txt
/Users/rl-14/Desktop/Celine-Thesis/all-data-reordered/all/2 ka mga magsuon napaig.txt
/Users/rl-14/Desktop/Celine-Thesis/all-data-reordered/all/2 ka mga numero ni Kobe i-retiro.txt
/Users/rl-14/Desktop/Celine-Thesis/all-data-reordered/all/2 ka minor de edad uban sa 30 ka lain pang miembro sa NPA misurender.txt
/Users/rl-14/Desktop/Celine-Thesis/all-data-reordered/all/2 ka miyembro sa NPA, arestado sa Agusan Del Sur.txt
/Users/rl-14/Desktop/Celine-Thesis/all-data-reordered/all/2 ka Mrs. Sanchez nag-abot sa kapitolyo.txt
/Users/rl-14/Desktop/Celine-Thesis/all-data-reordered/all/2 ka nars sa CPDRC gipangtangtang.txt
/Users/rl-14/Desktop/Celine-Thesis/all-data-reordered/all/2 ka negosyante gi-ambush, patay.txt
/Users/rl-14/Desktop/Celine-Thesis/all-data-reordered/all/2 ka panday nangahulog sa damba, 1 patay.txt
/Users/rl-14/Desktop/Celine-Thesis/all-data-reordered/all/2 ka parking lots way permit; Osmeña mipadalag suwat.txt
/Users/rl-14/Desktop/Celine-Thesis/all-data-reordered/all/2 ka patrol boats alang sa Tanoñ ang gidonar.txt
/Users/rl-14/Desktop/Celine-Thesis/all-data-reordered/all/2 ka patrol cars paliton sa Talisay.txt
/Users/rl-14/Desktop/Celine-Thesis/all-data-reordered/all/2 ka person of interest pagpatay sa magtiayon sa Misamis Oriental, hayan buhian.txt
/Users/rl-14/Desktop/Celine-Thesis/all-data-reordered/all/2 ka Pinoy sakop sa team ni Mayweather.txt
/Users/rl-14/Desktop/Celine-Thesis/all-data-reordered/all/2 ka police nangulata sa 3 minor ed edad gidid-an nang makagawas sa DCPO.txt
/Users/rl-14/Desktop/Celine-Thesis/all-data-reordered/all/2 ka police nga nangulata ug 3 ka minor ed edad gipasakaan na ug kaso.txt
/Users/rl-14/Desktop/Celine-Thesis/all-data-reordered/all/2 ka police station planong tukoron.txt
/Users/rl-14/Desktop/Celine-Thesis/all-data-reordered/all/2 ka pulis gisukmag sa hubog.txt
/Users/rl-14/Desktop/Celine-Thesis/all-data-reordered/all/2 ka pulis nga sikop sa extortion gikasuhan sa Iligan City.txt
/Users/rl-14/Desktop/Celine-Thesis/all-data-reordered/all/2 ka pulis positibo sa surprise drug test ipataktak sa PRO 7.txt
/Users/rl-14/Desktop/Celine-Thesis/all-data-reordered/all/2 ka resto-bars gipasira ni Luigi.txt
/Users/rl-14/Desktop/Celine-Thesis/all-data-reordered/all/2 ka Rico's Lechon gipasirhan.txt
/Users/rl-14/Desktop/Celine-Thesis/all-data-reordered/all/2 ka rota gi-survey sa LTFRB 7.txt
/Users/rl-14/Desktop/Celine-Thesis/all-data-reordered/all/2 ka sakong ‘shabu’ nasakmit.txt
/Users/rl-14/Desktop/Celine-Thesis/all-data-reordered/all/2 ka samdan nga mga pulis giawardan.txt
/Users/rl-14/Desktop/Celine-Thesis/all-data-reordered/all/2 ka social innovations.txt
/Users/rl-14/Desktop/Celine-Thesis/all-data-reordered/all/2 ka state witness mutambong sa Senate hearing sa P8.7 B road right of way scam sa GenSan.txt
/Users/rl-14/Desktop/Celine-Thesis/all-data-reordered/all/2 ka sunog miigo sa Lapu-Lapu.txt
/Users/rl-14/Desktop/Celine-Thesis/all-data-reordered/all/2 ka sunog miulbo sa Cagayan de Oro .txt
/Users/rl-14/Desktop/Celine-Thesis/all-data-reordered/all/2 ka suspek nangayo og pasaylo ngadto sa pamilya ni Mark Oberes.txt
/Users/rl-14/Desktop/Celine-Thesis/all-data-reordered/all/2 ka suspek pagpatay sa deputy COP sa Polomolok, nakigpinusilay sa mga pulis, patay.txt
/Users/rl-14/Desktop/Celine-Thesis/all-data-reordered/all/2 ka trafficker nasikop.txt
/Users/rl-14/Desktop/Celine-Thesis/all-data-reordered/all/2 ka ulitawo, naghikog sa managlahing lugar sa Caraga Region.txt
/Users/rl-14/Desktop/Celine-Thesis/all-data-reordered/all/2 ka volunteers 'nangawat', napriso.txt
/Users/rl-14/Desktop/Celine-Thesis/all-data-reordered/all/2 ka ‘killers’ sa magtiayon nasikop.txt
/Users/rl-14/Desktop/Celine-Thesis/all-data-reordered/all/2 kapitan nag-ilog sa LTO office.txt
/Users/rl-14/Desktop/Celine-Thesis/all-data-reordered/all/2 kawatan nadakpan.txt
/Users/rl-14/Desktop/Celine-Thesis/all-data-reordered/all/2 kawatan og motorsiklo nadakpan.txt
/Users/rl-14/Desktop/Celine-Thesis/all-data-reordered/all/2 killer patay sa pinusilay.txt
/Users/rl-14/Desktop/Celine-Thesis/all-data-reordered/all/2 kilo nga shabu nasakmit .txt
/Users/rl-14/Desktop/Celine-Thesis/all-data-reordered/all/2 Kings nanguna sa World vs US sa Rising Stars game.txt
/Users/rl-14/Desktop/Celine-Thesis/all-data-reordered/all/2 kritikal laing 7 angol sa panagbangga sa bus og pick-up sa Agusan del Sur.txt
/Users/rl-14/Desktop/Celine-Thesis/all-data-reordered/all/2 lalake natabunan sa lapok.txt
/Users/rl-14/Desktop/Celine-Thesis/all-data-reordered/all/2 lalaki nadakpan sa drug bust .txt
/Users/rl-14/Desktop/Celine-Thesis/all-data-reordered/all/2 lalaki napalitan og shabu.txt
/Users/rl-14/Desktop/Celine-Thesis/all-data-reordered/all/2 lalaki sikop sa drug bust.txt
/Users/rl-14/Desktop/Celine-Thesis/all-data-reordered/all/2 lawas natabunan naugkat.txt
/Users/rl-14/Desktop/Celine-Thesis/all-data-reordered/all/2 Lumad nakasungkit og bulawan.txt
/Users/rl-14/Desktop/Celine-Thesis/all-data-reordered/all/2 M misaksi sa Sinulog, malampuson.txt
/Users/rl-14/Desktop/Celine-Thesis/all-data-reordered/all/2 maestro sikop sa drug bust  .txt
/Users/rl-14/Desktop/Celine-Thesis/all-data-reordered/all/2 magsuong MisOr polis ‘nanulis’, 1 patay.txt
/Users/rl-14/Desktop/Celine-Thesis/all-data-reordered/all/2 magsuong tokhang surrenderee gipatay.txt
/Users/rl-14/Desktop/Celine-Thesis/all-data-reordered/all/2 membro sa Air Force nag-unay 1 patay  SunStar.txt
/Users/rl-14/Desktop/Celine-Thesis/all-data-reordered/all/2 menor, 30 NPA mitahan.txt
/Users/rl-14/Desktop/Celine-Thesis/all-data-reordered/all/2 million tourist arrivals nga target nakuha sa Davao.txt
/Users/rl-14/Desktop/Celine-Thesis/all-data-reordered/all/2 minor de edad gilugos ang 22-anyos nga babayeng may diperenya sa pangisip; usa ka suspek sikop.txt
/Users/rl-14/Desktop/Celine-Thesis/all-data-reordered/all/2 na ang Best Actor trophy ni RS Francisco.txt
/Users/rl-14/Desktop/Celine-Thesis/all-data-reordered/all/2 naa sa listahan gipatay.txt
/Users/rl-14/Desktop/Celine-Thesis/all-data-reordered/all/2 naanod, patay.txt
/Users/rl-14/Desktop/Celine-Thesis/all-data-reordered/all/2 nagduwa sa sapa nalumos.txt
/Users/rl-14/Desktop/Celine-Thesis/all-data-reordered/all/2 nakuhaan og 21 ka armas.txt
/Users/rl-14/Desktop/Celine-Thesis/all-data-reordered/all/2 namatay gidudahan nga naunay sa bomba.txt
/Users/rl-14/Desktop/Celine-Thesis/all-data-reordered/all/2 namatay kasohan gihapon .txt
/Users/rl-14/Desktop/Celine-Thesis/all-data-reordered/all/2 nang patay sa pagkahugno sa paril; trabaho gipahunong.txt
/Users/rl-14/Desktop/Celine-Thesis/all-data-reordered/all/2 nangawat og motor napatay sa kapulisan.txt
/Users/rl-14/Desktop/Celine-Thesis/all-data-reordered/all/2 napatay nga sundalo giduaw ni Duterte.txt
/Users/rl-14/Desktop/Celine-Thesis/all-data-reordered/all/2 nga missing, gidagsa nga patay.txt
/Users/rl-14/Desktop/Celine-Thesis/all-data-reordered/all/2 NPA leaders misurender sa militar; 3 high-powered firearms narekober.txt
/Users/rl-14/Desktop/Celine-Thesis/all-data-reordered/all/2 NPA mitahan sa Compostela Valley.txt
/Users/rl-14/Desktop/Celine-Thesis/all-data-reordered/all/2 NPA patay sa engkwentro copy.txt
/Users/rl-14/Desktop/Celine-Thesis/all-data-reordered/all/2 NPA patay sa engkwentro.txt
/Users/rl-14/Desktop/Celine-Thesis/all-data-reordered/all/2 pamilya nag-engkuwentro sa Lanao del Sur.txt
/Users/rl-14/Desktop/Celine-Thesis/all-data-reordered/all/2 patay gikan sa motorsiklo, multicab nga giharos sa SUV.txt
/Users/rl-14/Desktop/Celine-Thesis/all-data-reordered/all/2 patay sa bagyo.txt
/Users/rl-14/Desktop/Celine-Thesis/all-data-reordered/all/2 patay sa drug operation sa Oro.txt
/Users/rl-14/Desktop/Celine-Thesis/all-data-reordered/all/2 patay sa managlahing kaso sa pagpamusil  sa Lapu-Lapu.txt
/Users/rl-14/Desktop/Celine-Thesis/all-data-reordered/all/2 patay sa pag-amok.txt
/Users/rl-14/Desktop/Celine-Thesis/all-data-reordered/all/2 patay sa panagbangga sa ten wheelers truck ug pampasaherong multicab sa Butuan City.txt
/Users/rl-14/Desktop/Celine-Thesis/all-data-reordered/all/2 patay'ng lawas gikalot.txt
/Users/rl-14/Desktop/Celine-Thesis/all-data-reordered/all/2 patay, 3 nagpadayong missing sa mitikyaob nga motor banca nga padulong sa isla sa Camotes.txt
/Users/rl-14/Desktop/Celine-Thesis/all-data-reordered/all/2 patay, 9 samdan sa aksidente sa Toledo City.txt
/Users/rl-14/Desktop/Celine-Thesis/all-data-reordered/all/2 pintor nasunog.txt
/Users/rl-14/Desktop/Celine-Thesis/all-data-reordered/all/2 principal nadakpan sa kasong child abuse.txt
/Users/rl-14/Desktop/Celine-Thesis/all-data-reordered/all/2 pulis nag-away sa tuloganan.txt
/Users/rl-14/Desktop/Celine-Thesis/all-data-reordered/all/2 pulis namukbok, nameligro.txt
/Users/rl-14/Desktop/Celine-Thesis/all-data-reordered/all/2 sikop sa drug buybust.txt
/Users/rl-14/Desktop/Celine-Thesis/all-data-reordered/all/2 sikop sa pagpanari.txt
/Users/rl-14/Desktop/Celine-Thesis/all-data-reordered/all/2 sundalo 'gikulata' sa pulis, nag-viral.txt
/Users/rl-14/Desktop/Celine-Thesis/all-data-reordered/all/2 sundalo patay sa air strike sa Marawi.txt
/Users/rl-14/Desktop/Celine-Thesis/all-data-reordered/all/2 sundalo, babaye sikop sa drug bust .txt
/Users/rl-14/Desktop/Celine-Thesis/all-data-reordered/all/2 suspek MisOr senior citizen couple’s killing,gibuhian?.txt
/Users/rl-14/Desktop/Celine-Thesis/all-data-reordered/all/2 tawo mitahan sa ilang mga armas sa Talisay PNP.txt
/Users/rl-14/Desktop/Celine-Thesis/all-data-reordered/all/2 taxi driver namago og sex worker priso.txt
/Users/rl-14/Desktop/Celine-Thesis/all-data-reordered/all/2 tinun-an, manager gihulga sa 'NPA'.txt
/Users/rl-14/Desktop/Celine-Thesis/all-data-reordered/all/2 traffic enforcer gipanukmag.txt
/Users/rl-14/Desktop/Celine-Thesis/all-data-reordered/all/2 wanted person nadakpan .txt
/Users/rl-14/Desktop/Celine-Thesis/all-data-reordered/all/2,000 accounts gi-block sa LBP tungod sa skimming.txt
/Users/rl-14/Desktop/Celine-Thesis/all-data-reordered/all/2,000 runners moapil sa Don Sergio Osmena run ugma.txt
/Users/rl-14/Desktop/Celine-Thesis/all-data-reordered/all/2,600 pulis, force multipliers magbantay sa kalag-kalag .txt
/Users/rl-14/Desktop/Celine-Thesis/all-data-reordered/all/2-0 maoy tirada sa Talk ‘N Text.txt
/Users/rl-14/Desktop/Celine-Thesis/all-data-reordered/all/2-0 target sa Cavs.txt
/Users/rl-14/Desktop/Celine-Thesis/all-data-reordered/all/2-0 tinguha sa Beerman.txt
/Users/rl-14/Desktop/Celine-Thesis/all-data-reordered/all/2-0 tinguha sa Ginebra.txt
/Users/rl-14/Desktop/Celine-Thesis/all-data-reordered/all/2-0 tinguha sa Meralco.txt
/Users/rl-14/Desktop/Celine-Thesis/all-data-reordered/all/2-0 tinguha sa RoS.txt
/Users/rl-14/Desktop/Celine-Thesis/all-data-reordered/all/2-0 tuyo sa Beer.txt
/Users/rl-14/Desktop/Celine-Thesis/all-data-reordered/all/2-2 tuyo sa Gins.txt
/Users/rl-14/Desktop/Celine-Thesis/all-data-reordered/all/2-anyos nga bata nga gipatay sa Tagum city, posibleng gituok sa suspek.txt
/Users/rl-14/Desktop/Celine-Thesis/all-data-reordered/all/2-anyos nga gilugos, gipatay gilubong na.txt
/Users/rl-14/Desktop/Celine-Thesis/all-data-reordered/all/2-cock derby sa Gallera, Marso 10.txt
/Users/rl-14/Desktop/Celine-Thesis/all-data-reordered/all/2-MT basura sa coastal clean-up sa San Fernando.txt
/Users/rl-14/Desktop/Celine-Thesis/all-data-reordered/all/2-storey house,nasunog sa CdeO.txt
/Users/rl-14/Desktop/Celine-Thesis/all-data-reordered/all/20 anyos gidagit gi-gang rape  SunStar.txt
/Users/rl-14/Desktop/Celine-Thesis/all-data-reordered/all/20 ka barangays mag-ilog sa Balay Mindanaw awards.txt
/Users/rl-14/Desktop/Celine-Thesis/all-data-reordered/all/20 ka mga Bag-ong Montero patrol Cars ipang apod-apod sa mga police stations sa Sugbo.txt
/Users/rl-14/Desktop/Celine-Thesis/all-data-reordered/all/20 ka mga balay nangasunog.txt
/Users/rl-14/Desktop/Celine-Thesis/all-data-reordered/all/20 ka mga tolda nawagtang.txt
/Users/rl-14/Desktop/Celine-Thesis/all-data-reordered/all/20 ka tuig na ang SuperBalita CdeO .txt
/Users/rl-14/Desktop/Celine-Thesis/all-data-reordered/all/20 na ang samaran sa mga sundalo.txt
/Users/rl-14/Desktop/Celine-Thesis/all-data-reordered/all/20% nga usbaw sa collection gikatala sa LTFRB XI sa tuig 2017.txt
/Users/rl-14/Desktop/Celine-Thesis/all-data-reordered/all/20,000 bisita gilauman nga modagsa sa Palaro .txt
/Users/rl-14/Desktop/Celine-Thesis/all-data-reordered/all/200 bag-ong sundalo gikatakdang i-deploy sa Northern Mindanao.txt
/Users/rl-14/Desktop/Celine-Thesis/all-data-reordered/all/200 ka barangay nga ‘drug-cleared’ ang target.txt
/Users/rl-14/Desktop/Celine-Thesis/all-data-reordered/all/200 sodium lamps ipangitaod  sa South Coastal Road sa Talisay .txt
/Users/rl-14/Desktop/Celine-Thesis/all-data-reordered/all/200,000 apil sa Milo Marathon.txt
/Users/rl-14/Desktop/Celine-Thesis/all-data-reordered/all/200-bed capacity nga ospital sa Bogo gibuksan.txt
/Users/rl-14/Desktop/Celine-Thesis/all-data-reordered/all/200000 apil sa Milo Marathon  SunStar.txt
/Users/rl-14/Desktop/Celine-Thesis/all-data-reordered/all/2016 Iligan Physique karong Abril 9.txt
/Users/rl-14/Desktop/Celine-Thesis/all-data-reordered/all/2016 PC andam na.txt
/Users/rl-14/Desktop/Celine-Thesis/all-data-reordered/all/2017 Milo National Finals sa Cebu.txt
/Users/rl-14/Desktop/Celine-Thesis/all-data-reordered/all/2017 Motor Ace Circuit racing ipahigayon ning buwana.txt
/Users/rl-14/Desktop/Celine-Thesis/all-data-reordered/all/2017 Samsam cup sugdan na ugma.txt
/Users/rl-14/Desktop/Celine-Thesis/all-data-reordered/all/2018 7-Eleven Run sa Luzviminda na.txt
/Users/rl-14/Desktop/Celine-Thesis/all-data-reordered/all/2018 Search for Caraga’s Most Gender Responsible LGU, gilusad na sa CHR-Caraga.txt
/Users/rl-14/Desktop/Celine-Thesis/all-data-reordered/all/2018 World Bodybuilding Championships sa Sugbo ipahigayon, May 31-June 3.txt
/Users/rl-14/Desktop/Celine-Thesis/all-data-reordered/all/202 ka tawo apektado sa sunog sa CdeO.txt
/Users/rl-14/Desktop/Celine-Thesis/all-data-reordered/all/205 sikop sa jaywalking  .txt
/Users/rl-14/Desktop/Celine-Thesis/all-data-reordered/all/21 anyos gidagit sa 5 ka mga tawo.txt
/Users/rl-14/Desktop/Celine-Thesis/all-data-reordered/all/21 ka sunog na ang gikatala sa syudad atol sa pag-obserba sa fire prevention month.txt
/Users/rl-14/Desktop/Celine-Thesis/all-data-reordered/all/21 mil kapin naatiman sa mga medical mission.txt
/Users/rl-14/Desktop/Celine-Thesis/all-data-reordered/all/21 tawo sikop sa drug den  .txt
/Users/rl-14/Desktop/Celine-Thesis/all-data-reordered/all/21 years old college working student giingong gikidnap og mga foreigner, padayon karon nga gipangita sa otoridad.txt
/Users/rl-14/Desktop/Celine-Thesis/all-data-reordered/all/21-anyos gikulata, namatay.txt
/Users/rl-14/Desktop/Celine-Thesis/all-data-reordered/all/219 toneladang basura nahakot .txt
/Users/rl-14/Desktop/Celine-Thesis/all-data-reordered/all/21st CRAM, gipangandaman na sa DepEd-Caraga.txt
/Users/rl-14/Desktop/Celine-Thesis/all-data-reordered/all/22 ang tigpayuhot og drugs sa jail.txt
/Users/rl-14/Desktop/Celine-Thesis/all-data-reordered/all/22,000 apil sa Milo run.txt
/Users/rl-14/Desktop/Celine-Thesis/all-data-reordered/all/227 ex-NPA lipayon sa Malacañang .txt
/Users/rl-14/Desktop/Celine-Thesis/all-data-reordered/all/22nd Milo Little Olympics Visayas sugdan Agusto 31.txt
/Users/rl-14/Desktop/Celine-Thesis/all-data-reordered/all/23 ka mga nasod mangapil sa 2018 Cebu Marathon.txt
/Users/rl-14/Desktop/Celine-Thesis/all-data-reordered/all/23 ka mga pulis sa Lapu mga drug protector?.txt
/Users/rl-14/Desktop/Celine-Thesis/all-data-reordered/all/23 ka police station sa Misamis Oriental makadawat og body camera.txt
/Users/rl-14/Desktop/Celine-Thesis/all-data-reordered/all/23 suspek nga nasikop sa One Time Bigtime Operation sa South Cotabato, nakasuhan na.txt
/Users/rl-14/Desktop/Celine-Thesis/all-data-reordered/all/23-anyos gikiha og panagit.txt
/Users/rl-14/Desktop/Celine-Thesis/all-data-reordered/all/230T miapil sa Grand Marian procession.txt
/Users/rl-14/Desktop/Celine-Thesis/all-data-reordered/all/232 na ka durugista namatay sa CV.txt
/Users/rl-14/Desktop/Celine-Thesis/all-data-reordered/all/23rd PR Congress mikuha’g inspirasyon sa Pinoy brands.txt
/Users/rl-14/Desktop/Celine-Thesis/all-data-reordered/all/23rd Shell Active Chess gisugdan na.txt
/Users/rl-14/Desktop/Celine-Thesis/all-data-reordered/all/24 ka dalan sa Cagayan de Oro isirado.txt
/Users/rl-14/Desktop/Celine-Thesis/all-data-reordered/all/24 operation batok kriminalidad sa 3 ka adlaw.txt
/Users/rl-14/Desktop/Celine-Thesis/all-data-reordered/all/24 oras nga seguridad sa Semana Santa ipatuman.txt
/Users/rl-14/Desktop/Celine-Thesis/all-data-reordered/all/24 ra kutob.txt
/Users/rl-14/Desktop/Celine-Thesis/all-data-reordered/all/25 ka barangay sa MisOr gideklarar nga drug-free.txt
/Users/rl-14/Desktop/Celine-Thesis/all-data-reordered/all/25 mil ka mga punoan sa marijuana gisunog.txt
/Users/rl-14/Desktop/Celine-Thesis/all-data-reordered/all/25 motorbanca, gipanghatag ni DA Sec. Piñol sa Sarangani.txt
/Users/rl-14/Desktop/Celine-Thesis/all-data-reordered/all/250 ka bata mibenepisyo sa feeding sa online store .txt
/Users/rl-14/Desktop/Celine-Thesis/all-data-reordered/all/26 ka pulis sa Carbon gitangtang.txt
/Users/rl-14/Desktop/Celine-Thesis/all-data-reordered/all/26 ka sakyanang pandagat kanselado ang biyahe samtang sobra sa 400 ka mga pasahero stranded sa Pier sa Cebu tungod sa Bagyong Basyang.txt
/Users/rl-14/Desktop/Celine-Thesis/all-data-reordered/all/26 naangol sa aksidente.txt
/Users/rl-14/Desktop/Celine-Thesis/all-data-reordered/all/26 tim magtigi sa 12th Davao City Baseball Cup.txt
/Users/rl-14/Desktop/Celine-Thesis/all-data-reordered/all/27,000 target sa Milo run Cebu leg.txt
/Users/rl-14/Desktop/Celine-Thesis/all-data-reordered/all/28 anyos patay sa buy bust sa PDEA.txt
/Users/rl-14/Desktop/Celine-Thesis/all-data-reordered/all/28 ka mga pulis sa CV gipangrelibohan.txt
/Users/rl-14/Desktop/Celine-Thesis/all-data-reordered/all/28 na ka mga durugista sa Mandaue City ang napatay.txt
/Users/rl-14/Desktop/Celine-Thesis/all-data-reordered/all/2800 pakyas sa pag-uli.txt
/Users/rl-14/Desktop/Celine-Thesis/all-data-reordered/all/29 gibawian og card.txt
/Users/rl-14/Desktop/Celine-Thesis/all-data-reordered/all/29 ka pulis sa PRO 7 ipalabay sa Basilan.txt
/Users/rl-14/Desktop/Celine-Thesis/all-data-reordered/all/2Bibu Ultramarathon karong Sabado.txt
/Users/rl-14/Desktop/Celine-Thesis/all-data-reordered/all/2Go Travel nakigsosyo sa  Globe Business.txt
/Users/rl-14/Desktop/Celine-Thesis/all-data-reordered/all/2nd Asia Pacific U-Games andam na.txt
/Users/rl-14/Desktop/Celine-Thesis/all-data-reordered/all/2nd batch sa mga NPA surenderee milupad na paingon sa Manila.txt
/Users/rl-14/Desktop/Celine-Thesis/all-data-reordered/all/2nd Lakad Takbo sa simbahan inig Oktubre 23.txt
/Users/rl-14/Desktop/Celine-Thesis/all-data-reordered/all/2nd level sa Yaw-Yan sugdan karong adlawa.txt
/Users/rl-14/Desktop/Celine-Thesis/all-data-reordered/all/2nd Opol Eagles Club 12-under Chess Tournament karong Sabado na .txt
/Users/rl-14/Desktop/Celine-Thesis/all-data-reordered/all/2nd Oro SPEED Inter-Public School Basketball Championships sugdan karon.txt
/Users/rl-14/Desktop/Celine-Thesis/all-data-reordered/all/2nd round ra.txt
/Users/rl-14/Desktop/Celine-Thesis/all-data-reordered/all/2nd, 3rd floors sa CPH Balamban wala pa magamit tungod sa utang?.txt
/Users/rl-14/Desktop/Celine-Thesis/all-data-reordered/all/3 'rapists' nadakpan.txt
/Users/rl-14/Desktop/Celine-Thesis/all-data-reordered/all/3 anak naluwas sa online cybersex crime sa CdeO.txt
/Users/rl-14/Desktop/Celine-Thesis/all-data-reordered/all/3 ang suspek sa pagpatay ni Ungab.txt
/Users/rl-14/Desktop/Celine-Thesis/all-data-reordered/all/3 anyos gi custody sa DSWD 7.txt
/Users/rl-14/Desktop/Celine-Thesis/all-data-reordered/all/3 anyos gigapos, gi-rape sa 8-anyos.txt
/Users/rl-14/Desktop/Celine-Thesis/all-data-reordered/all/3 anyos nahulog sa motorsikad.txt
/Users/rl-14/Desktop/Celine-Thesis/all-data-reordered/all/3 anyos nalumos-patay sa CdeO.txt
/Users/rl-14/Desktop/Celine-Thesis/all-data-reordered/all/3 anyos nga bata na rescue gikan sa pagpangabuso sa kaugalingong inahan.txt
/Users/rl-14/Desktop/Celine-Thesis/all-data-reordered/all/3 anyos, inahan gipatay .txt
/Users/rl-14/Desktop/Celine-Thesis/all-data-reordered/all/3 babaye gibugaw, na-rescue.txt
/Users/rl-14/Desktop/Celine-Thesis/all-data-reordered/all/3 babayeng mangunguot nasikop.txt
/Users/rl-14/Desktop/Celine-Thesis/all-data-reordered/all/3 balay naugdaw sa Oro.txt
/Users/rl-14/Desktop/Celine-Thesis/all-data-reordered/all/3 bansohan gisirad-an, 12 ka trak sa troso gisakmit.txt
/Users/rl-14/Desktop/Celine-Thesis/all-data-reordered/all/3 bata nabuthan og granada, patay.txt
/Users/rl-14/Desktop/Celine-Thesis/all-data-reordered/all/3 Caraganons, na-ospital pipila ka buwan human natupukan og Dengvaxia, pagkumpirma sa DOH.txt
/Users/rl-14/Desktop/Celine-Thesis/all-data-reordered/all/3 Cebu-based teams moasdang sa Macrojon, Southern Leyte.txt
/Users/rl-14/Desktop/Celine-Thesis/all-data-reordered/all/3 dili membro sa Maute Group  SunStar.txt
/Users/rl-14/Desktop/Celine-Thesis/all-data-reordered/all/3 drug personalities sikop.txt
/Users/rl-14/Desktop/Celine-Thesis/all-data-reordered/all/3 gipamusil, 1 namatay.txt
/Users/rl-14/Desktop/Celine-Thesis/all-data-reordered/all/3 heneral nga pulis taktakon.txt
/Users/rl-14/Desktop/Celine-Thesis/all-data-reordered/all/3 high-value targets sapon sa drug operation.txt
/Users/rl-14/Desktop/Celine-Thesis/all-data-reordered/all/3 highpaid women,na-rescue sa CdeO.txt
/Users/rl-14/Desktop/Celine-Thesis/all-data-reordered/all/3 inahan sikop sa drug bust.txt
/Users/rl-14/Desktop/Celine-Thesis/all-data-reordered/all/3 ka adlaw nga information convention sugdan na karong adlawa dinhi sa dakbayan.txt
/Users/rl-14/Desktop/Celine-Thesis/all-data-reordered/all/3 ka atleta sa Caraga Athletic meet, patay sa vehicular accidents sa Agusan Del Sur.txt
/Users/rl-14/Desktop/Celine-Thesis/all-data-reordered/all/3 ka barangay sa Mandaue naigo sa sunog sa New Year.txt
/Users/rl-14/Desktop/Celine-Thesis/all-data-reordered/all/3 ka dagkong proyekto sa Talisay gisubhan.txt
/Users/rl-14/Desktop/Celine-Thesis/all-data-reordered/all/3 ka dagkong selebrasyon sa Misamis Oriental matag bulan sa Enero  SunStar.txt
/Users/rl-14/Desktop/Celine-Thesis/all-data-reordered/all/3 ka dapit sa lalawigan sa Sugbo gideklarar nga 'protected areas'.txt
/Users/rl-14/Desktop/Celine-Thesis/all-data-reordered/all/3 ka dinakpan dili makumpirma kon sakop sa Maute Group.txt
/Users/rl-14/Desktop/Celine-Thesis/all-data-reordered/all/3 ka drugista, nasikop sa Bukidnon.txt
/Users/rl-14/Desktop/Celine-Thesis/all-data-reordered/all/3 ka indibidwal gikan sa Caraga, modawat ug award sa Regional Juvenile Justice and Welfare Council.txt
/Users/rl-14/Desktop/Celine-Thesis/all-data-reordered/all/3 ka kaubang OFW, nangayo ug tabang sa Pinay worker nga unang nakauli sa Sarangani.txt
/Users/rl-14/Desktop/Celine-Thesis/all-data-reordered/all/3 ka kawani gisuspenso sa City Hall, gipasakaan og kaso ni Osmeña.txt
/Users/rl-14/Desktop/Celine-Thesis/all-data-reordered/all/3 ka kawani sa DA XI gisuspende sa Ombudsman.txt
/Users/rl-14/Desktop/Celine-Thesis/all-data-reordered/all/3 ka kilo nga marijuana nasakmit.txt
/Users/rl-14/Desktop/Celine-Thesis/all-data-reordered/all/3 ka konsehal nasikop.txt
/Users/rl-14/Desktop/Celine-Thesis/all-data-reordered/all/3 ka konsehal uyon sa EO ni Osmeña apan supak sa usa ka buwan nga pag-impound.txt
/Users/rl-14/Desktop/Celine-Thesis/all-data-reordered/all/3 ka life sentence para sa langyaw tungod sa cybersex.txt
/Users/rl-14/Desktop/Celine-Thesis/all-data-reordered/all/3 ka magkabanay, pulos angol sa patinigbasay sa Butuan City.txt
/Users/rl-14/Desktop/Celine-Thesis/all-data-reordered/all/3 ka mananagat naluwas.txt
/Users/rl-14/Desktop/Celine-Thesis/all-data-reordered/all/3 ka mangunguot sa Manila gibantayan aron di makasud.txt
/Users/rl-14/Desktop/Celine-Thesis/all-data-reordered/all/3 ka mga batang nawala niadtong Enero 2, subling naka-uban sa mga ginikanan sa Misamis Oriental sa tabang sa Bombo Radyo.txt
/Users/rl-14/Desktop/Celine-Thesis/all-data-reordered/all/3 ka mga establisemento gipasirhan.txt
/Users/rl-14/Desktop/Celine-Thesis/all-data-reordered/all/3 ka mga magsuon patay sa buy bust.txt
/Users/rl-14/Desktop/Celine-Thesis/all-data-reordered/all/3 ka mga phenomena masaksihan sa Enero 31.txt
/Users/rl-14/Desktop/Celine-Thesis/all-data-reordered/all/3 ka mga pulis nga nangulata ug security guard sa imnanan gi-relieve na.txt
/Users/rl-14/Desktop/Celine-Thesis/all-data-reordered/all/3 ka NPA sa Agusan del Sur mitahan .txt
/Users/rl-14/Desktop/Celine-Thesis/all-data-reordered/all/3 ka opisyal giimbestigar.txt
/Users/rl-14/Desktop/Celine-Thesis/all-data-reordered/all/3 ka pasahero sa motor banca wa pa igkita, PCG miluwat na og report.txt
/Users/rl-14/Desktop/Celine-Thesis/all-data-reordered/all/3 ka police guards ni Tomas gibawi.txt
/Users/rl-14/Desktop/Celine-Thesis/all-data-reordered/all/3 ka pusher tipi.txt
/Users/rl-14/Desktop/Celine-Thesis/all-data-reordered/all/3 ka resto-bars sa Lapu-Lapu gibantayan.txt
/Users/rl-14/Desktop/Celine-Thesis/all-data-reordered/all/3 ka sinaligan mag-uban?.txt
/Users/rl-14/Desktop/Celine-Thesis/all-data-reordered/all/3 ka sundalo gitiwasan? .txt
/Users/rl-14/Desktop/Celine-Thesis/all-data-reordered/all/3 ka tuig gilumloman ni kumpare.txt
/Users/rl-14/Desktop/Celine-Thesis/all-data-reordered/all/3 kapitan, 8 kagawad naa sa narco-list.txt
/Users/rl-14/Desktop/Celine-Thesis/all-data-reordered/all/3 kilos shabu sakmit.txt
/Users/rl-14/Desktop/Celine-Thesis/all-data-reordered/all/3 kilos, P24 M nga shabu gitahan.txt
/Users/rl-14/Desktop/Celine-Thesis/all-data-reordered/all/3 lalaki nalambigit sa druga nadakpan.txt
/Users/rl-14/Desktop/Celine-Thesis/all-data-reordered/all/3 lang sa 5 ka fire trucks sa Talisay ang maayo: Gullas.txt
/Users/rl-14/Desktop/Celine-Thesis/all-data-reordered/all/3 LUGs sa Sugbo sa ‘Seal of Good Local Governance’.txt
/Users/rl-14/Desktop/Celine-Thesis/all-data-reordered/all/3 magsuon nabuthan og bala, patay .txt
/Users/rl-14/Desktop/Celine-Thesis/all-data-reordered/all/3 magsuon naglalis, 2 gitigbas.txt
/Users/rl-14/Desktop/Celine-Thesis/all-data-reordered/all/3 magsuon patay atol sa Huwebes Santo.txt
/Users/rl-14/Desktop/Celine-Thesis/all-data-reordered/all/3 Maute-ISIS fighters patay sa AFP-PNP ops sa Lanao Norte.txt
/Users/rl-14/Desktop/Celine-Thesis/all-data-reordered/all/3 menor de edad gigamit nga runner og shabu.txt
/Users/rl-14/Desktop/Celine-Thesis/all-data-reordered/all/3 menor de edad ug laing usa, sikop sa pag-gang rape sa usa ka 15-anyos nga dalagita.txt
/Users/rl-14/Desktop/Celine-Thesis/all-data-reordered/all/3 mi-rape sa kolehiyala.txt
/Users/rl-14/Desktop/Celine-Thesis/all-data-reordered/all/3 mi-top sa licensure exam mipasalamat sa Labaw’ng Makagagahum.txt
/Users/rl-14/Desktop/Celine-Thesis/all-data-reordered/all/3 mil nga kolorum traysikol naa sa Talisay.txt
/Users/rl-14/Desktop/Celine-Thesis/all-data-reordered/all/3 Milyones pesos gibanabanang danyos sa sunog sa Brgy. Pasil Cebu City.txt
/Users/rl-14/Desktop/Celine-Thesis/all-data-reordered/all/3 naangol sa bangga sa Busay.txt
/Users/rl-14/Desktop/Celine-Thesis/all-data-reordered/all/3 nadakpan sa 'one time big time' operation  SunStar.txt
/Users/rl-14/Desktop/Celine-Thesis/all-data-reordered/all/3 nalagpot sa aksidente sa motorsiklo.txt
/Users/rl-14/Desktop/Celine-Thesis/all-data-reordered/all/3 nangamatay sa sunog sa Mandaue.txt
/Users/rl-14/Desktop/Celine-Thesis/all-data-reordered/all/3 NPA members, 1 CAFGU, patay sa engkwentro sa Cotabato.txt
/Users/rl-14/Desktop/Celine-Thesis/all-data-reordered/all/3 NPA, 1 Cafgu todas sa giyera.txt
/Users/rl-14/Desktop/Celine-Thesis/all-data-reordered/all/3 oras pinusilay tungod sa yuta.txt
/Users/rl-14/Desktop/Celine-Thesis/all-data-reordered/all/3 pakite shabu nasakmit.txt
/Users/rl-14/Desktop/Celine-Thesis/all-data-reordered/all/3 patay sa aksidente sa Bukidnon.txt
/Users/rl-14/Desktop/Celine-Thesis/all-data-reordered/all/3 patay sa bangga sa Bukidnon.txt
/Users/rl-14/Desktop/Celine-Thesis/all-data-reordered/all/3 patay sa bangga.txt
/Users/rl-14/Desktop/Celine-Thesis/all-data-reordered/all/3 patay sa giyera sa mga kumander sa MILF ug MNLF.txt
/Users/rl-14/Desktop/Celine-Thesis/all-data-reordered/all/3 patay sa ‘snipers’ sa Balamban.txt
/Users/rl-14/Desktop/Celine-Thesis/all-data-reordered/all/3 policewoman gipasidunggan .txt
/Users/rl-14/Desktop/Celine-Thesis/all-data-reordered/all/3 RA KA ROUND.txt
/Users/rl-14/Desktop/Celine-Thesis/all-data-reordered/all/3 sa 4 ka mga Mayor nga gi-reklamo sa Presidential Complaint Center mipasangil nga pagpangdaot lamang sa ilang pangalan ang hinungdan sa reklamo.txt
/Users/rl-14/Desktop/Celine-Thesis/all-data-reordered/all/3 samdan sa aksidente .txt
/Users/rl-14/Desktop/Celine-Thesis/all-data-reordered/all/3 sila'ng gipilian.txt
/Users/rl-14/Desktop/Celine-Thesis/all-data-reordered/all/3 sundalo angol sa IED explosion sa Bukidnon.txt
/Users/rl-14/Desktop/Celine-Thesis/all-data-reordered/all/3 sundalo gihulagway nga overkilled.txt
/Users/rl-14/Desktop/Celine-Thesis/all-data-reordered/all/3 sundawo nasakpan nga misuyop og shabu.txt
/Users/rl-14/Desktop/Celine-Thesis/all-data-reordered/all/3 surrenderees, kawani sa police positibo sa drug test.txt
/Users/rl-14/Desktop/Celine-Thesis/all-data-reordered/all/3 suspek nakuhaa’g P1-M marijuana,kasuhan sa CdeO.txt
/Users/rl-14/Desktop/Celine-Thesis/all-data-reordered/all/3 trabahante sa bansuhan sa Las Nieves, Agusan del Norte, dakpan sa operasyon sa NBI – Central Office.txt
/Users/rl-14/Desktop/Celine-Thesis/all-data-reordered/all/3 tuig ra nga balido sa nakalukat sa Agusto .txt
/Users/rl-14/Desktop/Celine-Thesis/all-data-reordered/all/3 wanted persons nadakpan.txt
/Users/rl-14/Desktop/Celine-Thesis/all-data-reordered/all/3,000 ka iskolar ka-date ni MisOr guv .txt
/Users/rl-14/Desktop/Celine-Thesis/all-data-reordered/all/3,000 ka pulis ipakatap sa Central Visayas.txt
/Users/rl-14/Desktop/Celine-Thesis/all-data-reordered/all/3,200 midawat og pinaskohan gikan sa Carmen Copper Corp..txt
/Users/rl-14/Desktop/Celine-Thesis/all-data-reordered/all/3,251 projects natapos sa DSWD Kalahi-CIDSS.txt
/Users/rl-14/Desktop/Celine-Thesis/all-data-reordered/all/3,900 lamang gikan sa kapin 10 mil ka mga drug surrenderees mipakita ug interes nga mag bag-o.txt
/Users/rl-14/Desktop/Celine-Thesis/all-data-reordered/all/3-0 maoy target sa Gins vs. Elite.txt
/Users/rl-14/Desktop/Celine-Thesis/all-data-reordered/all/3-0 target sa SMB.txt
/Users/rl-14/Desktop/Celine-Thesis/all-data-reordered/all/3-0 tumong sa RoS.txt
/Users/rl-14/Desktop/Celine-Thesis/all-data-reordered/all/3-0 tuyo sa Aces.txt
/Users/rl-14/Desktop/Celine-Thesis/all-data-reordered/all/3-0 tuyo sa SMB.txt
/Users/rl-14/Desktop/Celine-Thesis/all-data-reordered/all/3-0, tinguha sa Gin Kings.txt
/Users/rl-14/Desktop/Celine-Thesis/all-data-reordered/all/3-1.txt
/Users/rl-14/Desktop/Celine-Thesis/all-data-reordered/all/3-3 na!.txt
/Users/rl-14/Desktop/Celine-Thesis/all-data-reordered/all/3-3 tuyo sa Aces .txt
/Users/rl-14/Desktop/Celine-Thesis/all-data-reordered/all/3-anyos giapil sa cybersex.txt
/Users/rl-14/Desktop/Celine-Thesis/all-data-reordered/all/3-anyos gidauban sa papa.txt
/Users/rl-14/Desktop/Celine-Thesis/all-data-reordered/all/3-K IEDs,narekober sa Marawi City.txt
/Users/rl-14/Desktop/Celine-Thesis/all-data-reordered/all/3.7-magnitude nga linog nabati sa Cagayan de Oro  SunStar.txt
/Users/rl-14/Desktop/Celine-Thesis/all-data-reordered/all/30 ka artista anaa sa druglists.txt
/Users/rl-14/Desktop/Celine-Thesis/all-data-reordered/all/30 ka mga barko wa mobiyahe.txt
/Users/rl-14/Desktop/Celine-Thesis/all-data-reordered/all/30 ka mga pamilya sa Mananga gitagalan.txt
/Users/rl-14/Desktop/Celine-Thesis/all-data-reordered/all/30 ka nasod mangapil.txt
/Users/rl-14/Desktop/Celine-Thesis/all-data-reordered/all/30 ka tinun-an 'na-engkanto'.txt
/Users/rl-14/Desktop/Celine-Thesis/all-data-reordered/all/30 ka wake board, wake skating enthusiasts miapil sa kompetisyon .txt
/Users/rl-14/Desktop/Celine-Thesis/all-data-reordered/all/30 oras nga biyahe sa CV di makaapekto.txt
/Users/rl-14/Desktop/Celine-Thesis/all-data-reordered/all/30 traffic enforcers ipakatap sa TEAM  .txt
/Users/rl-14/Desktop/Celine-Thesis/all-data-reordered/all/300 artificial reefs sa marine sanctuary .txt
/Users/rl-14/Desktop/Celine-Thesis/all-data-reordered/all/300 ka marinero mipaubos sa financial literacy seminar.txt
/Users/rl-14/Desktop/Celine-Thesis/all-data-reordered/all/300 mil ka senior citizens sa lalawigan kinahanglan makadawat og benepisyo.txt
/Users/rl-14/Desktop/Celine-Thesis/all-data-reordered/all/300 moapil sa 6th AWUM.txt
/Users/rl-14/Desktop/Celine-Thesis/all-data-reordered/all/300 pamilya nga naigo sa sunog hayan di makabalik.txt
/Users/rl-14/Desktop/Celine-Thesis/all-data-reordered/all/31 ka mga permit ang gipugngan.txt
/Users/rl-14/Desktop/Celine-Thesis/all-data-reordered/all/32 angol sa bomba; BIFF suspek.txt
/Users/rl-14/Desktop/Celine-Thesis/all-data-reordered/all/33 misurender sa droga gibansay sa pulis .txt
/Users/rl-14/Desktop/Celine-Thesis/all-data-reordered/all/33-0 nga record sa Lakers maoy gustong tupngan ni Curry.txt
/Users/rl-14/Desktop/Celine-Thesis/all-data-reordered/all/33-anyos namatay human gioperahan.txt
/Users/rl-14/Desktop/Celine-Thesis/all-data-reordered/all/330 Cafgu migradwar; giandam na sa giyera.txt
/Users/rl-14/Desktop/Celine-Thesis/all-data-reordered/all/337 Ventures gitukod tumong sa pagtabang sa paglambo sa Philippine founders sa starups.txt
/Users/rl-14/Desktop/Celine-Thesis/all-data-reordered/all/35 ka sakyanan sa dagat wa gipalarga sa Coast Guard .txt
/Users/rl-14/Desktop/Celine-Thesis/all-data-reordered/all/35 ka tinun-an motungha sa Japan.txt
/Users/rl-14/Desktop/Celine-Thesis/all-data-reordered/all/350 runner misalmot sa YMCA fun run .txt
/Users/rl-14/Desktop/Celine-Thesis/all-data-reordered/all/36 estudyante nalanag, luwas na.txt
/Users/rl-14/Desktop/Celine-Thesis/all-data-reordered/all/370 brgy. gideklarar nga drug free sa PNP.txt
/Users/rl-14/Desktop/Celine-Thesis/all-data-reordered/all/375 behikulo nasikop sa LTFRB.txt
/Users/rl-14/Desktop/Celine-Thesis/all-data-reordered/all/38 delegado sa Davraa naospital.txt
/Users/rl-14/Desktop/Celine-Thesis/all-data-reordered/all/387 nangandoy pagkapulis, mag-training.txt
/Users/rl-14/Desktop/Celine-Thesis/all-data-reordered/all/39 sachets sa suspected shabu, nakumpiska gikan sa senior high student sa Butuan City.txt
/Users/rl-14/Desktop/Celine-Thesis/all-data-reordered/all/39-anyos patay sa bangga.txt
/Users/rl-14/Desktop/Celine-Thesis/all-data-reordered/all/3K kapin nga vials sa Dengvaxia giuli.txt
/Users/rl-14/Desktop/Celine-Thesis/all-data-reordered/all/3rd bridge sugdan .txt
/Users/rl-14/Desktop/Celine-Thesis/all-data-reordered/all/3rd FEEC ipahigayon sa Radisson Blu Hotel.txt
/Users/rl-14/Desktop/Celine-Thesis/all-data-reordered/all/3rd Oro inter-public school tourney sugdan Dominggo.txt
/Users/rl-14/Desktop/Celine-Thesis/all-data-reordered/all/3rd title sa XUHS 95: para kang Llavore.txt
/Users/rl-14/Desktop/Celine-Thesis/all-data-reordered/all/3T ka pulis bantay.txt
/Users/rl-14/Desktop/Celine-Thesis/all-data-reordered/all/3T kapin ang nanga-regular: Dole.txt
/Users/rl-14/Desktop/Celine-Thesis/all-data-reordered/all/3T mitambong sa jamboree.txt
/Users/rl-14/Desktop/Celine-Thesis/all-data-reordered/all/4 AboitizPower  plants mipasar sa internasyunal nga sukdanan.txt
/Users/rl-14/Desktop/Celine-Thesis/all-data-reordered/all/4 gibagnos sa bus sa Tagum City.txt
/Users/rl-14/Desktop/Celine-Thesis/all-data-reordered/all/4 Gin Kings ipang-trade?.txt
/Users/rl-14/Desktop/Celine-Thesis/all-data-reordered/all/4 ka barangay mitapos sa Guardian emergency.txt
/Users/rl-14/Desktop/Celine-Thesis/all-data-reordered/all/4 ka barangay sa Lanao Norte gibaha.txt
/Users/rl-14/Desktop/Celine-Thesis/all-data-reordered/all/4 ka batan-on nag-inom daplin sa dalan, sikop .txt
/Users/rl-14/Desktop/Celine-Thesis/all-data-reordered/all/4 ka batan-on nakit-an nga `gipang-salvage’.txt
/Users/rl-14/Desktop/Celine-Thesis/all-data-reordered/all/4 ka bulan way NFA rice.txt
/Users/rl-14/Desktop/Celine-Thesis/all-data-reordered/all/4 ka buwan nga masuso 'gi-rape'.txt
/Users/rl-14/Desktop/Celine-Thesis/all-data-reordered/all/4 ka estabilisemento nga namaligya og ilimnong makahubog atol sa Sinulog nakaligkawas sa kaso.txt
/Users/rl-14/Desktop/Celine-Thesis/all-data-reordered/all/4 ka lalaki gilambigit pagpatay sikop.txt
/Users/rl-14/Desktop/Celine-Thesis/all-data-reordered/all/4 ka magtutudlo drug user: pulis.txt
/Users/rl-14/Desktop/Celine-Thesis/all-data-reordered/all/4 ka mga pulis sa Mabolo 'nagsumbagay'.txt
/Users/rl-14/Desktop/Celine-Thesis/all-data-reordered/all/4 ka mga tulisan nag-awto.txt
/Users/rl-14/Desktop/Celine-Thesis/all-data-reordered/all/4 ka opisyal balik na sa Kapitolyo.txt
/Users/rl-14/Desktop/Celine-Thesis/all-data-reordered/all/4 ka pulis sa Region-10, tangtang sa paggamit sa droga.txt
/Users/rl-14/Desktop/Celine-Thesis/all-data-reordered/all/4 ka restawran gikandado sa BIR.txt
/Users/rl-14/Desktop/Celine-Thesis/all-data-reordered/all/4 ka sako nga shabu nasakmit .txt
/Users/rl-14/Desktop/Celine-Thesis/all-data-reordered/all/4 ka sakop sa SHS-Ateneo nalakip sa Jr. NBA Philippine National Training Camp 2018.txt
/Users/rl-14/Desktop/Celine-Thesis/all-data-reordered/all/4 ka Sugboanon apil sa Nat’l Arnis board.txt
/Users/rl-14/Desktop/Celine-Thesis/all-data-reordered/all/4 ka sundalo kritikal human mahulog sa pangpang ang truck nga ilang gisakyan.txt
/Users/rl-14/Desktop/Celine-Thesis/all-data-reordered/all/4 ka sunodsunod nga mga derby ipahigayon sa Gallera.txt
/Users/rl-14/Desktop/Celine-Thesis/all-data-reordered/all/4 ka ‘tulisan’ sa Mingla nadakpan.txt
/Users/rl-14/Desktop/Celine-Thesis/all-data-reordered/all/4 lalaki naghantak, nasikop.txt
/Users/rl-14/Desktop/Celine-Thesis/all-data-reordered/all/4 libo ka sako gihatag sa mga mag uuma.txt
/Users/rl-14/Desktop/Celine-Thesis/all-data-reordered/all/4 mil mobantay sa ASEAN Summit.txt
/Users/rl-14/Desktop/Celine-Thesis/all-data-reordered/all/4 milapas sa liquor ban ikiha.txt
/Users/rl-14/Desktop/Celine-Thesis/all-data-reordered/all/4 nag-pot session naaktohan, 2 sikop.txt
/Users/rl-14/Desktop/Celine-Thesis/all-data-reordered/all/4 naghikog sa Bag-ong Tuig.txt
/Users/rl-14/Desktop/Celine-Thesis/all-data-reordered/all/4 nagpeke og ID gikiha.txt
/Users/rl-14/Desktop/Celine-Thesis/all-data-reordered/all/4 nagputos og marijuana sikop.txt
/Users/rl-14/Desktop/Celine-Thesis/all-data-reordered/all/4 natulog gipamusil; 2 patay.txt
/Users/rl-14/Desktop/Celine-Thesis/all-data-reordered/all/4 nga nag-pot session nasikop.txt
/Users/rl-14/Desktop/Celine-Thesis/all-data-reordered/all/4 NPA misurender .txt
/Users/rl-14/Desktop/Celine-Thesis/all-data-reordered/all/4 NPA rebels,mibalik-gobyerno sa Bukidnon.txt
/Users/rl-14/Desktop/Celine-Thesis/all-data-reordered/all/4 patay human sa bakuna?.txt
/Users/rl-14/Desktop/Celine-Thesis/all-data-reordered/all/4 patay sa 185 vehicular incidents nga natala sa GenSan sa Enero, 2017.txt
/Users/rl-14/Desktop/Celine-Thesis/all-data-reordered/all/4 patay, aksidente sa motorsiklo.txt
/Users/rl-14/Desktop/Celine-Thesis/all-data-reordered/all/4 patay; 63 pamilya mibakwit.txt
/Users/rl-14/Desktop/Celine-Thesis/all-data-reordered/all/4 pulis patay sa ambush sa Davao del Sur.txt
/Users/rl-14/Desktop/Celine-Thesis/all-data-reordered/all/4 sakop sa Highway Patrol Group sikop sa ‘pangilkil’.txt
/Users/rl-14/Desktop/Celine-Thesis/all-data-reordered/all/4 sakop sa PDEA 'nangulata' og driver .txt
/Users/rl-14/Desktop/Celine-Thesis/all-data-reordered/all/4 sikop sa operasyon sa druga  SunStar.txt
/Users/rl-14/Desktop/Celine-Thesis/all-data-reordered/all/4 speed guns usa ka tuig nang daut.txt
/Users/rl-14/Desktop/Celine-Thesis/all-data-reordered/all/4 sundalo patay sa nagpadayon nga operasyon.txt
/Users/rl-14/Desktop/Celine-Thesis/all-data-reordered/all/4 terorista, 1 sibilyan patay sa airstrike.txt
/Users/rl-14/Desktop/Celine-Thesis/all-data-reordered/all/4,000 Muslims nag-ampo mahunong giyera sa Marawi.txt
/Users/rl-14/Desktop/Celine-Thesis/all-data-reordered/all/4-0 tuyo sa star.txt
/Users/rl-14/Desktop/Celine-Thesis/all-data-reordered/all/4-anyos na bata, nalumos sa swimming pool sa Agusan Del Norte.txt
/Users/rl-14/Desktop/Celine-Thesis/all-data-reordered/all/4.3 toneladang manok; barilis nasakmit .txt
/Users/rl-14/Desktop/Celine-Thesis/all-data-reordered/all/40 balay naugdaw sa Cordova.txt
/Users/rl-14/Desktop/Celine-Thesis/all-data-reordered/all/40 ka Davao pulis gibansay sa bomb identification .txt
/Users/rl-14/Desktop/Celine-Thesis/all-data-reordered/all/40 ka mga kawani sa LTFRB 7 gipaubos sa surprise drug test.txt
/Users/rl-14/Desktop/Celine-Thesis/all-data-reordered/all/40 ka pamilya mibalik sa pagtukod og balay sa Brgy. Guizo, Mantuyong.txt
/Users/rl-14/Desktop/Celine-Thesis/all-data-reordered/all/40 ka pamilya sa Purok 26, Camarin, Maa Riverside, nabalaka human gilibutan ug koral ang ilang luna nga gipuy-an.txt
/Users/rl-14/Desktop/Celine-Thesis/all-data-reordered/all/40 ka tawo nasikop sa MCPO.txt
/Users/rl-14/Desktop/Celine-Thesis/all-data-reordered/all/40 kilos nga mga pagi nasakmit sa DVMF .txt
/Users/rl-14/Desktop/Celine-Thesis/all-data-reordered/all/40 nang nasikop sa counterflow; Luigi nakadayeg.txt
/Users/rl-14/Desktop/Celine-Thesis/all-data-reordered/all/40% sa 2017 badyet sa nasud ibubo sa Mindanao.txt
/Users/rl-14/Desktop/Celine-Thesis/all-data-reordered/all/400 ka bombero gibansay sa mga langyaw, migraduwar na.txt
/Users/rl-14/Desktop/Celine-Thesis/all-data-reordered/all/400 ka PUJ, mini bus mobiyahe .txt
/Users/rl-14/Desktop/Celine-Thesis/all-data-reordered/all/400 mag-uuma, lumad naglusad og protesta.txt
/Users/rl-14/Desktop/Celine-Thesis/all-data-reordered/all/400 mangapil sa Erne Jawad pingpong.txt
/Users/rl-14/Desktop/Celine-Thesis/all-data-reordered/all/400 sundalo gikan Jolo miabot sa Davao .txt
/Users/rl-14/Desktop/Celine-Thesis/all-data-reordered/all/406 ka operasyon sa 4ID.txt
/Users/rl-14/Desktop/Celine-Thesis/all-data-reordered/all/408 ka street kids, Badjao na-rescue.txt
/Users/rl-14/Desktop/Celine-Thesis/all-data-reordered/all/41 balay sa Davao naugdaw tungod sa charger.txt
/Users/rl-14/Desktop/Celine-Thesis/all-data-reordered/all/41 pts. ni Romeo miagak sa Batang Pier.txt
/Users/rl-14/Desktop/Celine-Thesis/all-data-reordered/all/41st PBA sugdan.txt
/Users/rl-14/Desktop/Celine-Thesis/all-data-reordered/all/42 ka illegal gambling nalusad sa PRO-Northern Mindanao sud sa 2 ka bulan.txt
/Users/rl-14/Desktop/Celine-Thesis/all-data-reordered/all/43 drug personalities sikop sa managlahing Oplan Limpyo sa dakbayan sa Sugbo, Danao.txt
/Users/rl-14/Desktop/Celine-Thesis/all-data-reordered/all/43 ka balay naugdaw.txt
/Users/rl-14/Desktop/Celine-Thesis/all-data-reordered/all/43-anyos ginang nabanggaan, patay.txt
/Users/rl-14/Desktop/Celine-Thesis/all-data-reordered/all/443 ka pulis negative atol sa drug test.txt
/Users/rl-14/Desktop/Celine-Thesis/all-data-reordered/all/45 pamilya nawad-ag pinuy-anan sa sunog sa CdeO.txt
/Users/rl-14/Desktop/Celine-Thesis/all-data-reordered/all/47 teams magtigi sa 2nd Governor's basketball U-21.txt
/Users/rl-14/Desktop/Celine-Thesis/all-data-reordered/all/470 ka senior citizens nga kabus gihatagan og ayuda.txt
/Users/rl-14/Desktop/Celine-Thesis/all-data-reordered/all/48 segundos ra.txt
/Users/rl-14/Desktop/Celine-Thesis/all-data-reordered/all/48 terrorist group nia sa Mindanao.txt
/Users/rl-14/Desktop/Celine-Thesis/all-data-reordered/all/4ID andam sudlon ang mga unibersidad sa Northern Mindanao.txt
/Users/rl-14/Desktop/Celine-Thesis/all-data-reordered/all/4Ps benepisyaryo graduates sa kolehiyo.txt
/Users/rl-14/Desktop/Celine-Thesis/all-data-reordered/all/4T ka mga pamilya gibakwit.txt
/Users/rl-14/Desktop/Celine-Thesis/all-data-reordered/all/4T partisipante sa GameCon.txt
/Users/rl-14/Desktop/Celine-Thesis/all-data-reordered/all/4th Geeks on a Beach sa Panglao, Bohol.txt
/Users/rl-14/Desktop/Celine-Thesis/all-data-reordered/all/4th ID sa CPP-NPA:”Nagdamgo lamang kamo”.txt
/Users/rl-14/Desktop/Celine-Thesis/all-data-reordered/all/4th ID,gi-depensa ang dugang tropa sa Mindanao.txt
/Users/rl-14/Desktop/Celine-Thesis/all-data-reordered/all/4th ID,gialerto ang PNP-AFP personnel vs CPP-NPAs SPARU.txt
/Users/rl-14/Desktop/Celine-Thesis/all-data-reordered/all/4th ID:’65th IB,ikatag vs CPP-NPA sa NorMin-Caraga regions’.txt
/Users/rl-14/Desktop/Celine-Thesis/all-data-reordered/all/4th ID:’NPA member patay sa engkuwentro sa Bukidnon’.txt
/Users/rl-14/Desktop/Celine-Thesis/all-data-reordered/all/4th ID:”120 NPA surrenderees,isuroy ni Duterte sa Malakanyang”.txt
/Users/rl-14/Desktop/Celine-Thesis/all-data-reordered/all/4th ID:”Lig-ong opensiba vs mga terorista ipakusog”.txt
/Users/rl-14/Desktop/Celine-Thesis/all-data-reordered/all/4th ID:”Tinud-on na ang CPP-NPA crackdown”.txt
/Users/rl-14/Desktop/Celine-Thesis/all-data-reordered/all/5 anyos naatrasan og trak, patay .txt
/Users/rl-14/Desktop/Celine-Thesis/all-data-reordered/all/5 barangay apektado sa linog.txt
/Users/rl-14/Desktop/Celine-Thesis/all-data-reordered/all/5 bata naluwas sa kapulisan sa drug den sa Danao City .txt
/Users/rl-14/Desktop/Celine-Thesis/all-data-reordered/all/5 bigtime drug pushers nadakpan.txt
/Users/rl-14/Desktop/Celine-Thesis/all-data-reordered/all/5 ka balay gilamoy sa kalayo.txt
/Users/rl-14/Desktop/Celine-Thesis/all-data-reordered/all/5 ka balay naugdaw.txt
/Users/rl-14/Desktop/Celine-Thesis/all-data-reordered/all/5 ka dinakpan kasohan og murder karon  SunStar.txt
/Users/rl-14/Desktop/Celine-Thesis/all-data-reordered/all/5 ka kaso sa lugos sa Talisay matag buwan.txt
/Users/rl-14/Desktop/Celine-Thesis/all-data-reordered/all/5 ka mga pulis sa Talisay City gipangrelibuhan.txt
/Users/rl-14/Desktop/Celine-Thesis/all-data-reordered/all/5 ka mga wanted person nadakpan  SunStar.txt
/Users/rl-14/Desktop/Celine-Thesis/all-data-reordered/all/5 ka NPA misurender.txt
/Users/rl-14/Desktop/Celine-Thesis/all-data-reordered/all/5 ka piniriso gidunggab.txt
/Users/rl-14/Desktop/Celine-Thesis/all-data-reordered/all/5 ka piniriso mipuga.txt
/Users/rl-14/Desktop/Celine-Thesis/all-data-reordered/all/5 ka suspect nga miransak sa usaka construction company gipasakaan na ug kaso.txt
/Users/rl-14/Desktop/Celine-Thesis/all-data-reordered/all/5 ka tawo patay, 1 naluwas gikan sa pagkalumos sa dagat sa Surigao del Sur.txt
/Users/rl-14/Desktop/Celine-Thesis/all-data-reordered/all/5 ka tuig nga lisensya gisugdan nag printa.txt
/Users/rl-14/Desktop/Celine-Thesis/all-data-reordered/all/5 migamit og pekeng ID sikop.txt
/Users/rl-14/Desktop/Celine-Thesis/all-data-reordered/all/5 mil pesos nga multa ug pagka-priso atubangon sa mga mag-inum daplin sa dalan sa higayong maaprubahan ang gidusong ordinansa alang niini.txt
/Users/rl-14/Desktop/Celine-Thesis/all-data-reordered/all/5 na la'y kuwang.txt
/Users/rl-14/Desktop/Celine-Thesis/all-data-reordered/all/5 na-trap, napa-ig.txt
/Users/rl-14/Desktop/Celine-Thesis/all-data-reordered/all/5 NPA gikapoy na misurender.txt
/Users/rl-14/Desktop/Celine-Thesis/all-data-reordered/all/5 patay sa anti-drug operations sa Sugbo.txt
/Users/rl-14/Desktop/Celine-Thesis/all-data-reordered/all/5 patay sa drug raid.txt
/Users/rl-14/Desktop/Celine-Thesis/all-data-reordered/all/5 patay sa pagkahugno.txt
/Users/rl-14/Desktop/Celine-Thesis/all-data-reordered/all/5 patay ug 5 angol sa sunog sa CdeO.txt
/Users/rl-14/Desktop/Celine-Thesis/all-data-reordered/all/5 patay, 12 samdan sa panagbangga sa V-hire.txt
/Users/rl-14/Desktop/Celine-Thesis/all-data-reordered/all/5 pulis nga akusado sa Fernandez killing,nagbinasulay sa CdeO?.txt
/Users/rl-14/Desktop/Celine-Thesis/all-data-reordered/all/5 rebeldeng NPA patay sa engkwentro tali sa militar sa Agusan del Norte og Sur.txt
/Users/rl-14/Desktop/Celine-Thesis/all-data-reordered/all/5 tunghaan sa Kidapawan gisuspende.txt
/Users/rl-14/Desktop/Celine-Thesis/all-data-reordered/all/5 wa mabunyagi kay wa sila kasag-o sa Apostles Creed?.txt
/Users/rl-14/Desktop/Celine-Thesis/all-data-reordered/all/5% nga usbaw sa negosyo sa syudad gitala sa unang bahin sa Enero sa 2018.txt
/Users/rl-14/Desktop/Celine-Thesis/all-data-reordered/all/5,000 ka drug user bout ireporma sa CSWD  .txt
/Users/rl-14/Desktop/Celine-Thesis/all-data-reordered/all/5,000 ka mga tawo ang ming-apil sa Walk for Life.txt
/Users/rl-14/Desktop/Celine-Thesis/all-data-reordered/all/5,400 pwersa mobantay sa summit.txt
/Users/rl-14/Desktop/Celine-Thesis/all-data-reordered/all/50 anyos ‘nang-rape’.txt
/Users/rl-14/Desktop/Celine-Thesis/all-data-reordered/all/50 ka lingkuranan sa simbahan gikawat.txt
/Users/rl-14/Desktop/Celine-Thesis/all-data-reordered/all/50 na ka mga colorum van ang nadakpan.txt
/Users/rl-14/Desktop/Celine-Thesis/all-data-reordered/all/50 sako sa basura sa Sta. Fe.txt
/Users/rl-14/Desktop/Celine-Thesis/all-data-reordered/all/50,200 mil ka drug surrenderees  sa lalawigan sa Sugbo.txt
/Users/rl-14/Desktop/Celine-Thesis/all-data-reordered/all/500 apil sa Jawad Cup.txt
/Users/rl-14/Desktop/Celine-Thesis/all-data-reordered/all/500 ka butane gas canisters nasakmit sa TEAM .txt
/Users/rl-14/Desktop/Celine-Thesis/all-data-reordered/all/500 ka inahan mipaubos sa training.txt
/Users/rl-14/Desktop/Celine-Thesis/all-data-reordered/all/500 ka kahoy gipangtanom.txt
/Users/rl-14/Desktop/Celine-Thesis/all-data-reordered/all/500 ka manakop gipakatap sa LTO.txt
/Users/rl-14/Desktop/Celine-Thesis/all-data-reordered/all/500 ka mga bata nabusog ug nalipay sa feeding program.txt
/Users/rl-14/Desktop/Celine-Thesis/all-data-reordered/all/500 ka tawo miapil sa kampanya batok drugas sa Talisay.txt
/Users/rl-14/Desktop/Celine-Thesis/all-data-reordered/all/500 kapin nga nag-bonnet nasikop sa TEAM.txt
/Users/rl-14/Desktop/Celine-Thesis/all-data-reordered/all/500 mil misaksi sa kombensiyon.txt
/Users/rl-14/Desktop/Celine-Thesis/all-data-reordered/all/500T miuban sa Solemn Procession.txt
/Users/rl-14/Desktop/Celine-Thesis/all-data-reordered/all/53 bata may pinaskuhan sa MCCI.txt
/Users/rl-14/Desktop/Celine-Thesis/all-data-reordered/all/53 ka PUJ nasikop kay mga driver `milabyog’.txt
/Users/rl-14/Desktop/Celine-Thesis/all-data-reordered/all/540 political prisoners pabuhian sa 100 days ni Duterte.txt
/Users/rl-14/Desktop/Celine-Thesis/all-data-reordered/all/545 giatiman sa medical mission sa San Fernando.txt
/Users/rl-14/Desktop/Celine-Thesis/all-data-reordered/all/55 ka pulis sa Sugbo gibalhin.txt
/Users/rl-14/Desktop/Celine-Thesis/all-data-reordered/all/55,000 ka mga tawo nanamilit kang Vidal.txt
/Users/rl-14/Desktop/Celine-Thesis/all-data-reordered/all/55-anyos nga lalaki nadasmagan og trak de karga, patay.txt
/Users/rl-14/Desktop/Celine-Thesis/all-data-reordered/all/56 anyos nga babaye gikulata sa uyab.txt
/Users/rl-14/Desktop/Celine-Thesis/all-data-reordered/all/56,000 ka mga tinun-an  moabiba sa Ironman.txt
/Users/rl-14/Desktop/Celine-Thesis/all-data-reordered/all/57 ka inmates sa Lapu-Lapu City Jail migraduwar sa ALS.txt
/Users/rl-14/Desktop/Celine-Thesis/all-data-reordered/all/578 fisherfolks midawat og cash incentive gikan sa BFAR.txt
/Users/rl-14/Desktop/Celine-Thesis/all-data-reordered/all/58% sa Dabawenyo misalig kang Pulong - survey .txt
/Users/rl-14/Desktop/Celine-Thesis/all-data-reordered/all/58-yrs.old lolo, gitigbas patay; menor de edad gitudlong suspek.txt
/Users/rl-14/Desktop/Celine-Thesis/all-data-reordered/all/588 ka baboy gilitson sa Araw ng Digos .txt
/Users/rl-14/Desktop/Celine-Thesis/all-data-reordered/all/5T kapin ka pulis bantay sa Sinulog.txt
/Users/rl-14/Desktop/Celine-Thesis/all-data-reordered/all/5th GMEA mas gipalapdan sa Vismin.txt
/Users/rl-14/Desktop/Celine-Thesis/all-data-reordered/all/6 anyos gikunsumo sa ama-ama.txt
/Users/rl-14/Desktop/Celine-Thesis/all-data-reordered/all/6 balay naugdaw sa rice cooker .txt
/Users/rl-14/Desktop/Celine-Thesis/all-data-reordered/all/6 balay ugdaw sa CdeO.txt
/Users/rl-14/Desktop/Celine-Thesis/all-data-reordered/all/6 ka andana nga bag-ong building sa city health office gahinan ug 60M pesos.txt
/Users/rl-14/Desktop/Celine-Thesis/all-data-reordered/all/6 ka balay naugdaw sa sunog sa Umapad.txt
/Users/rl-14/Desktop/Celine-Thesis/all-data-reordered/all/6 ka dancer gisumbag sa abogado.txt
/Users/rl-14/Desktop/Celine-Thesis/all-data-reordered/all/6 ka kagay-anon moaway sa Muay Thai Championships 2016.txt
/Users/rl-14/Desktop/Celine-Thesis/all-data-reordered/all/6 ka miyembro sa NPA nga dili gustong tawagong terorista, misurender sa militar sa Surigao Del Sur.txt
/Users/rl-14/Desktop/Celine-Thesis/all-data-reordered/all/6 ka NPA gibalhog na sa bilanggoan.txt
/Users/rl-14/Desktop/Celine-Thesis/all-data-reordered/all/6 ka polis nga 'user' gi-imbestigahan.txt
/Users/rl-14/Desktop/Celine-Thesis/all-data-reordered/all/6 Kagay-anon abante sa National Elite camp.txt
/Users/rl-14/Desktop/Celine-Thesis/all-data-reordered/all/6 kidnappers,sikop sa Iligan City.txt
/Users/rl-14/Desktop/Celine-Thesis/all-data-reordered/all/6 napatay, 158 mipuga, 9 nadakpan sa Cotabato Jail.txt
/Users/rl-14/Desktop/Celine-Thesis/all-data-reordered/all/6 NPA gihatagan og cash sa gobyerno .txt
/Users/rl-14/Desktop/Celine-Thesis/all-data-reordered/all/6 pamilya apektado sa sunog sa CdeO.txt
/Users/rl-14/Desktop/Celine-Thesis/all-data-reordered/all/6 pamilya wad-a’g sa balay sa giduwaang lighter sa CdeO?.txt
/Users/rl-14/Desktop/Celine-Thesis/all-data-reordered/all/6 patay sa binakbakay sa Butig, Lanao Sur.txt
/Users/rl-14/Desktop/Celine-Thesis/all-data-reordered/all/6 patay sa engwentro sa balay sa mayor sa Leyte.txt
/Users/rl-14/Desktop/Celine-Thesis/all-data-reordered/all/6 perfect destination sa MisOr sa Semana Santa.txt
/Users/rl-14/Desktop/Celine-Thesis/all-data-reordered/all/6 priso nag-hunger strike.txt
/Users/rl-14/Desktop/Celine-Thesis/all-data-reordered/all/6 sundalo gipabuthan og landmine.txt
/Users/rl-14/Desktop/Celine-Thesis/all-data-reordered/all/6 sundalo samaron sa engkuwentro sa Bukidnon.txt
/Users/rl-14/Desktop/Celine-Thesis/all-data-reordered/all/6 teams magtigi sa Carcar Mayor’s Cup .txt
/Users/rl-14/Desktop/Celine-Thesis/all-data-reordered/all/6 tinun-an gidagit, 4 gibuhian.txt
/Users/rl-14/Desktop/Celine-Thesis/all-data-reordered/all/6 ‘karnaper’ tiklo .txt
/Users/rl-14/Desktop/Celine-Thesis/all-data-reordered/all/6 ‘treasure hunters’ sikop.txt
/Users/rl-14/Desktop/Celine-Thesis/all-data-reordered/all/6-9 MMA fighter mihagit ni Vera.txt
/Users/rl-14/Desktop/Celine-Thesis/all-data-reordered/all/6-anyos nga Kagaynon mihatag og dungog.txt
/Users/rl-14/Desktop/Celine-Thesis/all-data-reordered/all/6-anyos nga taga Talisay impresibo sa US karatefest.txt
/Users/rl-14/Desktop/Celine-Thesis/all-data-reordered/all/6-anyos patay sa meningococcemia.txt
/Users/rl-14/Desktop/Celine-Thesis/all-data-reordered/all/60 ka adlaw nga pag-impound hayan ipatuman ni Osmeña.txt
/Users/rl-14/Desktop/Celine-Thesis/all-data-reordered/all/60 ka mga runner  ang ipaubos sa training ni Duenas.txt
/Users/rl-14/Desktop/Celine-Thesis/all-data-reordered/all/60 mi-gradwar sa Hontiveros basketball camp.txt
/Users/rl-14/Desktop/Celine-Thesis/all-data-reordered/all/60 ra ang gidawat sa Dondon-Alaska training.txt
/Users/rl-14/Desktop/Celine-Thesis/all-data-reordered/all/60 runners miapil  sa Basura Run 2016.txt
/Users/rl-14/Desktop/Celine-Thesis/all-data-reordered/all/60-anyos dunay kasong lugos gisikop.txt
/Users/rl-14/Desktop/Celine-Thesis/all-data-reordered/all/600 ka kawani sa airport mawad-an na og trabaho.txt
/Users/rl-14/Desktop/Celine-Thesis/all-data-reordered/all/600 ka mga atleta molangkob sa CV.txt
/Users/rl-14/Desktop/Celine-Thesis/all-data-reordered/all/600 M manok giihaw sa Superbowl.txt
/Users/rl-14/Desktop/Celine-Thesis/all-data-reordered/all/600 pamilya makagamit sa health center .txt
/Users/rl-14/Desktop/Celine-Thesis/all-data-reordered/all/61 mitestigo sa kabuotan ni anhing Msgr. Camomot.txt
/Users/rl-14/Desktop/Celine-Thesis/all-data-reordered/all/61 pamilya apektado sa landslide .txt
/Users/rl-14/Desktop/Celine-Thesis/all-data-reordered/all/62-anyos nga lolo sikop sa drug bust.txt
/Users/rl-14/Desktop/Celine-Thesis/all-data-reordered/all/63 anyos nga American national sapon sa inn kuyog ang 13 anyos.txt
/Users/rl-14/Desktop/Celine-Thesis/all-data-reordered/all/63 ka balay naugdaw sa sunog sa Suba; re-blocking ipatuman.txt
/Users/rl-14/Desktop/Celine-Thesis/all-data-reordered/all/64-anyos ginang naligsan, patay.txt
/Users/rl-14/Desktop/Celine-Thesis/all-data-reordered/all/64-anyos na lola, gipusil-patay paggawas sa simbahan sa Surigao City.txt
/Users/rl-14/Desktop/Celine-Thesis/all-data-reordered/all/66% lang ang miagi sa screening alang sa bag-ong natawo.txt
/Users/rl-14/Desktop/Celine-Thesis/all-data-reordered/all/66-anyos naaktuhang 'mi-rape' sa 16 anyos.txt
/Users/rl-14/Desktop/Celine-Thesis/all-data-reordered/all/678 ka mga pamilya nawad-an og balay sa sunog.txt
/Users/rl-14/Desktop/Celine-Thesis/all-data-reordered/all/68 ka mga tawo ang ‘nangalanag’.txt
/Users/rl-14/Desktop/Celine-Thesis/all-data-reordered/all/68 na mga Muslim delegates sa Musabaqah Convention na food poison.txt
/Users/rl-14/Desktop/Celine-Thesis/all-data-reordered/all/69 ka balay gikatakdang i-demolish.txt
/Users/rl-14/Desktop/Celine-Thesis/all-data-reordered/all/6th rd. knockout.txt
/Users/rl-14/Desktop/Celine-Thesis/all-data-reordered/all/6th round knockout.txt
/Users/rl-14/Desktop/Celine-Thesis/all-data-reordered/all/6th Startup Weekend Program gipahigayon.txt
/Users/rl-14/Desktop/Celine-Thesis/all-data-reordered/all/7 angol pagpamusil sa mga gwardiya sa sagingan .txt
/Users/rl-14/Desktop/Celine-Thesis/all-data-reordered/all/7 anyos gianod sa baha, patay.txt
/Users/rl-14/Desktop/Celine-Thesis/all-data-reordered/all/7 anyos nahulgan og bato, patay.txt
/Users/rl-14/Desktop/Celine-Thesis/all-data-reordered/all/7 Davao boksidor sibog sa semis.txt
/Users/rl-14/Desktop/Celine-Thesis/all-data-reordered/all/7 feet nga halas misulod sa panimalay gikagubtan .txt
/Users/rl-14/Desktop/Celine-Thesis/all-data-reordered/all/7 ka balay nadaut human sa landslide sa Mandaue City.txt
/Users/rl-14/Desktop/Celine-Thesis/all-data-reordered/all/7 ka brgy. officials gipa-drug test.txt
/Users/rl-14/Desktop/Celine-Thesis/all-data-reordered/all/7 ka bulang mabdos nabanggaan.txt
/Users/rl-14/Desktop/Celine-Thesis/all-data-reordered/all/7 ka dump trucks puno og mga graba nasakmit.txt
/Users/rl-14/Desktop/Celine-Thesis/all-data-reordered/all/7 ka policewomen gipasidunggan niining paghandom sa womens month.txt
/Users/rl-14/Desktop/Celine-Thesis/all-data-reordered/all/7 ka public study centers giplanohan ni Konsehal Young .txt
/Users/rl-14/Desktop/Celine-Thesis/all-data-reordered/all/7 Kagay-anong jins midula sa South Korea.txt
/Users/rl-14/Desktop/Celine-Thesis/all-data-reordered/all/7 nagsuot og military uniform sikop.txt
/Users/rl-14/Desktop/Celine-Thesis/all-data-reordered/all/7 nasikop sa pagronda sa drug den, buy-bust operation sa Ermita.txt
/Users/rl-14/Desktop/Celine-Thesis/all-data-reordered/all/7 Oro baskeeters abante sa Jr. NBA Phils nat’l camp.txt
/Users/rl-14/Desktop/Celine-Thesis/all-data-reordered/all/7 patay sa nahitabong aksidente sa lungsod sa Alegria; mga biktima mga Pinoy nga mga U.S citizens.txt
/Users/rl-14/Desktop/Celine-Thesis/all-data-reordered/all/7 ra kutob.txt
/Users/rl-14/Desktop/Celine-Thesis/all-data-reordered/all/7 sikop sa drug bust .txt
/Users/rl-14/Desktop/Celine-Thesis/all-data-reordered/all/7 sundalo namatay sa engkwentro?.txt
/Users/rl-14/Desktop/Celine-Thesis/all-data-reordered/all/7'1" nga higante andam na'ng mokayod alang sa Gilas  .txt
/Users/rl-14/Desktop/Celine-Thesis/all-data-reordered/all/7-2 nga Sotto miluwas sa Blue Eaglets.txt
/Users/rl-14/Desktop/Celine-Thesis/all-data-reordered/all/7-Eleven Run 2018 himuon sa Pebrero 4.txt
/Users/rl-14/Desktop/Celine-Thesis/all-data-reordered/all/7-footers gituohang mahimong top 3 picks.txt
/Users/rl-14/Desktop/Celine-Thesis/all-data-reordered/all/7-M pesos ang kantidad sa Shabu nga nasakmit sa PDEA-7 atol sa kasaulugan sa Sinulog Festival.txt
/Users/rl-14/Desktop/Celine-Thesis/all-data-reordered/all/70 % sa Evissa, Tierra Nava sa nahalin .txt
/Users/rl-14/Desktop/Celine-Thesis/all-data-reordered/all/70 ka boxers banned sa GAB.txt
/Users/rl-14/Desktop/Celine-Thesis/all-data-reordered/all/70 ka pulis gikan sa Central Luzon nia sa Oro.txt
/Users/rl-14/Desktop/Celine-Thesis/all-data-reordered/all/70 kapitan angay ilisan: Osmeña.txt
/Users/rl-14/Desktop/Celine-Thesis/all-data-reordered/all/70 pawikan hatchlings gibuhian sa Cleanergy Park.txt
/Users/rl-14/Desktop/Celine-Thesis/all-data-reordered/all/700 ka pasahero, pabiling stranded sa Agusan og Surigao bisan og wala na sa Caraga Region si Agaton.txt
/Users/rl-14/Desktop/Celine-Thesis/all-data-reordered/all/700 pasahero tanggong sa NorMin-Caraga regions re TS Basyang.txt
/Users/rl-14/Desktop/Celine-Thesis/all-data-reordered/all/700 PWDs sa Christmas party ni Radaza.txt
/Users/rl-14/Desktop/Celine-Thesis/all-data-reordered/all/71 Nagka-HIV sa Davao City.txt
/Users/rl-14/Desktop/Celine-Thesis/all-data-reordered/all/71-anyos gilugos sa 29-anyos  .txt
/Users/rl-14/Desktop/Celine-Thesis/all-data-reordered/all/72 ka parsela sa yuta sa Bogo ‘way titulo’.txt
/Users/rl-14/Desktop/Celine-Thesis/all-data-reordered/all/74 ka mga vendor mi-apela sa gobernador.txt
/Users/rl-14/Desktop/Celine-Thesis/all-data-reordered/all/75 sub-projects gitunol sa Loon.txt
/Users/rl-14/Desktop/Celine-Thesis/all-data-reordered/all/76ers gabangis sa pagbalik sa ilang no.1 pick.txt
/Users/rl-14/Desktop/Celine-Thesis/all-data-reordered/all/76ERS gileksyon sa Golden State.txt
/Users/rl-14/Desktop/Celine-Thesis/all-data-reordered/all/78 ka pamilya gipabakwit; 1,500 stranded.txt
/Users/rl-14/Desktop/Celine-Thesis/all-data-reordered/all/799 'ampules' gibilin sa Kamagayan.txt
/Users/rl-14/Desktop/Celine-Thesis/all-data-reordered/all/7th DUFC fight mosipa karon.txt
/Users/rl-14/Desktop/Celine-Thesis/all-data-reordered/all/8 anyos gi-molestiya sa amahan  SunStar.txt
/Users/rl-14/Desktop/Celine-Thesis/all-data-reordered/all/8 barangay officials nalambigit sa gidili nga druga: Cepadac.txt
/Users/rl-14/Desktop/Celine-Thesis/all-data-reordered/all/8 brgy,gibahaan sa Iligan City.txt
/Users/rl-14/Desktop/Celine-Thesis/all-data-reordered/all/8 hrs. brownout, nasinatian sa mga residente sa Malapatan Sarangani.txt
/Users/rl-14/Desktop/Celine-Thesis/all-data-reordered/all/8 ka batan-on na-rescue.txt
/Users/rl-14/Desktop/Celine-Thesis/all-data-reordered/all/8 ka buwan way suweldo; kaon pinunit.txt
/Users/rl-14/Desktop/Celine-Thesis/all-data-reordered/all/8 ka dekadang paglambo sa Davao.txt
/Users/rl-14/Desktop/Celine-Thesis/all-data-reordered/all/8 ka kutsilyo gikawat aron ipasalubong.txt
/Users/rl-14/Desktop/Celine-Thesis/all-data-reordered/all/8 ka motorsiklo nalatayan sa pick-up.txt
/Users/rl-14/Desktop/Celine-Thesis/all-data-reordered/all/8 ka opisyal sa Minglanilla gitaktak sa Ombudsman.txt
/Users/rl-14/Desktop/Celine-Thesis/all-data-reordered/all/8 ka pulis lang gipuno sa Talisay.txt
/Users/rl-14/Desktop/Celine-Thesis/all-data-reordered/all/8 ka sagunson alang sa Cavs.txt
/Users/rl-14/Desktop/Celine-Thesis/all-data-reordered/all/8 ka sakyanan nasunog sa butane.txt
/Users/rl-14/Desktop/Celine-Thesis/all-data-reordered/all/8 nagdala’g bomba, sapon.txt
/Users/rl-14/Desktop/Celine-Thesis/all-data-reordered/all/8 patay sa dengue sa dakbayan sa Talisay .txt
/Users/rl-14/Desktop/Celine-Thesis/all-data-reordered/all/8 pulis positibo sa druga.txt
/Users/rl-14/Desktop/Celine-Thesis/all-data-reordered/all/8 pulis sa MisOr gitaktak sa serbisyo.txt
/Users/rl-14/Desktop/Celine-Thesis/all-data-reordered/all/8 shabu pushers,sikop sa CdeO.txt
/Users/rl-14/Desktop/Celine-Thesis/all-data-reordered/all/8 tawo angol sa miambak nga multicab sa MisOr.txt
/Users/rl-14/Desktop/Celine-Thesis/all-data-reordered/all/8 teams kompirmado mosalmot.txt
/Users/rl-14/Desktop/Celine-Thesis/all-data-reordered/all/8 tim magtigi Escandor Cup sa Sabado.txt
/Users/rl-14/Desktop/Celine-Thesis/all-data-reordered/all/8 tindahan gikandado sa BIR.txt
/Users/rl-14/Desktop/Celine-Thesis/all-data-reordered/all/8,000 ka junior police, parents’ brigade mograduwar.txt
/Users/rl-14/Desktop/Celine-Thesis/all-data-reordered/all/8,000 rounds nga bala posibleng dalhon sa Marawi .txt
/Users/rl-14/Desktop/Celine-Thesis/all-data-reordered/all/8-anyos naanod sa baha, patay.txt
/Users/rl-14/Desktop/Celine-Thesis/all-data-reordered/all/80 ka pamilya mohangyo sa tag-iya sa ilang gipuy-an.txt
/Users/rl-14/Desktop/Celine-Thesis/all-data-reordered/all/80 ka pamilya sa Boljoon nabalaka.txt
/Users/rl-14/Desktop/Celine-Thesis/all-data-reordered/all/80 mil bag-ong botante sa SK.txt
/Users/rl-14/Desktop/Celine-Thesis/all-data-reordered/all/800 ka atleta sa Probinsiya gitagana alang sa CVRAA.txt
/Users/rl-14/Desktop/Celine-Thesis/all-data-reordered/all/801 supak sa discipline zone.txt
/Users/rl-14/Desktop/Celine-Thesis/all-data-reordered/all/8080 Sogod Triathlon ugma na.txt
/Users/rl-14/Desktop/Celine-Thesis/all-data-reordered/all/81 nasikop sa Team kay nag-bonnet.txt
/Users/rl-14/Desktop/Celine-Thesis/all-data-reordered/all/81mm mortar nakit-an kilid sa barangay hall.txt
/Users/rl-14/Desktop/Celine-Thesis/all-data-reordered/all/81st Araw ng Dabaw Report: Paglambo sa Davao City di magpungan.txt
/Users/rl-14/Desktop/Celine-Thesis/all-data-reordered/all/82 ka mga tinun-an nakat-on sa DSWD.txt
/Users/rl-14/Desktop/Celine-Thesis/all-data-reordered/all/87 ka balay ubos sa bridge gidemolis .txt
/Users/rl-14/Desktop/Celine-Thesis/all-data-reordered/all/8th Kidapawan Open Chessfest sa Peb. 6-7.txt
/Users/rl-14/Desktop/Celine-Thesis/all-data-reordered/all/9 angol sa bangga sa Brgy. Magtuod.txt
/Users/rl-14/Desktop/Celine-Thesis/all-data-reordered/all/9 anyos gihuboan, gibitay.txt
/Users/rl-14/Desktop/Celine-Thesis/all-data-reordered/all/9 anyos nga tinun-an missing.txt
/Users/rl-14/Desktop/Celine-Thesis/all-data-reordered/all/9 anyos pang gibansay sa mama sa pagpangawat.txt
/Users/rl-14/Desktop/Celine-Thesis/all-data-reordered/all/9 anyos patay sa sunog.txt
/Users/rl-14/Desktop/Celine-Thesis/all-data-reordered/all/9 ka bulan nga nayab-an og ininit-tubig, patay .txt
/Users/rl-14/Desktop/Celine-Thesis/all-data-reordered/all/9 ka Koreano gisikop tungod sa ilang ilegal nga online nga sugal.txt
/Users/rl-14/Desktop/Celine-Thesis/all-data-reordered/all/9 libo ka mga bakanteng trabaho gitanyag .txt
/Users/rl-14/Desktop/Celine-Thesis/all-data-reordered/all/9 pulis gilambigit sa DDS andam moatubang sa Senado.txt
/Users/rl-14/Desktop/Celine-Thesis/all-data-reordered/all/9 sa 12 sa mga NPA nga suspek sa pagpatay sa tribal leader sa Talaingod, Davao del Norte, nailhan na.txt
/Users/rl-14/Desktop/Celine-Thesis/all-data-reordered/all/9 tag-as nga kalibre sa armas, eksplosibo narekober sa militar.txt
/Users/rl-14/Desktop/Celine-Thesis/all-data-reordered/all/9-anyos 'gimolestiya'  SunStar.txt
/Users/rl-14/Desktop/Celine-Thesis/all-data-reordered/all/9-ball king moataki sa Cebu.txt
/Users/rl-14/Desktop/Celine-Thesis/all-data-reordered/all/9-ball king pakyas sa unang adlaw sa Sinulog billiards.txt
/Users/rl-14/Desktop/Celine-Thesis/all-data-reordered/all/90 ka priso makabenipisyo sa plea bargaining.txt
/Users/rl-14/Desktop/Celine-Thesis/all-data-reordered/all/90 ka suga nangabot alang sa South Coastal Road sa habig sa Talisay City.txt
/Users/rl-14/Desktop/Celine-Thesis/all-data-reordered/all/90 kapin ka empleyado sa gobyerno gitaktak ni Duterte.txt
/Users/rl-14/Desktop/Celine-Thesis/all-data-reordered/all/90% sa mga barangay apektado sa drugs.txt
/Users/rl-14/Desktop/Celine-Thesis/all-data-reordered/all/913 establismento sa Oro gikonsidera nga fire hazard.txt
/Users/rl-14/Desktop/Celine-Thesis/all-data-reordered/all/93-1 di maapektuhan sa pag-resign ni Robredo: Osmeña.txt
/Users/rl-14/Desktop/Celine-Thesis/all-data-reordered/all/93-1 masulbad na: Tomas.txt
/Users/rl-14/Desktop/Celine-Thesis/all-data-reordered/all/97 ka menor sa Lapu 'naluwas' .txt
/Users/rl-14/Desktop/Celine-Thesis/all-data-reordered/all/97 nga mga atleta sa Tagum nga nalanag, gikaingong libreng fresh milk ang hinungdan.txt
/Users/rl-14/Desktop/Celine-Thesis/all-data-reordered/all/97 porsiyento ang kalamposan  sa greening program sa DENR 7.txt
/Users/rl-14/Desktop/Celine-Thesis/all-data-reordered/all/98 ka mga personahe sa PRO-Northern Mindanao gi-promote.txt
/Users/rl-14/Desktop/Celine-Thesis/all-data-reordered/all/98 users mitahan.txt
/Users/rl-14/Desktop/Celine-Thesis/all-data-reordered/all/99% nga segurado.txt
/Users/rl-14/Desktop/Celine-Thesis/all-data-reordered/all/9th Davao Mega Travel Sale: Dagkong discounts ug packages.txt
/Users/rl-14/Desktop/Celine-Thesis/all-data-reordered/all/9th Pink October Run karong sunod buwan.txt
/Users/rl-14/Desktop/Celine-Thesis/all-data-reordered/all/`A Ship of Fools’ art exhibit makita sa The Henry Hotel.txt
/Users/rl-14/Desktop/Celine-Thesis/all-data-reordered/all/`Adik’ misunog sa ilang balay.txt
/Users/rl-14/Desktop/Celine-Thesis/all-data-reordered/all/`AshLoyd’ movie overloaded sa kilig.txt
/Users/rl-14/Desktop/Celine-Thesis/all-data-reordered/all/`Ay’g lapas sa balaud: Luigi.txt
/Users/rl-14/Desktop/Celine-Thesis/all-data-reordered/all/`Bugaw’ gipasakaan na og kaso sa korte.txt
/Users/rl-14/Desktop/Celine-Thesis/all-data-reordered/all/`Chikungunya’ sa Pinamungajan di kabalak-an: MHO.txt
/Users/rl-14/Desktop/Celine-Thesis/all-data-reordered/all/`Coco’ nindot, makapatandog.txt
/Users/rl-14/Desktop/Celine-Thesis/all-data-reordered/all/`Deposito’ ikarga sa bayranan sa tubig sa MCWD: tigpamaba.txt
/Users/rl-14/Desktop/Celine-Thesis/all-data-reordered/all/`Dumpit’ napatay sa Mambaling.txt
/Users/rl-14/Desktop/Celine-Thesis/all-data-reordered/all/`Fighting 9’ mokombati.txt
/Users/rl-14/Desktop/Celine-Thesis/all-data-reordered/all/`Gikahinaman’.txt
/Users/rl-14/Desktop/Celine-Thesis/all-data-reordered/all/`Gugmang Maka...’ grand champion .txt
/Users/rl-14/Desktop/Celine-Thesis/all-data-reordered/all/`Hablon’ garbo sa Argao, Sugbo .txt
/Users/rl-14/Desktop/Celine-Thesis/all-data-reordered/all/`Hitman’ ni Barok napatay sa buy bust sa pulis sa Danao City .txt
/Users/rl-14/Desktop/Celine-Thesis/all-data-reordered/all/`Idol’ gibalik.txt
/Users/rl-14/Desktop/Celine-Thesis/all-data-reordered/all/`Kawatan’ gipusil sa kauban, kritikal.txt
/Users/rl-14/Desktop/Celine-Thesis/all-data-reordered/all/`Killer instinct’.txt
/Users/rl-14/Desktop/Celine-Thesis/all-data-reordered/all/`Killer' ni Llaguno `giunay' og patay.txt
/Users/rl-14/Desktop/Celine-Thesis/all-data-reordered/all/`Killer’ sa brgy. konsehal nasikop sa Leyte.txt
/Users/rl-14/Desktop/Celine-Thesis/all-data-reordered/all/`Kinabuhi sama sa chess’.txt
/Users/rl-14/Desktop/Celine-Thesis/all-data-reordered/all/`Malacañang ipaduol sa katawhan’.txt
/Users/rl-14/Desktop/Celine-Thesis/all-data-reordered/all/`Malata, di malata’ nga basura gisugdan og patuman sa Naga.txt
/Users/rl-14/Desktop/Celine-Thesis/all-data-reordered/all/`Milagrusong tubod’ ni Sr. San Roque mihubas.txt
/Users/rl-14/Desktop/Celine-Thesis/all-data-reordered/all/`My Bebe Love’ cast gikagubtan sa Cebu.txt
/Users/rl-14/Desktop/Celine-Thesis/all-data-reordered/all/`No. 1 pusher' nasikop kay mibangga og taxi, PUJ; wa pa gyuy lisensya .txt
/Users/rl-14/Desktop/Celine-Thesis/all-data-reordered/all/`Puli’ ni Jaguar nakuhaan og 1 kilo nga shabu.txt
/Users/rl-14/Desktop/Celine-Thesis/all-data-reordered/all/`Pundok Nissan’ gimugna sa Nissan Cebu.txt
/Users/rl-14/Desktop/Celine-Thesis/all-data-reordered/all/`Pusher’ gipatay.txt
/Users/rl-14/Desktop/Celine-Thesis/all-data-reordered/all/`Pusher’ gipusil sa `tawo’ sa opisyal.txt
/Users/rl-14/Desktop/Celine-Thesis/all-data-reordered/all/`Pusher’ napatay.txt
/Users/rl-14/Desktop/Celine-Thesis/all-data-reordered/all/`Race to Beauty’ mosikad sa Sept. 10.txt
/Users/rl-14/Desktop/Celine-Thesis/all-data-reordered/all/`Shabu queen’ sa Pasil sikop.txt
/Users/rl-14/Desktop/Celine-Thesis/all-data-reordered/all/`Si coach na ang bahala’.txt
/Users/rl-14/Desktop/Celine-Thesis/all-data-reordered/all/`Utok, killers' sa abogada nailhan .txt
/Users/rl-14/Desktop/Celine-Thesis/all-data-reordered/all/`Wala gaukang’.txt
/Users/rl-14/Desktop/Celine-Thesis/all-data-reordered/all/`Wala’y daganay’.txt
/Users/rl-14/Desktop/Celine-Thesis/all-data-reordered/all/`Walk with Jesus’ bantayan og 300 pulis.txt
/Users/rl-14/Desktop/Celine-Thesis/all-data-reordered/all/`Way nag-drugs’.txt
/Users/rl-14/Desktop/Celine-Thesis/all-data-reordered/all/A Valentine’s Day Special: Duha ka kalibutan sa talagsaon nga gugma.txt
/Users/rl-14/Desktop/Celine-Thesis/all-data-reordered/all/A-Plus Paint mohangop sa color run.txt
/Users/rl-14/Desktop/Celine-Thesis/all-data-reordered/all/Abacahin:”Molitok sa mga pag-ampo vs mga trahedya”.txt
/Users/rl-14/Desktop/Celine-Thesis/all-data-reordered/all/Abad  mihimakak sa pasangil, miinsister nga 'agaw' ni Duterte.txt
/Users/rl-14/Desktop/Celine-Thesis/all-data-reordered/all/ABAP head andam mo-resign.txt
/Users/rl-14/Desktop/Celine-Thesis/all-data-reordered/all/ABC mikondinar sa kamatayon ni Imok Rupinta.txt
/Users/rl-14/Desktop/Celine-Thesis/all-data-reordered/all/ABC president, brgy. kapitan sikop sa ronda.txt
/Users/rl-14/Desktop/Celine-Thesis/all-data-reordered/all/ABC supak sa kampanya pagpakauwaw.txt
/Users/rl-14/Desktop/Celine-Thesis/all-data-reordered/all/ABC-Butuan, awhagon ang COMELEC nga i-uktaba una ang SK og barangay elections.txt
/Users/rl-14/Desktop/Celine-Thesis/all-data-reordered/all/Abduction sa 21 anyos nga college student usa lang ka “Abduct Me” gumikan kay nakadispalko ug kwarta-Pulis.txt
/Users/rl-14/Desktop/Celine-Thesis/all-data-reordered/all/Abella andam mo-resign .txt
/Users/rl-14/Desktop/Celine-Thesis/all-data-reordered/all/Abella pabiling hara sa AWUM.txt
/Users/rl-14/Desktop/Celine-Thesis/all-data-reordered/all/Abellanosa gikiha sa Ombudsman.txt
/Users/rl-14/Desktop/Celine-Thesis/all-data-reordered/all/ABF Championship boxing ug chess sa Carmen Fiesta.txt
/Users/rl-14/Desktop/Celine-Thesis/all-data-reordered/all/Abilidad minos.txt
/Users/rl-14/Desktop/Celine-Thesis/all-data-reordered/all/Abilidad ni Pacquiao mihupas na: Porter.txt
/Users/rl-14/Desktop/Celine-Thesis/all-data-reordered/all/Abiso.txt
/Users/rl-14/Desktop/Celine-Thesis/all-data-reordered/all/ABL League: Alab gisilaban Hong Kong Lions.txt
/Users/rl-14/Desktop/Celine-Thesis/all-data-reordered/all/Abo sa nanay ni Alden naa ra sa iyang sala.txt
/Users/rl-14/Desktop/Celine-Thesis/all-data-reordered/all/Abogado gipusil, patay.txt
/Users/rl-14/Desktop/Celine-Thesis/all-data-reordered/all/Abogado milangoy sa Gilutongan channel.txt
/Users/rl-14/Desktop/Celine-Thesis/all-data-reordered/all/Abogado ni Kerwin Espinosa nga si Atty Ungab patay human gibanhigan s.txt
/Users/rl-14/Desktop/Celine-Thesis/all-data-reordered/all/Abogado ni Kerwin gi-ambush patay.txt
/Users/rl-14/Desktop/Celine-Thesis/all-data-reordered/all/Abogado sa mga Espinosa gipatay.txt
/Users/rl-14/Desktop/Celine-Thesis/all-data-reordered/all/Abogado sa mga Espinosa naa sa listahan sa kapulisan: opisyal.txt
/Users/rl-14/Desktop/Celine-Thesis/all-data-reordered/all/Abogado sikop sa Iligan drug bust .txt
/Users/rl-14/Desktop/Celine-Thesis/all-data-reordered/all/Abogado, arestado sa pagpabuto’g armas sa Brgy Lumbia ning syudad.txt
/Users/rl-14/Desktop/Celine-Thesis/all-data-reordered/all/Aboitiz Group mipadala og P2 M nga hinabang sa Oriental Mindoro.txt
/Users/rl-14/Desktop/Celine-Thesis/all-data-reordered/all/Aboitiz kampiyon sa enerhiya sa kalikupan.txt
/Users/rl-14/Desktop/Celine-Thesis/all-data-reordered/all/Aboitizland, coop milagda og MOA.txt
/Users/rl-14/Desktop/Celine-Thesis/all-data-reordered/all/Abrenica batok Aspa.txt
/Users/rl-14/Desktop/Celine-Thesis/all-data-reordered/all/ABS-CBN midasig sa mga tinun-an sa Communication.txt
/Users/rl-14/Desktop/Celine-Thesis/all-data-reordered/all/ABS-CBN moabli og tindahan sa Ayala.txt
/Users/rl-14/Desktop/Celine-Thesis/all-data-reordered/all/ABS-CBN Star Kargo milusad sa serbisyo sa Toronto, Canada.txt
/Users/rl-14/Desktop/Celine-Thesis/all-data-reordered/all/Absent, Ma’am.txt
/Users/rl-14/Desktop/Celine-Thesis/all-data-reordered/all/Absolute Divorce and Dissolution of Marriage Bill, wala ginaila sa Simbahan- diocesan priest.txt
/Users/rl-14/Desktop/Celine-Thesis/all-data-reordered/all/Abu Sayyaf di kaatake: Noble.txt
/Users/rl-14/Desktop/Celine-Thesis/all-data-reordered/all/Abu Sayyaf naa sa isla.txt
/Users/rl-14/Desktop/Celine-Thesis/all-data-reordered/all/Abu Sayyaf sa Bohol sige og text kang Nobleza.txt
/Users/rl-14/Desktop/Celine-Thesis/all-data-reordered/all/Abueva gipasabot ni Gilas coach Tab.txt
/Users/rl-14/Desktop/Celine-Thesis/all-data-reordered/all/Abueva gipasidunggan sa Spin.ph .txt
/Users/rl-14/Desktop/Celine-Thesis/all-data-reordered/all/Abueva gisuspenso.txt
/Users/rl-14/Desktop/Celine-Thesis/all-data-reordered/all/Abueva gustong moretiro nga usa gihapon ka Ace.txt
/Users/rl-14/Desktop/Celine-Thesis/all-data-reordered/all/Abueva i-trade sa Alaska Aces?.txt
/Users/rl-14/Desktop/Celine-Thesis/all-data-reordered/all/Abueva mas nagtutok sa PBA playoffs.txt
/Users/rl-14/Desktop/Celine-Thesis/all-data-reordered/all/Abueva midawat na sa gidangatan.txt
/Users/rl-14/Desktop/Celine-Thesis/all-data-reordered/all/Abueva mihilak.txt
/Users/rl-14/Desktop/Celine-Thesis/all-data-reordered/all/Abueva missing?.txt
/Users/rl-14/Desktop/Celine-Thesis/all-data-reordered/all/Abueva nainsulto ni Reyes?.txt
/Users/rl-14/Desktop/Celine-Thesis/all-data-reordered/all/Abueva nakahilak sa iyang pagkataktak sa Gilas?.txt
/Users/rl-14/Desktop/Celine-Thesis/all-data-reordered/all/Abueva nangayo'g sa Gilas Pilipinas.txt
/Users/rl-14/Desktop/Celine-Thesis/all-data-reordered/all/Abueva, Almazan gitaktak .txt
/Users/rl-14/Desktop/Celine-Thesis/all-data-reordered/all/Abueva, best player of the week.txt
/Users/rl-14/Desktop/Celine-Thesis/all-data-reordered/all/Abueva, Player of the Week.txt
/Users/rl-14/Desktop/Celine-Thesis/all-data-reordered/all/Abueva, Tratters suprisang gibalik sa Gilas Pilipinas lineup ni Reyes.txt
/Users/rl-14/Desktop/Celine-Thesis/all-data-reordered/all/Abueva: Accel-PBA Player of the Week na sab sa ikatulong higayon.txt
/Users/rl-14/Desktop/Celine-Thesis/all-data-reordered/all/Abugado nakuhaa’g shabu  .txt
/Users/rl-14/Desktop/Celine-Thesis/all-data-reordered/all/Abuyog mobalik na og salmot sa Sinulog human mipalta.txt
/Users/rl-14/Desktop/Celine-Thesis/all-data-reordered/all/Access road sa Inayawan ablihan.txt
/Users/rl-14/Desktop/Celine-Thesis/all-data-reordered/all/Access road: katumanan sa damgo.txt
/Users/rl-14/Desktop/Celine-Thesis/all-data-reordered/all/Accreditation sa CT-FEDHOA nameligro.txt
/Users/rl-14/Desktop/Celine-Thesis/all-data-reordered/all/Aces 2-0 ang tumong.txt
/Users/rl-14/Desktop/Celine-Thesis/all-data-reordered/all/Aces di mokompiyansa, 3-0 tirada.txt
/Users/rl-14/Desktop/Celine-Thesis/all-data-reordered/all/Aces gihubog sa Beermen.txt
/Users/rl-14/Desktop/Celine-Thesis/all-data-reordered/all/Aces hayag na sa Top 2.txt
/Users/rl-14/Desktop/Celine-Thesis/all-data-reordered/all/Aces kaging sa Nlex.txt
/Users/rl-14/Desktop/Celine-Thesis/all-data-reordered/all/Aces mipalagpo sa Floodbusters.txt
/Users/rl-14/Desktop/Celine-Thesis/all-data-reordered/all/Aces nakat-on na’g leksyon.txt
/Users/rl-14/Desktop/Celine-Thesis/all-data-reordered/all/Aces vs. Gin Kings .txt
/Users/rl-14/Desktop/Celine-Thesis/all-data-reordered/all/Aces, Bolts mosiak sa ilang 1-1 nga pagtabla.txt
/Users/rl-14/Desktop/Celine-Thesis/all-data-reordered/all/Acosta nasuko gitawag 'spoiled brat' ni Mahipus.txt
/Users/rl-14/Desktop/Celine-Thesis/all-data-reordered/all/Acting projects wish ni Lyca karong 2016.txt
/Users/rl-14/Desktop/Celine-Thesis/all-data-reordered/all/Acting PSC chairman na si Mon Fernandez?.txt
/Users/rl-14/Desktop/Celine-Thesis/all-data-reordered/all/Acting Vice Mayor Bernard Al-ag, nihangyo ug suporta sa transition period sa iyang bag-ong posisyon.txt
/Users/rl-14/Desktop/Celine-Thesis/all-data-reordered/all/Active fault line nadiskobre sa Magsaysay, Davao del Sur.txt
/Users/rl-14/Desktop/Celine-Thesis/all-data-reordered/all/ADDU gipalagpot sa Holy Child sa pasarelle .txt
/Users/rl-14/Desktop/Celine-Thesis/all-data-reordered/all/Addu mopahigayon 2nd Sport Management 101.txt
/Users/rl-14/Desktop/Celine-Thesis/all-data-reordered/all/Adidas mihimog $200 M contract sa NBA, Harden.txt
/Users/rl-14/Desktop/Celine-Thesis/all-data-reordered/all/Adik mipatay sa misis, igsuon; tipi sa pulis.txt
/Users/rl-14/Desktop/Celine-Thesis/all-data-reordered/all/Adik nangilog og armas sa guwardiya sa ospital, nang-hostage.txt
/Users/rl-14/Desktop/Celine-Thesis/all-data-reordered/all/Adios, Rio!.txt
/Users/rl-14/Desktop/Celine-Thesis/all-data-reordered/all/Adios, Rio.txt
/Users/rl-14/Desktop/Celine-Thesis/all-data-reordered/all/Adiyos kanimo, coach JakeRo.txt
/Users/rl-14/Desktop/Celine-Thesis/all-data-reordered/all/Adiyos kanimo, Manoy Rening.txt
/Users/rl-14/Desktop/Celine-Thesis/all-data-reordered/all/Adiyos, Beermen.txt
/Users/rl-14/Desktop/Celine-Thesis/all-data-reordered/all/Adiyos, coach Dalupan.txt
/Users/rl-14/Desktop/Celine-Thesis/all-data-reordered/all/Adjudication of cases sa 96 ‘universe stablishments’ sa Siargao Island, gitakda ning bulana.txt
/Users/rl-14/Desktop/Celine-Thesis/all-data-reordered/all/Adjustment sa bag-ong team di problema: Wade.txt
/Users/rl-14/Desktop/Celine-Thesis/all-data-reordered/all/Adlaw na's paghukom!.txt
/Users/rl-14/Desktop/Celine-Thesis/all-data-reordered/all/Adlaw sa paghukom.txt
/Users/rl-14/Desktop/Celine-Thesis/all-data-reordered/all/Administratibong pag-usab sa ngan .txt
/Users/rl-14/Desktop/Celine-Thesis/all-data-reordered/all/Adoption Conciousness Week gisaulog sa DSWD .txt
/Users/rl-14/Desktop/Celine-Thesis/all-data-reordered/all/Adoption Consciousness gisaulog .txt
/Users/rl-14/Desktop/Celine-Thesis/all-data-reordered/all/Adoption Consiousness Week gisaulog sa DSWD.txt
/Users/rl-14/Desktop/Celine-Thesis/all-data-reordered/all/Adorna milangkat sa unang gold.txt
/Users/rl-14/Desktop/Celine-Thesis/all-data-reordered/all/Advocacy ni Pia nagpadayon.txt
/Users/rl-14/Desktop/Celine-Thesis/all-data-reordered/all/AFP heightened alert tungod sa halapad nga pagpang-recruit og terorista?.txt
/Users/rl-14/Desktop/Celine-Thesis/all-data-reordered/all/AFP, gikompirmar ang 200 ka Daesh-ISIS child warriors nga naglihok sa Lanao del Sur.txt
/Users/rl-14/Desktop/Celine-Thesis/all-data-reordered/all/AFP,andam sa laing hugna vs urban warfare.txt
/Users/rl-14/Desktop/Celine-Thesis/all-data-reordered/all/AFP,gi-verify ang pagsulod sa foreign terrorists sa Mindanao.txt
/Users/rl-14/Desktop/Celine-Thesis/all-data-reordered/all/AFP,kanunay andam vs terror attacks sa Mindanao.txt
/Users/rl-14/Desktop/Celine-Thesis/all-data-reordered/all/AFP-PNP:”42 NPA rebels,mitahan sa NorMin-Caraga regions”.txt
/Users/rl-14/Desktop/Celine-Thesis/all-data-reordered/all/After namatay ang anak: Inahan ni Isabel mobalik na'g Spain.txt
/Users/rl-14/Desktop/Celine-Thesis/all-data-reordered/all/Aga dunay touching message kang Charlene.txt
/Users/rl-14/Desktop/Celine-Thesis/all-data-reordered/all/Age doesn't matter Nietes  SunStar.txt
/Users/rl-14/Desktop/Celine-Thesis/all-data-reordered/all/Age doesn't matter: Dirk.txt
/Users/rl-14/Desktop/Celine-Thesis/all-data-reordered/all/Age doesn't matter: Nietes.txt
/Users/rl-14/Desktop/Celine-Thesis/all-data-reordered/all/Agi-anan sa linog gimarkahan sa mga geologist sa Region 11.txt
/Users/rl-14/Desktop/Celine-Thesis/all-data-reordered/all/Agri Tayo Dito, 4-anyos na!.txt
/Users/rl-14/Desktop/Celine-Thesis/all-data-reordered/all/Agri-Livestock Expo gibuksan.txt
/Users/rl-14/Desktop/Celine-Thesis/all-data-reordered/all/Agriculture department midonar og brown rice .txt
/Users/rl-14/Desktop/Celine-Thesis/all-data-reordered/all/Agtang gidunggab sa misis.txt
/Users/rl-14/Desktop/Celine-Thesis/all-data-reordered/all/Aguilar bilib ni Tautuaa.txt
/Users/rl-14/Desktop/Celine-Thesis/all-data-reordered/all/Aguilar daw Santa.txt
/Users/rl-14/Desktop/Celine-Thesis/all-data-reordered/all/Aguilar out sa RP-Gilas.txt
/Users/rl-14/Desktop/Celine-Thesis/all-data-reordered/all/Agus 1 plant gisulayan pagbomba.txt
/Users/rl-14/Desktop/Celine-Thesis/all-data-reordered/all/Agusan NHS gipilde sa Flyovers.txt
/Users/rl-14/Desktop/Celine-Thesis/all-data-reordered/all/Agusto 30 ipadeklarar nga holiday.txt
/Users/rl-14/Desktop/Celine-Thesis/all-data-reordered/all/Ahas moabot.txt
/Users/rl-14/Desktop/Celine-Thesis/all-data-reordered/all/Ahas mosaka sa 115 kon world title fight.txt
/Users/rl-14/Desktop/Celine-Thesis/all-data-reordered/all/Ahas nangandam.txt
/Users/rl-14/Desktop/Celine-Thesis/all-data-reordered/all/Ahas target sab ni Chocolatito.txt
/Users/rl-14/Desktop/Celine-Thesis/all-data-reordered/all/Ahente gilugos sulod sa lodging house.txt
/Users/rl-14/Desktop/Celine-Thesis/all-data-reordered/all/Ahente sa ilimnon, gitulis ug gipatay sa Agusan Del Sur.txt
/Users/rl-14/Desktop/Celine-Thesis/all-data-reordered/all/Ai-Ai andam biyaan ang sexlife.txt
/Users/rl-14/Desktop/Celine-Thesis/all-data-reordered/all/Ai-Ai delas Alas magpakasal sa November.txt
/Users/rl-14/Desktop/Celine-Thesis/all-data-reordered/all/Ai-ai gidayeg si Presidente Digong.txt
/Users/rl-14/Desktop/Celine-Thesis/all-data-reordered/all/Ai-ai kang Kris: 'A former friend and a former roommate'.txt
/Users/rl-14/Desktop/Celine-Thesis/all-data-reordered/all/Ai-Ai mokiha sa mga basher.txt
/Users/rl-14/Desktop/Celine-Thesis/all-data-reordered/all/Ai-Ai starstruck ni Pia Wurtzbach.txt
/Users/rl-14/Desktop/Celine-Thesis/all-data-reordered/all/Ai-Ai way plano magpakasal utro.txt
/Users/rl-14/Desktop/Celine-Thesis/all-data-reordered/all/Aicelle planong magpakasal?.txt
/Users/rl-14/Desktop/Celine-Thesis/all-data-reordered/all/Aiko mibalibad sa mohimog pelikula uban si Ara Mina.txt
/Users/rl-14/Desktop/Celine-Thesis/all-data-reordered/all/Aiko ug boyfriend walay forever?.txt
/Users/rl-14/Desktop/Celine-Thesis/all-data-reordered/all/Air freshener ra diay, di bomba ang nahabilin.txt
/Users/rl-14/Desktop/Celine-Thesis/all-data-reordered/all/Air Juan gikan sa SRP: Osmeña.txt
/Users/rl-14/Desktop/Celine-Thesis/all-data-reordered/all/AirAsia Cebu hub milusad sa promo direkta sa Taipei.txt
/Users/rl-14/Desktop/Celine-Thesis/all-data-reordered/all/AirAsia mi-sponsor sa KBS Korean drama: On the Way to the Airport.txt
/Users/rl-14/Desktop/Celine-Thesis/all-data-reordered/all/AirAsia mibalik sa  Clark–Davao.txt
/Users/rl-14/Desktop/Celine-Thesis/all-data-reordered/all/AirAsia mihatag og libreng sakay sa Olympic medalists sa ASEAN .txt
/Users/rl-14/Desktop/Celine-Thesis/all-data-reordered/all/AirAsia mikuha og 2 ka awards.txt
/Users/rl-14/Desktop/Celine-Thesis/all-data-reordered/all/AirAsia milusad sa 24-hour climate education.txt
/Users/rl-14/Desktop/Celine-Thesis/all-data-reordered/all/AirAsia milusad sa ‘restaurant in the sky’.txt
/Users/rl-14/Desktop/Celine-Thesis/all-data-reordered/all/AirAsia mitanyag sa pagkaon nga barato sakay sa eroplano .txt
/Users/rl-14/Desktop/Celine-Thesis/all-data-reordered/all/AirAsia moabli og biyahe direkta sa Manila ug China.txt
/Users/rl-14/Desktop/Celine-Thesis/all-data-reordered/all/AirAsia, UFC nagkasabot sa global nga kalihokan.txt
/Users/rl-14/Desktop/Celine-Thesis/all-data-reordered/all/Aircon jeepneys modagan sa Cebu.txt
/Users/rl-14/Desktop/Celine-Thesis/all-data-reordered/all/Airports ug pantalan, nag-unang entry point sa illegal drugs.txt
/Users/rl-14/Desktop/Celine-Thesis/all-data-reordered/all/Aiza di pabor wad-on ang SK.txt
/Users/rl-14/Desktop/Celine-Thesis/all-data-reordered/all/Aiza miangkong nawad-an og proyekto human gikasal.txt
/Users/rl-14/Desktop/Celine-Thesis/all-data-reordered/all/AJ sa mga tsismosa: Nag-new image lang, di ko adik!.txt
/Users/rl-14/Desktop/Celine-Thesis/all-data-reordered/all/Akomodasyon sa Rio, way ayo.txt
/Users/rl-14/Desktop/Celine-Thesis/all-data-reordered/all/Aksidente mimugna og trapiko sa Mandaue.txt
/Users/rl-14/Desktop/Celine-Thesis/all-data-reordered/all/Aksidente o naghikog?.txt
/Users/rl-14/Desktop/Celine-Thesis/all-data-reordered/all/Aksyon sa mga telcos sa reklamong ‘kawat-load,’ sutaon sa ikaduhang senate hearing.txt
/Users/rl-14/Desktop/Celine-Thesis/all-data-reordered/all/Aktibistang mag-uuma,gipusil sa Bukidnon.txt
/Users/rl-14/Desktop/Celine-Thesis/all-data-reordered/all/Aktibong pagpakabana sa ilang benepisaryo.txt
/Users/rl-14/Desktop/Celine-Thesis/all-data-reordered/all/Aktor ‘no comment’ sa video scandal.txt
/Users/rl-14/Desktop/Celine-Thesis/all-data-reordered/all/Akyat bahay sa Minglanilla nasikop.txt
/Users/rl-14/Desktop/Celine-Thesis/all-data-reordered/all/Akyat-bahay nasapon, gikulata.txt
/Users/rl-14/Desktop/Celine-Thesis/all-data-reordered/all/Al-ag: Davao LGU andam na sa barangay ug SK elections.txt
/Users/rl-14/Desktop/Celine-Thesis/all-data-reordered/all/Ala boxers, inilang mga Pinoy athletes nalakip sa ID Stations sa Sports+Action.txt
/Users/rl-14/Desktop/Celine-Thesis/all-data-reordered/all/ALA boys 4-0 sa Amerika.txt
/Users/rl-14/Desktop/Celine-Thesis/all-data-reordered/all/Ala fighters milingaw sa publiko atol sa workout  SunStar.txt
/Users/rl-14/Desktop/Celine-Thesis/all-data-reordered/all/ALA nakurat sa nahitabo kang Malcolm.txt
/Users/rl-14/Desktop/Celine-Thesis/all-data-reordered/all/Ala-Cobra boxing ugma sa Lapu-Lapu.txt
/Users/rl-14/Desktop/Celine-Thesis/all-data-reordered/all/Alab daog na sab.txt
/Users/rl-14/Desktop/Celine-Thesis/all-data-reordered/all/Alab gisubhan og kapildihan.txt
/Users/rl-14/Desktop/Celine-Thesis/all-data-reordered/all/Alab mibuntog sa Singapore.txt
/Users/rl-14/Desktop/Celine-Thesis/all-data-reordered/all/Alab mipukan sa Heat sa Game One.txt
/Users/rl-14/Desktop/Celine-Thesis/all-data-reordered/all/Alab mipupo na sab og kadaogan.txt
/Users/rl-14/Desktop/Celine-Thesis/all-data-reordered/all/Alab nakabawi; kontra gilubong.txt
/Users/rl-14/Desktop/Celine-Thesis/all-data-reordered/all/Alab nakaipsot.txt
/Users/rl-14/Desktop/Celine-Thesis/all-data-reordered/all/Alab Pilipinas batok Saigon Heat magharong karong adlawa sa USEP.txt
/Users/rl-14/Desktop/Celine-Thesis/all-data-reordered/all/Alab Pilipinas mibawi; Saigon Heat gilubong.txt
/Users/rl-14/Desktop/Celine-Thesis/all-data-reordered/all/Alab Pilipinas miyukbo sa Chong Son.txt
/Users/rl-14/Desktop/Celine-Thesis/all-data-reordered/all/Alab Pilipinas napakgang, gibawsan sa Singapore .txt
/Users/rl-14/Desktop/Celine-Thesis/all-data-reordered/all/Alambre nga latayan sa mga tinun-an sulbaron .txt
/Users/rl-14/Desktop/Celine-Thesis/all-data-reordered/all/Alang kang Mosley, Fight of the Century tabla.txt
/Users/rl-14/Desktop/Celine-Thesis/all-data-reordered/all/Alang kang Nietes, age doesn't matter.txt
/Users/rl-14/Desktop/Celine-Thesis/all-data-reordered/all/alang kanimo, hinog nga mangga.txt
/Users/rl-14/Desktop/Celine-Thesis/all-data-reordered/all/Alang ni Roach way nausab ni Timothy Bradley.txt
/Users/rl-14/Desktop/Celine-Thesis/all-data-reordered/all/Alang sa anak: Andi, mohilum na!.txt
/Users/rl-14/Desktop/Celine-Thesis/all-data-reordered/all/Alapag gikuhang assistant coach sa Bolts .txt
/Users/rl-14/Desktop/Celine-Thesis/all-data-reordered/all/Alapag masaligon sa Gilas.txt
/Users/rl-14/Desktop/Celine-Thesis/all-data-reordered/all/Alapag miretiro.txt
/Users/rl-14/Desktop/Celine-Thesis/all-data-reordered/all/Alapag mobalik na.txt
/Users/rl-14/Desktop/Celine-Thesis/all-data-reordered/all/Alapag mobalik pagduwa apan balhin sa Meralco .txt
/Users/rl-14/Desktop/Celine-Thesis/all-data-reordered/all/Alapag nakatabang og dako ni Castro.txt
/Users/rl-14/Desktop/Celine-Thesis/all-data-reordered/all/Alas gipamulta sa PBA Com office; Cardona nakagawas na sa hospital.txt
/Users/rl-14/Desktop/Celine-Thesis/all-data-reordered/all/Alas walo pa ka buwan makabalik?.txt
/Users/rl-14/Desktop/Celine-Thesis/all-data-reordered/all/Alaska 2-0 ang target v. Beermen.txt
/Users/rl-14/Desktop/Celine-Thesis/all-data-reordered/all/Alaska andam na’ng mopahuwam og players.txt
/Users/rl-14/Desktop/Celine-Thesis/all-data-reordered/all/Alaska batok Star karong gabii.txt
/Users/rl-14/Desktop/Celine-Thesis/all-data-reordered/all/Alaska fun run, zumba, May 31.txt
/Users/rl-14/Desktop/Celine-Thesis/all-data-reordered/all/Alaska miabante ngadto sa finals slot .txt
/Users/rl-14/Desktop/Celine-Thesis/all-data-reordered/all/Alaska milubong sa GlobalPort, 123-104.txt
/Users/rl-14/Desktop/Celine-Thesis/all-data-reordered/all/Alaska milubong sa NLEX; sud sa playoffs.txt
/Users/rl-14/Desktop/Celine-Thesis/all-data-reordered/all/Alaska mitanyag og ‘win-win’ solution sa PBA, SBP.txt
/Users/rl-14/Desktop/Celine-Thesis/all-data-reordered/all/Alaska nakabangon.txt
/Users/rl-14/Desktop/Celine-Thesis/all-data-reordered/all/Alaska Power camp ugma na.txt
/Users/rl-14/Desktop/Celine-Thesis/all-data-reordered/all/Alaska sulod sa quarterfinals.txt
/Users/rl-14/Desktop/Celine-Thesis/all-data-reordered/all/Alaska vs. Rain or Shine sa PBA.txt
/Users/rl-14/Desktop/Celine-Thesis/all-data-reordered/all/Alaska wa naghisgot og kasakit.txt
/Users/rl-14/Desktop/Celine-Thesis/all-data-reordered/all/Alaska wala mireklamo.txt
/Users/rl-14/Desktop/Celine-Thesis/all-data-reordered/all/Alaska-Phoenix; TNT vs. GlobalPort.txt
/Users/rl-14/Desktop/Celine-Thesis/all-data-reordered/all/Alaska-Rain or Shine finals sugdan karon.txt
/Users/rl-14/Desktop/Celine-Thesis/all-data-reordered/all/Alayon nangangkon sa mga bangko?.txt
/Users/rl-14/Desktop/Celine-Thesis/all-data-reordered/all/Alayon wala masiak: Gullas.txt
/Users/rl-14/Desktop/Celine-Thesis/all-data-reordered/all/Albasin gilubong, 76-anyos nga suspek gikiha na.txt
/Users/rl-14/Desktop/Celine-Thesis/all-data-reordered/all/Albie di mopasaka og kaso ni Andi.txt
/Users/rl-14/Desktop/Celine-Thesis/all-data-reordered/all/Albie di na kasuhan si Andi.txt
/Users/rl-14/Desktop/Celine-Thesis/all-data-reordered/all/Albie keber sa pasiatab ni Arjo.txt
/Users/rl-14/Desktop/Celine-Thesis/all-data-reordered/all/Albie naibtan og tunok   .txt
/Users/rl-14/Desktop/Celine-Thesis/all-data-reordered/all/Albor: Barangays luwas sa drugas?.txt
/Users/rl-14/Desktop/Celine-Thesis/all-data-reordered/all/Albor: Binuhatan sa kapolisan giukay.txt
/Users/rl-14/Desktop/Celine-Thesis/all-data-reordered/all/Albor: Ikaduhang libro ni Rizal.txt
/Users/rl-14/Desktop/Celine-Thesis/all-data-reordered/all/Albor: Kagahapon nila ni Gloria ug Noynoy.txt
/Users/rl-14/Desktop/Celine-Thesis/all-data-reordered/all/Albor: Merkado sa Tabunok.txt
/Users/rl-14/Desktop/Celine-Thesis/all-data-reordered/all/Albor: Nahukman apan wala matuman.txt
/Users/rl-14/Desktop/Celine-Thesis/all-data-reordered/all/Albor: Nalangay ang BRT.txt
/Users/rl-14/Desktop/Celine-Thesis/all-data-reordered/all/Albor: Napilde ko sa gubat.txt
/Users/rl-14/Desktop/Celine-Thesis/all-data-reordered/all/Albor: Panagbuwag sa Simbahan ug Estado.txt
/Users/rl-14/Desktop/Celine-Thesis/all-data-reordered/all/Albor: Patyon ang mga kriminal.txt
/Users/rl-14/Desktop/Celine-Thesis/all-data-reordered/all/Albor: Same sex marriage ug divorce bill.txt
/Users/rl-14/Desktop/Celine-Thesis/all-data-reordered/all/Albor: Sila si Guardo ug Alcover.txt
/Users/rl-14/Desktop/Celine-Thesis/all-data-reordered/all/Albuera Mayor Espinosa patay sulod sa prisohan.txt
/Users/rl-14/Desktop/Celine-Thesis/all-data-reordered/all/Albuera-Burauen road gisusi.txt
/Users/rl-14/Desktop/Celine-Thesis/all-data-reordered/all/Album ni Alden, nanggahot!.txt
/Users/rl-14/Desktop/Celine-Thesis/all-data-reordered/all/ALC paingon nat’l finals.txt
/Users/rl-14/Desktop/Celine-Thesis/all-data-reordered/all/ALC-Gamaki kampeyon sa Claveria Open.txt
/Users/rl-14/Desktop/Celine-Thesis/all-data-reordered/all/Alcantara Fiesta Cup sugdan Hulyo 11.txt
/Users/rl-14/Desktop/Celine-Thesis/all-data-reordered/all/Alcantara lipay na sa naabot .txt
/Users/rl-14/Desktop/Celine-Thesis/all-data-reordered/all/Alcantara napakyas sa kampanya.txt
/Users/rl-14/Desktop/Celine-Thesis/all-data-reordered/all/Alcantara paingon sa Nagara.txt
/Users/rl-14/Desktop/Celine-Thesis/all-data-reordered/all/Alcantara, Rungkat pakyas sa men’s doubles semifinals.txt
/Users/rl-14/Desktop/Celine-Thesis/all-data-reordered/all/Alcantara, Susanto martsa na sa finals! .txt
/Users/rl-14/Desktop/Celine-Thesis/all-data-reordered/all/Alden gihulagway ang Aldub nga ‘success’.txt
/Users/rl-14/Desktop/Celine-Thesis/all-data-reordered/all/Alden maoy magpalipay ni Maine.txt
/Users/rl-14/Desktop/Celine-Thesis/all-data-reordered/all/Alden mibisita sa kritikal nga bata.txt
/Users/rl-14/Desktop/Celine-Thesis/all-data-reordered/all/Alden nagpadayon ang blessings!.txt
/Users/rl-14/Desktop/Celine-Thesis/all-data-reordered/all/Alden pabilin sa GMA7, gi-renew exclusive contract.txt
/Users/rl-14/Desktop/Celine-Thesis/all-data-reordered/all/Alden ug Maine gaaway na?.txt
/Users/rl-14/Desktop/Celine-Thesis/all-data-reordered/all/Alden ug Maine kasal na!.txt
/Users/rl-14/Desktop/Celine-Thesis/all-data-reordered/all/Alden ug Maine nagbakasyon sa London ug Germany.txt
/Users/rl-14/Desktop/Celine-Thesis/all-data-reordered/all/Alden ug Maine walay relasyon!.txt
/Users/rl-14/Desktop/Celine-Thesis/all-data-reordered/all/Aldridge mibida.txt
/Users/rl-14/Desktop/Celine-Thesis/all-data-reordered/all/Aldridge naangol, ipa-MRI karon.txt
/Users/rl-14/Desktop/Celine-Thesis/all-data-reordered/all/Aldridge, Spurs mimalmal sa Cavs.txt
/Users/rl-14/Desktop/Celine-Thesis/all-data-reordered/all/Aldub gideklarar nga 2016 Most Beautiful Stars.txt
/Users/rl-14/Desktop/Celine-Thesis/all-data-reordered/all/Aldub gikatakda ang teleserye.txt
/Users/rl-14/Desktop/Celine-Thesis/all-data-reordered/all/AlDub mag-uyab na sa Kalyeserye.txt
/Users/rl-14/Desktop/Celine-Thesis/all-data-reordered/all/Aldub magpakasal na?!.txt
/Users/rl-14/Desktop/Celine-Thesis/all-data-reordered/all/Aldub unsay tinoud nga relasyon? .txt
/Users/rl-14/Desktop/Celine-Thesis/all-data-reordered/all/Alegasyon ni Trillanes ‘basura’: Pres. Duterte.txt
/Users/rl-14/Desktop/Celine-Thesis/all-data-reordered/all/Alegasyong bias nga scoring sa taekwondo sa CRAM 2018, giklaro sa DepEd-Caraga.txt
/Users/rl-14/Desktop/Celine-Thesis/all-data-reordered/all/Alegre nga Sona.txt
/Users/rl-14/Desktop/Celine-Thesis/all-data-reordered/all/Alegria nakaipsot sa rally sa Ginatilan sa Gov's Cup.txt
/Users/rl-14/Desktop/Celine-Thesis/all-data-reordered/all/Alejano dako ang pagtuo nga ipailawom sa preliminary investigation sa ICC ang kaso batok ni Duterte.txt
/Users/rl-14/Desktop/Celine-Thesis/all-data-reordered/all/Alerto sa bagyo.txt
/Users/rl-14/Desktop/Celine-Thesis/all-data-reordered/all/Alessandra not in good terms ni Sid.txt
/Users/rl-14/Desktop/Celine-Thesis/all-data-reordered/all/Alex Gonzaga gi-lecturan ang Koreana.txt
/Users/rl-14/Desktop/Celine-Thesis/all-data-reordered/all/Alex ideal man iyang boyfriend.txt
/Users/rl-14/Desktop/Celine-Thesis/all-data-reordered/all/Alex inspired sa bag-ong uyab?.txt
/Users/rl-14/Desktop/Celine-Thesis/all-data-reordered/all/Alex mi-explain nga siya malas.txt
/Users/rl-14/Desktop/Celine-Thesis/all-data-reordered/all/Alex naglisud sa gay role.txt
/Users/rl-14/Desktop/Celine-Thesis/all-data-reordered/all/Alex ug boyfriend nga si Mikee nagpainterbyu.txt
/Users/rl-14/Desktop/Celine-Thesis/all-data-reordered/all/Ali dapig kang Manny.txt
/Users/rl-14/Desktop/Celine-Thesis/all-data-reordered/all/Ali in love ni Cristine.txt
/Users/rl-14/Desktop/Celine-Thesis/all-data-reordered/all/Alimpus miigo sa Bogo; P680 T ang kadaut.txt
/Users/rl-14/Desktop/Celine-Thesis/all-data-reordered/all/Aljur no comment kang Kylie .txt
/Users/rl-14/Desktop/Celine-Thesis/all-data-reordered/all/Aljur ug Kylie 'may forever'.txt
/Users/rl-14/Desktop/Celine-Thesis/all-data-reordered/all/alkansiya.txt
/Users/rl-14/Desktop/Celine-Thesis/all-data-reordered/all/Allado miretiro.txt
/Users/rl-14/Desktop/Celine-Thesis/all-data-reordered/all/Allan’s Lechon, Extra Joss magsangka sa semis.txt
/Users/rl-14/Desktop/Celine-Thesis/all-data-reordered/all/Allawan nanguna sa Datba.txt
/Users/rl-14/Desktop/Celine-Thesis/all-data-reordered/all/Allen hingpit nang miretiro sa NBA.txt
/Users/rl-14/Desktop/Celine-Thesis/all-data-reordered/all/Alley-oop miagak sa Jaguars.txt
/Users/rl-14/Desktop/Celine-Thesis/all-data-reordered/all/Allianz mipalapad sa ilang operation  sa Sugbo.txt
/Users/rl-14/Desktop/Celine-Thesis/all-data-reordered/all/Allowances sa mga atleta patas-an: Digong .txt
/Users/rl-14/Desktop/Celine-Thesis/all-data-reordered/all/Alma dunay pahimangno sa mga kabatan-onan .txt
/Users/rl-14/Desktop/Celine-Thesis/all-data-reordered/all/Almazan determinadong maapil sa Gilas 5.0.txt
/Users/rl-14/Desktop/Celine-Thesis/all-data-reordered/all/Almazan moapil sa Gilas training pool.txt
/Users/rl-14/Desktop/Celine-Thesis/all-data-reordered/all/Almazan mohangyo ni Reyes.txt
/Users/rl-14/Desktop/Celine-Thesis/all-data-reordered/all/Alsbals, Iponan A 2-0 na.txt
/Users/rl-14/Desktop/Celine-Thesis/all-data-reordered/all/ALU-TUCP mangayo og umento.txt
/Users/rl-14/Desktop/Celine-Thesis/all-data-reordered/all/Alvarez andam na motudlo.txt
/Users/rl-14/Desktop/Celine-Thesis/all-data-reordered/all/Alvarez gipikhan ni Osmeña sa pagdumili sa pagtaktak kang Gwen.txt
/Users/rl-14/Desktop/Celine-Thesis/all-data-reordered/all/Alvarez mihagit ni Floyd Jr., Pacquiao.txt
/Users/rl-14/Desktop/Celine-Thesis/all-data-reordered/all/Alvarez nasagmuyo sab; andam makig-rematch.txt
/Users/rl-14/Desktop/Celine-Thesis/all-data-reordered/all/Alvarez, Khan magbinukbokay na.txt
/Users/rl-14/Desktop/Celine-Thesis/all-data-reordered/all/Alvarez-Golovkin II madayon: WBC head.txt
/Users/rl-14/Desktop/Celine-Thesis/all-data-reordered/all/Alyas Balot sikop sa drug bust.txt
/Users/rl-14/Desktop/Celine-Thesis/all-data-reordered/all/Alyas Robin ni Dingdong original - GMA-7.txt
/Users/rl-14/Desktop/Celine-Thesis/all-data-reordered/all/Amahan gikulata sa anak .txt
/Users/rl-14/Desktop/Celine-Thesis/all-data-reordered/all/Amahan mi-rape sa anak, tiklo.txt
/Users/rl-14/Desktop/Celine-Thesis/all-data-reordered/all/Amahan nagbitay punoan sa kahoy .txt
/Users/rl-14/Desktop/Celine-Thesis/all-data-reordered/all/Amahan naghikog, patay.txt
/Users/rl-14/Desktop/Celine-Thesis/all-data-reordered/all/Amahan napatay ang anak.txt
/Users/rl-14/Desktop/Celine-Thesis/all-data-reordered/all/Amahan patay sa bangga  SunStar.txt
/Users/rl-14/Desktop/Celine-Thesis/all-data-reordered/all/Amahan patay sa bangga sa motor vs truck sa CdeO.txt
/Users/rl-14/Desktop/Celine-Thesis/all-data-reordered/all/Amahan patay sa bangga, inahan ug anak angol .txt
/Users/rl-14/Desktop/Celine-Thesis/all-data-reordered/all/Amahan patay sa bangga.txt
/Users/rl-14/Desktop/Celine-Thesis/all-data-reordered/all/Amahan sa baby ni Liz, dakong minyo?.txt
/Users/rl-14/Desktop/Celine-Thesis/all-data-reordered/all/Amahan sa pulis nga user mitahan.txt
/Users/rl-14/Desktop/Celine-Thesis/all-data-reordered/all/Amahan ug anak gisuspenso.txt
/Users/rl-14/Desktop/Celine-Thesis/all-data-reordered/all/Amahan, anak napatay sa kapulisan.txt
/Users/rl-14/Desktop/Celine-Thesis/all-data-reordered/all/Amahan, ilha ako.txt
/Users/rl-14/Desktop/Celine-Thesis/all-data-reordered/all/Amahan,naghikog tungod sa selos sa CdeO?.txt
/Users/rl-14/Desktop/Celine-Thesis/all-data-reordered/all/Amang,gikasuhan na re:pag-blackmail sa uyab nga amang sa CdeO.txt
/Users/rl-14/Desktop/Celine-Thesis/all-data-reordered/all/Amar’e mibalibad sa tanyag sa 3 NBA teams.txt
/Users/rl-14/Desktop/Celine-Thesis/all-data-reordered/all/Ambulant vendors ibalhin luna sa bag-ong merkado.txt
/Users/rl-14/Desktop/Celine-Thesis/all-data-reordered/all/American citizen gipapriso sa kaipon nga Pinay.txt
/Users/rl-14/Desktop/Celine-Thesis/all-data-reordered/all/American citizen,sikop sa CdeO.txt
/Users/rl-14/Desktop/Celine-Thesis/all-data-reordered/all/Amerikanong pastor nanghilam og 'junior' .txt
/Users/rl-14/Desktop/Celine-Thesis/all-data-reordered/all/Amit lupig ni Bata.txt
/Users/rl-14/Desktop/Celine-Thesis/all-data-reordered/all/Amit mikampyon og balik.txt
/Users/rl-14/Desktop/Celine-Thesis/all-data-reordered/all/Ammonia gas mihungaw, 1 patay.txt
/Users/rl-14/Desktop/Celine-Thesis/all-data-reordered/all/Amo nga gipabuntisan ang 15 anyos misibat na kuyog sa asawa.txt
/Users/rl-14/Desktop/Celine-Thesis/all-data-reordered/all/Amonsot  daog, gusto og world title fight .txt
/Users/rl-14/Desktop/Celine-Thesis/all-data-reordered/all/Amonsot mapasigarbuong nakabiya sa bisyo.txt
/Users/rl-14/Desktop/Celine-Thesis/all-data-reordered/all/Amonsot midaog na sab.txt
/Users/rl-14/Desktop/Celine-Thesis/all-data-reordered/all/Amonsot mipalukapa ni Sudnongbua.txt
/Users/rl-14/Desktop/Celine-Thesis/all-data-reordered/all/Amonsot way plano moretiro; gusto'g rematch.txt
/Users/rl-14/Desktop/Celine-Thesis/all-data-reordered/all/Amores mikuwestiyon nganong gilakip sa kaso.txt
/Users/rl-14/Desktop/Celine-Thesis/all-data-reordered/all/Amro dunay laing libreng operasyon sa mga bungi.txt
/Users/rl-14/Desktop/Celine-Thesis/all-data-reordered/all/Amy gibayaw sa kalipay.txt
/Users/rl-14/Desktop/Celine-Thesis/all-data-reordered/all/Ana Monica Tan gihirang isip Miss Kuyamis 2018.txt
/Users/rl-14/Desktop/Celine-Thesis/all-data-reordered/all/Anak gi-hostage.txt
/Users/rl-14/Desktop/Celine-Thesis/all-data-reordered/all/Anak gilugos bisan mama gihaya.txt
/Users/rl-14/Desktop/Celine-Thesis/all-data-reordered/all/anak nga dili papugong.txt
/Users/rl-14/Desktop/Celine-Thesis/all-data-reordered/all/Anak ni Dondon dala sa Top 20 sa NBA Jrs..txt
/Users/rl-14/Desktop/Celine-Thesis/all-data-reordered/all/Anak ni Imok nanumpa pagkakonsehal.txt
/Users/rl-14/Desktop/Celine-Thesis/all-data-reordered/all/Anak ni Jackie Chan miladlad.txt
/Users/rl-14/Desktop/Celine-Thesis/all-data-reordered/all/Anak ni Jose Manalo lakip sa Kimerald serye.txt
/Users/rl-14/Desktop/Celine-Thesis/all-data-reordered/all/Anak ni Kring-Kring hinay-hinay ng migamot sa showbiz.txt
/Users/rl-14/Desktop/Celine-Thesis/all-data-reordered/all/Anak sa BMO nasikop.txt
/Users/rl-14/Desktop/Celine-Thesis/all-data-reordered/all/Anak sa gwardiya mi-gradwar nga cum laude.txt
/Users/rl-14/Desktop/Celine-Thesis/all-data-reordered/all/Anak sa kanhi kapitan sa Kamagayan nasikop.txt
/Users/rl-14/Desktop/Celine-Thesis/all-data-reordered/all/Anak sa kanhi pulis patay sa drug raid.txt
/Users/rl-14/Desktop/Celine-Thesis/all-data-reordered/all/Anak sa kapitan gitipi.txt
/Users/rl-14/Desktop/Celine-Thesis/all-data-reordered/all/Anak sa kapitan patay sa ambush  SunStar.txt
/Users/rl-14/Desktop/Celine-Thesis/all-data-reordered/all/Anak sa kapitan sa Brgy. Manipis nakaipsot sa buy-bust.txt
/Users/rl-14/Desktop/Celine-Thesis/all-data-reordered/all/Anak sa mag-uuma migradwar nga Cum laude .txt
/Users/rl-14/Desktop/Celine-Thesis/all-data-reordered/all/Anak sa mayor, nagpusil-patay sa Misamis Occidental.txt
/Users/rl-14/Desktop/Celine-Thesis/all-data-reordered/all/Anak sa pulis gimolestiya sa NPA? .txt
/Users/rl-14/Desktop/Celine-Thesis/all-data-reordered/all/Anak sa pulis naninda'g shabu, nasikop .txt
/Users/rl-14/Desktop/Celine-Thesis/all-data-reordered/all/Anak sa pulis, tiklo.txt
/Users/rl-14/Desktop/Celine-Thesis/all-data-reordered/all/Anak sa retired police gipatay.txt
/Users/rl-14/Desktop/Celine-Thesis/all-data-reordered/all/anarkiya batok harmoniya.txt
/Users/rl-14/Desktop/Celine-Thesis/all-data-reordered/all/Ancajas andam na nga moasdang sa Amerika.txt
/Users/rl-14/Desktop/Celine-Thesis/all-data-reordered/all/Ancajas batok Sultan  SunStar.txt
/Users/rl-14/Desktop/Celine-Thesis/all-data-reordered/all/Ancajas by knockout.txt
/Users/rl-14/Desktop/Celine-Thesis/all-data-reordered/all/Ancajas daling mosikat kon....txt
/Users/rl-14/Desktop/Celine-Thesis/all-data-reordered/all/Ancajas depensahan ang titulo sa ikatulong higayon.txt
/Users/rl-14/Desktop/Celine-Thesis/all-data-reordered/all/Ancajas dili komportable nga ikumpara ni Pacquiao .txt
/Users/rl-14/Desktop/Celine-Thesis/all-data-reordered/all/Ancajas gipangantihan sa Mexican challenger.txt
/Users/rl-14/Desktop/Celine-Thesis/all-data-reordered/all/Ancajas gipasaligan ni Arum.txt
/Users/rl-14/Desktop/Celine-Thesis/all-data-reordered/all/Ancajas gisaaran ni Arum.txt
/Users/rl-14/Desktop/Celine-Thesis/all-data-reordered/all/Ancajas gustong moaway sa Pacquiao undercard.txt
/Users/rl-14/Desktop/Celine-Thesis/all-data-reordered/all/Ancajas gustong mosunod sa lakang ni Pacman.txt
/Users/rl-14/Desktop/Celine-Thesis/all-data-reordered/all/Ancajas hamubo ra og pahuway.txt
/Users/rl-14/Desktop/Celine-Thesis/all-data-reordered/all/Ancajas milampos sa pagdepensa sa IBF bantamweight title.txt
/Users/rl-14/Desktop/Celine-Thesis/all-data-reordered/all/Ancajas mipirma'g 6-fight sa Top Rank.txt
/Users/rl-14/Desktop/Celine-Thesis/all-data-reordered/all/Ancajas moaway sa U.S..txt
/Users/rl-14/Desktop/Celine-Thesis/all-data-reordered/all/Ancajas mosunod ni Pacquiao: Arum.txt
/Users/rl-14/Desktop/Celine-Thesis/all-data-reordered/all/Ancajas nag-courtesy call sa iyang lodi nga si Presidente Duterte.txt
/Users/rl-14/Desktop/Celine-Thesis/all-data-reordered/all/Ancajas-Gonzalez fight sa Pebrero 3 sa Texas.txt
/Users/rl-14/Desktop/Celine-Thesis/all-data-reordered/all/Ancajas-Sultan fight gihikay na.txt
/Users/rl-14/Desktop/Celine-Thesis/all-data-reordered/all/Ancajas-Sultan fight giuswag.txt
/Users/rl-14/Desktop/Celine-Thesis/all-data-reordered/all/Ancajas-Sultan fight ibalhin sa California?.txt
/Users/rl-14/Desktop/Celine-Thesis/all-data-reordered/all/Ancajas-Sultan fight selyado.txt
/Users/rl-14/Desktop/Celine-Thesis/all-data-reordered/all/Andam ang Fire Dept. sa sunog .txt
/Users/rl-14/Desktop/Celine-Thesis/all-data-reordered/all/Andam atubangon ni Tommy ang kaso nga gisang-at sa Office of the President  .txt
/Users/rl-14/Desktop/Celine-Thesis/all-data-reordered/all/Andam bisan asa.txt
/Users/rl-14/Desktop/Celine-Thesis/all-data-reordered/all/Andam mobawi.txt
/Users/rl-14/Desktop/Celine-Thesis/all-data-reordered/all/Andam na ko: Tepora.txt
/Users/rl-14/Desktop/Celine-Thesis/all-data-reordered/all/Andam na sa Peace Games.txt
/Users/rl-14/Desktop/Celine-Thesis/all-data-reordered/all/Andam na tanan alang sa charity sports sa DavNor  .txt
/Users/rl-14/Desktop/Celine-Thesis/all-data-reordered/all/Andaya ilubong karon; P200K reward money gitanyag.txt
/Users/rl-14/Desktop/Celine-Thesis/all-data-reordered/all/Andaya misukol sa killer: pulis.txt
/Users/rl-14/Desktop/Celine-Thesis/all-data-reordered/all/Andi mag-quit unta sa showbiz.txt
/Users/rl-14/Desktop/Celine-Thesis/all-data-reordered/all/Andi mitingog na labot Jake.txt
/Users/rl-14/Desktop/Celine-Thesis/all-data-reordered/all/Andi nagmaldita sa twitter.txt
/Users/rl-14/Desktop/Celine-Thesis/all-data-reordered/all/Andi nakurat sa yawyaw sa inahan.txt
/Users/rl-14/Desktop/Celine-Thesis/all-data-reordered/all/Andi sa pamilya ni Jake: Wala silang puso!.txt
/Users/rl-14/Desktop/Celine-Thesis/all-data-reordered/all/Andi ug Albie friends na?.txt
/Users/rl-14/Desktop/Celine-Thesis/all-data-reordered/all/Andi ug Bret mas okay nga friends.txt
/Users/rl-14/Desktop/Celine-Thesis/all-data-reordered/all/Andre Berto mibasol ni Floyd Mayweather Jr..txt
/Users/rl-14/Desktop/Celine-Thesis/all-data-reordered/all/Andre Berto nanganti pildihon si Floyd Jr..txt
/Users/rl-14/Desktop/Celine-Thesis/all-data-reordered/all/Andre Iguodala wa moapil sa ensayo... makaduwa kaha?.txt
/Users/rl-14/Desktop/Celine-Thesis/all-data-reordered/all/Andre nadevelop na ni Barbie?.txt
/Users/rl-14/Desktop/Celine-Thesis/all-data-reordered/all/Andrea gideny nga uyab si Sef.txt
/Users/rl-14/Desktop/Celine-Thesis/all-data-reordered/all/Andrea tak-om sa relasyon nilang Sef.txt
/Users/rl-14/Desktop/Celine-Thesis/all-data-reordered/all/Andrea way paki sa pagpaseksi.txt
/Users/rl-14/Desktop/Celine-Thesis/all-data-reordered/all/Anesthesiologist gikinahanglan  sa Kapitolyo .txt
/Users/rl-14/Desktop/Celine-Thesis/all-data-reordered/all/Ang 'Buko' ni Kinglong.txt
/Users/rl-14/Desktop/Celine-Thesis/all-data-reordered/all/Ang akong Pagsalga-salga sa Panitik sa Sinugboanon.txt
/Users/rl-14/Desktop/Celine-Thesis/all-data-reordered/all/Ang Binisayang Sinugboanon ug Ang mga Hagit sa Pag.txt
/Users/rl-14/Desktop/Celine-Thesis/all-data-reordered/all/Ang Dahon Sa Kahoy.txt
/Users/rl-14/Desktop/Celine-Thesis/all-data-reordered/all/Ang gugma sa inahan.txt
/Users/rl-14/Desktop/Celine-Thesis/all-data-reordered/all/Ang Hunsoy Sungsongan Usab.txt
/Users/rl-14/Desktop/Celine-Thesis/all-data-reordered/all/ang kataposang linya sa akong pagpanaw.txt
/Users/rl-14/Desktop/Celine-Thesis/all-data-reordered/all/ang katugnaw sa gaaso nga pebrero.txt
/Users/rl-14/Desktop/Celine-Thesis/all-data-reordered/all/Ang Kun ug Kon.txt
/Users/rl-14/Desktop/Celine-Thesis/all-data-reordered/all/Ang Labing Masaarong Bag-ong Magsusulat Sa Bisaya 2007.txt
/Users/rl-14/Desktop/Celine-Thesis/all-data-reordered/all/Ang Labing Masaarong Bag-ong Magsusulat Sa Bisaya 2013.txt
/Users/rl-14/Desktop/Celine-Thesis/all-data-reordered/all/Ang Labing Masaarong Bag-ong Magsusulat Sa Bisaya 2014.txt
/Users/rl-14/Desktop/Celine-Thesis/all-data-reordered/all/Ang Labing Masaarong Bag-ong Magsusulat Sa Bisaya 2015.txt
/Users/rl-14/Desktop/Celine-Thesis/all-data-reordered/all/Ang Lunsayng Bisaya Ug Ang Kinaunhang Proyekto Nii.txt
/Users/rl-14/Desktop/Celine-Thesis/all-data-reordered/all/Ang pagbalik.txt
/Users/rl-14/Desktop/Celine-Thesis/all-data-reordered/all/Ang pagbisita sa Lancers.txt
/Users/rl-14/Desktop/Celine-Thesis/all-data-reordered/all/ang pagkab-ot sa kinaadman.txt
/Users/rl-14/Desktop/Celine-Thesis/all-data-reordered/all/ang pagpangumang.txt
/Users/rl-14/Desktop/Celine-Thesis/all-data-reordered/all/ang pagpasaylo.txt
/Users/rl-14/Desktop/Celine-Thesis/all-data-reordered/all/ang patag ngutngot sa kalipay.txt
/Users/rl-14/Desktop/Celine-Thesis/all-data-reordered/all/Ang Probinsyano concert star studded!.txt
/Users/rl-14/Desktop/Celine-Thesis/all-data-reordered/all/Ang record holder nga si Porras  SunStar.txt
/Users/rl-14/Desktop/Celine-Thesis/all-data-reordered/all/Ang Relo.txt
/Users/rl-14/Desktop/Celine-Thesis/all-data-reordered/all/Ang Salingsing.txt
/Users/rl-14/Desktop/Celine-Thesis/all-data-reordered/all/Ang Tawo Luyo Sa Handag Lima Ka Degrees.txt
/Users/rl-14/Desktop/Celine-Thesis/all-data-reordered/all/Ang Tawo Nga Nanamin Sa Adlaw Sa Tinagong Dagat.txt
/Users/rl-14/Desktop/Celine-Thesis/all-data-reordered/all/Ang tawo nga nangita sa Pasko.txt
/Users/rl-14/Desktop/Celine-Thesis/all-data-reordered/all/Ang Ugma Walay Pag-abot, Anib 01, Unang Basahon.txt
/Users/rl-14/Desktop/Celine-Thesis/all-data-reordered/all/Ang Ugma Walay Pag-abot, Anib 02, Unang Basahon.txt
/Users/rl-14/Desktop/Celine-Thesis/all-data-reordered/all/Ang Ugma Walay Pag-abot, Anib 03, Unang Basahon.txt
/Users/rl-14/Desktop/Celine-Thesis/all-data-reordered/all/Ang Ugma Walay Pag-abot, Anib 04, Unang Basahon.txt
/Users/rl-14/Desktop/Celine-Thesis/all-data-reordered/all/Ang Ugma Walay Pag-abot.txt
/Users/rl-14/Desktop/Celine-Thesis/all-data-reordered/all/Ang Ungo Sa San Pilar.txt
/Users/rl-14/Desktop/Celine-Thesis/all-data-reordered/all/Ang ‘milagro’ magpadayon.txt
/Users/rl-14/Desktop/Celine-Thesis/all-data-reordered/all/Angay maghiusa: Mon.txt
/Users/rl-14/Desktop/Celine-Thesis/all-data-reordered/all/Angay moretiro: Roach, Jinkee.txt
/Users/rl-14/Desktop/Celine-Thesis/all-data-reordered/all/Angel apektado gihapon sa break-up nila ni Luis.txt
/Users/rl-14/Desktop/Celine-Thesis/all-data-reordered/all/Angel Locsin miresbak!.txt
/Users/rl-14/Desktop/Celine-Thesis/all-data-reordered/all/Angel Locsin wala nataranta og pakigrelasyon.txt
/Users/rl-14/Desktop/Celine-Thesis/all-data-reordered/all/Angel mas prayoridad ang kaugalingon kesa mag-Darna.txt
/Users/rl-14/Desktop/Celine-Thesis/all-data-reordered/all/Angel na stress sa iyang buhok.txt
/Users/rl-14/Desktop/Celine-Thesis/all-data-reordered/all/Angel nag-post sa mga nakita sa Marawi.txt
/Users/rl-14/Desktop/Celine-Thesis/all-data-reordered/all/Angel ug Robin naglalis atol sa PGT audition.txt
/Users/rl-14/Desktop/Celine-Thesis/all-data-reordered/all/Angel ug Vilma gatext-text pa.txt
/Users/rl-14/Desktop/Celine-Thesis/all-data-reordered/all/Angelica bout gayud maminyo.txt
/Users/rl-14/Desktop/Celine-Thesis/all-data-reordered/all/Angelica dili engaged .txt
/Users/rl-14/Desktop/Celine-Thesis/all-data-reordered/all/Angelica gikaminosan sa fan? .txt
/Users/rl-14/Desktop/Celine-Thesis/all-data-reordered/all/Angelica miangkon nga tanga sa gugma.txt
/Users/rl-14/Desktop/Celine-Thesis/all-data-reordered/all/Angelica ug Dingdong balik pelikula! .txt
/Users/rl-14/Desktop/Celine-Thesis/all-data-reordered/all/Angelica ug John Lloyd wala nagbalik.txt
/Users/rl-14/Desktop/Celine-Thesis/all-data-reordered/all/Angelica ug Maine sekreto ang komunikasyon?.txt
/Users/rl-14/Desktop/Celine-Thesis/all-data-reordered/all/Angelica ug Marian posibleng mag-uban sa pelikula.txt
/Users/rl-14/Desktop/Celine-Thesis/all-data-reordered/all/Angelica walay bitterness sa break-up.txt
/Users/rl-14/Desktop/Celine-Thesis/all-data-reordered/all/Angelica, Carlo magbalik kaha?.txt
/Users/rl-14/Desktop/Celine-Thesis/all-data-reordered/all/Angelica, Juday makalingaw.txt
/Users/rl-14/Desktop/Celine-Thesis/all-data-reordered/all/Angelicum abante sa finals.txt
/Users/rl-14/Desktop/Celine-Thesis/all-data-reordered/all/Angelicum daog sa unang dula sa Shakey's V-League.txt
/Users/rl-14/Desktop/Celine-Thesis/all-data-reordered/all/Angelicum hulga sa V-League NorMin elim.txt
/Users/rl-14/Desktop/Celine-Thesis/all-data-reordered/all/Angelicum mihawod na sab.txt
/Users/rl-14/Desktop/Celine-Thesis/all-data-reordered/all/Angelicum naa sa kritikal.txt
/Users/rl-14/Desktop/Celine-Thesis/all-data-reordered/all/Angelicum walay tatsa sa Pool A.txt
/Users/rl-14/Desktop/Celine-Thesis/all-data-reordered/all/Angelina Jolie mitingog na sa break-up nilang Brad Pitt.txt
/Users/rl-14/Desktop/Celine-Thesis/all-data-reordered/all/Angelina ug Brad Pitt mag-divorce?.txt
/Users/rl-14/Desktop/Celine-Thesis/all-data-reordered/all/Angeline gilamian sa kiss ni Jake.txt
/Users/rl-14/Desktop/Celine-Thesis/all-data-reordered/all/Angeline gipanguyaban og negosyante.txt
/Users/rl-14/Desktop/Celine-Thesis/all-data-reordered/all/Anggulong pagpanabotahe gilantaw sa BFP.txt
/Users/rl-14/Desktop/Celine-Thesis/all-data-reordered/all/Angkas di una makapa-angkas.txt
/Users/rl-14/Desktop/Celine-Thesis/all-data-reordered/all/Angkas gisampolan; 4 ka driver gisikop.txt
/Users/rl-14/Desktop/Celine-Thesis/all-data-reordered/all/Angkas Padala, naa na sa Sugbo; LTFRB mipahimangno sa publiko.txt
/Users/rl-14/Desktop/Celine-Thesis/all-data-reordered/all/Angkas paluyohan ni Tomas bisan ilegal ang operasyon.txt
/Users/rl-14/Desktop/Celine-Thesis/all-data-reordered/all/Angol nga dolphin, napadpad sa baybayon sa Agusan del Norte.txt
/Users/rl-14/Desktop/Celine-Thesis/all-data-reordered/all/Angol ni Curry di grabe.txt
/Users/rl-14/Desktop/Celine-Thesis/all-data-reordered/all/Angol ni Kobe Bryant hingpit nang naayo.txt
/Users/rl-14/Desktop/Celine-Thesis/all-data-reordered/all/Angol ni Pacman hingpit naalim: Arum.txt
/Users/rl-14/Desktop/Celine-Thesis/all-data-reordered/all/Angol ni Pacquiao niadto pang 2008: Arum.txt
/Users/rl-14/Desktop/Celine-Thesis/all-data-reordered/all/Anne Curtis pressure sa pagpakasal.txt
/Users/rl-14/Desktop/Celine-Thesis/all-data-reordered/all/Anne lagare una sa career una magminyo.txt
/Users/rl-14/Desktop/Celine-Thesis/all-data-reordered/all/Anne nagnegatibo sa drug test.txt
/Users/rl-14/Desktop/Celine-Thesis/all-data-reordered/all/Anne nalipay nga nakatrabaho si Dennis ug Paolo.txt
/Users/rl-14/Desktop/Celine-Thesis/all-data-reordered/all/Anne nasorpresa sa halok ni Dennis.txt
/Users/rl-14/Desktop/Celine-Thesis/all-data-reordered/all/Anne, di pa ready nga magminyo!.txt
/Users/rl-14/Desktop/Celine-Thesis/all-data-reordered/all/Anomaliya sa Comelec gipa-imbestigahan .txt
/Users/rl-14/Desktop/Celine-Thesis/all-data-reordered/all/Antero, Paloma milanding nga runner-up .txt
/Users/rl-14/Desktop/Celine-Thesis/all-data-reordered/all/Anthony John Apura, ngano gibunyagan ang Carcar?.txt
/Users/rl-14/Desktop/Celine-Thesis/all-data-reordered/all/Anthony mahisama nila Jordan ug Bryant sa NY.txt
/Users/rl-14/Desktop/Celine-Thesis/all-data-reordered/all/Anthony misalbar sa USA.txt
/Users/rl-14/Desktop/Celine-Thesis/all-data-reordered/all/Anthony, best player of the week.txt
/Users/rl-14/Desktop/Celine-Thesis/all-data-reordered/all/Anti discrimination Ordinance sa syudad planong amyendahan, health status sa aplikante buot idugang.txt
/Users/rl-14/Desktop/Celine-Thesis/all-data-reordered/all/Anti-distracted Driving Law ipatuman na .txt
/Users/rl-14/Desktop/Celine-Thesis/all-data-reordered/all/Anti-drug council makig-alayon sa mga tulunghaan.txt
/Users/rl-14/Desktop/Celine-Thesis/all-data-reordered/all/Anti-drugs balik na sa kapulisan?.txt
/Users/rl-14/Desktop/Celine-Thesis/all-data-reordered/all/Anti-Duterte ad gibatikos sa pipila ka artista.txt
/Users/rl-14/Desktop/Celine-Thesis/all-data-reordered/all/Anti-gay issue gihisgutan ni Bradley atol sa presscon.txt
/Users/rl-14/Desktop/Celine-Thesis/all-data-reordered/all/Anti-Marcos groups miduso og petisyon.txt
/Users/rl-14/Desktop/Celine-Thesis/all-data-reordered/all/Anti-political dynasty, target bungkagon sa pag-usab sa konstitusyon.txt
/Users/rl-14/Desktop/Celine-Thesis/all-data-reordered/all/Antonio C. Acharon Memorial Park, subling giablihan sa publiko.txt
/Users/rl-14/Desktop/Celine-Thesis/all-data-reordered/all/Antonio kampyon sa Iligan chess fest.txt
/Users/rl-14/Desktop/Celine-Thesis/all-data-reordered/all/apan wala.txt
/Users/rl-14/Desktop/Celine-Thesis/all-data-reordered/all/Apas `giembarguhan’ og tambal; di tinuod: CHD.txt
/Users/rl-14/Desktop/Celine-Thesis/all-data-reordered/all/Apas BMO gibawian og sakyanan.txt
/Users/rl-14/Desktop/Celine-Thesis/all-data-reordered/all/Apas kampiyon sa Sinulog sa Barangay sa Dakbayan .txt
/Users/rl-14/Desktop/Celine-Thesis/all-data-reordered/all/Apas sumpay sa problema sa trapik.txt
/Users/rl-14/Desktop/Celine-Thesis/all-data-reordered/all/Apasumpay.txt
/Users/rl-14/Desktop/Celine-Thesis/all-data-reordered/all/Apektado sa  clearing operation kadawat og tabang .txt
/Users/rl-14/Desktop/Celine-Thesis/all-data-reordered/all/Apektado sa Train law adunay P2,400.txt
/Users/rl-14/Desktop/Celine-Thesis/all-data-reordered/all/Apelyido ni Inah dili isyu - Janice.txt
/Users/rl-14/Desktop/Celine-Thesis/all-data-reordered/all/Aplikasyon sa Cebeco gipugngan sa ERC .txt
/Users/rl-14/Desktop/Celine-Thesis/all-data-reordered/all/Aplikasyon sa Racal gipugngan sa PBA.txt
/Users/rl-14/Desktop/Celine-Thesis/all-data-reordered/all/Apostolic Nuncio to the Philippines Archbishop Gabriele Giordano Caccia mipaabot ug mabulokong homilya atol sa pagturn-over sa Baclayan church nga naguba sa linog niadtong 2013.txt
/Users/rl-14/Desktop/Celine-Thesis/all-data-reordered/all/App alang sa kabataan nga Muslim.txt
/Users/rl-14/Desktop/Celine-Thesis/all-data-reordered/all/App motabang sa rural health workers.txt
/Users/rl-14/Desktop/Celine-Thesis/all-data-reordered/all/Appointment ni Brgy. Captain Clarion kinahanglan pang aprobahan ni Pangulong Duterte.txt
/Users/rl-14/Desktop/Celine-Thesis/all-data-reordered/all/Approval na lamang ni pangulong Duterte ang gipaabot sa mohulip kang Al-ag sa konseho.txt
/Users/rl-14/Desktop/Celine-Thesis/all-data-reordered/all/Aprubado ang P500K nga insentibo ni Tabal gikan sa siyudad sa Sugbo.txt
/Users/rl-14/Desktop/Celine-Thesis/all-data-reordered/all/Aprubado sa PBA.txt
/Users/rl-14/Desktop/Celine-Thesis/all-data-reordered/all/Apura, Ayuman miduso og mga listahan sa PDEA 7.txt
/Users/rl-14/Desktop/Celine-Thesis/all-data-reordered/all/Aquaman milangoy na sab og 12 k nga gilay-on.txt
/Users/rl-14/Desktop/Celine-Thesis/all-data-reordered/all/Aquino midepensa sa anti-dengue vaccine.txt
/Users/rl-14/Desktop/Celine-Thesis/all-data-reordered/all/Aquino nagkalayo!.txt
/Users/rl-14/Desktop/Celine-Thesis/all-data-reordered/all/AR Construction ipa-blacklist ni Gullas.txt
/Users/rl-14/Desktop/Celine-Thesis/all-data-reordered/all/Ara andam makigbalik ni Patrick Meneses.txt
/Users/rl-14/Desktop/Celine-Thesis/all-data-reordered/all/Ara in-demand gihapon ang beauty.txt
/Users/rl-14/Desktop/Celine-Thesis/all-data-reordered/all/Ara na-hurt sa awayang, Vivian ug Cristine.txt
/Users/rl-14/Desktop/Celine-Thesis/all-data-reordered/all/Araw cycling competition andam na sa Marso 24.txt
/Users/rl-14/Desktop/Celine-Thesis/all-data-reordered/all/Araw ng Dabaw budget gihikay.txt
/Users/rl-14/Desktop/Celine-Thesis/all-data-reordered/all/Araw ng Dabaw malinawon.txt
/Users/rl-14/Desktop/Celine-Thesis/all-data-reordered/all/Araw team tennis tigian sa Marso 5.txt
/Users/rl-14/Desktop/Celine-Thesis/all-data-reordered/all/Archbishop Palma malaumon sa bag-ong tuig.txt
/Users/rl-14/Desktop/Celine-Thesis/all-data-reordered/all/Archdiocese of Cebu motabang surrenderees.txt
/Users/rl-14/Desktop/Celine-Thesis/all-data-reordered/all/Archdiocese sa Sugbo, Table of Hope mipakaon sa 500 ka mga bata.txt
/Users/rl-14/Desktop/Celine-Thesis/all-data-reordered/all/Archdiocese, Solid Earth sa ‘greening’.txt
/Users/rl-14/Desktop/Celine-Thesis/all-data-reordered/all/Arches manguna sa mga jins sa Davraa.txt
/Users/rl-14/Desktop/Celine-Thesis/all-data-reordered/all/Architect nakuhaa'g mga armas.txt
/Users/rl-14/Desktop/Celine-Thesis/all-data-reordered/all/Arci ariba na ang karera.txt
/Users/rl-14/Desktop/Celine-Thesis/all-data-reordered/all/Arci excited sa ‘extra service’.txt
/Users/rl-14/Desktop/Celine-Thesis/all-data-reordered/all/Arci gibati og kaulaw sa love scene kang Echo.txt
/Users/rl-14/Desktop/Celine-Thesis/all-data-reordered/all/Arci maoy modala og Darna?.txt
/Users/rl-14/Desktop/Celine-Thesis/all-data-reordered/all/Arci naka-move on na sa break-up .txt
/Users/rl-14/Desktop/Celine-Thesis/all-data-reordered/all/Arci proud sa bag-ong role sa serye.txt
/Users/rl-14/Desktop/Celine-Thesis/all-data-reordered/all/Arci walay kataha ni Echo .txt
/Users/rl-14/Desktop/Celine-Thesis/all-data-reordered/all/Arci, Gerald mobisita sa Sugbo sa June 8.txt
/Users/rl-14/Desktop/Celine-Thesis/all-data-reordered/all/Area sa PS4 daghan pa og ‘adik’.txt
/Users/rl-14/Desktop/Celine-Thesis/all-data-reordered/all/Argao mikampyon sa 2016 Daygon Contest sa Kapitolyo.txt
/Users/rl-14/Desktop/Celine-Thesis/all-data-reordered/all/Argentina gipanglubong sa Team USA.txt
/Users/rl-14/Desktop/Celine-Thesis/all-data-reordered/all/Ariza gipikhan ni Roach.txt
/Users/rl-14/Desktop/Celine-Thesis/all-data-reordered/all/Ariza mitugpo sa Rockets.txt
/Users/rl-14/Desktop/Celine-Thesis/all-data-reordered/all/Ariza uyon sa Floyd-Marquez II.txt
/Users/rl-14/Desktop/Celine-Thesis/all-data-reordered/all/Arjo nakahilak nga mibiya sa Probinsyano.txt
/Users/rl-14/Desktop/Celine-Thesis/all-data-reordered/all/Arleigh Sitoy namatay.txt
/Users/rl-14/Desktop/Celine-Thesis/all-data-reordered/all/Armado og shotgun napatay sa pulis .txt
/Users/rl-14/Desktop/Celine-Thesis/all-data-reordered/all/Armas sa pulis mibuto; kauban naigo.txt
/Users/rl-14/Desktop/Celine-Thesis/all-data-reordered/all/Armas sa sekyu mibuto, silingan naigo.txt
/Users/rl-14/Desktop/Celine-Thesis/all-data-reordered/all/Armas sa sikyu way bala?.txt
/Users/rl-14/Desktop/Celine-Thesis/all-data-reordered/all/Army mikondena sa pagpatay sa Mayor.txt
/Users/rl-14/Desktop/Celine-Thesis/all-data-reordered/all/Arnis alang sa Guinness.txt
/Users/rl-14/Desktop/Celine-Thesis/all-data-reordered/all/Arnis instructor nga gipusil-patay sa mga nakamotorsiklo, nalubong na.txt
/Users/rl-14/Desktop/Celine-Thesis/all-data-reordered/all/Arnis instructor, gipusil sa riding in tandem.txt
/Users/rl-14/Desktop/Celine-Thesis/all-data-reordered/all/Arnisador .txt
/Users/rl-14/Desktop/Celine-Thesis/all-data-reordered/all/Arnold Clavio gipasidunggan.txt
/Users/rl-14/Desktop/Celine-Thesis/all-data-reordered/all/Arnold mi-walk out atol sa interview.txt
/Users/rl-14/Desktop/Celine-Thesis/all-data-reordered/all/Arroyo miduaw sa haya ni Vidal.txt
/Users/rl-14/Desktop/Celine-Thesis/all-data-reordered/all/Arsobispo sa Cotabato gikondena ang pagpangatake sa BIFF.txt
/Users/rl-14/Desktop/Celine-Thesis/all-data-reordered/all/Artazo nibida sa Corpus pagmartsa sa semis.txt
/Users/rl-14/Desktop/Celine-Thesis/all-data-reordered/all/Artificial coral reefs, gimontar sa Surigao City.txt
/Users/rl-14/Desktop/Celine-Thesis/all-data-reordered/all/Artist sketch sa suspek andam na; saksi gikumbinsi pa.txt
/Users/rl-14/Desktop/Celine-Thesis/all-data-reordered/all/Artista Na Si Minggoy.txt
/Users/rl-14/Desktop/Celine-Thesis/all-data-reordered/all/Arum andam mo-promote sa Pacquiao-McGregor fight.txt
/Users/rl-14/Desktop/Celine-Thesis/all-data-reordered/all/Arum bilib ni Donaire, dugang away gilaraw.txt
/Users/rl-14/Desktop/Celine-Thesis/all-data-reordered/all/Arum di kombinsido nga Pacman, Floyd Jr. moretiro.txt
/Users/rl-14/Desktop/Celine-Thesis/all-data-reordered/all/Arum di pabor nga Pacman moaway pa.txt
/Users/rl-14/Desktop/Celine-Thesis/all-data-reordered/all/Arum dili gusto sa Pac-Mac fight.txt
/Users/rl-14/Desktop/Celine-Thesis/all-data-reordered/all/Arum gibatig kahinam sa away ni Pacman.txt
/Users/rl-14/Desktop/Celine-Thesis/all-data-reordered/all/Arum grabeng nakasaway sa plano sa AIBA.txt
/Users/rl-14/Desktop/Celine-Thesis/all-data-reordered/all/Arum gusto og trilogy.txt
/Users/rl-14/Desktop/Celine-Thesis/all-data-reordered/all/Arum imbitado sa away ni Pacquiao.txt
/Users/rl-14/Desktop/Celine-Thesis/all-data-reordered/all/Arum interesado sab sa Pacman-Mayweather 2.txt
/Users/rl-14/Desktop/Celine-Thesis/all-data-reordered/all/Arum kuntento sa PPV.txt
/Users/rl-14/Desktop/Celine-Thesis/all-data-reordered/all/Arum magpadala’g doktor para ni Manny.txt
/Users/rl-14/Desktop/Celine-Thesis/all-data-reordered/all/Arum makigsabot na ni Sen. Manny.txt
/Users/rl-14/Desktop/Celine-Thesis/all-data-reordered/all/Arum makigtagbo ni Sen. Koko Pimentel.txt
/Users/rl-14/Desktop/Celine-Thesis/all-data-reordered/all/Arum malaumon sa kita sa PPV bisan wala’y HBO, Showtime.txt
/Users/rl-14/Desktop/Celine-Thesis/all-data-reordered/all/Arum mibilib kang Horn.txt
/Users/rl-14/Desktop/Celine-Thesis/all-data-reordered/all/Arum mihimakak nga mipirma na si Khan.txt
/Users/rl-14/Desktop/Celine-Thesis/all-data-reordered/all/Arum nagduda gihapon.txt
/Users/rl-14/Desktop/Celine-Thesis/all-data-reordered/all/Arum nagduda.txt
/Users/rl-14/Desktop/Celine-Thesis/all-data-reordered/all/Arum naghuwat sa desisyon ni Manny.txt
/Users/rl-14/Desktop/Celine-Thesis/all-data-reordered/all/Arum napungot sa taho bahin sa Pacquiao-Khan nga away.txt
/Users/rl-14/Desktop/Celine-Thesis/all-data-reordered/all/Arum nasagmuyo kay dakog alkansi sa Pacquiao-Bradley 3.txt
/Users/rl-14/Desktop/Celine-Thesis/all-data-reordered/all/Arum nasurprisa, mihimakak sa anunsyo ni Pacquiao.txt
/Users/rl-14/Desktop/Celine-Thesis/all-data-reordered/all/Arum uyon sa Pacquiao-Matthysse title fight apan....txt
/Users/rl-14/Desktop/Celine-Thesis/all-data-reordered/all/Arum, Pacquiao wa magbikil.txt
/Users/rl-14/Desktop/Celine-Thesis/all-data-reordered/all/Arwind gituohan nga di na sab masulod sa Gilas team.txt
/Users/rl-14/Desktop/Celine-Thesis/all-data-reordered/all/Arwind nagmalipayon.txt
/Users/rl-14/Desktop/Celine-Thesis/all-data-reordered/all/As next Alden: Derrick, wa giseryoso ang isyu.txt
/Users/rl-14/Desktop/Celine-Thesis/all-data-reordered/all/Asa manan-aw sa Pacquiao-Vargas fight?.txt
/Users/rl-14/Desktop/Celine-Thesis/all-data-reordered/all/Asa si Kiefer?.txt
/Users/rl-14/Desktop/Celine-Thesis/all-data-reordered/all/Asawa dagha’g chikinini, bana naghikog.txt
/Users/rl-14/Desktop/Celine-Thesis/all-data-reordered/all/Asawa gihanggat og sex sa silingan.txt
/Users/rl-14/Desktop/Celine-Thesis/all-data-reordered/all/Asawa gikulata tungod sa selos.txt
/Users/rl-14/Desktop/Celine-Thesis/all-data-reordered/all/Asawa gipasuya-suya sa kabit.txt
/Users/rl-14/Desktop/Celine-Thesis/all-data-reordered/all/Asawa gisagpa og charger.txt
/Users/rl-14/Desktop/Celine-Thesis/all-data-reordered/all/Asawa gitigbas sa bana.txt
/Users/rl-14/Desktop/Celine-Thesis/all-data-reordered/all/Asawa nasuko kay bana nag 'I love you' sa silingan.txt
/Users/rl-14/Desktop/Celine-Thesis/all-data-reordered/all/Asawa ni Donaire na-ospital.txt
/Users/rl-14/Desktop/Celine-Thesis/all-data-reordered/all/Asawa ni Tenorio manganakay; series tapuson ni LA ugma.txt
/Users/rl-14/Desktop/Celine-Thesis/all-data-reordered/all/Asawa sa bomber nga si late Zulkifli Bin Hir alywas Marwan, nadakpan sa mga pulis.txt
/Users/rl-14/Desktop/Celine-Thesis/all-data-reordered/all/Asawa sa lider sa terorista dakpan.txt
/Users/rl-14/Desktop/Celine-Thesis/all-data-reordered/all/Asawa sa polis nga napatay nahiubos.txt
/Users/rl-14/Desktop/Celine-Thesis/all-data-reordered/all/Asawa sa ‘bomber’ nga si Marwan nadakpan.txt
/Users/rl-14/Desktop/Celine-Thesis/all-data-reordered/all/Asean 2017 launching malinawon.txt
/Users/rl-14/Desktop/Celine-Thesis/all-data-reordered/all/ASEAN hosting sa Cebu all set na; 4000 ka mga personnel gideploy karong adlawa.txt
/Users/rl-14/Desktop/Celine-Thesis/all-data-reordered/all/Asean leaders hugot bantayan  .txt
/Users/rl-14/Desktop/Celine-Thesis/all-data-reordered/all/Asean meeting sa Bohol bombahan diay unta?.txt
/Users/rl-14/Desktop/Celine-Thesis/all-data-reordered/all/ASEAN nga gipahigayon sa Sugbo nagmalampuson.txt
/Users/rl-14/Desktop/Celine-Thesis/all-data-reordered/all/ASEAN summit sa Panglao sunod semana ipadayon.txt
/Users/rl-14/Desktop/Celine-Thesis/all-data-reordered/all/Ash gustong mo-apil sa FHM?.txt
/Users/rl-14/Desktop/Celine-Thesis/all-data-reordered/all/Asi bilib kang Abueva.txt
/Users/rl-14/Desktop/Celine-Thesis/all-data-reordered/all/Asi buhian sa NLEX.txt
/Users/rl-14/Desktop/Celine-Thesis/all-data-reordered/all/Asi gusto magpa-trade.txt
/Users/rl-14/Desktop/Celine-Thesis/all-data-reordered/all/Asi mibida.txt
/Users/rl-14/Desktop/Celine-Thesis/all-data-reordered/all/Asi mo-represent na usab sa nasod.txt
/Users/rl-14/Desktop/Celine-Thesis/all-data-reordered/all/Asi pabilin sa NLEX.txt
/Users/rl-14/Desktop/Celine-Thesis/all-data-reordered/all/Asi posibleng mabalhin.txt
/Users/rl-14/Desktop/Celine-Thesis/all-data-reordered/all/Asi wa kapugngi sa kadaugan sa NLEX.txt
/Users/rl-14/Desktop/Celine-Thesis/all-data-reordered/all/Asi, Dondon nadasig sa usa’g usa.txt
/Users/rl-14/Desktop/Celine-Thesis/all-data-reordered/all/Asia Brewery mihatag na sa ilang P300 mil nga donasyon sa Manipis Elementary School.txt
/Users/rl-14/Desktop/Celine-Thesis/all-data-reordered/all/Asian games ang sunod nga tahas.txt
/Users/rl-14/Desktop/Celine-Thesis/all-data-reordered/all/Asian teams planong imbitaron sa PBA ‘17.txt
/Users/rl-14/Desktop/Celine-Thesis/all-data-reordered/all/Asintado ni Julia sa Enero 15 na.txt
/Users/rl-14/Desktop/Celine-Thesis/all-data-reordered/all/Asirit di mo-resign.txt
/Users/rl-14/Desktop/Celine-Thesis/all-data-reordered/all/Asosasyon sa mga atleta giduso.txt
/Users/rl-14/Desktop/Celine-Thesis/all-data-reordered/all/Asset gitipi bugti sa P80 mil.txt
/Users/rl-14/Desktop/Celine-Thesis/all-data-reordered/all/Asset sa NBI gi-aresto.txt
/Users/rl-14/Desktop/Celine-Thesis/all-data-reordered/all/Assumption andam na sa finals.txt
/Users/rl-14/Desktop/Celine-Thesis/all-data-reordered/all/Assumption back-to-back champs.txt
/Users/rl-14/Desktop/Celine-Thesis/all-data-reordered/all/Assumption back-to-back reg’l champs!.txt
/Users/rl-14/Desktop/Celine-Thesis/all-data-reordered/all/Assumption College girls nadepensahan ang titulo.txt
/Users/rl-14/Desktop/Celine-Thesis/all-data-reordered/all/Assumption Jaguars nakalingkawas sa NBTC Oro leg.txt
/Users/rl-14/Desktop/Celine-Thesis/all-data-reordered/all/Assumption Jaguars napilde sa AusPinoy  SunStar.txt
/Users/rl-14/Desktop/Celine-Thesis/all-data-reordered/all/Assumption Jaguars napilde sa AusPinoy.txt
/Users/rl-14/Desktop/Celine-Thesis/all-data-reordered/all/Assumption Montessori School nadepensahan ang titulo.txt
/Users/rl-14/Desktop/Celine-Thesis/all-data-reordered/all/Assumption, City High mag-ilog sa kataposang final slot.txt
/Users/rl-14/Desktop/Celine-Thesis/all-data-reordered/all/Assumption, Corpus na sa final karon.txt
/Users/rl-14/Desktop/Celine-Thesis/all-data-reordered/all/Assumption, Corpus na sa finals!.txt
/Users/rl-14/Desktop/Celine-Thesis/all-data-reordered/all/Assumption, Sacred Heart mag-ilog sa liderato karon.txt
/Users/rl-14/Desktop/Celine-Thesis/all-data-reordered/all/Assumption, Sacred Heart, Tagoloan sulod na sa top-8.txt
/Users/rl-14/Desktop/Celine-Thesis/all-data-reordered/all/Ateneo andam modepensa sa titulo .txt
/Users/rl-14/Desktop/Celine-Thesis/all-data-reordered/all/Ateneo kampyeon sa NBTC Finals.txt
/Users/rl-14/Desktop/Celine-Thesis/all-data-reordered/all/Ateneo malampusong midepensa sa titulo.txt
/Users/rl-14/Desktop/Celine-Thesis/all-data-reordered/all/Ateneo summer sports camp 2018 ablihan sa Abril 9.txt
/Users/rl-14/Desktop/Celine-Thesis/all-data-reordered/all/Ateneo, kampeyon sa SBP-Passerelle .txt
/Users/rl-14/Desktop/Celine-Thesis/all-data-reordered/all/Atlanta coach gipasidunggan.txt
/Users/rl-14/Desktop/Celine-Thesis/all-data-reordered/all/Atleta nga nangahilo nakadula na sa Davraa.txt
/Users/rl-14/Desktop/Celine-Thesis/all-data-reordered/all/Atty Harry Roque , gitubag ang mga pagsaway kaniya ni Atty Ferdinand Topacio.txt
/Users/rl-14/Desktop/Celine-Thesis/all-data-reordered/all/Atty Panelo gihagit ang mga dili kumbinsido sa RA 10973.txt
/Users/rl-14/Desktop/Celine-Thesis/all-data-reordered/all/Atty Ungab, gilubong na kahapon; hustisya padayon nga gipangita sa pamilya.txt
/Users/rl-14/Desktop/Celine-Thesis/all-data-reordered/all/Atty. molangoy og 15 kms..txt
/Users/rl-14/Desktop/Celine-Thesis/all-data-reordered/all/Atty. Ungab: Kontrobersyal, inilang abogado .txt
/Users/rl-14/Desktop/Celine-Thesis/all-data-reordered/all/Aubrey Miles sa Rams Bohol.txt
/Users/rl-14/Desktop/Celine-Thesis/all-data-reordered/all/Aurora Chess Open sugdan karon  copy.txt
/Users/rl-14/Desktop/Celine-Thesis/all-data-reordered/all/Aurora Chess Open sugdan karon .txt
/Users/rl-14/Desktop/Celine-Thesis/all-data-reordered/all/Aussie boxer patay human na-knockout.txt
/Users/rl-14/Desktop/Celine-Thesis/all-data-reordered/all/Aussie sparmate bilib ni pacquiao.txt
/Users/rl-14/Desktop/Celine-Thesis/all-data-reordered/all/Aussie ug Pinoy Olympians mibansay sa mga bata sa Maa .txt
/Users/rl-14/Desktop/Celine-Thesis/all-data-reordered/all/Austin pabilin nga nangandoy nga makasud sa NBA  .txt
/Users/rl-14/Desktop/Celine-Thesis/all-data-reordered/all/Australia mi-okey na.txt
/Users/rl-14/Desktop/Celine-Thesis/all-data-reordered/all/Australian midominar.txt
/Users/rl-14/Desktop/Celine-Thesis/all-data-reordered/all/Australian no. 1 pick sa 2016 NBA draft.txt
/Users/rl-14/Desktop/Celine-Thesis/all-data-reordered/all/Australiano ang naghari.txt
/Users/rl-14/Desktop/Celine-Thesis/all-data-reordered/all/Avalos nanganti batok Magsayo.txt
/Users/rl-14/Desktop/Celine-Thesis/all-data-reordered/all/Award sa ‘Oro’ gibawi.txt
/Users/rl-14/Desktop/Celine-Thesis/all-data-reordered/all/Away ni Mayweather ug McGregor dunay timailhang mahinayon.txt
/Users/rl-14/Desktop/Celine-Thesis/all-data-reordered/all/Away ni Pacquiao dili ipasalida sa Pilipinas?.txt
/Users/rl-14/Desktop/Celine-Thesis/all-data-reordered/all/Away ni Pacquiao giuswag sa Hulyo 8.txt
/Users/rl-14/Desktop/Celine-Thesis/all-data-reordered/all/Away ni Pacquiao, Horn dili pa final?.txt
/Users/rl-14/Desktop/Celine-Thesis/all-data-reordered/all/Away ni Pacquiao, Khan posibli madayon: Arum.txt
/Users/rl-14/Desktop/Celine-Thesis/all-data-reordered/all/Away sa magtiayon misangko sa pagpanunggab ug pagpamusil; bana patay, misis kritikal.txt
/Users/rl-14/Desktop/Celine-Thesis/all-data-reordered/all/AWOL nga pulis, gipusil , patay!.txt
/Users/rl-14/Desktop/Celine-Thesis/all-data-reordered/all/Awol nga pulis, sikop sa drug bust .txt
/Users/rl-14/Desktop/Celine-Thesis/all-data-reordered/all/Awra likay una sa keks.txt
/Users/rl-14/Desktop/Celine-Thesis/all-data-reordered/all/Awto gisuwayan sa pagkuha.txt
/Users/rl-14/Desktop/Celine-Thesis/all-data-reordered/all/Awto nalimbuwad sa tunnel, 1 angol.txt
/Users/rl-14/Desktop/Celine-Thesis/all-data-reordered/all/Awum slots hurot sud sa 10 minutos  SunStar.txt
/Users/rl-14/Desktop/Celine-Thesis/all-data-reordered/all/Ayala Bubble run.txt
/Users/rl-14/Desktop/Celine-Thesis/all-data-reordered/all/Ayala di pa buksan.txt
/Users/rl-14/Desktop/Celine-Thesis/all-data-reordered/all/Ayala mall mangabli nag balik sa publiko karon.txt
/Users/rl-14/Desktop/Celine-Thesis/all-data-reordered/all/Ayaw kalimti si Kristo sentro sa Pasko: Palma.txt
/Users/rl-14/Desktop/Celine-Thesis/all-data-reordered/all/Ayaw kog himoang lutsanan: Rama ngadto kang Tomas.txt
/Users/rl-14/Desktop/Celine-Thesis/all-data-reordered/all/Ayaw og counterflow.txt
/Users/rl-14/Desktop/Celine-Thesis/all-data-reordered/all/Ayaw pagtanom og ebidensya: Bato.txt
/Users/rl-14/Desktop/Celine-Thesis/all-data-reordered/all/Ayaw pamakak: Garganera.txt
/Users/rl-14/Desktop/Celine-Thesis/all-data-reordered/all/Ayaw, Nay! Ayaww!.txt
/Users/rl-14/Desktop/Celine-Thesis/all-data-reordered/all/Ayo-ayo, Rizzini....txt
/Users/rl-14/Desktop/Celine-Thesis/all-data-reordered/all/Ayuda alang sa 27 ka barangay sa Mandaue.txt
/Users/rl-14/Desktop/Celine-Thesis/all-data-reordered/all/Ayuda sa DSWD gisugdan na paghatag.txt
/Users/rl-14/Desktop/Celine-Thesis/all-data-reordered/all/Azkals doble ang kayod.txt
/Users/rl-14/Desktop/Celine-Thesis/all-data-reordered/all/Azkals mikulit og kasaysayan.txt
/Users/rl-14/Desktop/Celine-Thesis/all-data-reordered/all/Azkals nanampit og suporta sa mga OFW sa UAE.txt
/Users/rl-14/Desktop/Celine-Thesis/all-data-reordered/all/Azkals, Indons tabla.txt
/Users/rl-14/Desktop/Celine-Thesis/all-data-reordered/all/Azkals, Lions nagtabla.txt
/Users/rl-14/Desktop/Celine-Thesis/all-data-reordered/all/Babae gibaklad samtang nangihi sa bar.txt
/Users/rl-14/Desktop/Celine-Thesis/all-data-reordered/all/Babae gilugos sa textmate .txt
/Users/rl-14/Desktop/Celine-Thesis/all-data-reordered/all/Babae gipapili sa seaman: Nude pics o sex?.txt
/Users/rl-14/Desktop/Celine-Thesis/all-data-reordered/all/Babae nanglaba giduslak sa 70-anyos.txt
/Users/rl-14/Desktop/Celine-Thesis/all-data-reordered/all/Babae sikop sa buy bust.txt
/Users/rl-14/Desktop/Celine-Thesis/all-data-reordered/all/Babaeng drug supplier, gisikop sa CdeO.txt
/Users/rl-14/Desktop/Celine-Thesis/all-data-reordered/all/Babag sa agianan  SunStar.txt
/Users/rl-14/Desktop/Celine-Thesis/all-data-reordered/all/Babaye dunay 4 ka warrant of arrest nasikop.txt
/Users/rl-14/Desktop/Celine-Thesis/all-data-reordered/all/Babaye gi-lips to lips og bahog baba.txt
/Users/rl-14/Desktop/Celine-Thesis/all-data-reordered/all/Babaye gibawi-ag 'brace' sa ex.txt
/Users/rl-14/Desktop/Celine-Thesis/all-data-reordered/all/Babaye gibundakan og dakong bato.txt
/Users/rl-14/Desktop/Celine-Thesis/all-data-reordered/all/Babaye gihuboan, giguyod paggawas sa club.txt
/Users/rl-14/Desktop/Celine-Thesis/all-data-reordered/all/Babaye gihulog sa pangpang.txt
/Users/rl-14/Desktop/Celine-Thesis/all-data-reordered/all/Babaye giluba sa kaipon kay gipugngang maghikog.txt
/Users/rl-14/Desktop/Celine-Thesis/all-data-reordered/all/Babaye giluba tungod sa 'I love you'.txt
/Users/rl-14/Desktop/Celine-Thesis/all-data-reordered/all/Babaye gipatay, gilabay.txt
/Users/rl-14/Desktop/Celine-Thesis/all-data-reordered/all/Babaye milaslas sa tiyan.txt
/Users/rl-14/Desktop/Celine-Thesis/all-data-reordered/all/Babaye misaka sa poste.txt
/Users/rl-14/Desktop/Celine-Thesis/all-data-reordered/all/Babaye naabhak ang dagway.txt
/Users/rl-14/Desktop/Celine-Thesis/all-data-reordered/all/Babaye naghikog sulod sa terminal .txt
/Users/rl-14/Desktop/Celine-Thesis/all-data-reordered/all/Babaye naghubog, naghikog.txt
/Users/rl-14/Desktop/Celine-Thesis/all-data-reordered/all/Babaye nakuhaan og P132 mil nga shabu .txt
/Users/rl-14/Desktop/Celine-Thesis/all-data-reordered/all/Babaye nalatayan og dumptruck, patay .txt
/Users/rl-14/Desktop/Celine-Thesis/all-data-reordered/all/Babaye naligsan sa Brgy. Tablon, patay.txt
/Users/rl-14/Desktop/Celine-Thesis/all-data-reordered/all/Babaye namaligya og shabu, dakpan.txt
/Users/rl-14/Desktop/Celine-Thesis/all-data-reordered/all/Babaye nangawat sulod sa police station.txt
/Users/rl-14/Desktop/Celine-Thesis/all-data-reordered/all/Babaye nangomedyang dunay bomba, gisikop.txt
/Users/rl-14/Desktop/Celine-Thesis/all-data-reordered/all/Babaye napalgang hubo, patay.txt
/Users/rl-14/Desktop/Celine-Thesis/all-data-reordered/all/Babaye napasok sa septic tank sa Lapu-Lapu, patay.txt
/Users/rl-14/Desktop/Celine-Thesis/all-data-reordered/all/Babaye nasunog, patay .txt
/Users/rl-14/Desktop/Celine-Thesis/all-data-reordered/all/Babaye nga dalaw 'tigda' og shabu.txt
/Users/rl-14/Desktop/Celine-Thesis/all-data-reordered/all/Babaye nga GM usa ra ang pilde batok 16 ka buok .txt
/Users/rl-14/Desktop/Celine-Thesis/all-data-reordered/all/Babaye nga naligsan naila na.txt
/Users/rl-14/Desktop/Celine-Thesis/all-data-reordered/all/Babaye nga sekyu nakit-ang patay .txt
/Users/rl-14/Desktop/Celine-Thesis/all-data-reordered/all/Babaye, 11, napusilan patay sa 14 anyos.txt
/Users/rl-14/Desktop/Celine-Thesis/all-data-reordered/all/Babaye, 43, nagmaneho og electric bike misungag sa motorsiklo, patay .txt
/Users/rl-14/Desktop/Celine-Thesis/all-data-reordered/all/Babaye, drug pusher sikop.txt
/Users/rl-14/Desktop/Celine-Thesis/all-data-reordered/all/Babaye, mga kauban sikop sa PDEA sulod sa motel.txt
/Users/rl-14/Desktop/Celine-Thesis/all-data-reordered/all/Babayeng drug lord nakuhaan og usa ka sako nga shabu .txt
/Users/rl-14/Desktop/Celine-Thesis/all-data-reordered/all/Babayeng gidagit, gibuhian.txt
/Users/rl-14/Desktop/Celine-Thesis/all-data-reordered/all/Babayeng gipatay nailhan, hayan gisuwayag rape: hepe.txt
/Users/rl-14/Desktop/Celine-Thesis/all-data-reordered/all/Babayeng naligsan-patay naila na sa CdeO.txt
/Users/rl-14/Desktop/Celine-Thesis/all-data-reordered/all/Baby gianak nga patay, nabuhi  .txt
/Users/rl-14/Desktop/Celine-Thesis/all-data-reordered/all/Baby Lancers gi-tko.txt
/Users/rl-14/Desktop/Celine-Thesis/all-data-reordered/all/Baby Lancers gipangkastigo.txt
/Users/rl-14/Desktop/Celine-Thesis/all-data-reordered/all/Baby Malia, so tisay!.txt
/Users/rl-14/Desktop/Celine-Thesis/all-data-reordered/all/Baby Webmasters hari sa Under Armour 3x3 Cebu.txt
/Users/rl-14/Desktop/Celine-Thesis/all-data-reordered/all/Bacarro, Ceniza nisakwat sa USA.txt
/Users/rl-14/Desktop/Celine-Thesis/all-data-reordered/all/Back to back win gipaniguro ni Maxine sa Miss Universe.txt
/Users/rl-14/Desktop/Celine-Thesis/all-data-reordered/all/Back-to-back champions.txt
/Users/rl-14/Desktop/Celine-Thesis/all-data-reordered/all/Back-to-back MVP si Curry.txt
/Users/rl-14/Desktop/Celine-Thesis/all-data-reordered/all/Back-to-back nga kapildihan.txt
/Users/rl-14/Desktop/Celine-Thesis/all-data-reordered/all/Bad boy image.txt
/Users/rl-14/Desktop/Celine-Thesis/all-data-reordered/all/Badian, Dalaguete nag-away sa Osmeña Peak .txt
/Users/rl-14/Desktop/Celine-Thesis/all-data-reordered/all/Bading gicheck-in ang pito ka mga lalaki .txt
/Users/rl-14/Desktop/Celine-Thesis/all-data-reordered/all/Badjao Girl mibaha ang tabang.txt
/Users/rl-14/Desktop/Celine-Thesis/all-data-reordered/all/Bag nga dunay dolyares giuli.txt
/Users/rl-14/Desktop/Celine-Thesis/all-data-reordered/all/Bag-o lang nahitabo.txt
/Users/rl-14/Desktop/Celine-Thesis/all-data-reordered/all/Bag-o nga Gins import moabot na.txt
/Users/rl-14/Desktop/Celine-Thesis/all-data-reordered/all/Bag-ong ALA fighter moaway’g world title.txt
/Users/rl-14/Desktop/Celine-Thesis/all-data-reordered/all/Bag-ong ALS libre na nga itanyag.txt
/Users/rl-14/Desktop/Celine-Thesis/all-data-reordered/all/Bag-ong basurahan sa CdeO walay kasupakan.txt
/Users/rl-14/Desktop/Celine-Thesis/all-data-reordered/all/Bag-ong bill sa MCWD mas customer-friendly.txt
/Users/rl-14/Desktop/Celine-Thesis/all-data-reordered/all/Bag-ong bus terminal gi-ulan og reklamo.txt
/Users/rl-14/Desktop/Celine-Thesis/all-data-reordered/all/Bag-ong Cavs nagmangtas.txt
/Users/rl-14/Desktop/Celine-Thesis/all-data-reordered/all/Bag-ong Central Comman chief pormal milingkod sa puwesto.txt
/Users/rl-14/Desktop/Celine-Thesis/all-data-reordered/all/Bag-ong Cesafi schedules gireklamo.txt
/Users/rl-14/Desktop/Celine-Thesis/all-data-reordered/all/Bag-ong coach sa Cavaliers midaog na.txt
/Users/rl-14/Desktop/Celine-Thesis/all-data-reordered/all/Bag-ong CPPO chief milingkod.txt
/Users/rl-14/Desktop/Celine-Thesis/all-data-reordered/all/Bag-ong drug personality.txt
/Users/rl-14/Desktop/Celine-Thesis/all-data-reordered/all/Bag-ong drug pusher tiklo.txt
/Users/rl-14/Desktop/Celine-Thesis/all-data-reordered/all/Bag-ong fitness center ablihan.txt
/Users/rl-14/Desktop/Celine-Thesis/all-data-reordered/all/Bag-ong ganghaan sa CDO: mayor.txt
/Users/rl-14/Desktop/Celine-Thesis/all-data-reordered/all/Bag-ong Gilas kompleto na.txt
/Users/rl-14/Desktop/Celine-Thesis/all-data-reordered/all/Bag-ong guidelines alang sa summer classes, gipagawas sa DepEd-Caraga.txt
/Users/rl-14/Desktop/Celine-Thesis/all-data-reordered/all/Bag-ong hepe sa Special Action Force, mipasalig nga dili na mausab ang nahitabo sa Mamasapano.txt
/Users/rl-14/Desktop/Celine-Thesis/all-data-reordered/all/Bag-ong hepe sa Talisay makigkita sa mga kapitan .txt
/Users/rl-14/Desktop/Celine-Thesis/all-data-reordered/all/Bag-ong imports miaswat sa Alab.txt
/Users/rl-14/Desktop/Celine-Thesis/all-data-reordered/all/Bag-ong IPMR, pormal ng milingkod sa puwesto.txt
/Users/rl-14/Desktop/Celine-Thesis/all-data-reordered/all/Bag-ong kahimanan sa war on drugs, gipa-apingan sa mga sakop sa PDEA-XI.txt
/Users/rl-14/Desktop/Celine-Thesis/all-data-reordered/all/Bag-ong kahugpongan sa mga taas nga opisyal sa kompaniya gitukod.txt
/Users/rl-14/Desktop/Celine-Thesis/all-data-reordered/all/Bag-ong Kampyon.txt
/Users/rl-14/Desktop/Celine-Thesis/all-data-reordered/all/Bag-ong kategoriya sa Press Freedom run.txt
/Users/rl-14/Desktop/Celine-Thesis/all-data-reordered/all/Bag-ong laya gipusil-patay samtang padulong airport.txt
/Users/rl-14/Desktop/Celine-Thesis/all-data-reordered/all/Bag-ong laya gisikop human misuway og panglugos.txt
/Users/rl-14/Desktop/Celine-Thesis/all-data-reordered/all/Bag-ong laya namusil.txt
/Users/rl-14/Desktop/Celine-Thesis/all-data-reordered/all/Bag-ong laya, kanhi polis sikop.txt
/Users/rl-14/Desktop/Celine-Thesis/all-data-reordered/all/Bag-ong libro ni Chef Tatung gilusad.txt
/Users/rl-14/Desktop/Celine-Thesis/all-data-reordered/all/Bag-ong merkado sa Tabunok subhan.txt
/Users/rl-14/Desktop/Celine-Thesis/all-data-reordered/all/Bag-ong mga idolo.txt
/Users/rl-14/Desktop/Celine-Thesis/all-data-reordered/all/Bag-ong mga kaso sa HIV-Aids natala sa dakbayan sa Dabaw.txt
/Users/rl-14/Desktop/Celine-Thesis/all-data-reordered/all/Bag-ong mga sakop sa Gilas subhan sa FIBA Challenge Cup.txt
/Users/rl-14/Desktop/Celine-Thesis/all-data-reordered/all/Bag-ong mga sistema sa Carcar Provincial hospital ipatuman .txt
/Users/rl-14/Desktop/Celine-Thesis/all-data-reordered/all/Bag-ong movie nila Sara ug Lloydie exciting ang tema.txt
/Users/rl-14/Desktop/Celine-Thesis/all-data-reordered/all/Bag-ong nalista ‘tukhangon’ sa kapolisan.txt
/Users/rl-14/Desktop/Celine-Thesis/all-data-reordered/all/Bag-ong nanganak sikop sa drug bust.txt
/Users/rl-14/Desktop/Celine-Thesis/all-data-reordered/all/Bag-ong OIC sa Cotabato Foundation of Science and Technology, dili pa makalingkod sa pwesto.txt
/Users/rl-14/Desktop/Celine-Thesis/all-data-reordered/all/Bag-ong paglaom sa bag-ong tuig.txt
/Users/rl-14/Desktop/Celine-Thesis/all-data-reordered/all/Bag-ong partido sa governors mosuporta sa administrasyon.txt
/Users/rl-14/Desktop/Celine-Thesis/all-data-reordered/all/Bag-ong pasilidad sa BJMP tukuron, ihap sa priso misaka.txt
/Users/rl-14/Desktop/Celine-Thesis/all-data-reordered/all/Bag-ong patrol car sa PRO11 i-turnover karong Lunes.txt
/Users/rl-14/Desktop/Celine-Thesis/all-data-reordered/all/Bag-ong PBA commissioner daghan pa’ng tun-an.txt
/Users/rl-14/Desktop/Celine-Thesis/all-data-reordered/all/Bag-ong PDEA director mibahad.txt
/Users/rl-14/Desktop/Celine-Thesis/all-data-reordered/all/Bag-ong pwesto wa aprobahi sa konseho .txt
/Users/rl-14/Desktop/Celine-Thesis/all-data-reordered/all/Bag-ong record sa NBA All-Star.txt
/Users/rl-14/Desktop/Celine-Thesis/all-data-reordered/all/Bag-ong rota sa Milo run.txt
/Users/rl-14/Desktop/Celine-Thesis/all-data-reordered/all/Bag-ong serbisyo gitanyag sa VSMMC sa bag-ong pasilidad.txt
/Users/rl-14/Desktop/Celine-Thesis/all-data-reordered/all/Bag-ong terminal sa MCIA buksan.txt
/Users/rl-14/Desktop/Celine-Thesis/all-data-reordered/all/Bag-ong tinubdan sa irrigation sa Boljoon .txt
/Users/rl-14/Desktop/Celine-Thesis/all-data-reordered/all/Bag-ong tourism officer sa Cebu City.txt
/Users/rl-14/Desktop/Celine-Thesis/all-data-reordered/all/Bag-ong Tuig gipangandaman.txt
/Users/rl-14/Desktop/Celine-Thesis/all-data-reordered/all/Bag-ong Tuig sa Davao City 'malinawon'.txt
/Users/rl-14/Desktop/Celine-Thesis/all-data-reordered/all/Bag-ong tunghaan gi-donar.txt
/Users/rl-14/Desktop/Celine-Thesis/all-data-reordered/all/Bag-ong UFC king gihagit.txt
/Users/rl-14/Desktop/Celine-Thesis/all-data-reordered/all/Bag-ong warden sa Talisay City Jail miasumer, Supt. Inopia nanamilit.txt
/Users/rl-14/Desktop/Celine-Thesis/all-data-reordered/all/Bag-ong weightlifters gi-train.txt
/Users/rl-14/Desktop/Celine-Thesis/all-data-reordered/all/Bag-ong XU sports centre andam na mag-host.txt
/Users/rl-14/Desktop/Celine-Thesis/all-data-reordered/all/Bago midominar sa PSC-Pacquiao Amateur boxing.txt
/Users/rl-14/Desktop/Celine-Thesis/all-data-reordered/all/BagoSphere mipalapad sa job training operations.txt
/Users/rl-14/Desktop/Celine-Thesis/all-data-reordered/all/Baguio sa Phoenix na.txt
/Users/rl-14/Desktop/Celine-Thesis/all-data-reordered/all/Baguio, Guiao mag-uban og balik.txt
/Users/rl-14/Desktop/Celine-Thesis/all-data-reordered/all/Bagulbol.txt
/Users/rl-14/Desktop/Celine-Thesis/all-data-reordered/all/Bagyo magdala og uwan.txt
/Users/rl-14/Desktop/Celine-Thesis/all-data-reordered/all/Bagyo moagi sa Sugbo karon.txt
/Users/rl-14/Desktop/Celine-Thesis/all-data-reordered/all/Bagyo moigo sa Cebu sa Pasko.txt
/Users/rl-14/Desktop/Celine-Thesis/all-data-reordered/all/Bagyo.txt
/Users/rl-14/Desktop/Celine-Thesis/all-data-reordered/all/Bagyong 'Agaton' mitipas.txt
/Users/rl-14/Desktop/Celine-Thesis/all-data-reordered/all/Bagyong Basya out na.txt
/Users/rl-14/Desktop/Celine-Thesis/all-data-reordered/all/Bagyong Vinta di moagi sa Sugbo: Pagasa.txt
/Users/rl-14/Desktop/Celine-Thesis/all-data-reordered/all/Bagyong Vinta ug Agaton, nagbilin ug dakong damyos sa Davao region.txt
/Users/rl-14/Desktop/Celine-Thesis/all-data-reordered/all/Baha hapit na mohubas.txt
/Users/rl-14/Desktop/Celine-Thesis/all-data-reordered/all/Bahad sa Ansar Al-Khilafa Philippines sa South Cotabato, gipangandaman.txt
/Users/rl-14/Desktop/Celine-Thesis/all-data-reordered/all/Bahin sa dengue.txt
/Users/rl-14/Desktop/Celine-Thesis/all-data-reordered/all/Bahin sa HIV.txt
/Users/rl-14/Desktop/Celine-Thesis/all-data-reordered/all/Bahin sa liderato tumong sa Aces.txt
/Users/rl-14/Desktop/Celine-Thesis/all-data-reordered/all/Baho nga ginabuga sa nasunog nga NCCC malagmit nga makadaut sa panglawas – DOH.txt
/Users/rl-14/Desktop/Celine-Thesis/all-data-reordered/all/Bailes de Cordova ug Barangay Babag nanghawod sa Rampada 2017.txt
/Users/rl-14/Desktop/Celine-Thesis/all-data-reordered/all/Bakbakan sa Catmon karong gabii.txt
/Users/rl-14/Desktop/Celine-Thesis/all-data-reordered/all/Bakhawan di pasagdan.txt
/Users/rl-14/Desktop/Celine-Thesis/all-data-reordered/all/Bakuna batok tipdas.txt
/Users/rl-14/Desktop/Celine-Thesis/all-data-reordered/all/Bakwit sikop sa drug bust.txt
/Users/rl-14/Desktop/Celine-Thesis/all-data-reordered/all/Bala miigo sa kasingkasing sa DJ; siya nakatigbas, nakapusil pa sa tulisan.txt
/Users/rl-14/Desktop/Celine-Thesis/all-data-reordered/all/Balak: Adlaw sa gradwasyon.txt
/Users/rl-14/Desktop/Celine-Thesis/all-data-reordered/all/Balak: Ang bata dalan.txt
/Users/rl-14/Desktop/Celine-Thesis/all-data-reordered/all/Balak: Atong mga kasingkasing.txt
/Users/rl-14/Desktop/Celine-Thesis/all-data-reordered/all/Balak: Buwan 2018, Talagsaong talan-awon.txt
/Users/rl-14/Desktop/Celine-Thesis/all-data-reordered/all/Balak: Disbentaha sa reyalidad.txt
/Users/rl-14/Desktop/Celine-Thesis/all-data-reordered/all/Balak: Handumon ko ang nawalang mga butang.txt
/Users/rl-14/Desktop/Celine-Thesis/all-data-reordered/all/Balak: Hapo.txt
/Users/rl-14/Desktop/Celine-Thesis/all-data-reordered/all/Balak: Heyometriya sa hunahuna.txt
/Users/rl-14/Desktop/Celine-Thesis/all-data-reordered/all/Balak: Higala sa kanunay.txt
/Users/rl-14/Desktop/Celine-Thesis/all-data-reordered/all/Balak: Idlas nga gugma (Alang kang Gingging).txt
/Users/rl-14/Desktop/Celine-Thesis/all-data-reordered/all/Balak: Katunhayan.txt
/Users/rl-14/Desktop/Celine-Thesis/all-data-reordered/all/Balak: Kon did-an tika.txt
/Users/rl-14/Desktop/Celine-Thesis/all-data-reordered/all/Balak: Lab tests sa UC-Med, hala!.txt
/Users/rl-14/Desktop/Celine-Thesis/all-data-reordered/all/Balak: Libreng edukasyon.txt
/Users/rl-14/Desktop/Celine-Thesis/all-data-reordered/all/Balak: Monyeka.txt
/Users/rl-14/Desktop/Celine-Thesis/all-data-reordered/all/Balak: Mosuway kog suwat og balak nga sureyalismo.txt
/Users/rl-14/Desktop/Celine-Thesis/all-data-reordered/all/Balak: Pagmata buta.txt
/Users/rl-14/Desktop/Celine-Thesis/all-data-reordered/all/Balak: Pangutana.txt
/Users/rl-14/Desktop/Celine-Thesis/all-data-reordered/all/Balak: Paraiso sa imong tunob (Alang kang Ma’am Gingging Campaña).txt
/Users/rl-14/Desktop/Celine-Thesis/all-data-reordered/all/Balak: Pit Senyor Santo Nino! .txt
/Users/rl-14/Desktop/Celine-Thesis/all-data-reordered/all/Balak: Sa Gabiing Naningog Ang Mga Gangis.txt
/Users/rl-14/Desktop/Celine-Thesis/all-data-reordered/all/Balak: Sa ward M11.txt
/Users/rl-14/Desktop/Celine-Thesis/all-data-reordered/all/Balak: Sinulog nga gisaulog.txt
/Users/rl-14/Desktop/Celine-Thesis/all-data-reordered/all/Balak: Walay gilay-on (Alang kang Ton Daposala).txt
/Users/rl-14/Desktop/Celine-Thesis/all-data-reordered/all/Balak: Walay tingog.txt
/Users/rl-14/Desktop/Celine-Thesis/all-data-reordered/all/Balaod sa solid waste ipausab.txt
/Users/rl-14/Desktop/Celine-Thesis/all-data-reordered/all/Balaodnon sa Philippine Mental Health Act of 2017 ipalabang ni Hontiveros.txt
/Users/rl-14/Desktop/Celine-Thesis/all-data-reordered/all/Balaud kinahanglan patas nga ipatuman.txt
/Users/rl-14/Desktop/Celine-Thesis/all-data-reordered/all/Balaud sa Mega Cebu gilaumang maaprobahan.txt
/Users/rl-14/Desktop/Celine-Thesis/all-data-reordered/all/Balaud sunda sa kampanya batok drugas: Palma.txt
/Users/rl-14/Desktop/Celine-Thesis/all-data-reordered/all/Balaudnon 'hulga sa nasod'.txt
/Users/rl-14/Desktop/Celine-Thesis/all-data-reordered/all/Balay alang sa ekonomikanhong pamuyo.txt
/Users/rl-14/Desktop/Celine-Thesis/all-data-reordered/all/Balay gilamoy sa kalayo.txt
/Users/rl-14/Desktop/Celine-Thesis/all-data-reordered/all/Balay nasunog, P400K danyos.txt
/Users/rl-14/Desktop/Celine-Thesis/all-data-reordered/all/Balay ni Boniel gisiksik.txt
/Users/rl-14/Desktop/Celine-Thesis/all-data-reordered/all/Balay ni Nobleza gironda .txt
/Users/rl-14/Desktop/Celine-Thesis/all-data-reordered/all/Balay sa doktora gilamoy sa kalayo.txt
/Users/rl-14/Desktop/Celine-Thesis/all-data-reordered/all/Balay sa Jail Guard giransak Pusil, cash ug camera nakuha.txt
/Users/rl-14/Desktop/Celine-Thesis/all-data-reordered/all/Balay sa mga matud pa pamilyang barangan sa Surigao City, gilabayan og granada.txt
/Users/rl-14/Desktop/Celine-Thesis/all-data-reordered/all/Balay sa negosyante nasunog .txt
/Users/rl-14/Desktop/Celine-Thesis/all-data-reordered/all/Balay,nasunog sa CdeO.txt
/Users/rl-14/Desktop/Celine-Thesis/all-data-reordered/all/Baldwin kontento sa Gilas.txt
/Users/rl-14/Desktop/Celine-Thesis/all-data-reordered/all/Baldwin maoy bag-ong coach sa Blue Eagles.txt
/Users/rl-14/Desktop/Celine-Thesis/all-data-reordered/all/Baldwin mas mopalabi pa sa Gilas kay sa NBA.txt
/Users/rl-14/Desktop/Celine-Thesis/all-data-reordered/all/Baldwin mipasabot sa ilang desisyon.txt
/Users/rl-14/Desktop/Celine-Thesis/all-data-reordered/all/Baldwin misalig sa bag-ong Gilas.txt
/Users/rl-14/Desktop/Celine-Thesis/all-data-reordered/all/Baldwin nalipay sa pagbalik ni Fajardo.txt
/Users/rl-14/Desktop/Celine-Thesis/all-data-reordered/all/Baldwin nangulo World Hoops Clinic sa Davao.txt
/Users/rl-14/Desktop/Celine-Thesis/all-data-reordered/all/Baldwin pabiling coach sa Gilas.txt
/Users/rl-14/Desktop/Celine-Thesis/all-data-reordered/all/Baldwin saludo sa gipakita ni Abueva.txt
/Users/rl-14/Desktop/Celine-Thesis/all-data-reordered/all/Baldwin wa mosalig sa kahuyang sa bracket.txt
/Users/rl-14/Desktop/Celine-Thesis/all-data-reordered/all/Baldwin, Narvasa wa magkabingkil.txt
/Users/rl-14/Desktop/Celine-Thesis/all-data-reordered/all/Baligya sa SRP bakwion.txt
/Users/rl-14/Desktop/Celine-Thesis/all-data-reordered/all/Balikbayan sugaton og Sinulog festive mood sa MCIA.txt
/Users/rl-14/Desktop/Celine-Thesis/all-data-reordered/all/Balo napalitan og shabu.txt
/Users/rl-14/Desktop/Celine-Thesis/all-data-reordered/all/Balucos: Ang manok, ang martial law, ug si Poldo (Ikaduha sa duha ka guwa).txt
/Users/rl-14/Desktop/Celine-Thesis/all-data-reordered/all/Balucos: Ang manok, ang martial law, ug si Poldo.txt
/Users/rl-14/Desktop/Celine-Thesis/all-data-reordered/all/Balulang modepensa sa titulo .txt
/Users/rl-14/Desktop/Celine-Thesis/all-data-reordered/all/Balulang, Kauswagan abante na.txt
/Users/rl-14/Desktop/Celine-Thesis/all-data-reordered/all/Balut ice cream?.txt
/Users/rl-14/Desktop/Celine-Thesis/all-data-reordered/all/Balyan.txt
/Users/rl-14/Desktop/Celine-Thesis/all-data-reordered/all/Bambi mohatag og reward sa kapolisan.txt
/Users/rl-14/Desktop/Celine-Thesis/all-data-reordered/all/Ban sa ilimnong makahubog sud sa 300 metros gikan sa rota sa Sinulog malampuson.txt
/Users/rl-14/Desktop/Celine-Thesis/all-data-reordered/all/Bana 'mipusil' sa mayor.txt
/Users/rl-14/Desktop/Celine-Thesis/all-data-reordered/all/Bana gipapriso sa kaipon .txt
/Users/rl-14/Desktop/Celine-Thesis/all-data-reordered/all/Bana mikihag online libel sa iyang misis.txt
/Users/rl-14/Desktop/Celine-Thesis/all-data-reordered/all/Bana nag-dota giluba sa misis.txt
/Users/rl-14/Desktop/Celine-Thesis/all-data-reordered/all/Bana naghikog human gikalalis ang iyang asawa.txt
/Users/rl-14/Desktop/Celine-Thesis/all-data-reordered/all/Bana naghikog kay kwarta pangpalit og TV gigasto.txt
/Users/rl-14/Desktop/Celine-Thesis/all-data-reordered/all/Bana naghikog tungod sa problema.txt
/Users/rl-14/Desktop/Celine-Thesis/all-data-reordered/all/Bana nga masakiton naghikog .txt
/Users/rl-14/Desktop/Celine-Thesis/all-data-reordered/all/Bana sa kapitan gipusil, patay.txt
/Users/rl-14/Desktop/Celine-Thesis/all-data-reordered/all/Bana sabog, mipatay sa iyang asawa.txt
/Users/rl-14/Desktop/Celine-Thesis/all-data-reordered/all/Bana, asawa gipatay sa sindikato sa druga?.txt
/Users/rl-14/Desktop/Celine-Thesis/all-data-reordered/all/Bana, naghikog-patay tungod sa pagbiya sa iyang kapikas sa CdeO.txt
/Users/rl-14/Desktop/Celine-Thesis/all-data-reordered/all/Bana, uyab nasakpan nga misud sa motel, gipadakop.txt
/Users/rl-14/Desktop/Celine-Thesis/all-data-reordered/all/Banal sa No.1.txt
/Users/rl-14/Desktop/Celine-Thesis/all-data-reordered/all/Bandera sa Pilipinas nabali pagbutang.txt
/Users/rl-14/Desktop/Celine-Thesis/all-data-reordered/all/Banderitas kontrolahon.txt
/Users/rl-14/Desktop/Celine-Thesis/all-data-reordered/all/Bandido gilutos sa kapulisan.txt
/Users/rl-14/Desktop/Celine-Thesis/all-data-reordered/all/Bangga sa Alegria; 7 tipi.txt
/Users/rl-14/Desktop/Celine-Thesis/all-data-reordered/all/Bangis nga nakabawos.txt
/Users/rl-14/Desktop/Celine-Thesis/all-data-reordered/all/Bangis nga panimalos.txt
/Users/rl-14/Desktop/Celine-Thesis/all-data-reordered/all/Bangis sa game one.txt
/Users/rl-14/Desktop/Celine-Thesis/all-data-reordered/all/Bangka nalunod; 2 patay, 3 missing.txt
/Users/rl-14/Desktop/Celine-Thesis/all-data-reordered/all/Bangka tikyaob sa Leyte.txt
/Users/rl-14/Desktop/Celine-Thesis/all-data-reordered/all/Bangsamoro Basic Law, federalism gilauman nga mapasar.txt
/Users/rl-14/Desktop/Celine-Thesis/all-data-reordered/all/Bankal NHS benepisaryo sa tabang gikan sa Cobra Ironman 70.3 Philippines.txt
/Users/rl-14/Desktop/Celine-Thesis/all-data-reordered/all/Bansalan trail sa Mt. Apo abrihan na?.txt
/Users/rl-14/Desktop/Celine-Thesis/all-data-reordered/all/Bansayon alang sa pag-amuma sa herbal.txt
/Users/rl-14/Desktop/Celine-Thesis/all-data-reordered/all/Bantawan fun run himoon sa Pardo karong Sabado.txt
/Users/rl-14/Desktop/Celine-Thesis/all-data-reordered/all/Bañoc: Alternative truth ni PNoy.txt
/Users/rl-14/Desktop/Celine-Thesis/all-data-reordered/all/Bañoc: Dahong papel.txt
/Users/rl-14/Desktop/Celine-Thesis/all-data-reordered/all/Bañoc: Hudas, Pilato ug PNoy.txt
/Users/rl-14/Desktop/Celine-Thesis/all-data-reordered/all/Bañoc: IEC 2016.txt
/Users/rl-14/Desktop/Celine-Thesis/all-data-reordered/all/Bañoc: Imbestigasyon sa UN?.txt
/Users/rl-14/Desktop/Celine-Thesis/all-data-reordered/all/Bañoc: Kataposang SONA.txt
/Users/rl-14/Desktop/Celine-Thesis/all-data-reordered/all/Bañoc: Kiat gihapong gagmay.txt
/Users/rl-14/Desktop/Celine-Thesis/all-data-reordered/all/Bañoc: Kisaw na ang kampanya.txt
/Users/rl-14/Desktop/Celine-Thesis/all-data-reordered/all/Bañoc: Labing unang Sona ni Duterte.txt
/Users/rl-14/Desktop/Celine-Thesis/all-data-reordered/all/Bañoc: Malipayon ang atong Pasko.txt
/Users/rl-14/Desktop/Celine-Thesis/all-data-reordered/all/Bañoc: Massacre sa Huwebes Santo.txt
/Users/rl-14/Desktop/Celine-Thesis/all-data-reordered/all/Bañoc: Nag-overloading ang  Nirvana?.txt
/Users/rl-14/Desktop/Celine-Thesis/all-data-reordered/all/Bañoc: Nagpakamatay o gipatay?.txt
/Users/rl-14/Desktop/Celine-Thesis/all-data-reordered/all/Bañoc: Nganong gibuhian ang mga consul?.txt
/Users/rl-14/Desktop/Celine-Thesis/all-data-reordered/all/Bañoc: Paglaom sa bag-ong tuig 2016.txt
/Users/rl-14/Desktop/Celine-Thesis/all-data-reordered/all/Bañoc: Pagsabot ni PNoy.txt
/Users/rl-14/Desktop/Celine-Thesis/all-data-reordered/all/Bañoc: Pagsanta sa pinalitay sa boto.txt
/Users/rl-14/Desktop/Celine-Thesis/all-data-reordered/all/Bañoc: Pamilya ug pulitika.txt
/Users/rl-14/Desktop/Celine-Thesis/all-data-reordered/all/Bañoc: Panagmal sa tinun-an.txt
/Users/rl-14/Desktop/Celine-Thesis/all-data-reordered/all/Bañoc: Same sex marriage.txt
/Users/rl-14/Desktop/Celine-Thesis/all-data-reordered/all/Bañoc: Semana sa Kampanya.txt
/Users/rl-14/Desktop/Celine-Thesis/all-data-reordered/all/Bañoc: ‘Mayor muna ang mauna...’.txt
/Users/rl-14/Desktop/Celine-Thesis/all-data-reordered/all/Barako 3-0 na; gipildi ang TnT.txt
/Users/rl-14/Desktop/Celine-Thesis/all-data-reordered/all/Barako Bull posibli ibaligya sunod tuig.txt
/Users/rl-14/Desktop/Celine-Thesis/all-data-reordered/all/Barako misungay sa Painters.txt
/Users/rl-14/Desktop/Celine-Thesis/all-data-reordered/all/Barako nalit-ag sa Batang Pier, 105-91.txt
/Users/rl-14/Desktop/Celine-Thesis/all-data-reordered/all/Barangay 23 drug free na  .txt
/Users/rl-14/Desktop/Celine-Thesis/all-data-reordered/all/Barangay 31 gipasagdan sa dakbayan?.txt
/Users/rl-14/Desktop/Celine-Thesis/all-data-reordered/all/Barangay di mahimo makamugna og buhatan sa traffic.txt
/Users/rl-14/Desktop/Celine-Thesis/all-data-reordered/all/Barangay Eleksyon i-uswag?.txt
/Users/rl-14/Desktop/Celine-Thesis/all-data-reordered/all/Barangay Ginebra gilatigo sa Aces.txt
/Users/rl-14/Desktop/Celine-Thesis/all-data-reordered/all/Barangay giulan og ice, nag-trending sa social media .txt
/Users/rl-14/Desktop/Celine-Thesis/all-data-reordered/all/Barangay hall sa Ibo giinagurahan 2 ka tuig human maugdaw sa sunog.txt
/Users/rl-14/Desktop/Celine-Thesis/all-data-reordered/all/Barangay Impact Management mitapos sa tutorial sessions.txt
/Users/rl-14/Desktop/Celine-Thesis/all-data-reordered/all/Barangay inventory team ipatukod.txt
/Users/rl-14/Desktop/Celine-Thesis/all-data-reordered/all/Barangay Kagawad og usa pa patay sa gipatuman nga search warrant.txt
/Users/rl-14/Desktop/Celine-Thesis/all-data-reordered/all/Barangay kapitan mipalag.txt
/Users/rl-14/Desktop/Celine-Thesis/all-data-reordered/all/Barangay kapitan suspensuhon .txt
/Users/rl-14/Desktop/Celine-Thesis/all-data-reordered/all/Barangay kapitan: PDEA nabuta .txt
/Users/rl-14/Desktop/Celine-Thesis/all-data-reordered/all/Barangay konsehal nasikop sa buy-bust.txt
/Users/rl-14/Desktop/Celine-Thesis/all-data-reordered/all/Barangay konsehal nasikop.txt
/Users/rl-14/Desktop/Celine-Thesis/all-data-reordered/all/Barangay opisyal nga naduhig sa ilegal buhat di pabotohan.txt
/Users/rl-14/Desktop/Celine-Thesis/all-data-reordered/all/Barangay sa Asturias gilangaw.txt
/Users/rl-14/Desktop/Celine-Thesis/all-data-reordered/all/Barangay tanod sikop sa drug bust.txt
/Users/rl-14/Desktop/Celine-Thesis/all-data-reordered/all/Barangay Tanud nga nagdala ug armas atol sa New Year gipasakaan na ug kaso.txt
/Users/rl-14/Desktop/Celine-Thesis/all-data-reordered/all/Barangay ug SK elections mahinayon karong Mayo 14.txt
/Users/rl-14/Desktop/Celine-Thesis/all-data-reordered/all/Barangay ug SK elections, mahinayon karong Mayo.txt
/Users/rl-14/Desktop/Celine-Thesis/all-data-reordered/all/Barangay ug SK eleksyon gisibog sa Oktubre .txt
/Users/rl-14/Desktop/Celine-Thesis/all-data-reordered/all/Barangay, DENR gi-snub?.txt
/Users/rl-14/Desktop/Celine-Thesis/all-data-reordered/all/Barangay, SK elections gisibog na sab ngadto sa Oktubre 8.txt
/Users/rl-14/Desktop/Celine-Thesis/all-data-reordered/all/Barbero dakpan sa buy bust, giingong batos sa drug lord.txt
/Users/rl-14/Desktop/Celine-Thesis/all-data-reordered/all/Barbie Forteza mihatag og hint sa break-up.txt
/Users/rl-14/Desktop/Celine-Thesis/all-data-reordered/all/Barbie ug Kiko: Right love at the wrong time.txt
/Users/rl-14/Desktop/Celine-Thesis/all-data-reordered/all/Barge, fastcraft nagbangga.txt
/Users/rl-14/Desktop/Celine-Thesis/all-data-reordered/all/Barili buot magtukod og laing ospital.txt
/Users/rl-14/Desktop/Celine-Thesis/all-data-reordered/all/Barili Mayor’s Cup sportsfest sugdan na.txt
/Users/rl-14/Desktop/Celine-Thesis/all-data-reordered/all/Barkley milaban ni Kobe.txt
/Users/rl-14/Desktop/Celine-Thesis/all-data-reordered/all/Barko nga nasangad midaot sa sanctuary.txt
/Users/rl-14/Desktop/Celine-Thesis/all-data-reordered/all/Barko nga puno og grabas gipa-hold sa MGB .txt
/Users/rl-14/Desktop/Celine-Thesis/all-data-reordered/all/Barkong langyaw mosalmot sa fluvial sa Sinulog.txt
/Users/rl-14/Desktop/Celine-Thesis/all-data-reordered/all/Barkong nasangad, dili una makabiyahe.txt
/Users/rl-14/Desktop/Celine-Thesis/all-data-reordered/all/Barkong natikyaob sa Malabuyoc gibantayan.txt
/Users/rl-14/Desktop/Celine-Thesis/all-data-reordered/all/Barok luwason.txt
/Users/rl-14/Desktop/Celine-Thesis/all-data-reordered/all/Barok makauban ang mama sa Pasko.txt
/Users/rl-14/Desktop/Celine-Thesis/all-data-reordered/all/Barok posible may kontak sa CPDRC: Davide.txt
/Users/rl-14/Desktop/Celine-Thesis/all-data-reordered/all/Baron di mahitsura ang nawong.txt
/Users/rl-14/Desktop/Celine-Thesis/all-data-reordered/all/Baron gitawag si Ping nga ‘rapist’.txt
/Users/rl-14/Desktop/Celine-Thesis/all-data-reordered/all/Baron limpyo sa ilegal nga droga.txt
/Users/rl-14/Desktop/Celine-Thesis/all-data-reordered/all/Baron nangayo og pasaylo  SunStar.txt
/Users/rl-14/Desktop/Celine-Thesis/all-data-reordered/all/Baron nangayo og pasaylo.txt
/Users/rl-14/Desktop/Celine-Thesis/all-data-reordered/all/Barrio Fiesta sa London.txt
/Users/rl-14/Desktop/Celine-Thesis/all-data-reordered/all/Barrita: 10 Commandments gamiton sa pagpili?.txt
/Users/rl-14/Desktop/Celine-Thesis/all-data-reordered/all/Barrita: Abu Sayyaf kilawong buhi .txt
/Users/rl-14/Desktop/Celine-Thesis/all-data-reordered/all/Barrita: Aguinaldo Doctrine angay nang wagtangon?.txt
/Users/rl-14/Desktop/Celine-Thesis/all-data-reordered/all/Barrita: Aguinaldo doctrine.txt
/Users/rl-14/Desktop/Celine-Thesis/all-data-reordered/all/Barrita: Allowance sa tanod kansehalon?.txt
/Users/rl-14/Desktop/Celine-Thesis/all-data-reordered/all/Barrita: Ang paghilak ni Bato.txt
/Users/rl-14/Desktop/Celine-Thesis/all-data-reordered/all/Barrita: Anti-Dynasty Law.txt
/Users/rl-14/Desktop/Celine-Thesis/all-data-reordered/all/Barrita: Ayaw pagtanom og ebidensiya.txt
/Users/rl-14/Desktop/Celine-Thesis/all-data-reordered/all/Barrita: Bag-ong ospital alang sa mga kabus.txt
/Users/rl-14/Desktop/Celine-Thesis/all-data-reordered/all/Barrita: Balaod alang sa mga batig nawong?.txt
/Users/rl-14/Desktop/Celine-Thesis/all-data-reordered/all/Barrita: Barok mahadlok nga mamatay?.txt
/Users/rl-14/Desktop/Celine-Thesis/all-data-reordered/all/Barrita: BBL gigarantiya ang kalinaw sa Mindanao.txt
/Users/rl-14/Desktop/Celine-Thesis/all-data-reordered/all/Barrita: Binilyon nga halin sa SRP.txt
/Users/rl-14/Desktop/Celine-Thesis/all-data-reordered/all/Barrita: Birada ni Duterte sa US personal lang.txt
/Users/rl-14/Desktop/Celine-Thesis/all-data-reordered/all/Barrita: Check and balance ug TRO for sale?.txt
/Users/rl-14/Desktop/Celine-Thesis/all-data-reordered/all/Barrita: Chinese connection.txt
/Users/rl-14/Desktop/Celine-Thesis/all-data-reordered/all/Barrita: Citizenship ni Poe kuwestiyonable pa?.txt
/Users/rl-14/Desktop/Celine-Thesis/all-data-reordered/all/Barrita: Counterflow ngadto sa junction box.txt
/Users/rl-14/Desktop/Celine-Thesis/all-data-reordered/all/Barrita: Deadline sa war on drugs .txt
/Users/rl-14/Desktop/Celine-Thesis/all-data-reordered/all/Barrita: Di mosuporta sa kampanya batok druga?.txt
/Users/rl-14/Desktop/Celine-Thesis/all-data-reordered/all/Barrita: Di na mamalikas si Pres. Duterte?.txt
/Users/rl-14/Desktop/Celine-Thesis/all-data-reordered/all/Barrita: Dili mahurot og patay ang tanan?.txt
/Users/rl-14/Desktop/Celine-Thesis/all-data-reordered/all/Barrita: Doleout pa more.txt
/Users/rl-14/Desktop/Celine-Thesis/all-data-reordered/all/Barrita: Drug test sa mga piniriso?.txt
/Users/rl-14/Desktop/Celine-Thesis/all-data-reordered/all/Barrita: Drugas, bag-ong matang sa kaulipnan.txt
/Users/rl-14/Desktop/Celine-Thesis/all-data-reordered/all/Barrita: Duna bay immunity from suit ang Bise Pres.?.txt
/Users/rl-14/Desktop/Celine-Thesis/all-data-reordered/all/Barrita: Dunay negusyo sa drugas sud sa CPDRC?.txt
/Users/rl-14/Desktop/Celine-Thesis/all-data-reordered/all/Barrita: Duterte di diay makigbuwag sa US.txt
/Users/rl-14/Desktop/Celine-Thesis/all-data-reordered/all/Barrita: Duterte di killer, pero mangunay og patay.txt
/Users/rl-14/Desktop/Celine-Thesis/all-data-reordered/all/Barrita: Duterte di na kapugngan?.txt
/Users/rl-14/Desktop/Celine-Thesis/all-data-reordered/all/Barrita: Duterte patyunon sa mga druglord.txt
/Users/rl-14/Desktop/Celine-Thesis/all-data-reordered/all/Barrita: Duterte, Poe pabor sa death penalty.txt
/Users/rl-14/Desktop/Celine-Thesis/all-data-reordered/all/Barrita: Duterte, usa ka diktador?.txt
/Users/rl-14/Desktop/Celine-Thesis/all-data-reordered/all/Barrita: Eleksyon sa barangay, SK madayon na gyud?.txt
/Users/rl-14/Desktop/Celine-Thesis/all-data-reordered/all/Barrita: Federal-presidential system.txt
/Users/rl-14/Desktop/Celine-Thesis/all-data-reordered/all/Barrita: Filipino citizens.txt
/Users/rl-14/Desktop/Celine-Thesis/all-data-reordered/all/Barrita: Goliat, Balingit ug Max Surban.txt
/Users/rl-14/Desktop/Celine-Thesis/all-data-reordered/all/Barrita: Good news, bad news.txt
/Users/rl-14/Desktop/Celine-Thesis/all-data-reordered/all/Barrita: Goodbye, habal-habal.txt
/Users/rl-14/Desktop/Celine-Thesis/all-data-reordered/all/Barrita: Goodbye, Mayor Duterte.txt
/Users/rl-14/Desktop/Celine-Thesis/all-data-reordered/all/Barrita: Grab ug sexual harassment.txt
/Users/rl-14/Desktop/Celine-Thesis/all-data-reordered/all/Barrita: Gubat batok sa illegal nga drugas nagsugod na? .txt
/Users/rl-14/Desktop/Celine-Thesis/all-data-reordered/all/Barrita: Habal-habal himuon nang legal?.txt
/Users/rl-14/Desktop/Celine-Thesis/all-data-reordered/all/Barrita: Hagit ni de Lima; magpadakop na lang.txt
/Users/rl-14/Desktop/Celine-Thesis/all-data-reordered/all/Barrita: Higala sa tanan.txt
/Users/rl-14/Desktop/Celine-Thesis/all-data-reordered/all/BARRITA: Imperial Manila nawani sa bar exams.txt
/Users/rl-14/Desktop/Celine-Thesis/all-data-reordered/all/Barrita: Joke only.txt
/Users/rl-14/Desktop/Celine-Thesis/all-data-reordered/all/Barrita: Judicial ug extrajudicial killing.txt
/Users/rl-14/Desktop/Celine-Thesis/all-data-reordered/all/Barrita: Kabalaka sa martial law.txt
/Users/rl-14/Desktop/Celine-Thesis/all-data-reordered/all/Barrita: Kahimtang ni Senador Poe.txt
/Users/rl-14/Desktop/Celine-Thesis/all-data-reordered/all/Barrita: Kamingaw ni Pres. Duterte.txt
/Users/rl-14/Desktop/Celine-Thesis/all-data-reordered/all/Barrita: Katapusang away ni Manny Pacquiao.txt
/Users/rl-14/Desktop/Celine-Thesis/all-data-reordered/all/Barrita: Kaugmaon sa syudad sa Sugbo.txt
/Users/rl-14/Desktop/Celine-Thesis/all-data-reordered/all/Barrita: Kausaban sa gobyerno.txt
/Users/rl-14/Desktop/Celine-Thesis/all-data-reordered/all/Barrita: Kinsay amahan sa monster?.txt
/Users/rl-14/Desktop/Celine-Thesis/all-data-reordered/all/Barrita: Kinsay di makasugal sa casino?.txt
/Users/rl-14/Desktop/Celine-Thesis/all-data-reordered/all/Barrita: Kuwang og P1,000 sa kasong plunder?.txt
/Users/rl-14/Desktop/Celine-Thesis/all-data-reordered/all/Barrita: Lapu-lapu, nasudnong bayani.txt
/Users/rl-14/Desktop/Celine-Thesis/all-data-reordered/all/Barrita: Libreng venue sa ika-51 nga IEC.txt
/Users/rl-14/Desktop/Celine-Thesis/all-data-reordered/all/Barrita: Lima ka mga heneral.txt
/Users/rl-14/Desktop/Celine-Thesis/all-data-reordered/all/Barrita: Liquor ban sa Sinulog?.txt
/Users/rl-14/Desktop/Celine-Thesis/all-data-reordered/all/Barrita: Mahadlok sa mga multo sa Palasyo?.txt
/Users/rl-14/Desktop/Celine-Thesis/all-data-reordered/all/Barrita: Malipayong Bag-ong Tuig!.txt
/Users/rl-14/Desktop/Celine-Thesis/all-data-reordered/all/Barrita: Managlahing baruganan sa citizenship ni Senador Poe.txt
/Users/rl-14/Desktop/Celine-Thesis/all-data-reordered/all/Barrita: Mapalagpot ba sa Ombud ang usa ka kongresista?.txt
/Users/rl-14/Desktop/Celine-Thesis/all-data-reordered/all/Barrita: Mar Roxas.txt
/Users/rl-14/Desktop/Celine-Thesis/all-data-reordered/all/Barrita: Mas maayong buhi ang suspetsado.txt
/Users/rl-14/Desktop/Celine-Thesis/all-data-reordered/all/Barrita: Mga bag-ong balaod.txt
/Users/rl-14/Desktop/Celine-Thesis/all-data-reordered/all/Barrita: Mga kapitan, di carnapper.txt
/Users/rl-14/Desktop/Celine-Thesis/all-data-reordered/all/Barrita: Mga political dynasties ubos sa pederalismo.txt
/Users/rl-14/Desktop/Celine-Thesis/all-data-reordered/all/Barrita: Mopanday sa bag-ong Constitution.txt
/Users/rl-14/Desktop/Celine-Thesis/all-data-reordered/all/Barrita: Nag-jeep na lang si Rama.txt
/Users/rl-14/Desktop/Celine-Thesis/all-data-reordered/all/Barrita: Nakalas sa gubat sa kontra drugas.txt
/Users/rl-14/Desktop/Celine-Thesis/all-data-reordered/all/Barrita: Napriso sa utang?.txt
/Users/rl-14/Desktop/Celine-Thesis/all-data-reordered/all/Barrita: Narco-mayors.txt
/Users/rl-14/Desktop/Celine-Thesis/all-data-reordered/all/Barrita: Nganong  gitandi si Digong ni Hitler?.txt
/Users/rl-14/Desktop/Celine-Thesis/all-data-reordered/all/Barrita: No-el sa Mayo 9?.txt
/Users/rl-14/Desktop/Celine-Thesis/all-data-reordered/all/Barrita: Osmeña nagbinastos sa facebook?.txt
/Users/rl-14/Desktop/Celine-Thesis/all-data-reordered/all/Barrita: P1 billion alang kang Duterte.txt
/Users/rl-14/Desktop/Celine-Thesis/all-data-reordered/all/Barrita: Pacquiao mobiya sa politika?.txt
/Users/rl-14/Desktop/Celine-Thesis/all-data-reordered/all/Barrita: Pacquiao-Bradley fight di isalida tungod sa Fair Election Act?.txt
/Users/rl-14/Desktop/Celine-Thesis/all-data-reordered/all/Barrita: Pagbalikas ni Duterte sa Pope.txt
/Users/rl-14/Desktop/Celine-Thesis/all-data-reordered/all/Barrita: Pagbanhig ni Atty. John Ungab.txt
/Users/rl-14/Desktop/Celine-Thesis/all-data-reordered/all/Barrita: Paglutos sa nag-counterflow.txt
/Users/rl-14/Desktop/Celine-Thesis/all-data-reordered/all/Barrita: Pagpahunong sa Korte Suprema sa paglubong ni Marcos.txt
/Users/rl-14/Desktop/Celine-Thesis/all-data-reordered/all/Barrita: Pagsulbong sa budget sa BRT.txt
/Users/rl-14/Desktop/Celine-Thesis/all-data-reordered/all/Barrita: Panagtagbo nila ni Lim ug Duterte.txt
/Users/rl-14/Desktop/Celine-Thesis/all-data-reordered/all/Barrita: Panginabuhi nga hanap.txt
/Users/rl-14/Desktop/Celine-Thesis/all-data-reordered/all/Barrita: Panglawas sa kandidato.txt
/Users/rl-14/Desktop/Celine-Thesis/all-data-reordered/all/Barrita: Papel sa Senado sa Con-Ass.txt
/Users/rl-14/Desktop/Celine-Thesis/all-data-reordered/all/Barrita: Perjury.txt
/Users/rl-14/Desktop/Celine-Thesis/all-data-reordered/all/Barrita: Pinoy, malipayon ka ba?.txt
/Users/rl-14/Desktop/Celine-Thesis/all-data-reordered/all/Barrita: Poe, ang balikbayan.txt
/Users/rl-14/Desktop/Celine-Thesis/all-data-reordered/all/Barrita: Presyo sa patay nga kriminal.txt
/Users/rl-14/Desktop/Celine-Thesis/all-data-reordered/all/Barrita: Rama-Osmeña rematch.txt
/Users/rl-14/Desktop/Celine-Thesis/all-data-reordered/all/Barrita: Revolutionary government.txt
/Users/rl-14/Desktop/Celine-Thesis/all-data-reordered/all/Barrita: Risgo sa propesyong legal.txt
/Users/rl-14/Desktop/Celine-Thesis/all-data-reordered/all/Barrita: Same-sex marriage madayon na?.txt
/Users/rl-14/Desktop/Celine-Thesis/all-data-reordered/all/Barrita: Sekretong prisohan.txt
/Users/rl-14/Desktop/Celine-Thesis/all-data-reordered/all/Barrita: Separation of church and state.txt
/Users/rl-14/Desktop/Celine-Thesis/all-data-reordered/all/Barrita: Service fee sa hotel, restaurant.txt
/Users/rl-14/Desktop/Celine-Thesis/all-data-reordered/all/Barrita: Shabu nibarato?.txt
/Users/rl-14/Desktop/Celine-Thesis/all-data-reordered/all/Barrita: Sinulog magpadayon, ‘rain or shine’.txt
/Users/rl-14/Desktop/Celine-Thesis/all-data-reordered/all/Barrita: Sumasakay ‘naligsan’ sa TRAIN?.txt
/Users/rl-14/Desktop/Celine-Thesis/all-data-reordered/all/Barrita: Sunog sa mga tag-as nga building.txt
/Users/rl-14/Desktop/Celine-Thesis/all-data-reordered/all/Barrita: Termino sa presidente ug bise presidente.txt
/Users/rl-14/Desktop/Celine-Thesis/all-data-reordered/all/Barrita: Treasure hunting.txt
/Users/rl-14/Desktop/Celine-Thesis/all-data-reordered/all/Barrita: Tuig sa Earth Dog.txt
/Users/rl-14/Desktop/Celine-Thesis/all-data-reordered/all/Barrita: Umento sa funeral benefits.txt
/Users/rl-14/Desktop/Celine-Thesis/all-data-reordered/all/Barrita: Unang presidente nga boxer?.txt
/Users/rl-14/Desktop/Celine-Thesis/all-data-reordered/all/Barrita: Unhappy marriage.txt
/Users/rl-14/Desktop/Celine-Thesis/all-data-reordered/all/Barrita: Vidal, umaabot nga santos?.txt
/Users/rl-14/Desktop/Celine-Thesis/all-data-reordered/all/Barrita: Wa nay balikas si Presidente Digong.txt
/Users/rl-14/Desktop/Celine-Thesis/all-data-reordered/all/Barrita: Wa nay Pinoy nga pobre sa 2040?.txt
/Users/rl-14/Desktop/Celine-Thesis/all-data-reordered/all/Barrita: Warning sa Ginoo.txt
/Users/rl-14/Desktop/Celine-Thesis/all-data-reordered/all/Barrita: Warning sa mga spoiled brats.txt
/Users/rl-14/Desktop/Celine-Thesis/all-data-reordered/all/Barrita: Way atrasay’.txt
/Users/rl-14/Desktop/Celine-Thesis/all-data-reordered/all/Barrita: Way ‘quickie’ sa divorce bill.txt
/Users/rl-14/Desktop/Celine-Thesis/all-data-reordered/all/Barrita: Writ of habeas corpus.txt
/Users/rl-14/Desktop/Celine-Thesis/all-data-reordered/all/Barrita: ‘Change is coming,’ ihatag ang sukli.txt
/Users/rl-14/Desktop/Celine-Thesis/all-data-reordered/all/Barrita: ‘Here comes the bribe’.txt
/Users/rl-14/Desktop/Celine-Thesis/all-data-reordered/all/Barrita: ‘House of Pork’.txt
/Users/rl-14/Desktop/Celine-Thesis/all-data-reordered/all/Barrita: ‘Mr. Palengke’ gibanhaw ni Roxas?.txt
/Users/rl-14/Desktop/Celine-Thesis/all-data-reordered/all/Barrita: ‘No work, no pay’ sa mga kongresista? .txt
/Users/rl-14/Desktop/Celine-Thesis/all-data-reordered/all/Base Line Center gitukod.txt
/Users/rl-14/Desktop/Celine-Thesis/all-data-reordered/all/Bashers ni Angel, giyawyawan ni Neil.txt
/Users/rl-14/Desktop/Celine-Thesis/all-data-reordered/all/Basil: 2 ka aktres nota ang paboritong topic.txt
/Users/rl-14/Desktop/Celine-Thesis/all-data-reordered/all/Basil: 2 ka Pinay midaug sa Mrs. Asia International 2016.txt
/Users/rl-14/Desktop/Celine-Thesis/all-data-reordered/all/Basil: `Mano Po’ mobalik sa MMFF .txt
/Users/rl-14/Desktop/Celine-Thesis/all-data-reordered/all/Basil: Anak ni Jolina ug Mark nga si Pele may raket na.txt
/Users/rl-14/Desktop/Celine-Thesis/all-data-reordered/all/Basil: Atong ilailahon ang batang bida sa “My Dear Heart”.txt
/Users/rl-14/Desktop/Celine-Thesis/all-data-reordered/all/Basil: Awra puwedeng mamahimong sikat nga komedyante.txt
/Users/rl-14/Desktop/Celine-Thesis/all-data-reordered/all/Basil: Bag-ong female singer gipailaila.txt
/Users/rl-14/Desktop/Celine-Thesis/all-data-reordered/all/Basil: Batang sidekick ni Coco misikat na.txt
/Users/rl-14/Desktop/Celine-Thesis/all-data-reordered/all/Basil: Beach wedding maoy gusto ni Kathyrn.txt
/Users/rl-14/Desktop/Celine-Thesis/all-data-reordered/all/Basil: China nagpaabot sa “sorry” ni Paolo.txt
/Users/rl-14/Desktop/Celine-Thesis/all-data-reordered/all/Basil: Concert ni Sam magbaha sa Hunks.txt
/Users/rl-14/Desktop/Celine-Thesis/all-data-reordered/all/Basil: Drama ni Jonalyn basin matinuod.txt
/Users/rl-14/Desktop/Celine-Thesis/all-data-reordered/all/Basil: Ejay Falcon, gikuhag balik sa Psalmstre.txt
/Users/rl-14/Desktop/Celine-Thesis/all-data-reordered/all/Basil: Ejay pabilin loyal sa tawo nga unang nakadiskubre kaniya.txt
/Users/rl-14/Desktop/Celine-Thesis/all-data-reordered/all/Basil: Eksena nga di makalimtan sa KathNiel sa ‘Pangako Sa ‘Yo’.txt
/Users/rl-14/Desktop/Celine-Thesis/all-data-reordered/all/Basil: Enchong Dee, paboritong Host Sa Star Awards.txt
/Users/rl-14/Desktop/Celine-Thesis/all-data-reordered/all/Basil: Fernando Alvarez naa na sa Manila.txt
/Users/rl-14/Desktop/Celine-Thesis/all-data-reordered/all/Basil: Four ‘yes’ alang ni Niel Murillo.txt
/Users/rl-14/Desktop/Celine-Thesis/all-data-reordered/all/Basil: Grand winner sa Your ‘Press’ Sounds Familiar.txt
/Users/rl-14/Desktop/Celine-Thesis/all-data-reordered/all/Basil: Haya ni Kuya Germs gihugpaan sa mga celebrity.txt
/Users/rl-14/Desktop/Celine-Thesis/all-data-reordered/all/Basil: Jana Agoncillo bisan dili bida, way reklamo.txt
/Users/rl-14/Desktop/Celine-Thesis/all-data-reordered/all/Basil: Janella, shocked pa sa pagkamatay sa iyang bestie.txt
/Users/rl-14/Desktop/Celine-Thesis/all-data-reordered/all/Basil: Jiro mag-shooting dayon human sa iyang pagpa-rehab.txt
/Users/rl-14/Desktop/Celine-Thesis/all-data-reordered/all/Basil: Joshua ug Coach Lea parehong napaluhod sa stage.txt
/Users/rl-14/Desktop/Celine-Thesis/all-data-reordered/all/Basil: Julia Barretto, way anggulong ngil-ad.txt
/Users/rl-14/Desktop/Celine-Thesis/all-data-reordered/all/Basil: Kanta ni Kim Chiu gihimong joke ni YayaDub.txt
/Users/rl-14/Desktop/Celine-Thesis/all-data-reordered/all/Basil: Karylle dedma sa pagpakasal ni ZsaZsa?.txt
/Users/rl-14/Desktop/Celine-Thesis/all-data-reordered/all/Basil: Kon ma-evict si Barbie, bromance sa PBB magpista.txt
/Users/rl-14/Desktop/Celine-Thesis/all-data-reordered/all/Basil: Kris Aquino bongga jud magregalo.txt
/Users/rl-14/Desktop/Celine-Thesis/all-data-reordered/all/Basil: Labing unang concert ni Alden, successful.txt
/Users/rl-14/Desktop/Celine-Thesis/all-data-reordered/all/Basil: Martyle next YFSF Season 2 winner?.txt
/Users/rl-14/Desktop/Celine-Thesis/all-data-reordered/all/Basil: Maye Tongco pakaslan og usab sa iyang bana.txt
/Users/rl-14/Desktop/Celine-Thesis/all-data-reordered/all/Basil: Melai mas effective sa comedy kaysa drama.txt
/Users/rl-14/Desktop/Celine-Thesis/all-data-reordered/all/Basil: Mga anak ni Ina, way hilig sa showbiz.txt
/Users/rl-14/Desktop/Celine-Thesis/all-data-reordered/all/Basil: Mga kontra ni Annabelle Rama gipang-demalas.txt
/Users/rl-14/Desktop/Celine-Thesis/all-data-reordered/all/Basil: Mga tunob ni Anne Curtis gisundan ni Maja.txt
/Users/rl-14/Desktop/Celine-Thesis/all-data-reordered/all/Basil: Midagsa ang bookings sa ‘Playgirls’ human sa ilang pag igwad-igwad.txt
/Users/rl-14/Desktop/Celine-Thesis/all-data-reordered/all/Basil: Movie reporter nasaypang driver ni Sen. Delima.txt
/Users/rl-14/Desktop/Celine-Thesis/all-data-reordered/all/Basil: Ms. Pastillas Girl, naughty girl na?.txt
/Users/rl-14/Desktop/Celine-Thesis/all-data-reordered/all/Basil: Mystica nagdangoyngoy og hilak.txt
/Users/rl-14/Desktop/Celine-Thesis/all-data-reordered/all/Basil: No to VP: Vilma Santos.txt
/Users/rl-14/Desktop/Celine-Thesis/all-data-reordered/all/Basil: Nude pic gikataw-an lang ni Martin Del Rosario.txt
/Users/rl-14/Desktop/Celine-Thesis/all-data-reordered/all/Basil: Ogie over-staying isip OPM pres..txt
/Users/rl-14/Desktop/Celine-Thesis/all-data-reordered/all/Basil: Osang mobayad og P1 Million sa `Born For You’.txt
/Users/rl-14/Desktop/Celine-Thesis/all-data-reordered/all/Basil: Pabebe official video ni Vice Ganda 4.4M views sa Youtube.txt
/Users/rl-14/Desktop/Celine-Thesis/all-data-reordered/all/Basil: Para kang Rodjun, Dianne, kasal jud una.txt
/Users/rl-14/Desktop/Celine-Thesis/all-data-reordered/all/Basil: Pauleen Luna - Sotto mabdos .txt
/Users/rl-14/Desktop/Celine-Thesis/all-data-reordered/all/Basil: Pelikula nila Jinggoy ug Maja, mokita kaha? .txt
/Users/rl-14/Desktop/Celine-Thesis/all-data-reordered/all/Basil: Pokwang hapit malumos, giluwas sa ‘anghel’.txt
/Users/rl-14/Desktop/Celine-Thesis/all-data-reordered/all/Basil: Rhia of Playgirls nagsabak.txt
/Users/rl-14/Desktop/Celine-Thesis/all-data-reordered/all/Basil: Robin Padilla hulipan ni Cesar Montano sa ‘Nilalang’.txt
/Users/rl-14/Desktop/Celine-Thesis/all-data-reordered/all/Basil: Rosanna Roces milaban ni Direk Cathy.txt
/Users/rl-14/Desktop/Celine-Thesis/all-data-reordered/all/Basil: Sa pagsud sa Banana Split, Jessy miagig pagsuway.txt
/Users/rl-14/Desktop/Celine-Thesis/all-data-reordered/all/Basil: Sam Milby pabiling Kapamilya.txt
/Users/rl-14/Desktop/Celine-Thesis/all-data-reordered/all/Basil: Sex appetite sa usa ka aktres mogana kon palibutan og scented candles.txt
/Users/rl-14/Desktop/Celine-Thesis/all-data-reordered/all/Basil: Sheryl Cruz wa palayasa sa balay ni Grace sa US.txt
/Users/rl-14/Desktop/Celine-Thesis/all-data-reordered/all/Basil: Stephany, wala na mangandoy og korona.txt
/Users/rl-14/Desktop/Celine-Thesis/all-data-reordered/all/Basil: Superhero ang tawag ni Coco kang FPJ.txt
/Users/rl-14/Desktop/Celine-Thesis/all-data-reordered/all/Basil: Taliwala sa kasakit ni Sunshine, grasya mibubo kaniya.txt
/Users/rl-14/Desktop/Celine-Thesis/all-data-reordered/all/Basil: Title sa concert ni Charice, naka-intriga.txt
/Users/rl-14/Desktop/Celine-Thesis/all-data-reordered/all/Basil: Toni wa kaha uyoni, gihulipan ni KC sa Bb. Pilipinas .txt
/Users/rl-14/Desktop/Celine-Thesis/all-data-reordered/all/Basil: Vasia, dili ganahan ipublikar ang kasal.txt
/Users/rl-14/Desktop/Celine-Thesis/all-data-reordered/all/Basil: Viral ang video ni Gerald Anderson sa bayot.txt
/Users/rl-14/Desktop/Celine-Thesis/all-data-reordered/all/Basil: Wala mag-uli sila si Sam ug Jasmine.txt
/Users/rl-14/Desktop/Celine-Thesis/all-data-reordered/all/Basil: Wala sa original cast.txt
/Users/rl-14/Desktop/Celine-Thesis/all-data-reordered/all/Basil: Walang Tulugan... mag-babu na sa GMA-7 .txt
/Users/rl-14/Desktop/Celine-Thesis/all-data-reordered/all/Basil: Way higala nga miduaw ni Mark Anthony.txt
/Users/rl-14/Desktop/Celine-Thesis/all-data-reordered/all/Basil: Yogo Singh, never nakipag-video chat.txt
/Users/rl-14/Desktop/Celine-Thesis/all-data-reordered/all/Basil: ‘Be My Lady’ ipagawas sa Kazakhstan ug Myanmar.txt
/Users/rl-14/Desktop/Celine-Thesis/all-data-reordered/all/Basil: ‘Bubog’ mag-premiere showing sa Davao City.txt
/Users/rl-14/Desktop/Celine-Thesis/all-data-reordered/all/Basil: ‘Pasion De Amor’ never pang gipatawag sa MTRCB.txt
/Users/rl-14/Desktop/Celine-Thesis/all-data-reordered/all/Basilio Pandan nanghawod.txt
/Users/rl-14/Desktop/Celine-Thesis/all-data-reordered/all/Basirgo nanghunaw nganong di sila ang mipasakag kaso ni Patiño.txt
/Users/rl-14/Desktop/Celine-Thesis/all-data-reordered/all/Basketball clinic gipahigayon sa CP.txt
/Users/rl-14/Desktop/Celine-Thesis/all-data-reordered/all/Baste Duterte taken na!.txt
/Users/rl-14/Desktop/Celine-Thesis/all-data-reordered/all/Baste Duterte ug Kate uyab gihapon.txt
/Users/rl-14/Desktop/Celine-Thesis/all-data-reordered/all/Baste Duterte, gi-indorso ni Vice Mayor Al-ag isip hulip sa iyang gibiyaang pwesto sa konseho.txt
/Users/rl-14/Desktop/Celine-Thesis/all-data-reordered/all/Baste gipapauli ni Duterte.txt
/Users/rl-14/Desktop/Celine-Thesis/all-data-reordered/all/Baste miingon nga faithful pero dili loyal.txt
/Users/rl-14/Desktop/Celine-Thesis/all-data-reordered/all/Basura himuong kuryente.txt
/Users/rl-14/Desktop/Celine-Thesis/all-data-reordered/all/Basura nga gibahig, di kolektahon: Tomas .txt
/Users/rl-14/Desktop/Celine-Thesis/all-data-reordered/all/Basura Run sa 20 ka mga lugar.txt
/Users/rl-14/Desktop/Celine-Thesis/all-data-reordered/all/Basura sa transfer station nagtipun-og, nangalisbo.txt
/Users/rl-14/Desktop/Celine-Thesis/all-data-reordered/all/Basurahan kabahin sa burial permit.txt
/Users/rl-14/Desktop/Celine-Thesis/all-data-reordered/all/Bata batok Tanio.txt
/Users/rl-14/Desktop/Celine-Thesis/all-data-reordered/all/Bata gibilin sa likod sa multicab  .txt
/Users/rl-14/Desktop/Celine-Thesis/all-data-reordered/all/Bata gisagpa-sagpa sa amahan  .txt
/Users/rl-14/Desktop/Celine-Thesis/all-data-reordered/all/Bata gusto nga mag-pulis.txt
/Users/rl-14/Desktop/Celine-Thesis/all-data-reordered/all/Bata ihulog unta sa tulay; Inahan nadakpan.txt
/Users/rl-14/Desktop/Celine-Thesis/all-data-reordered/all/Bata mitudlo og leksyon kang Dokloy.txt
/Users/rl-14/Desktop/Celine-Thesis/all-data-reordered/all/Bata moduwa'g balik sa SEA Games.txt
/Users/rl-14/Desktop/Celine-Thesis/all-data-reordered/all/Bata naatrasan sa boom truck sa Talisay City, patay.txt
/Users/rl-14/Desktop/Celine-Thesis/all-data-reordered/all/Bata nagdula'g kalayo hinungdan sa sunog.txt
/Users/rl-14/Desktop/Celine-Thesis/all-data-reordered/all/Bata nga gipatay gilubong.txt
/Users/rl-14/Desktop/Celine-Thesis/all-data-reordered/all/Bata nga missing wala makita .txt
/Users/rl-14/Desktop/Celine-Thesis/all-data-reordered/all/Bata nga naanod sa baha nakit-an na.txt
/Users/rl-14/Desktop/Celine-Thesis/all-data-reordered/all/Bata Reyes moretiro na.txt
/Users/rl-14/Desktop/Celine-Thesis/all-data-reordered/all/Bata Reyes, Bustamante makapataas sa moral ni Centeno sa SEA Games.txt
/Users/rl-14/Desktop/Celine-Thesis/all-data-reordered/all/Bata vs. Refulle karong gabii.txt
/Users/rl-14/Desktop/Celine-Thesis/all-data-reordered/all/Bata, 2, namatay sa kulata, bun-og.txt
/Users/rl-14/Desktop/Celine-Thesis/all-data-reordered/all/Bata, nalumos-patay sa swimming pool sa Surigao City.txt
/Users/rl-14/Desktop/Celine-Thesis/all-data-reordered/all/Bata-bata ni Jaguar mitago og 3 ka tuig, nadakpan gyud.txt
/Users/rl-14/Desktop/Celine-Thesis/all-data-reordered/all/Batan-on batok beterano sa MisOr Rapid Chess .txt
/Users/rl-14/Desktop/Celine-Thesis/all-data-reordered/all/Batan-on gi-hit & run, patay.txt
/Users/rl-14/Desktop/Celine-Thesis/all-data-reordered/all/Batan-on nabanggaan, patay.txt
/Users/rl-14/Desktop/Celine-Thesis/all-data-reordered/all/Batan-on patay sa bangga .txt
/Users/rl-14/Desktop/Celine-Thesis/all-data-reordered/all/Batan-on,naghikog-patay sa CdeO.txt
/Users/rl-14/Desktop/Celine-Thesis/all-data-reordered/all/Batan-ong babaye napalgan sa kasagbutan.txt
/Users/rl-14/Desktop/Celine-Thesis/all-data-reordered/all/Batan-ong Gilas gold ang tirada sa SEAG.txt
/Users/rl-14/Desktop/Celine-Thesis/all-data-reordered/all/Batan.on gipanaog sa rela kay tambok.txt
/Users/rl-14/Desktop/Celine-Thesis/all-data-reordered/all/Batang babae nga gipatay sa Tagum city, gilubong na; hustisya, gisinggit sa pamilya.txt
/Users/rl-14/Desktop/Celine-Thesis/all-data-reordered/all/Batang Gilas hari sa Seaba under-16.txt
/Users/rl-14/Desktop/Celine-Thesis/all-data-reordered/all/Batang Pier batok Beermen.txt
/Users/rl-14/Desktop/Celine-Thesis/all-data-reordered/all/Batang Pier gikulata sa Alaska Aces.txt
/Users/rl-14/Desktop/Celine-Thesis/all-data-reordered/all/Batang Pier gimasaker sa Hotshots, 126-73.txt
/Users/rl-14/Desktop/Celine-Thesis/all-data-reordered/all/Batang Pier mangita og dugang puwersa.txt
/Users/rl-14/Desktop/Celine-Thesis/all-data-reordered/all/Batang Pier mga bata pa: Blakely.txt
/Users/rl-14/Desktop/Celine-Thesis/all-data-reordered/all/Batang Pier mitampisaw sa Blackwater.txt
/Users/rl-14/Desktop/Celine-Thesis/all-data-reordered/all/Batang Pier nasanta.txt
/Users/rl-14/Desktop/Celine-Thesis/all-data-reordered/all/Batang Pier vs. Beer.txt
/Users/rl-14/Desktop/Celine-Thesis/all-data-reordered/all/Batch  nakaduhaan sa   SunStar.txt
/Users/rl-14/Desktop/Celine-Thesis/all-data-reordered/all/Batch 94 nakaduhaan sa 95.txt
/Users/rl-14/Desktop/Celine-Thesis/all-data-reordered/all/Baterna nakabulsa na og bulawan.txt
/Users/rl-14/Desktop/Celine-Thesis/all-data-reordered/all/Bathalad Cebu convention sa Enero 28.txt
/Users/rl-14/Desktop/Celine-Thesis/all-data-reordered/all/Bathalad miila sa nagpaluyo sa convention.txt
/Users/rl-14/Desktop/Celine-Thesis/all-data-reordered/all/Bathalad Sugbo Convention karon.txt
/Users/rl-14/Desktop/Celine-Thesis/all-data-reordered/all/Batid sa HK bahin sa polyusyon mitambag pag-ilis sa jeepneys.txt
/Users/rl-14/Desktop/Celine-Thesis/all-data-reordered/all/Battle of Mactan himuong holiday.txt
/Users/rl-14/Desktop/Celine-Thesis/all-data-reordered/all/Batucan nakuha ang Shell seniors title.txt
/Users/rl-14/Desktop/Celine-Thesis/all-data-reordered/all/Batum laing problema sa RP Gilas batok France.txt
/Users/rl-14/Desktop/Celine-Thesis/all-data-reordered/all/Bawion sa mga piniriso  ang P250 T nga nasakmit.txt
/Users/rl-14/Desktop/Celine-Thesis/all-data-reordered/all/Bawod mipakgang sa Aquaman.txt
/Users/rl-14/Desktop/Celine-Thesis/all-data-reordered/all/Bay daplin sa sapa idili.txt
/Users/rl-14/Desktop/Celine-Thesis/all-data-reordered/all/Bayabas nipakurat paglangkat sa titulo.txt
/Users/rl-14/Desktop/Celine-Thesis/all-data-reordered/all/Bayad gipugngan sa COA.txt
/Users/rl-14/Desktop/Celine-Thesis/all-data-reordered/all/Bayad sa sinehan, PPV mosaka.txt
/Users/rl-14/Desktop/Celine-Thesis/all-data-reordered/all/Bayle.txt
/Users/rl-14/Desktop/Celine-Thesis/all-data-reordered/all/Bayless maoy referee.txt
/Users/rl-14/Desktop/Celine-Thesis/all-data-reordered/all/Bayong-bayong patay human nalumos sa fish pond sa Butuan City.txt
/Users/rl-14/Desktop/Celine-Thesis/all-data-reordered/all/Bayot gidunggab kay sige'g panguot.txt
/Users/rl-14/Desktop/Celine-Thesis/all-data-reordered/all/Bayot gitipi sulod sa lodge .txt
/Users/rl-14/Desktop/Celine-Thesis/all-data-reordered/all/Bayot namuyboy, gipusil sa uyab.txt
/Users/rl-14/Desktop/Celine-Thesis/all-data-reordered/all/Bayot nga makig-sex unta sikop.txt
/Users/rl-14/Desktop/Celine-Thesis/all-data-reordered/all/Bayot nga nagpa-cute gikulata.txt
/Users/rl-14/Desktop/Celine-Thesis/all-data-reordered/all/Bayot sa Quiot gikulata, operahanan.txt
/Users/rl-14/Desktop/Celine-Thesis/all-data-reordered/all/Bayugan City Mayor’s Cup himuong tinuig.txt
/Users/rl-14/Desktop/Celine-Thesis/all-data-reordered/all/Bayugan gusto nga mo-host sa PCCL.txt
/Users/rl-14/Desktop/Celine-Thesis/all-data-reordered/all/BB Gandanghari opisyal na nga babae.txt
/Users/rl-14/Desktop/Celine-Thesis/all-data-reordered/all/BB Gandanghari proud sa iyang pagkababae.txt
/Users/rl-14/Desktop/Celine-Thesis/all-data-reordered/all/BCBP mopahigayog 'Be Honest Run'.txt
/Users/rl-14/Desktop/Celine-Thesis/all-data-reordered/all/Bday gift ni Arocha.txt
/Users/rl-14/Desktop/Celine-Thesis/all-data-reordered/all/BDO branch pasirad-an ni Osmeña?.txt
/Users/rl-14/Desktop/Celine-Thesis/all-data-reordered/all/BDO Credit card giisnab ni Osmeña.txt
/Users/rl-14/Desktop/Celine-Thesis/all-data-reordered/all/BDO nangandam aron serbisyo padayon.txt
/Users/rl-14/Desktop/Celine-Thesis/all-data-reordered/all/BDO pasirhan kon dili mo-renew sa business permit.txt
/Users/rl-14/Desktop/Celine-Thesis/all-data-reordered/all/BDO-Magallanes pasirad-an.txt
/Users/rl-14/Desktop/Celine-Thesis/all-data-reordered/all/Bea mapasigarbuhon sa iyang kaugalingong balay.txt
/Users/rl-14/Desktop/Celine-Thesis/all-data-reordered/all/Bea never itago si Gerald.txt
/Users/rl-14/Desktop/Celine-Thesis/all-data-reordered/all/Bea ug Gerald dili pa uyab.txt
/Users/rl-14/Desktop/Celine-Thesis/all-data-reordered/all/Bea ug Ian Veneracion mag-partner sa serye.txt
/Users/rl-14/Desktop/Celine-Thesis/all-data-reordered/all/Bea ug Zanjoe nagbalik? .txt
/Users/rl-14/Desktop/Celine-Thesis/all-data-reordered/all/Beauché operation mas gipalambo sa Globe Business .txt
/Users/rl-14/Desktop/Celine-Thesis/all-data-reordered/all/Beautician giihaw  .txt
/Users/rl-14/Desktop/Celine-Thesis/all-data-reordered/all/Beautician gipusil, patay.txt
/Users/rl-14/Desktop/Celine-Thesis/all-data-reordered/all/Beauty Gonzalez inspirasyon sa mga mommy!.txt
/Users/rl-14/Desktop/Celine-Thesis/all-data-reordered/all/Beauty nagpreparar na sa iyang kasal.txt
/Users/rl-14/Desktop/Celine-Thesis/all-data-reordered/all/Beauty queen mihilak atubangan sa media.txt
/Users/rl-14/Desktop/Celine-Thesis/all-data-reordered/all/Beauty way planong magpakasal.txt
/Users/rl-14/Desktop/Celine-Thesis/all-data-reordered/all/Beer batok Hotshots.txt
/Users/rl-14/Desktop/Celine-Thesis/all-data-reordered/all/Beer inilog bisa'g unsa'y makontra.txt
/Users/rl-14/Desktop/Celine-Thesis/all-data-reordered/all/Beer kontra Gin.txt
/Users/rl-14/Desktop/Celine-Thesis/all-data-reordered/all/Beer, Gin mag-unay.txt
/Users/rl-14/Desktop/Celine-Thesis/all-data-reordered/all/Beer, Gin sa finals series .txt
/Users/rl-14/Desktop/Celine-Thesis/all-data-reordered/all/Beer, Gins magtiwas.txt
/Users/rl-14/Desktop/Celine-Thesis/all-data-reordered/all/Beer, Star mobuak sa tabla.txt
/Users/rl-14/Desktop/Celine-Thesis/all-data-reordered/all/Beer-Gin finals sugdan.txt
/Users/rl-14/Desktop/Celine-Thesis/all-data-reordered/all/Beer-Gins semis sugdan na.txt
/Users/rl-14/Desktop/Celine-Thesis/all-data-reordered/all/Beerman kampiyon!.txt
/Users/rl-14/Desktop/Celine-Thesis/all-data-reordered/all/Beermen 2-0 ang tuyo.txt
/Users/rl-14/Desktop/Celine-Thesis/all-data-reordered/all/Beermen 2-1 na.txt
/Users/rl-14/Desktop/Celine-Thesis/all-data-reordered/all/Beermen batok Katropa.txt
/Users/rl-14/Desktop/Celine-Thesis/all-data-reordered/all/Beermen di andam.txt
/Users/rl-14/Desktop/Celine-Thesis/all-data-reordered/all/Beermen dili molugak.txt
/Users/rl-14/Desktop/Celine-Thesis/all-data-reordered/all/Beermen gipaburan.txt
/Users/rl-14/Desktop/Celine-Thesis/all-data-reordered/all/Beermen makigbatok Bolts.txt
/Users/rl-14/Desktop/Celine-Thesis/all-data-reordered/all/Beermen makighinubganay sa Gin Kings.txt
/Users/rl-14/Desktop/Celine-Thesis/all-data-reordered/all/Beermen miabante sa semis.txt
/Users/rl-14/Desktop/Celine-Thesis/all-data-reordered/all/Beermen nag-ampo nga adunay ‘milagro’.txt
/Users/rl-14/Desktop/Celine-Thesis/all-data-reordered/all/Beermen nahuwasan, mibawos sa Game 2.txt
/Users/rl-14/Desktop/Celine-Thesis/all-data-reordered/all/Beermen nakatabla.txt
/Users/rl-14/Desktop/Celine-Thesis/all-data-reordered/all/Beermen nangandam nang daan sa Painters.txt
/Users/rl-14/Desktop/Celine-Thesis/all-data-reordered/all/Beermen nasubhan og dakong kadaugan batok sa Elite.txt
/Users/rl-14/Desktop/Celine-Thesis/all-data-reordered/all/Beermen v.s. Ginebra sa Coliseum gikanselar.txt
/Users/rl-14/Desktop/Celine-Thesis/all-data-reordered/all/Beermen wala maghunahuna og laing Grandslam trophy sa PBA.txt
/Users/rl-14/Desktop/Celine-Thesis/all-data-reordered/all/Beermen, 2-1.txt
/Users/rl-14/Desktop/Celine-Thesis/all-data-reordered/all/Beermen, Aces magkombati na sab.txt
/Users/rl-14/Desktop/Celine-Thesis/all-data-reordered/all/Beermen, Aces magtiwas karong gabii.txt
/Users/rl-14/Desktop/Celine-Thesis/all-data-reordered/all/Beermen, Gin Kings nakasulod sa semi-finals.txt
/Users/rl-14/Desktop/Celine-Thesis/all-data-reordered/all/Beermen, Hotshots sud sa semi-finals.txt
/Users/rl-14/Desktop/Celine-Thesis/all-data-reordered/all/Bela dream role ang journalist.txt
/Users/rl-14/Desktop/Celine-Thesis/all-data-reordered/all/Bela enjoy sa bag-ong movie.txt
/Users/rl-14/Desktop/Celine-Thesis/all-data-reordered/all/Bela nakahilak sa pagkamatay ni Carmen sa ‘Ang Probinsyano’.txt
/Users/rl-14/Desktop/Celine-Thesis/all-data-reordered/all/Belga andam mobalhin.txt
/Users/rl-14/Desktop/Celine-Thesis/all-data-reordered/all/Belga malaumong di mabalhin.txt
/Users/rl-14/Desktop/Celine-Thesis/all-data-reordered/all/Belga miangkon sa sayop sa G#5.txt
/Users/rl-14/Desktop/Celine-Thesis/all-data-reordered/all/Bello gipaniguro nga makabalik ug trabaho ang tanang trabahante sa nasunog nga mall.txt
/Users/rl-14/Desktop/Celine-Thesis/all-data-reordered/all/Belmonte, Cruz gi-tokhang?.txt
/Users/rl-14/Desktop/Celine-Thesis/all-data-reordered/all/Ben pang-Gilas.txt
/Users/rl-14/Desktop/Celine-Thesis/all-data-reordered/all/Bench gi-kondenar.txt
/Users/rl-14/Desktop/Celine-Thesis/all-data-reordered/all/Bench, 39 retail brands modawat og GCash .txt
/Users/rl-14/Desktop/Celine-Thesis/all-data-reordered/all/Benefit concert alang sa music icon sa Sugbo.txt
/Users/rl-14/Desktop/Celine-Thesis/all-data-reordered/all/Benepisaryo sa SGP-PA migraduwar sa C.N.U..txt
/Users/rl-14/Desktop/Celine-Thesis/all-data-reordered/all/Benepisyaryo sa 4Ps naa sa listahan gipatay.txt
/Users/rl-14/Desktop/Celine-Thesis/all-data-reordered/all/Benjamin ug Julie Ann seryosohan na.txt
/Users/rl-14/Desktop/Celine-Thesis/all-data-reordered/all/Beristain misempatiya ni Manny pero nagtuo nga Floyd Jr. modaog.txt
/Users/rl-14/Desktop/Celine-Thesis/all-data-reordered/all/Bernabe kinahangla’ng naa’y ikapamatuod.txt
/Users/rl-14/Desktop/Celine-Thesis/all-data-reordered/all/Berto masaligon, Floyd Jr. mapildi.txt
/Users/rl-14/Desktop/Celine-Thesis/all-data-reordered/all/Berto masaligon.txt
/Users/rl-14/Desktop/Celine-Thesis/all-data-reordered/all/Besi-mayor sa Buenavista, Agusan del Norte, milingkod na isip acting mayor hulip sa suspendidong mayor.txt
/Users/rl-14/Desktop/Celine-Thesis/all-data-reordered/all/Best actress role ni Irma, unang gi-offer kang Nora.txt
/Users/rl-14/Desktop/Celine-Thesis/all-data-reordered/all/Best performance, kusog og determinasyon, bawon sa kada-ugan ni Lance Busa sa Bolt of Talent sa Malaysia.txt
/Users/rl-14/Desktop/Celine-Thesis/all-data-reordered/all/Best Team pormahon.txt
/Users/rl-14/Desktop/Celine-Thesis/all-data-reordered/all/Bestida Lubi de Medina .txt
/Users/rl-14/Desktop/Celine-Thesis/all-data-reordered/all/Beteranong Canaleta mipasiga sa Meralco Bolts batok Blackwater.txt
/Users/rl-14/Desktop/Celine-Thesis/all-data-reordered/all/Bettina dunay cancer?.txt
/Users/rl-14/Desktop/Celine-Thesis/all-data-reordered/all/BF ni Arci, deadma sa iyang pagpaseksi.txt
/Users/rl-14/Desktop/Celine-Thesis/all-data-reordered/all/BFAR miwarning sa publiko sa di una pagkaon og kinhason.txt
/Users/rl-14/Desktop/Celine-Thesis/all-data-reordered/all/BFP 7 giawhag sa pagsusi sa buildings.txt
/Users/rl-14/Desktop/Celine-Thesis/all-data-reordered/all/BFP 7 gipaubos sa drug test .txt
/Users/rl-14/Desktop/Celine-Thesis/all-data-reordered/all/BFP Davao pahugtan ang inspection sa mga establisament samtang nagpadayon ang renewal ug aplikasyon sa mga business permits.txt
/Users/rl-14/Desktop/Celine-Thesis/all-data-reordered/all/BFP GenSan, Nakanha-ay na ang mga aktibidad alang sa kasaulogan sa Fire Prevention Month 2018.txt
/Users/rl-14/Desktop/Celine-Thesis/all-data-reordered/all/BFP makadawat ug bag-ong sakyanan gikan sa Japan.txt
/Users/rl-14/Desktop/Celine-Thesis/all-data-reordered/all/BFP misusi sa baligya nga mga Christmas lights  .txt
/Users/rl-14/Desktop/Celine-Thesis/all-data-reordered/all/BFP nagpahimangno ning bulan sa fire prevention.txt
/Users/rl-14/Desktop/Celine-Thesis/all-data-reordered/all/BFP padayong nagpahimangno alang sa adlaw sa Pasko.txt
/Users/rl-14/Desktop/Celine-Thesis/all-data-reordered/all/BFP sa syudad ug tibuok rehiyon, gitambagan nga magbaton ug breathing apparatus.txt
/Users/rl-14/Desktop/Celine-Thesis/all-data-reordered/all/BFP, blanko pa sa hinungdan sa sunog sa Brgy Puntod.txt
/Users/rl-14/Desktop/Celine-Thesis/all-data-reordered/all/BFP, padayong mo-imbestigar sa ngilngig nga sunog sa Brgy Puntod ning syudad.txt
/Users/rl-14/Desktop/Celine-Thesis/all-data-reordered/all/BFP-GenSan, may bag-ong labaw na!.txt
/Users/rl-14/Desktop/Celine-Thesis/all-data-reordered/all/BFP: 10% building sa Davao way fire exit.txt
/Users/rl-14/Desktop/Celine-Thesis/all-data-reordered/all/BFP: Kaluwasan di ikambiyo sa baratong Christmas lights .txt
/Users/rl-14/Desktop/Celine-Thesis/all-data-reordered/all/BFP:’Defective electric wiring,gisusi re:5 tawo patay sa CdeO’.txt
/Users/rl-14/Desktop/Celine-Thesis/all-data-reordered/all/BFP:”900 ka business firms,nakasupak sa bdlg code sa CdeO”.txt
/Users/rl-14/Desktop/Celine-Thesis/all-data-reordered/all/Biado naghari sa Sinulog 9-ball.txt
/Users/rl-14/Desktop/Celine-Thesis/all-data-reordered/all/Biado naka-gold sa 9-Ball billiard; Syquia mihawod sa showjumping.txt
/Users/rl-14/Desktop/Celine-Thesis/all-data-reordered/all/Biado nanghawod sa Indonesia 10-Ball Open.txt
/Users/rl-14/Desktop/Celine-Thesis/all-data-reordered/all/Biado otomatikong sud sa World Chinese 8-Ball.txt
/Users/rl-14/Desktop/Celine-Thesis/all-data-reordered/all/Biado sulod sa Top 16 sa Sinulog 9-Ball.txt
/Users/rl-14/Desktop/Celine-Thesis/all-data-reordered/all/Biado, Kiamco nakabawi sa World Cup of Pool ‘15.txt
/Users/rl-14/Desktop/Celine-Thesis/all-data-reordered/all/Bianca and Miguel, Love is in the Air.txt
/Users/rl-14/Desktop/Celine-Thesis/all-data-reordered/all/Bianca emosyonal madumdoman ang amahan .txt
/Users/rl-14/Desktop/Celine-Thesis/all-data-reordered/all/Bianca gibatikos sa ‘no make-up’ post.txt
/Users/rl-14/Desktop/Celine-Thesis/all-data-reordered/all/Bianca giresbakan ang basher sa iyang baby.txt
/Users/rl-14/Desktop/Celine-Thesis/all-data-reordered/all/Bianca happy nga daghan suko kaniya.txt
/Users/rl-14/Desktop/Celine-Thesis/all-data-reordered/all/Bianca mas nalipay sa basher.txt
/Users/rl-14/Desktop/Celine-Thesis/all-data-reordered/all/Bianca misaulog sa iyang birthday uban sa mga bata sa World Vision.txt
/Users/rl-14/Desktop/Celine-Thesis/all-data-reordered/all/Bianca nakadayeg na ni Duterte?.txt
/Users/rl-14/Desktop/Celine-Thesis/all-data-reordered/all/Bianca ready na magpakasal?  .txt
/Users/rl-14/Desktop/Celine-Thesis/all-data-reordered/all/Bianca Umali ug Miguel Tanfelix, dugay nang damgo ang ‘Mulawin v.s. Ravena’.txt
/Users/rl-14/Desktop/Celine-Thesis/all-data-reordered/all/Bibliya, rosaryo dalahon sa Oplan Tokhang .txt
/Users/rl-14/Desktop/Celine-Thesis/all-data-reordered/all/Bibliya, rosaryohan hayan gamiton.txt
/Users/rl-14/Desktop/Celine-Thesis/all-data-reordered/all/Bida sa Videokehan audition.txt
/Users/rl-14/Desktop/Celine-Thesis/all-data-reordered/all/Bidder wa ka-deliver sa 2 ka mga sea ambulances nga paliton sa Kapitolyo.txt
/Users/rl-14/Desktop/Celine-Thesis/all-data-reordered/all/Big 3 kaging .txt
/Users/rl-14/Desktop/Celine-Thesis/all-data-reordered/all/Big 3 mising pero GSW daog gihapon.txt
/Users/rl-14/Desktop/Celine-Thesis/all-data-reordered/all/Big 3 wala kapugngi.txt
/Users/rl-14/Desktop/Celine-Thesis/all-data-reordered/all/Big 4 giumol.txt
/Users/rl-14/Desktop/Celine-Thesis/all-data-reordered/all/Big Yellow malaumon nga makaumol og champion.txt
/Users/rl-14/Desktop/Celine-Thesis/all-data-reordered/all/Bigcas gitakdang mopiyansa, nag-sorry.txt
/Users/rl-14/Desktop/Celine-Thesis/all-data-reordered/all/Bigcas nani-on og polis sikop.txt
/Users/rl-14/Desktop/Celine-Thesis/all-data-reordered/all/Bigfoot gihangyo nga ang ilang dapit himuong impounding area.txt
/Users/rl-14/Desktop/Celine-Thesis/all-data-reordered/all/Bihag mihimakak nga nanion og armas.txt
/Users/rl-14/Desktop/Celine-Thesis/all-data-reordered/all/Bike ride gipahigayon.txt
/Users/rl-14/Desktop/Celine-Thesis/all-data-reordered/all/Biker nahulog sa Manipis, patay.txt
/Users/rl-14/Desktop/Celine-Thesis/all-data-reordered/all/Biktima sa pagpangdagit tabangan sa CSWD, PNP.txt
/Users/rl-14/Desktop/Celine-Thesis/all-data-reordered/all/Biktima sa Sasa Old Airport Bombing, hatagan ug paghinumdom.txt
/Users/rl-14/Desktop/Celine-Thesis/all-data-reordered/all/Bilib: Bonggang enforcer.txt
/Users/rl-14/Desktop/Celine-Thesis/all-data-reordered/all/Biliran may bag-ong obispo.txt
/Users/rl-14/Desktop/Celine-Thesis/all-data-reordered/all/Billiard kinahanglan suportahan: Biado.txt
/Users/rl-14/Desktop/Celine-Thesis/all-data-reordered/all/Billy di na buhian si Coleen.txt
/Users/rl-14/Desktop/Celine-Thesis/all-data-reordered/all/Billy dili isyu ang pagpasexy ni Coleen.txt
/Users/rl-14/Desktop/Celine-Thesis/all-data-reordered/all/Bimby film reviewer na.txt
/Users/rl-14/Desktop/Celine-Thesis/all-data-reordered/all/Binaharay  SunStar.txt
/Users/rl-14/Desktop/Celine-Thesis/all-data-reordered/all/Binaharay.txt
/Users/rl-14/Desktop/Celine-Thesis/all-data-reordered/all/Binastos gi-record.txt
/Users/rl-14/Desktop/Celine-Thesis/all-data-reordered/all/Binatilyo, na-missing human naligo og dagat atol sa pagkuso-kuso ni Agaton.txt
/Users/rl-14/Desktop/Celine-Thesis/all-data-reordered/all/Binghay: Ang tubig nga Luy-a.txt
/Users/rl-14/Desktop/Celine-Thesis/all-data-reordered/all/Binghay: Antos sa bakos.txt
/Users/rl-14/Desktop/Celine-Thesis/all-data-reordered/all/Binghay: Ayaw kumpiyansa sa tumang kainit.txt
/Users/rl-14/Desktop/Celine-Thesis/all-data-reordered/all/Binghay: Baho’g baba .txt
/Users/rl-14/Desktop/Celine-Thesis/all-data-reordered/all/Binghay: Deadma ang katapat sa itom og dila.txt
/Users/rl-14/Desktop/Celine-Thesis/all-data-reordered/all/Binghay: Gasa ni Santa Claus.txt
/Users/rl-14/Desktop/Celine-Thesis/all-data-reordered/all/Binghay: Gustong ma langit apan hadlok mamatay.txt
/Users/rl-14/Desktop/Celine-Thesis/all-data-reordered/all/Binghay: Hikay nga makabuslot sa bulsa.txt
/Users/rl-14/Desktop/Celine-Thesis/all-data-reordered/all/Binghay: Nagsakit nga relasyon.txt
/Users/rl-14/Desktop/Celine-Thesis/all-data-reordered/all/Binghay: Natural nga paanyag.txt
/Users/rl-14/Desktop/Celine-Thesis/all-data-reordered/all/Binghay: Naukay sa ‘Classic bai’ .txt
/Users/rl-14/Desktop/Celine-Thesis/all-data-reordered/all/Binghay: Pahupay sa kagutom .txt
/Users/rl-14/Desktop/Celine-Thesis/all-data-reordered/all/Binghay: Pait nga tinolang isda.txt
/Users/rl-14/Desktop/Celine-Thesis/all-data-reordered/all/Binghay: Pasagdi ang imong ginhawa.txt
/Users/rl-14/Desktop/Celine-Thesis/all-data-reordered/all/Binghay: Way batasan?.txt
/Users/rl-14/Desktop/Celine-Thesis/all-data-reordered/all/Binilanggo, naka-eskapo sa Misamis Oriental Provincial Jail.txt
/Users/rl-14/Desktop/Celine-Thesis/all-data-reordered/all/Binisaya sa Gabinete.txt
/Users/rl-14/Desktop/Celine-Thesis/all-data-reordered/all/Binukbokay karong gabii sa Balamban .txt
/Users/rl-14/Desktop/Celine-Thesis/all-data-reordered/all/Binukbokay na karong gabii!.txt
/Users/rl-14/Desktop/Celine-Thesis/all-data-reordered/all/Binukbokay na sa Dubai.txt
/Users/rl-14/Desktop/Celine-Thesis/all-data-reordered/all/Binukbokay na sa Las Vegas.txt
/Users/rl-14/Desktop/Celine-Thesis/all-data-reordered/all/Binukbokay na!.txt
/Users/rl-14/Desktop/Celine-Thesis/all-data-reordered/all/Binukbokay na.txt
/Users/rl-14/Desktop/Celine-Thesis/all-data-reordered/all/Binukbokay og insakto, pasalig nila Pacquiao, Vargas.txt
/Users/rl-14/Desktop/Celine-Thesis/all-data-reordered/all/Binukbokay sa Coliseum karong gabii.txt
/Users/rl-14/Desktop/Celine-Thesis/all-data-reordered/all/Binukbokay sa coliseum.txt
/Users/rl-14/Desktop/Celine-Thesis/all-data-reordered/all/Binukbokay sa Las Vegas.txt
/Users/rl-14/Desktop/Celine-Thesis/all-data-reordered/all/Binukbokay sa Minglanilla karon nang gabii.txt
/Users/rl-14/Desktop/Celine-Thesis/all-data-reordered/all/Binukbokay sa Sawang Calero.txt
/Users/rl-14/Desktop/Celine-Thesis/all-data-reordered/all/Bioncog Moreno miuli og dungog  SunStar.txt
/Users/rl-14/Desktop/Celine-Thesis/all-data-reordered/all/BIR, GCash milusad og balik unang e-tax filing, payment.txt
/Users/rl-14/Desktop/Celine-Thesis/all-data-reordered/all/BIR, nakab-ot ang 2017 target collection.txt
/Users/rl-14/Desktop/Celine-Thesis/all-data-reordered/all/Birhen sa Simala 'mihilak'; abogada nakasaksi sa milagro.txt
/Users/rl-14/Desktop/Celine-Thesis/all-data-reordered/all/Birhen sa Simala iprosesyon sa Cebu City; seguridad pahugtan.txt
/Users/rl-14/Desktop/Celine-Thesis/all-data-reordered/all/Birhen sa Simala mobisita sa Basilica.txt
/Users/rl-14/Desktop/Celine-Thesis/all-data-reordered/all/Birthday escapade ngadto Duka, Alibuag.txt
/Users/rl-14/Desktop/Celine-Thesis/all-data-reordered/all/Birthday Gift.txt
/Users/rl-14/Desktop/Celine-Thesis/all-data-reordered/all/Birtud Sa Mga Pulong Gahom Sa Literatura.txt
/Users/rl-14/Desktop/Celine-Thesis/all-data-reordered/all/Bisag bag-o di palupig: Aznar.txt
/Users/rl-14/Desktop/Celine-Thesis/all-data-reordered/all/Bisan asa naa’y Pinoy.txt
/Users/rl-14/Desktop/Celine-Thesis/all-data-reordered/all/Bisan gisuspenso naa gihapon sa barangay.txt
/Users/rl-14/Desktop/Celine-Thesis/all-data-reordered/all/Bisan hago, Abueva moduwa.txt
/Users/rl-14/Desktop/Celine-Thesis/all-data-reordered/all/Bisan kinsa nila: Pagara.txt
/Users/rl-14/Desktop/Celine-Thesis/all-data-reordered/all/Bisaya segurado nga masulod sa Gilas 5.0.txt
/Users/rl-14/Desktop/Celine-Thesis/all-data-reordered/all/Bisayang pelikula nabuhi sa Patay na si Hesus.txt
/Users/rl-14/Desktop/Celine-Thesis/all-data-reordered/all/Bise gobernador ug mayores sa DavSur nagpasakop na sa HNP.txt
/Users/rl-14/Desktop/Celine-Thesis/all-data-reordered/all/Bise mayor sa Dumanjug mihimakak sa alegasyon bahin sa 4Ps.txt
/Users/rl-14/Desktop/Celine-Thesis/all-data-reordered/all/Bise mayor, sakop sa PB gisuspenso resulta sa giguba nila nga balay .txt
/Users/rl-14/Desktop/Celine-Thesis/all-data-reordered/all/Bise-mayor, mga konsehal sa Mandaue gipa-drug test.txt
/Users/rl-14/Desktop/Celine-Thesis/all-data-reordered/all/Bisi nga chess.txt
/Users/rl-14/Desktop/Celine-Thesis/all-data-reordered/all/Bisita sa Kadayawan gilaumang modagsa.txt
/Users/rl-14/Desktop/Celine-Thesis/all-data-reordered/all/Bitin maoy nakaingon sa trapik sa Minglanila.txt
/Users/rl-14/Desktop/Celine-Thesis/all-data-reordered/all/Bitin nakit-an sa kisame sa balay.txt
/Users/rl-14/Desktop/Celine-Thesis/all-data-reordered/all/Biya gikan sa bodega gihimo nga compost.txt
/Users/rl-14/Desktop/Celine-Thesis/all-data-reordered/all/Biyahe sa mga barko gikansela.txt
/Users/rl-14/Desktop/Celine-Thesis/all-data-reordered/all/Biyahe.txt
/Users/rl-14/Desktop/Celine-Thesis/all-data-reordered/all/Biyudong magpari di bag-o: Palma.txt
/Users/rl-14/Desktop/Celine-Thesis/all-data-reordered/all/BJMP 7 hilom nga misusi sa pagbanhig sa jail officer.txt
/Users/rl-14/Desktop/Celine-Thesis/all-data-reordered/all/BJMP officer nga sikop,kasuhan na sa CdeO.txt
/Users/rl-14/Desktop/Celine-Thesis/all-data-reordered/all/BJMP tinguhang mapadali ilang hangyo pagbalhin sakop sa Maute.txt
/Users/rl-14/Desktop/Celine-Thesis/all-data-reordered/all/BJMP, gikakurat ang pagkasikop sa ilang kauban tungod sa droga.txt
/Users/rl-14/Desktop/Celine-Thesis/all-data-reordered/all/BJMP-10, gipasalig nga dili hataga’g special treatment si detained Architect Galua.txt
/Users/rl-14/Desktop/Celine-Thesis/all-data-reordered/all/BJMP-CdeO officer,sikop tungod sa droga.txt
/Users/rl-14/Desktop/Celine-Thesis/all-data-reordered/all/Black nasurpresa.txt
/Users/rl-14/Desktop/Celine-Thesis/all-data-reordered/all/Blackout sa San Fernando; linog sa Carcar.txt
/Users/rl-14/Desktop/Celine-Thesis/all-data-reordered/all/Blackwater Elite nakatilaw og tagam.txt
/Users/rl-14/Desktop/Celine-Thesis/all-data-reordered/all/Blackwater mag-revamp: manager.txt
/Users/rl-14/Desktop/Celine-Thesis/all-data-reordered/all/Blackwater mipakaging sa GlobalPort, 115-103.txt
/Users/rl-14/Desktop/Celine-Thesis/all-data-reordered/all/Blackwater pildi sa Rain or Shine.txt
/Users/rl-14/Desktop/Celine-Thesis/all-data-reordered/all/Blanko ang pulis sa pagpatay ni Oyao  .txt
/Users/rl-14/Desktop/Celine-Thesis/all-data-reordered/all/Blatch mobalik sa Gilas.txt
/Users/rl-14/Desktop/Celine-Thesis/all-data-reordered/all/Blatche dili na kaduwa sa Gilas?.txt
/Users/rl-14/Desktop/Celine-Thesis/all-data-reordered/all/Blatche gituohan nga modominar sa Asia.txt
/Users/rl-14/Desktop/Celine-Thesis/all-data-reordered/all/Blatche kuhao'g balik sa Gilas Pilipinas.txt
/Users/rl-14/Desktop/Celine-Thesis/all-data-reordered/all/Blatche miuli sa Amerika.txt
/Users/rl-14/Desktop/Celine-Thesis/all-data-reordered/all/Blatche mobalik sa RP 5.txt
/Users/rl-14/Desktop/Celine-Thesis/all-data-reordered/all/Blatche moduwa sa PBA?.txt
/Users/rl-14/Desktop/Celine-Thesis/all-data-reordered/all/Blatche nag-diet.txt
/Users/rl-14/Desktop/Celine-Thesis/all-data-reordered/all/Blatche padayong missing sa Gilas 5.txt
/Users/rl-14/Desktop/Celine-Thesis/all-data-reordered/all/Blatche posibling hulipan sa Gilas.txt
/Users/rl-14/Desktop/Celine-Thesis/all-data-reordered/all/Blatche sakto sa kondisyon: Baldwin.txt
/Users/rl-14/Desktop/Celine-Thesis/all-data-reordered/all/Blazers giluwas ni CJ McCollum.txt
/Users/rl-14/Desktop/Celine-Thesis/all-data-reordered/all/Blazers nakaipsot.txt
/Users/rl-14/Desktop/Celine-Thesis/all-data-reordered/all/Blocking forces batok NPA gimuntar sa DavSur.txt
/Users/rl-14/Desktop/Celine-Thesis/all-data-reordered/all/Blocktimer  ibalhin karon sa Talisay City Jail.txt
/Users/rl-14/Desktop/Celine-Thesis/all-data-reordered/all/Blood-typing sa mga kawani sa Mandaue.txt
/Users/rl-14/Desktop/Celine-Thesis/all-data-reordered/all/Blowout: Nagkahigugmaay sa unang panagkita.txt
/Users/rl-14/Desktop/Celine-Thesis/all-data-reordered/all/Blue Knight trackfest sa Davao del Norte.txt
/Users/rl-14/Desktop/Celine-Thesis/all-data-reordered/all/Blue Knights nakabuhi batok Cor Jesu.txt
/Users/rl-14/Desktop/Celine-Thesis/all-data-reordered/all/BM Labella mopadayon sa iyang trabaho.txt
/Users/rl-14/Desktop/Celine-Thesis/all-data-reordered/all/BMC mihimo og luwas nga medical oxygen.txt
/Users/rl-14/Desktop/Celine-Thesis/all-data-reordered/all/BMO nagsolicit, gamit ang seal sa Siyudad?.txt
/Users/rl-14/Desktop/Celine-Thesis/all-data-reordered/all/BMO sa Mambaling naluwas sa pirma sa pari.txt
/Users/rl-14/Desktop/Celine-Thesis/all-data-reordered/all/BMO sirhi: Garcia; Osmeña mibalibad.txt
/Users/rl-14/Desktop/Celine-Thesis/all-data-reordered/all/Boarding house biktima sa akyat bahay, tagbalay nagpakitabang.txt
/Users/rl-14/Desktop/Celine-Thesis/all-data-reordered/all/Bob Arum gitalikdan na ni Pacquiao?.txt
/Users/rl-14/Desktop/Celine-Thesis/all-data-reordered/all/BOC Davao mas midaku ang koleksyon bisan pa sa Martial law sa Mindanao.txt
/Users/rl-14/Desktop/Celine-Thesis/all-data-reordered/all/BoDs sa COWD privatization:” It’s fake news”.txt
/Users/rl-14/Desktop/Celine-Thesis/all-data-reordered/all/Bogo City gideklarar nga drug-free.txt
/Users/rl-14/Desktop/Celine-Thesis/all-data-reordered/all/Bogo CityLandmasters mipildi sa UCYayoys Grill  SunStar.txt
/Users/rl-14/Desktop/Celine-Thesis/all-data-reordered/all/Bogo mikuha og Platinum award sa DOH .txt
/Users/rl-14/Desktop/Celine-Thesis/all-data-reordered/all/Bogo nag-una sa DRRM sa rehiyon.txt
/Users/rl-14/Desktop/Celine-Thesis/all-data-reordered/all/Bohol adunay bag-ong hepe .txt
/Users/rl-14/Desktop/Celine-Thesis/all-data-reordered/all/Bohol alerto batok mga NPA.txt
/Users/rl-14/Desktop/Celine-Thesis/all-data-reordered/all/Bohol himuong dairy capital.txt
/Users/rl-14/Desktop/Celine-Thesis/all-data-reordered/all/Bohol miapil sa Tabo sa Kapitolyo sa Sugbo.txt
/Users/rl-14/Desktop/Celine-Thesis/all-data-reordered/all/Bohol-Argao gilangoy sa Pinoy Aquaman.txt
/Users/rl-14/Desktop/Celine-Thesis/all-data-reordered/all/Bolado biktima sa hit-and-run.txt
/Users/rl-14/Desktop/Celine-Thesis/all-data-reordered/all/Bolt mao gihapon ang fastest man in the world.txt
/Users/rl-14/Desktop/Celine-Thesis/all-data-reordered/all/Bolts 3-1 ang tirada.txt
/Users/rl-14/Desktop/Celine-Thesis/all-data-reordered/all/Bolts di pa manamilit – Alapag.txt
/Users/rl-14/Desktop/Celine-Thesis/all-data-reordered/all/Bolts gilupig gihapon sa Gin Kings sa ilang pagbalik og sangka.txt
/Users/rl-14/Desktop/Celine-Thesis/all-data-reordered/all/Bolts makigsawo sa Ginebra kings.txt
/Users/rl-14/Desktop/Celine-Thesis/all-data-reordered/all/Bolts sulod sa semis.txt
/Users/rl-14/Desktop/Celine-Thesis/all-data-reordered/all/Bolts, Elite magtinagakayDuwa karon 7:00 pm- Meralco batok Blackwater.txt
/Users/rl-14/Desktop/Celine-Thesis/all-data-reordered/all/Bomba nga mibusikad gikan Maguindanao - TF Davao.txt
/Users/rl-14/Desktop/Celine-Thesis/all-data-reordered/all/Bomba, nakit-an sa CdeO.txt
/Users/rl-14/Desktop/Celine-Thesis/all-data-reordered/all/Bombo CdeO war correspondents sa Marawi war,giila sa AFP.txt
/Users/rl-14/Desktop/Celine-Thesis/all-data-reordered/all/Bombo Music Festival Finalist Jose LG Fuentes nahingangha sa pang world wide nga set up sa Finals night.txt
/Users/rl-14/Desktop/Celine-Thesis/all-data-reordered/all/Bombo Music Festival Finalist, Jerika Teodorico exited nga makakita sa iyang idol nga si Aiza Seguerra nga usa sa mga judges.txt
/Users/rl-14/Desktop/Celine-Thesis/all-data-reordered/all/Bombo Radyo CdeO, mihakot pasidungog sa TLMC 2018.txt
/Users/rl-14/Desktop/Celine-Thesis/all-data-reordered/all/Bombo Radyo Philippines, ‘broadcast academy sa Pilipinas’, sigon sa impluwensyadong commentator sa VisMin area.txt
/Users/rl-14/Desktop/Celine-Thesis/all-data-reordered/all/Bongbong nangampanya sa Oro  SunStar.txt
/Users/rl-14/Desktop/Celine-Thesis/all-data-reordered/all/Bonggang prusisyon sa “Ang Larawan”.txt
/Users/rl-14/Desktop/Celine-Thesis/all-data-reordered/all/Boniel gikiha na sa Lapu-Lapu.txt
/Users/rl-14/Desktop/Celine-Thesis/all-data-reordered/all/Bonifacio Day gihandom.txt
/Users/rl-14/Desktop/Celine-Thesis/all-data-reordered/all/Bonsai tree-making training .txt
/Users/rl-14/Desktop/Celine-Thesis/all-data-reordered/all/Boobay na-stroke, na-hospital.txt
/Users/rl-14/Desktop/Celine-Thesis/all-data-reordered/all/Booker mikulit og kasaysayan.txt
/Users/rl-14/Desktop/Celine-Thesis/all-data-reordered/all/Boom truck gidauban na sab sa NPA.txt
/Users/rl-14/Desktop/Celine-Thesis/all-data-reordered/all/BOPK gibalibaran ni Kap. Zafra .txt
/Users/rl-14/Desktop/Celine-Thesis/all-data-reordered/all/Boracay, angayang e turn-over nalamang sa National Government- Trillanes.txt
/Users/rl-14/Desktop/Celine-Thesis/all-data-reordered/all/Borbon mosuwayg langkat sa WBO Asia Pacific title karong gabii.txt
/Users/rl-14/Desktop/Celine-Thesis/all-data-reordered/all/Bosh di na kabalik.txt
/Users/rl-14/Desktop/Celine-Thesis/all-data-reordered/all/Bossing nag-throwback sa bag-ong TV ad.txt
/Users/rl-14/Desktop/Celine-Thesis/all-data-reordered/all/Boston daog sa Game One.txt
/Users/rl-14/Desktop/Celine-Thesis/all-data-reordered/all/Boston gimasaker.txt
/Users/rl-14/Desktop/Celine-Thesis/all-data-reordered/all/Boston mibawos.txt
/Users/rl-14/Desktop/Celine-Thesis/all-data-reordered/all/Boston wa kapugngi.txt
/Users/rl-14/Desktop/Celine-Thesis/all-data-reordered/all/Boston wa kasugakod.txt
/Users/rl-14/Desktop/Celine-Thesis/all-data-reordered/all/Boston, Washington magtiwas.txt
/Users/rl-14/Desktop/Celine-Thesis/all-data-reordered/all/Bouncer, supplier sa bar sikop sa drug bust  .txt
/Users/rl-14/Desktop/Celine-Thesis/all-data-reordered/all/Bouncers kinahanglan iparehistro sa Mandaue City Hall .txt
/Users/rl-14/Desktop/Celine-Thesis/all-data-reordered/all/Boundary system sa mga driver posibling usbon.txt
/Users/rl-14/Desktop/Celine-Thesis/all-data-reordered/all/Bowe, Mancini sa Int’l Hall of Fame.txt
/Users/rl-14/Desktop/Celine-Thesis/all-data-reordered/all/Bowles VS. Ka Tropa.txt
/Users/rl-14/Desktop/Celine-Thesis/all-data-reordered/all/Boxing chief gireklamo.txt
/Users/rl-14/Desktop/Celine-Thesis/all-data-reordered/all/Boxing chief gitaktak sa POC election.txt
/Users/rl-14/Desktop/Celine-Thesis/all-data-reordered/all/Boxing coach sa CCSC paluwaton.txt
/Users/rl-14/Desktop/Celine-Thesis/all-data-reordered/all/Boxing sa Bogo City buhion: Martinez.txt
/Users/rl-14/Desktop/Celine-Thesis/all-data-reordered/all/Boy Abunda dili masulti ang pagbalhin ni Kris sa GMA.txt
/Users/rl-14/Desktop/Celine-Thesis/all-data-reordered/all/Boyfriend ni Valeen di feel sa parents? .txt
/Users/rl-14/Desktop/Celine-Thesis/all-data-reordered/all/Boylet ni Mahal midepensa.txt
/Users/rl-14/Desktop/Celine-Thesis/all-data-reordered/all/Boyose moilog sa WBC Youth title.txt
/Users/rl-14/Desktop/Celine-Thesis/all-data-reordered/all/BPC mitabang sa Barangay Lagtang.txt
/Users/rl-14/Desktop/Celine-Thesis/all-data-reordered/all/BPI Family mitanyag sa makalingaw nga car-buying experience sa Sugbo.txt
/Users/rl-14/Desktop/Celine-Thesis/all-data-reordered/all/BPI naigo sa suliran sa computer.txt
/Users/rl-14/Desktop/Celine-Thesis/all-data-reordered/all/BPinoy Nationals himuon sa Davao del Norte.txt
/Users/rl-14/Desktop/Celine-Thesis/all-data-reordered/all/BPLD Head padayun ang panawagan sa mga negosyante nga dili hulaton ang deadline una asikasohon ang business permit.txt
/Users/rl-14/Desktop/Celine-Thesis/all-data-reordered/all/BPLD Head, nagpaklaro sa proseso sa pagkuha ug pagrenew sa business permit.txt
/Users/rl-14/Desktop/Celine-Thesis/all-data-reordered/all/BPO companies dili kontento sa lihok sa mga otoridad, kaugalingong imbestigasyon himuon sa nasunog nga NCCC Mall.txt
/Users/rl-14/Desktop/Celine-Thesis/all-data-reordered/all/Bradley gitambagan ni Marquez.txt
/Users/rl-14/Desktop/Celine-Thesis/all-data-reordered/all/Bradley Kulatado.txt
/Users/rl-14/Desktop/Celine-Thesis/all-data-reordered/all/Bradley lahi na nga boksidor -- Arum .txt
/Users/rl-14/Desktop/Celine-Thesis/all-data-reordered/all/Bradley ma-knock out: Roach.txt
/Users/rl-14/Desktop/Celine-Thesis/all-data-reordered/all/Bradley ma-knockout sud sa 9 rounds: sparmate.txt
/Users/rl-14/Desktop/Celine-Thesis/all-data-reordered/all/Bradley moretiro na.txt
/Users/rl-14/Desktop/Celine-Thesis/all-data-reordered/all/Bradley nakigtagbo sa mga Pinoy fans.txt
/Users/rl-14/Desktop/Celine-Thesis/all-data-reordered/all/Brahmans mikapmyeon sa Fast Pitch Softball.txt
/Users/rl-14/Desktop/Celine-Thesis/all-data-reordered/all/Branding committee gitukod sa lalawigan sa Sugbo.txt
/Users/rl-14/Desktop/Celine-Thesis/all-data-reordered/all/Brazil, nagseguro nga luwas sa Zika ang mga moadto sa Rio Olympics.txt
/Users/rl-14/Desktop/Celine-Thesis/all-data-reordered/all/Break isyu ni Jennylyn ug Dennis gihimakak.txt
/Users/rl-14/Desktop/Celine-Thesis/all-data-reordered/all/Break-up ni Erich ug Daniel kwarta ang hinungdan? .txt
/Users/rl-14/Desktop/Celine-Thesis/all-data-reordered/all/Break-up nila Rocco ug Lovi, drama lang?.txt
/Users/rl-14/Desktop/Celine-Thesis/all-data-reordered/all/Brgy kagawad ug mag-amahan,sikop sa shabu business sa MisOr.txt
/Users/rl-14/Desktop/Celine-Thesis/all-data-reordered/all/Brgy tanod,gipusil-patay sa Cafgu sa MisOr.txt
/Users/rl-14/Desktop/Celine-Thesis/all-data-reordered/all/Brgy. Apas mopahigayon og sports summer workshop .txt
/Users/rl-14/Desktop/Celine-Thesis/all-data-reordered/all/Brgy. Ginebra abli sa trade; Tenorio andam niini .txt
/Users/rl-14/Desktop/Celine-Thesis/all-data-reordered/all/Brgy. Ginebra batok San Miguel; RoS, Phoenix magsangka sab.txt
/Users/rl-14/Desktop/Celine-Thesis/all-data-reordered/all/Brgy. hall gisubhan.txt
/Users/rl-14/Desktop/Celine-Thesis/all-data-reordered/all/Brgy. Impact Management milusad sa Supplemental Entrepreneurship Exposure.txt
/Users/rl-14/Desktop/Celine-Thesis/all-data-reordered/all/Brgy. Kagawad misukol, gipusil-patay .txt
/Users/rl-14/Desktop/Celine-Thesis/all-data-reordered/all/Brgy. kapitan nakuhaa’g mga armas  .txt
/Users/rl-14/Desktop/Celine-Thesis/all-data-reordered/all/Brgy. Kapitan sa Oro wanted na.txt
/Users/rl-14/Desktop/Celine-Thesis/all-data-reordered/all/Brgy. kapitan wala kapugong sa demolisyon .txt
/Users/rl-14/Desktop/Celine-Thesis/all-data-reordered/all/Brgy. Officials nga nalambigit sa illegal drugs, gipanid-an na sa PDEA-XI.txt
/Users/rl-14/Desktop/Celine-Thesis/all-data-reordered/all/Brgy. tisa milusad sa 'barkada'.txt
/Users/rl-14/Desktop/Celine-Thesis/all-data-reordered/all/Brigada Eskwela sa Veco.txt
/Users/rl-14/Desktop/Celine-Thesis/all-data-reordered/all/Brigada News FM technician,priso sa pagpatay sa CdeO.txt
/Users/rl-14/Desktop/Celine-Thesis/all-data-reordered/all/Brigada Skwela kasado na karong adlawa.txt
/Users/rl-14/Desktop/Celine-Thesis/all-data-reordered/all/British national napalgang patay .txt
/Users/rl-14/Desktop/Celine-Thesis/all-data-reordered/all/Briton naharang sa airport sa Davao.txt
/Users/rl-14/Desktop/Celine-Thesis/all-data-reordered/all/Broner gikulata ni Garcia.txt
/Users/rl-14/Desktop/Celine-Thesis/all-data-reordered/all/Brooner, Crawford maoy pili-an ni Arum .txt
/Users/rl-14/Desktop/Celine-Thesis/all-data-reordered/all/Brownlee migiya sa Alab Pilipinas.txt
/Users/rl-14/Desktop/Celine-Thesis/all-data-reordered/all/BRT kinahanglan idayon: Davide.txt
/Users/rl-14/Desktop/Celine-Thesis/all-data-reordered/all/BRT miagi na og taas nga proseso samtang LRT, bisan papel, wa: mayor.txt
/Users/rl-14/Desktop/Celine-Thesis/all-data-reordered/all/Brutal nga mipatay sa CAFGU member sa Surigao del Sur, kasuhan sa pamilya.txt
/Users/rl-14/Desktop/Celine-Thesis/all-data-reordered/all/Bryant anaa na sa katapusang hunat?.txt
/Users/rl-14/Desktop/Celine-Thesis/all-data-reordered/all/Bryant giisip ni Jordan nga iyang manghod.txt
/Users/rl-14/Desktop/Celine-Thesis/all-data-reordered/all/Bryant gusto pang moduwa sa Team USA.txt
/Users/rl-14/Desktop/Celine-Thesis/all-data-reordered/all/Bryant naghandom makaduwa sa Rio.txt
/Users/rl-14/Desktop/Celine-Thesis/all-data-reordered/all/Bryant padayon nga nag-una sa All-Star voting.txt
/Users/rl-14/Desktop/Celine-Thesis/all-data-reordered/all/Bryant wala nakaduwa kontra Miami.txt
/Users/rl-14/Desktop/Celine-Thesis/all-data-reordered/all/Bryant, Lakers mipukan sa Israel.txt
/Users/rl-14/Desktop/Celine-Thesis/all-data-reordered/all/Buang nangluba gitabangan og kulata  SunStar.txt
/Users/rl-14/Desktop/Celine-Thesis/all-data-reordered/all/Buanoy batok Barili; Tuburan v. Aliwanay sa  Arpili Fiesta Cup.txt
/Users/rl-14/Desktop/Celine-Thesis/all-data-reordered/all/Buaya nakabuhi.txt
/Users/rl-14/Desktop/Celine-Thesis/all-data-reordered/all/Bucks kaging sa Raptors sa OT  SunStar.txt
/Users/rl-14/Desktop/Celine-Thesis/all-data-reordered/all/Budget deliberation sa tuig 2018 paspasan.txt
/Users/rl-14/Desktop/Celine-Thesis/all-data-reordered/all/Budget ni Gullas sa 2017 giuyonan.txt
/Users/rl-14/Desktop/Celine-Thesis/all-data-reordered/all/Budget sa Kapitolyo tukion sa sisyon karon.txt
/Users/rl-14/Desktop/Celine-Thesis/all-data-reordered/all/Budget sa Mandaue giaprobahan na.txt
/Users/rl-14/Desktop/Celine-Thesis/all-data-reordered/all/Budget sa PSC angay usbawan: Pacquiao.txt
/Users/rl-14/Desktop/Celine-Thesis/all-data-reordered/all/Budler kuyaw nga challenger: Milan.txt
/Users/rl-14/Desktop/Celine-Thesis/all-data-reordered/all/Buenafe kompiyansa.txt
/Users/rl-14/Desktop/Celine-Thesis/all-data-reordered/all/Bugas 'gipalusot,' bisto.txt
/Users/rl-14/Desktop/Celine-Thesis/all-data-reordered/all/Bugas baligya sa DA sa Mandaue.txt
/Users/rl-14/Desktop/Celine-Thesis/all-data-reordered/all/Bugas mas momahal.txt
/Users/rl-14/Desktop/Celine-Thesis/all-data-reordered/all/Bugas nga nakuha sa bodega sa Apopong, bugas gayud gikan sa NFA.txt
/Users/rl-14/Desktop/Celine-Thesis/all-data-reordered/all/Bugas sa NFA sa Davao Region, taman na lamang karon nga semana.txt
/Users/rl-14/Desktop/Celine-Thesis/all-data-reordered/all/Bugaw sa 3 high-paid women,gibalhog na sa CdeO jail.txt
/Users/rl-14/Desktop/Celine-Thesis/all-data-reordered/all/Bugnong lugaynon sa DavOcc human na.txt
/Users/rl-14/Desktop/Celine-Thesis/all-data-reordered/all/Bugo, Macabalan maghibal-anay karon.txt
/Users/rl-14/Desktop/Celine-Thesis/all-data-reordered/all/Bugoy Carino nakabuntis?.txt
/Users/rl-14/Desktop/Celine-Thesis/all-data-reordered/all/Bugtong ang impeachment court maoy makapahawa sa pwesto kay CJ Sereno- Atty. Lagare.txt
/Users/rl-14/Desktop/Celine-Thesis/all-data-reordered/all/Buhatan sa CFI Carcar gilungkab.txt
/Users/rl-14/Desktop/Celine-Thesis/all-data-reordered/all/Buhatan sa Comelec gilungkab.txt
/Users/rl-14/Desktop/Celine-Thesis/all-data-reordered/all/Buhatan sa Comelec Mandaue ibalhin sa luyong bahin sa sports complex .txt
/Users/rl-14/Desktop/Celine-Thesis/all-data-reordered/all/Buhi pa copy.txt
/Users/rl-14/Desktop/Celine-Thesis/all-data-reordered/all/Building Families: gihingusgan sa bag-ong liderato sa Don Bosco Tech College PTCA .txt
/Users/rl-14/Desktop/Celine-Thesis/all-data-reordered/all/Built in speed gun, gipahiluna sa LTO XI.txt
/Users/rl-14/Desktop/Celine-Thesis/all-data-reordered/all/Buk-anay sa tabla.txt
/Users/rl-14/Desktop/Celine-Thesis/all-data-reordered/all/Bukid sa Cebu City apektado; 62 ka barko wa kabiyahe.txt
/Users/rl-14/Desktop/Celine-Thesis/all-data-reordered/all/Bukidnon Faith, Corpus magsangka sa Loyola Cup 13U final.txt
/Users/rl-14/Desktop/Celine-Thesis/all-data-reordered/all/Bulak nga nadiskobre sa Surigao, gipangalan kang Mayor Duterte.txt
/Users/rl-14/Desktop/Celine-Thesis/all-data-reordered/all/Bulaloan sa Bankerohan gi-demolish.txt
/Users/rl-14/Desktop/Celine-Thesis/all-data-reordered/all/Bulawan nasakmit sa Batang Pinoy Judo ug Taekwondo.txt
/Users/rl-14/Desktop/Celine-Thesis/all-data-reordered/all/Bulawan sa shot put .txt
/Users/rl-14/Desktop/Celine-Thesis/all-data-reordered/all/Bulawanong regalo @60.txt
/Users/rl-14/Desktop/Celine-Thesis/all-data-reordered/all/Bull biyaan sab ni Gasol.txt
/Users/rl-14/Desktop/Celine-Thesis/all-data-reordered/all/Bull gilumsan sa Blackwater.txt
/Users/rl-14/Desktop/Celine-Thesis/all-data-reordered/all/Bulldogs nagpabiling walay pildi sa rekord .txt
/Users/rl-14/Desktop/Celine-Thesis/all-data-reordered/all/Bulls giputla'g sungay sa Cavs.txt
/Users/rl-14/Desktop/Celine-Thesis/all-data-reordered/all/Bulls nakapili na’g headcoach.txt
/Users/rl-14/Desktop/Celine-Thesis/all-data-reordered/all/Bulls nalupig sa hutdanay og lahutay.txt
/Users/rl-14/Desktop/Celine-Thesis/all-data-reordered/all/Bulls napaig sa Miami Heat.txt
/Users/rl-14/Desktop/Celine-Thesis/all-data-reordered/all/Bulls record natupngan na.txt
/Users/rl-14/Desktop/Celine-Thesis/all-data-reordered/all/Bullying gipaningkamotan nga mahanaw.txt
/Users/rl-14/Desktop/Celine-Thesis/all-data-reordered/all/Bulua NHS Lakers, Carmen NHS Thunders sulod na sa semis.txt
/Users/rl-14/Desktop/Celine-Thesis/all-data-reordered/all/Bulua NHS walay tatsa  SunStar.txt
/Users/rl-14/Desktop/Celine-Thesis/all-data-reordered/all/Bulua, Mogchs mosulay.txt
/Users/rl-14/Desktop/Celine-Thesis/all-data-reordered/all/Buntis nga naigo sa bomba namatay sa ospital.txt
/Users/rl-14/Desktop/Celine-Thesis/all-data-reordered/all/Buntis, sikop sa buy-bust.txt
/Users/rl-14/Desktop/Celine-Thesis/all-data-reordered/all/Burns naapil sa lista.txt
/Users/rl-14/Desktop/Celine-Thesis/all-data-reordered/all/Buros 'gilugos' sa BM-29.txt
/Users/rl-14/Desktop/Celine-Thesis/all-data-reordered/all/Buros naipit, driver patay .txt
/Users/rl-14/Desktop/Celine-Thesis/all-data-reordered/all/Buros, kaipon patay sa drug bust .txt
/Users/rl-14/Desktop/Celine-Thesis/all-data-reordered/all/Buros, kapuyo sikop sa drug bust sud sa motel.txt
/Users/rl-14/Desktop/Celine-Thesis/all-data-reordered/all/Bus nahulog sa pangpang, 10 angol.txt
/Users/rl-14/Desktop/Celine-Thesis/all-data-reordered/all/Bus terminal gi-alimpulos; 2 angol.txt
/Users/rl-14/Desktop/Celine-Thesis/all-data-reordered/all/Bus ug motorcycle nagbangga; 4 patay.txt
/Users/rl-14/Desktop/Celine-Thesis/all-data-reordered/all/Business permit alang sa traysikol wagtangon na?.txt
/Users/rl-14/Desktop/Celine-Thesis/all-data-reordered/all/Business permit sa hotel hayan ipakanselar.txt
/Users/rl-14/Desktop/Celine-Thesis/all-data-reordered/all/Busy daw sa Valentines.txt
/Users/rl-14/Desktop/Celine-Thesis/all-data-reordered/all/Butalo nga pulis pakuhaan og armas; guna o garoti na lang ang ipagamit.txt
/Users/rl-14/Desktop/Celine-Thesis/all-data-reordered/all/Butanding gikagubtan sa pantalan sa Ormoc .txt
/Users/rl-14/Desktop/Celine-Thesis/all-data-reordered/all/Butane refillers sa Lapu-Lapu dunay hangyo sa Siyudad.txt
/Users/rl-14/Desktop/Celine-Thesis/all-data-reordered/all/Butangan og CCTV camera ang Talisay Police Station.txt
/Users/rl-14/Desktop/Celine-Thesis/all-data-reordered/all/Butler nag-wild.txt
/Users/rl-14/Desktop/Celine-Thesis/all-data-reordered/all/Butler, 53 pts..txt
/Users/rl-14/Desktop/Celine-Thesis/all-data-reordered/all/Butuan City Councilor Cromwel Nortega, uyon sa cha-cha.txt
/Users/rl-14/Desktop/Celine-Thesis/all-data-reordered/all/Butuan City-LGU, musuporta sa 21st CRAM.txt
/Users/rl-14/Desktop/Celine-Thesis/all-data-reordered/all/Butuanon ipa-rehab ni Luigi pangandam sa kalihukan sa 2018.txt
/Users/rl-14/Desktop/Celine-Thesis/all-data-reordered/all/Butuanon OFW nga nagkaproblema sa iyang trabaho sa Saudi Arabia, naplastar sa tabang sa Bombo Radyo Butuan.txt
/Users/rl-14/Desktop/Celine-Thesis/all-data-reordered/all/Butuanon OFW sa Kuwait, mi-apela kang Pangulong Duterte nga luwason gikan sa abusadong amo.txt
/Users/rl-14/Desktop/Celine-Thesis/all-data-reordered/all/Buwag na sab.txt
/Users/rl-14/Desktop/Celine-Thesis/all-data-reordered/all/Buzybuddies Dance Crew 18 katuig nang nag-alagad  .txt
/Users/rl-14/Desktop/Celine-Thesis/all-data-reordered/all/Buzzer-beater ni Babate  SunStar.txt
/Users/rl-14/Desktop/Celine-Thesis/all-data-reordered/all/Buzzer-beater ni Babate.txt
/Users/rl-14/Desktop/Celine-Thesis/all-data-reordered/all/BVR Cebu Tour ipahigayon sa isla sa Bantayan .txt
/Users/rl-14/Desktop/Celine-Thesis/all-data-reordered/all/BWF Shuttle Time PH Teachers’ course nagmalampuson .txt
/Users/rl-14/Desktop/Celine-Thesis/all-data-reordered/all/Bye, Manny!.txt
/Users/rl-14/Desktop/Celine-Thesis/all-data-reordered/all/Bye, Portland.txt
/Users/rl-14/Desktop/Celine-Thesis/all-data-reordered/all/Bye-Bye Lizquen na?.txt
/Users/rl-14/Desktop/Celine-Thesis/all-data-reordered/all/Bypass road giaprobar sa RDC.txt
/Users/rl-14/Desktop/Celine-Thesis/all-data-reordered/all/Bypass roads buhaton sa Minglanilla .txt
/Users/rl-14/Desktop/Celine-Thesis/all-data-reordered/all/C.E.B.U. training sa sunod buwan.txt
/Users/rl-14/Desktop/Celine-Thesis/all-data-reordered/all/Cabagnot nabuk-ag ilong.txt
/Users/rl-14/Desktop/Celine-Thesis/all-data-reordered/all/Cabahug wa na sa Batang Gilas?.txt
/Users/rl-14/Desktop/Celine-Thesis/all-data-reordered/all/Cabahug, Solis apil sa pilianan nga mo-coach sa Landmasters.txt
/Users/rl-14/Desktop/Celine-Thesis/all-data-reordered/all/Cacai nag-move on na kang Ahron.txt
/Users/rl-14/Desktop/Celine-Thesis/all-data-reordered/all/Cacao City giablihan na sa Davao .txt
/Users/rl-14/Desktop/Celine-Thesis/all-data-reordered/all/CADAC: Narco-politicians angay ibulgar sa publiko .txt
/Users/rl-14/Desktop/Celine-Thesis/all-data-reordered/all/Cadets, veterans magdungan na sa pag-ensayo.txt
/Users/rl-14/Desktop/Celine-Thesis/all-data-reordered/all/Cafgu giputlan og ulo.txt
/Users/rl-14/Desktop/Celine-Thesis/all-data-reordered/all/CAFGU member sa Surigao del Sur, dakpan sa pagpang-rape.txt
/Users/rl-14/Desktop/Celine-Thesis/all-data-reordered/all/CAFGU member, brutal nga gipatay sa mga kanhi ka-ubanang NPA rebels sa Surigao del Sur.txt
/Users/rl-14/Desktop/Celine-Thesis/all-data-reordered/all/Cafgu sapon sa MisOr drug bust.txt
/Users/rl-14/Desktop/Celine-Thesis/all-data-reordered/all/Cafgu ug police samaron sa panagsangka tali sa mga bandidong B”laan sa Davao del Sur.txt
/Users/rl-14/Desktop/Celine-Thesis/all-data-reordered/all/Caindec: bag-ong hepe sa  LTO-7.txt
/Users/rl-14/Desktop/Celine-Thesis/all-data-reordered/all/Cake business ni Maricar, waging-wagi!.txt
/Users/rl-14/Desktop/Celine-Thesis/all-data-reordered/all/Calamity prone residents, gustong mapadali ang CdeOs mega dike construction.txt
/Users/rl-14/Desktop/Celine-Thesis/all-data-reordered/all/Calayan Medical Group Cebu padayong milambo.txt
/Users/rl-14/Desktop/Celine-Thesis/all-data-reordered/all/Call Center agent nahimong pari.txt
/Users/rl-14/Desktop/Celine-Thesis/all-data-reordered/all/Calo ika-upat sa Saudi International Open.txt
/Users/rl-14/Desktop/Celine-Thesis/all-data-reordered/all/Calomarde: bag-ong pangulo sa Don Bosco.txt
/Users/rl-14/Desktop/Celine-Thesis/all-data-reordered/all/Cameraman gisikop human nagvideo-video sa party.txt
/Users/rl-14/Desktop/Celine-Thesis/all-data-reordered/all/Cameroon nangilad, giposasan.txt
/Users/rl-14/Desktop/Celine-Thesis/all-data-reordered/all/Camille milimita sa anak sa pagamit og gadgets.txt
/Users/rl-14/Desktop/Celine-Thesis/all-data-reordered/all/Camp Crame naglisod pagkuhag saksi batok sa 100 kapin ka pulis.txt
/Users/rl-14/Desktop/Celine-Thesis/all-data-reordered/all/Campus crush milyonaryo sa Wowowin.txt
/Users/rl-14/Desktop/Celine-Thesis/all-data-reordered/all/Campus talk show maghisgot sa Parenting.txt
/Users/rl-14/Desktop/Celine-Thesis/all-data-reordered/all/Canada Nursing Career exposition.txt
/Users/rl-14/Desktop/Celine-Thesis/all-data-reordered/all/Cancer patient gipabuthan og granada ang kaugalingon.txt
/Users/rl-14/Desktop/Celine-Thesis/all-data-reordered/all/Candy shocked sa Best Actress Award.txt
/Users/rl-14/Desktop/Celine-Thesis/all-data-reordered/all/Canelo andam batok Golovkin.txt
/Users/rl-14/Desktop/Celine-Thesis/all-data-reordered/all/Canelo mibahad pagbalik og K.O..txt
/Users/rl-14/Desktop/Celine-Thesis/all-data-reordered/all/Canelo nanganti nga Golovkin pakamangon.txt
/Users/rl-14/Desktop/Celine-Thesis/all-data-reordered/all/Canillas vs. Gonzales; Paypa v. Concepcion.txt
/Users/rl-14/Desktop/Celine-Thesis/all-data-reordered/all/Canino alanganin pa makadula.txt
/Users/rl-14/Desktop/Celine-Thesis/all-data-reordered/all/Canino usa ka gold ug duha ka silver na.txt
/Users/rl-14/Desktop/Celine-Thesis/all-data-reordered/all/Canitoan National High School gilubong sa lady Skyhawks.txt
/Users/rl-14/Desktop/Celine-Thesis/all-data-reordered/all/Canitoan, Puerto nikompleto sa semis .txt
/Users/rl-14/Desktop/Celine-Thesis/all-data-reordered/all/Canitoan, Puerto sa finals!.txt
/Users/rl-14/Desktop/Celine-Thesis/all-data-reordered/all/Canlas napagan sa underpass project?.txt
/Users/rl-14/Desktop/Celine-Thesis/all-data-reordered/all/Canoy batok Francisco.txt
/Users/rl-14/Desktop/Celine-Thesis/all-data-reordered/all/Canoy masaligon batok sa African.txt
/Users/rl-14/Desktop/Celine-Thesis/all-data-reordered/all/Canoy mi-knockout ni Francisco sud sa 1st rd.txt
/Users/rl-14/Desktop/Celine-Thesis/all-data-reordered/all/Canoy moaway og world regional title sa Tokyo, Japan.txt
/Users/rl-14/Desktop/Celine-Thesis/all-data-reordered/all/Canoy nagpanikad na.txt
/Users/rl-14/Desktop/Celine-Thesis/all-data-reordered/all/Cantonjos, Ubanan nanghawod.txt
/Users/rl-14/Desktop/Celine-Thesis/all-data-reordered/all/Caraga Region, anaa na sa red alert status tungod kang Basyang.txt
/Users/rl-14/Desktop/Celine-Thesis/all-data-reordered/all/Caraga Region, mitala na og kapin 7-mil ka mga evacuees tungod sa mga baha og landslides.txt
/Users/rl-14/Desktop/Celine-Thesis/all-data-reordered/all/Caraga Region, nakatala na og mga stranded nga pasahero tungod sa bagyong Basyang.txt
/Users/rl-14/Desktop/Celine-Thesis/all-data-reordered/all/Caraga Regional Science High School Debating Team, 3rd placer sa 3rd PDA High School Parliamentary World Debate Congress sa Japan.txt
/Users/rl-14/Desktop/Celine-Thesis/all-data-reordered/all/Caravan station rally, gilusad atol sa International Women’s Day celebration sa Butuan City.txt
/Users/rl-14/Desktop/Celine-Thesis/all-data-reordered/all/Carcar City College motanyag na og BS Criminology.txt
/Users/rl-14/Desktop/Celine-Thesis/all-data-reordered/all/Carcar, laing 3 ming-abante.txt
/Users/rl-14/Desktop/Celine-Thesis/all-data-reordered/all/Cardinal kinahanglan ba sa Cebu archdiocese?.txt
/Users/rl-14/Desktop/Celine-Thesis/all-data-reordered/all/Cardinal Vidal pagka santos?.txt
/Users/rl-14/Desktop/Celine-Thesis/all-data-reordered/all/Cardinal Vidal, 86, namatay.txt
/Users/rl-14/Desktop/Celine-Thesis/all-data-reordered/all/Career ni Meg apektado sa iyang pagtambok!.txt
/Users/rl-14/Desktop/Celine-Thesis/all-data-reordered/all/Carillo moduso og mosyon sa CA.txt
/Users/rl-14/Desktop/Celine-Thesis/all-data-reordered/all/Carla anaa sa kiliran ni Tom sa kasakit.txt
/Users/rl-14/Desktop/Celine-Thesis/all-data-reordered/all/Carla iwas-pusoy sa sexual relationship ni Cai & Tom kaniadto.txt
/Users/rl-14/Desktop/Celine-Thesis/all-data-reordered/all/Carlo  moaway alang sa regional belt sa Indonesia.txt
/Users/rl-14/Desktop/Celine-Thesis/all-data-reordered/all/Carmelo Anthony nangayo’g pasaylo .txt
/Users/rl-14/Desktop/Celine-Thesis/all-data-reordered/all/Carmelo nakatulo .txt
/Users/rl-14/Desktop/Celine-Thesis/all-data-reordered/all/Carmen chess open ablihon karon  SunStar.txt
/Users/rl-14/Desktop/Celine-Thesis/all-data-reordered/all/Carmen chess tournament karong Sabado.txt
/Users/rl-14/Desktop/Celine-Thesis/all-data-reordered/all/Carmen Copper mituman sa lagda.txt
/Users/rl-14/Desktop/Celine-Thesis/all-data-reordered/all/Carmen himuong sports hub.txt
/Users/rl-14/Desktop/Celine-Thesis/all-data-reordered/all/Carmen Soo balik pinas?.txt
/Users/rl-14/Desktop/Celine-Thesis/all-data-reordered/all/Carnapper sikop sa Oro.txt
/Users/rl-14/Desktop/Celine-Thesis/all-data-reordered/all/Carnapper tiklo sa checkpoint .txt
/Users/rl-14/Desktop/Celine-Thesis/all-data-reordered/all/Casa Gorordo mipadayon sa 400-ka-tuig nga tradisyon sa piyesta ni San Juan.txt
/Users/rl-14/Desktop/Celine-Thesis/all-data-reordered/all/Casa Mira Towers tower 2 sa Labangon gibuksan na.txt
/Users/rl-14/Desktop/Celine-Thesis/all-data-reordered/all/Cash assistance sa mga Senior citizens nga nipanaw na, aprobado na sa 18th Council.txt
/Users/rl-14/Desktop/Celine-Thesis/all-data-reordered/all/Casimero andam magpakamatay batok Thai boxer.txt
/Users/rl-14/Desktop/Celine-Thesis/all-data-reordered/all/Casimero gusto makigkita ni Duterte.txt
/Users/rl-14/Desktop/Celine-Thesis/all-data-reordered/all/Casimero moaway’g balik og eliminator .txt
/Users/rl-14/Desktop/Celine-Thesis/all-data-reordered/all/Casimero VS. Sultan.txt
/Users/rl-14/Desktop/Celine-Thesis/all-data-reordered/all/Casino sa Cagayan de Oro dili tugotan.txt
/Users/rl-14/Desktop/Celine-Thesis/all-data-reordered/all/Castillano pabor nga sunod tuig ang eleksiyon sa  barangay, SK.txt
/Users/rl-14/Desktop/Celine-Thesis/all-data-reordered/all/Castro mibida sa TNT.txt
/Users/rl-14/Desktop/Celine-Thesis/all-data-reordered/all/Castro moduwa'g balik karon.txt
/Users/rl-14/Desktop/Celine-Thesis/all-data-reordered/all/Castro nalakip sa FIBA mythical five.txt
/Users/rl-14/Desktop/Celine-Thesis/all-data-reordered/all/Castro over fatigue.txt
/Users/rl-14/Desktop/Celine-Thesis/all-data-reordered/all/Castro, labad sa ulo sa Painters.txt
/Users/rl-14/Desktop/Celine-Thesis/all-data-reordered/all/Castro, Ocampo moretiro sa Gilas.txt
/Users/rl-14/Desktop/Celine-Thesis/all-data-reordered/all/Castro, RDO balik sa Gilas: Reyes.txt
/Users/rl-14/Desktop/Celine-Thesis/all-data-reordered/all/Catalunan Pequeño NHS, Magallanes CES kampeyon sa Lamdag Parada 2018.txt
/Users/rl-14/Desktop/Celine-Thesis/all-data-reordered/all/Catholic church midepensa ni Pacman.txt
/Users/rl-14/Desktop/Celine-Thesis/all-data-reordered/all/Catmon 2-0 sa Guv's Cup.txt
/Users/rl-14/Desktop/Celine-Thesis/all-data-reordered/all/Catriona Gray, Miss World Philippines 2016.txt
/Users/rl-14/Desktop/Celine-Thesis/all-data-reordered/all/Catriona mitapos og Top 5 sa Miss World.txt
/Users/rl-14/Desktop/Celine-Thesis/all-data-reordered/all/Cavalier gilubong.txt
/Users/rl-14/Desktop/Celine-Thesis/all-data-reordered/all/Cavalier gipakaging sa Celtics.txt
/Users/rl-14/Desktop/Celine-Thesis/all-data-reordered/all/Cavaliers 6-0 na.txt
/Users/rl-14/Desktop/Celine-Thesis/all-data-reordered/all/Cavaliers gibiktima sa Raptors.txt
/Users/rl-14/Desktop/Celine-Thesis/all-data-reordered/all/Cavaliers gimasaker.txt
/Users/rl-14/Desktop/Celine-Thesis/all-data-reordered/all/Cavaliers gipakaging sa Hawks.txt
/Users/rl-14/Desktop/Celine-Thesis/all-data-reordered/all/Cavaliers gipakaging sa Pelicans; LeBron napungot.txt
/Users/rl-14/Desktop/Celine-Thesis/all-data-reordered/all/Cavaliers gipakaging.txt
/Users/rl-14/Desktop/Celine-Thesis/all-data-reordered/all/Cavaliers gisungag sa Bulls.txt
/Users/rl-14/Desktop/Celine-Thesis/all-data-reordered/all/Cavaliers kampyon sa Central Division.txt
/Users/rl-14/Desktop/Celine-Thesis/all-data-reordered/all/Cavaliers kulatado.txt
/Users/rl-14/Desktop/Celine-Thesis/all-data-reordered/all/Cavaliers malaumon gihapon.txt
/Users/rl-14/Desktop/Celine-Thesis/all-data-reordered/all/Cavaliers miabante.txt
/Users/rl-14/Desktop/Celine-Thesis/all-data-reordered/all/Cavaliers mibuak og rekord sa 3-points.txt
/Users/rl-14/Desktop/Celine-Thesis/all-data-reordered/all/Cavaliers nabungog.txt
/Users/rl-14/Desktop/Celine-Thesis/all-data-reordered/all/Cavaliers nagbangis dayon.txt
/Users/rl-14/Desktop/Celine-Thesis/all-data-reordered/all/Cavaliers nagpanikad; subsub nga nangandam alang Eastern Finals.txt
/Users/rl-14/Desktop/Celine-Thesis/all-data-reordered/all/Cavaliers nakabawi.txt
/Users/rl-14/Desktop/Celine-Thesis/all-data-reordered/all/Cavaliers nakaipsot.txt
/Users/rl-14/Desktop/Celine-Thesis/all-data-reordered/all/Cavaliers namungot sa Philadelphia 76ers.txt
/Users/rl-14/Desktop/Celine-Thesis/all-data-reordered/all/Cavaliers nanghinaot nga makabawi sa Game 5 sa East Finals  .txt
/Users/rl-14/Desktop/Celine-Thesis/all-data-reordered/all/Cavaliers nasanta.txt
/Users/rl-14/Desktop/Celine-Thesis/all-data-reordered/all/Cavaliers sa finals.txt
/Users/rl-14/Desktop/Celine-Thesis/all-data-reordered/all/Cavaliers walay swerte.txt
/Users/rl-14/Desktop/Celine-Thesis/all-data-reordered/all/Cavaliers, 2-0.txt
/Users/rl-14/Desktop/Celine-Thesis/all-data-reordered/all/Cavaliers, 2-1.txt
/Users/rl-14/Desktop/Celine-Thesis/all-data-reordered/all/Cavaliers, Warriors pabilin nga inilog.txt
/Users/rl-14/Desktop/Celine-Thesis/all-data-reordered/all/Cavaliers-Hawks Eastern Conference finals sugdan.txt
/Users/rl-14/Desktop/Celine-Thesis/all-data-reordered/all/Cavs 2-0 ang tinguha batok Raptors.txt
/Users/rl-14/Desktop/Celine-Thesis/all-data-reordered/all/Cavs 2-2 ang target batok sa Warriors sa Game 4.txt
/Users/rl-14/Desktop/Celine-Thesis/all-data-reordered/all/Cavs buhi pa!.txt
/Users/rl-14/Desktop/Celine-Thesis/all-data-reordered/all/Cavs buhi pa.txt
/Users/rl-14/Desktop/Celine-Thesis/all-data-reordered/all/Cavs coach kalmado ra.txt
/Users/rl-14/Desktop/Celine-Thesis/all-data-reordered/all/Cavs daog na sab.txt
/Users/rl-14/Desktop/Celine-Thesis/all-data-reordered/all/Cavs di maka-afford kang Wade.txt
/Users/rl-14/Desktop/Celine-Thesis/all-data-reordered/all/Cavs di pa andam sa playoffs: James.txt
/Users/rl-14/Desktop/Celine-Thesis/all-data-reordered/all/Cavs gidagit sa Hawks.txt
/Users/rl-14/Desktop/Celine-Thesis/all-data-reordered/all/Cavs gidagit sa Rockets.txt
/Users/rl-14/Desktop/Celine-Thesis/all-data-reordered/all/CAVS Gikastigo.txt
/Users/rl-14/Desktop/Celine-Thesis/all-data-reordered/all/Cavs gilupig sa Warriors.txt
/Users/rl-14/Desktop/Celine-Thesis/all-data-reordered/all/Cavs gisalbar ni Thomas.txt
/Users/rl-14/Desktop/Celine-Thesis/all-data-reordered/all/Cavs gisungay sa Bulls, 99-93.txt
/Users/rl-14/Desktop/Celine-Thesis/all-data-reordered/all/Cavs gitusak sa Rockets.txt
/Users/rl-14/Desktop/Celine-Thesis/all-data-reordered/all/Cavs giusban og lubong.txt
/Users/rl-14/Desktop/Celine-Thesis/all-data-reordered/all/Cavs giusban sa Warriors.txt
/Users/rl-14/Desktop/Celine-Thesis/all-data-reordered/all/Cavs kaging sa bucks.txt
/Users/rl-14/Desktop/Celine-Thesis/all-data-reordered/all/Cavs kalmado ra.txt
/Users/rl-14/Desktop/Celine-Thesis/all-data-reordered/all/Cavs lubong sa Portland.txt
/Users/rl-14/Desktop/Celine-Thesis/all-data-reordered/all/Cavs lupig sa Dallas.txt
/Users/rl-14/Desktop/Celine-Thesis/all-data-reordered/all/CAVS mi-sweep.txt
/Users/rl-14/Desktop/Celine-Thesis/all-data-reordered/all/Cavs mibalik SA playoffs.txt
/Users/rl-14/Desktop/Celine-Thesis/all-data-reordered/all/Cavs mibawos.txt
/Users/rl-14/Desktop/Celine-Thesis/all-data-reordered/all/Cavs mibuak og record.txt
/Users/rl-14/Desktop/Celine-Thesis/all-data-reordered/all/Cavs mipahilum sa OKC Thunder.txt
/Users/rl-14/Desktop/Celine-Thesis/all-data-reordered/all/Cavs Mopisikal.txt
/Users/rl-14/Desktop/Celine-Thesis/all-data-reordered/all/Cavs mosuway'g tabla sa series.txt
/Users/rl-14/Desktop/Celine-Thesis/all-data-reordered/all/Cavs nagasahan sa mga referee.txt
/Users/rl-14/Desktop/Celine-Thesis/all-data-reordered/all/Cavs nagbangis.txt
/Users/rl-14/Desktop/Celine-Thesis/all-data-reordered/all/Cavs nakaipsot.txt
/Users/rl-14/Desktop/Celine-Thesis/all-data-reordered/all/Cavs napakgang.txt
/Users/rl-14/Desktop/Celine-Thesis/all-data-reordered/all/Cavs nauli-an na?.txt
/Users/rl-14/Desktop/Celine-Thesis/all-data-reordered/all/Cavs pildi na sab.txt
/Users/rl-14/Desktop/Celine-Thesis/all-data-reordered/all/Cavs pildi sa Wizards.txt
/Users/rl-14/Desktop/Celine-Thesis/all-data-reordered/all/Cavs sud sa finals.txt
/Users/rl-14/Desktop/Celine-Thesis/all-data-reordered/all/Cavs, 2-0.txt
/Users/rl-14/Desktop/Celine-Thesis/all-data-reordered/all/Cavs, Clippers Hawks nakauna.txt
/Users/rl-14/Desktop/Celine-Thesis/all-data-reordered/all/Cavs, Knicks, Suns namupo’g daog.txt
/Users/rl-14/Desktop/Celine-Thesis/all-data-reordered/all/Cavs, Rockets nag-wild sa Game One.txt
/Users/rl-14/Desktop/Celine-Thesis/all-data-reordered/all/Cavs, Spurs 4-0.txt
/Users/rl-14/Desktop/Celine-Thesis/all-data-reordered/all/Cavs-Hawks semis sugdan karong buntag.txt
/Users/rl-14/Desktop/Celine-Thesis/all-data-reordered/all/CBAA Sinulog Cup International sugdan na.txt
/Users/rl-14/Desktop/Celine-Thesis/all-data-reordered/all/CBCP sa mga deboto:”Dumduma ug puy-i ang sakripisyo ni Kristo”.txt
/Users/rl-14/Desktop/Celine-Thesis/all-data-reordered/all/CBT Fighters-Ormoc kampyon sa DH25 Pocket Tournament.txt
/Users/rl-14/Desktop/Celine-Thesis/all-data-reordered/all/CBTP malampuson sa rehabilitasyon sa mga adik .txt
/Users/rl-14/Desktop/Celine-Thesis/all-data-reordered/all/CCJ warden, 27 guards kutob na lang 'ron: Iral.txt
/Users/rl-14/Desktop/Celine-Thesis/all-data-reordered/all/CCLEX miapil sa Sinulog 2018 seaborne procession.txt
/Users/rl-14/Desktop/Celine-Thesis/all-data-reordered/all/CCMC phase 1 hapit na mahuman .txt
/Users/rl-14/Desktop/Celine-Thesis/all-data-reordered/all/CCNSHS benepisaryo sa GFS sa Globe.txt
/Users/rl-14/Desktop/Celine-Thesis/all-data-reordered/all/CCPO makig-alayon sa 8 ka tunghaan.txt
/Users/rl-14/Desktop/Celine-Thesis/all-data-reordered/all/CCPO mipasalig sa malinawon nga pag-abli sa klase.txt
/Users/rl-14/Desktop/Celine-Thesis/all-data-reordered/all/CCPO motabang pagpangita sa 13 anyos nga giingong gi-rape.txt
/Users/rl-14/Desktop/Celine-Thesis/all-data-reordered/all/CCPO nag-umol og ” Task Force Ungab” nga maoy mututok sa kaso sa pagbanhig patay sa abogado ni Kerwin Espinosa nga si Atty. Jonnah John Ungab.txt
/Users/rl-14/Desktop/Celine-Thesis/all-data-reordered/all/CCS Knights sulod sa crossover.txt
/Users/rl-14/Desktop/Celine-Thesis/all-data-reordered/all/CCSC andam nga mahimong co-host sa SEAG ‘19.txt
/Users/rl-14/Desktop/Celine-Thesis/all-data-reordered/all/CCSC magpabukid  .txt
/Users/rl-14/Desktop/Celine-Thesis/all-data-reordered/all/CCSC mopasiugda og Children's Games .txt
/Users/rl-14/Desktop/Celine-Thesis/all-data-reordered/all/CdeO administrator:” Walay DO nga nadawatan vs OSM”.txt
/Users/rl-14/Desktop/Celine-Thesis/all-data-reordered/all/CdeO based judge,dismayado sa SC crisis.txt
/Users/rl-14/Desktop/Celine-Thesis/all-data-reordered/all/CdeO based transport groups,ipa-isplikar sa konseho.txt
/Users/rl-14/Desktop/Celine-Thesis/all-data-reordered/all/CdeO bishop:”LGU’s angay mopalig-on sa green reforesting area”.txt
/Users/rl-14/Desktop/Celine-Thesis/all-data-reordered/all/CdeO businessmen,giawhag pagbayad buhis.txt
/Users/rl-14/Desktop/Celine-Thesis/all-data-reordered/all/CdeO city council,mokuyog kang OSM pagtabok sa PDP-Laban.txt
/Users/rl-14/Desktop/Celine-Thesis/all-data-reordered/all/CdeO City councilor Ocon, gisuspenso sa Ombudsman.txt
/Users/rl-14/Desktop/Celine-Thesis/all-data-reordered/all/CdeO council,gi-kuwestiyon ang pag-terminate sa COWD general manager.txt
/Users/rl-14/Desktop/Celine-Thesis/all-data-reordered/all/CdeO council,may hagit vs LGU-PNP re pagsanta sa illegal STL operations.txt
/Users/rl-14/Desktop/Celine-Thesis/all-data-reordered/all/CdeO council,wala sa posisyon pag-imbestigar sa USTP controversy.txt
/Users/rl-14/Desktop/Celine-Thesis/all-data-reordered/all/CdeO LGU budget,gikibhangan city council majority.txt
/Users/rl-14/Desktop/Celine-Thesis/all-data-reordered/all/CdeO mayor kang Bambi:”Worse leader” sa MisOr.txt
/Users/rl-14/Desktop/Celine-Thesis/all-data-reordered/all/CdeO mayor kang VYE:”Nag-hallucinate ka lang”.txt
/Users/rl-14/Desktop/Celine-Thesis/all-data-reordered/all/CdeO mayor sa MisOr guv:”Dagan pagka-mayor sa 2019 polls”.txt
/Users/rl-14/Desktop/Celine-Thesis/all-data-reordered/all/CdeO mayor sa Ombudsman case:”Nuisance suit”.txt
/Users/rl-14/Desktop/Celine-Thesis/all-data-reordered/all/CdeO mayor sa TRAIN Law:”Angayan aron makalihok ang gobierno”.txt
/Users/rl-14/Desktop/Celine-Thesis/all-data-reordered/all/CdeO mayor ug Emano,nag-word war sa piso2 lot program.txt
/Users/rl-14/Desktop/Celine-Thesis/all-data-reordered/all/CdeO mayor, likay-komento pagsikop sa 2 Rotoras killing suspects.txt
/Users/rl-14/Desktop/Celine-Thesis/all-data-reordered/all/CdeO mayor,di na makig-harong vs Padayon Pilipino founder?.txt
/Users/rl-14/Desktop/Celine-Thesis/all-data-reordered/all/CdeO mayor,gikasuhan sa 9 counts sa corruption sa Sandiganbayan.txt
/Users/rl-14/Desktop/Celine-Thesis/all-data-reordered/all/CdeO mayor,gikasuha’g kurapsyon sa Sandiganbayan.txt
/Users/rl-14/Desktop/Celine-Thesis/all-data-reordered/all/CdeO mayor,gilahugay ang department heads.txt
/Users/rl-14/Desktop/Celine-Thesis/all-data-reordered/all/CdeO mayor,gipasigarbo ang pagtabok sa PDP-Laban.txt
/Users/rl-14/Desktop/Celine-Thesis/all-data-reordered/all/CdeO mayor,may self-forecast sa CJ’s Sereno impeachment case.txt
/Users/rl-14/Desktop/Celine-Thesis/all-data-reordered/all/CdeO mayor,moduso’g MR re: Ombudsman dismissal order.txt
/Users/rl-14/Desktop/Celine-Thesis/all-data-reordered/all/CdeO mayor,mohurar na sa PDP-Laban.txt
/Users/rl-14/Desktop/Celine-Thesis/all-data-reordered/all/CdeO mayor,motabok na sa PDP-Laban gikan sa LP.txt
/Users/rl-14/Desktop/Celine-Thesis/all-data-reordered/all/CdeO mayor,positibo nga masulbad ang Rotoras killing.txt
/Users/rl-14/Desktop/Celine-Thesis/all-data-reordered/all/CdeO mayor,subli gi-dismiss sa Ombudsman?.txt
/Users/rl-14/Desktop/Celine-Thesis/all-data-reordered/all/CdeO mayor,wa maibot sa Ombudsman dismissal order.txt
/Users/rl-14/Desktop/Celine-Thesis/all-data-reordered/all/CdeO mayor,wala na makurat pagkasikop sa Rotoras POI.txt
/Users/rl-14/Desktop/Celine-Thesis/all-data-reordered/all/CdeO mayor:”Angay idangop sa SC ang Cha-Cha votation sa Kongreso”.txt
/Users/rl-14/Desktop/Celine-Thesis/all-data-reordered/all/CdeO mayor:”MisOr guv,utok sa Ombudsman dismissal order”.txt
/Users/rl-14/Desktop/Celine-Thesis/all-data-reordered/all/CdeO mayor:”P2-M reward mahatag sa Rotoras informants”.txt
/Users/rl-14/Desktop/Celine-Thesis/all-data-reordered/all/CdeO mayorLiquor banno aerial dronesipatuman sa BN traslacion.txt
/Users/rl-14/Desktop/Celine-Thesis/all-data-reordered/all/CdeO Petron All-Stars vs SM NBTC All-Stars karon  SunStar.txt
/Users/rl-14/Desktop/Celine-Thesis/all-data-reordered/all/CdeO Petron All-Stars vs SM NBTC All-Stars karon.txt
/Users/rl-14/Desktop/Celine-Thesis/all-data-reordered/all/CdeO PNP:”Best security,ipatuman sa BN traslacion”.txt
/Users/rl-14/Desktop/Celine-Thesis/all-data-reordered/all/CdeO taxi federation, laraw’ng mag usbaw sa pletihan.txt
/Users/rl-14/Desktop/Celine-Thesis/all-data-reordered/all/CdeO TF Landfill:”No basis ang Iponan River contamination”.txt
/Users/rl-14/Desktop/Celine-Thesis/all-data-reordered/all/CdeO treasurer,laraw lugwayan ang business permits issuance.txt
/Users/rl-14/Desktop/Celine-Thesis/all-data-reordered/all/CdeO VM Uy,di mosibog vs Ombudsman case.txt
/Users/rl-14/Desktop/Celine-Thesis/all-data-reordered/all/CdeO water district manager,gipapha sa puwesto.txt
/Users/rl-14/Desktop/Celine-Thesis/all-data-reordered/all/CdeO water status:”Rio Verde out;MetroPac in”.txt
/Users/rl-14/Desktop/Celine-Thesis/all-data-reordered/all/CdeO,nagka-problema sa daghang basura.txt
/Users/rl-14/Desktop/Celine-Thesis/all-data-reordered/all/CdeO-MisOr chess team usa na ka powerhouse .txt
/Users/rl-14/Desktop/Celine-Thesis/all-data-reordered/all/CdeOs mayor & vice mayor,gipangkasuhan sa DILG?.txt
/Users/rl-14/Desktop/Celine-Thesis/all-data-reordered/all/CdeO’s 1st district solon,nagtoong mopabor ang HRET vs poll protest.txt
/Users/rl-14/Desktop/Celine-Thesis/all-data-reordered/all/CdeO’s Black Nazarene traslacion,kataga’g PNP-AFP forces.txt
/Users/rl-14/Desktop/Celine-Thesis/all-data-reordered/all/CdeO’s CLENRO:”Recycled DRs’,nabulgar sa quarry operations.txt
/Users/rl-14/Desktop/Celine-Thesis/all-data-reordered/all/CdeO’s councilor,nagdumili paghawa bisan Ombudsman suspended?.txt
/Users/rl-14/Desktop/Celine-Thesis/all-data-reordered/all/CdeO’s DepEd asst division officer,gi-relib.txt
/Users/rl-14/Desktop/Celine-Thesis/all-data-reordered/all/CdeO’s fare increase,gilangaw.txt
/Users/rl-14/Desktop/Celine-Thesis/all-data-reordered/all/CdeO’s IMT, gi-activate re bagyong Agaton.txt
/Users/rl-14/Desktop/Celine-Thesis/all-data-reordered/all/CdeO’s mayor, mo-sakripisyo sa politika sa paghiusa.txt
/Users/rl-14/Desktop/Celine-Thesis/all-data-reordered/all/CdeO’s pride Ian Lariba,giyukbuan sa World Olympians Association.txt
/Users/rl-14/Desktop/Celine-Thesis/all-data-reordered/all/CdeO’s Tokhang surrenderee,sikop.txt
/Users/rl-14/Desktop/Celine-Thesis/all-data-reordered/all/CDM 7 andam na sa Sona.txt
/Users/rl-14/Desktop/Celine-Thesis/all-data-reordered/all/CDO vs Bukidnon.txt
/Users/rl-14/Desktop/Celine-Thesis/all-data-reordered/all/CDO-MisOr ipagensayo.txt
/Users/rl-14/Desktop/Celine-Thesis/all-data-reordered/all/CDOBF finals giisbog .txt
/Users/rl-14/Desktop/Celine-Thesis/all-data-reordered/all/CDOBF-PCCL mibunga og panag-usa .txt
/Users/rl-14/Desktop/Celine-Thesis/all-data-reordered/all/CDONHS naghari.txt
/Users/rl-14/Desktop/Celine-Thesis/all-data-reordered/all/CDONHS wala magpalupig.txt
/Users/rl-14/Desktop/Celine-Thesis/all-data-reordered/all/CDONHS, Cugman NHS magsinukliay og asido sa finals.txt
/Users/rl-14/Desktop/Celine-Thesis/all-data-reordered/all/CDRRMD nagpasalamat.txt
/Users/rl-14/Desktop/Celine-Thesis/all-data-reordered/all/CDRRMO, nalipay pagtipas sa TD Agaton sa CdeO.txt
/Users/rl-14/Desktop/Celine-Thesis/all-data-reordered/all/Cebu andam mo-host sa Milo Marathon Nat’l Finals.txt
/Users/rl-14/Desktop/Celine-Thesis/all-data-reordered/all/Cebu Anniversary Run pormal gilusad.txt
/Users/rl-14/Desktop/Celine-Thesis/all-data-reordered/all/Cebu City 80 porsyento na nga andam para sa Barangay ug SK Elections.txt
/Users/rl-14/Desktop/Celine-Thesis/all-data-reordered/all/Cebu City Airsoft Open sa SRP.txt
/Users/rl-14/Desktop/Celine-Thesis/all-data-reordered/all/Cebu City andam na mo-host sa Batang Pinoy.txt
/Users/rl-14/Desktop/Celine-Thesis/all-data-reordered/all/Cebu City di mogasto og dakong kantidad sa pagsaulog sa Charter Day.txt
/Users/rl-14/Desktop/Celine-Thesis/all-data-reordered/all/Cebu City Division Gymnastic Athletes nakalangkat og 14 gold medals sa CVRAA 2018.txt
/Users/rl-14/Desktop/Celine-Thesis/all-data-reordered/all/Cebu City Division nag champion na usab sa CVRAA 2018.txt
/Users/rl-14/Desktop/Celine-Thesis/all-data-reordered/all/Cebu City Division nag-una gihapon sa pinakadaghang nalangkat nga gold medals sa CVRAA 2018.txt
/Users/rl-14/Desktop/Celine-Thesis/all-data-reordered/all/Cebu City Division “confident” nga sila gihapon ang manguna sa medal tally sa CVRAA 2018.txt
/Users/rl-14/Desktop/Celine-Thesis/all-data-reordered/all/Cebu City gihatagan og pasidungog sa EMB.txt
/Users/rl-14/Desktop/Celine-Thesis/all-data-reordered/all/Cebu City Marathon.txt
/Users/rl-14/Desktop/Celine-Thesis/all-data-reordered/all/Cebu City Mayor’s Cup caging nakanselar.txt
/Users/rl-14/Desktop/Celine-Thesis/all-data-reordered/all/Cebu City moabag sa 500 ka kawani sa Metro Ayala.txt
/Users/rl-14/Desktop/Celine-Thesis/all-data-reordered/all/Cebu City naapsan na ang probinsya sa Bohol sa latest medal tally sa CVRAA 2018.txt
/Users/rl-14/Desktop/Celine-Thesis/all-data-reordered/all/Cebu City nag-andam og 14 ka buses kon welga karon makabalda.txt
/Users/rl-14/Desktop/Celine-Thesis/all-data-reordered/all/Cebu City nangita og mga propesyunal.txt
/Users/rl-14/Desktop/Celine-Thesis/all-data-reordered/all/Cebu City overall champ gihapon sa CVIRAA Meet.txt
/Users/rl-14/Desktop/Celine-Thesis/all-data-reordered/all/Cebu City Sinulog Cup basketball invitational andam na mosikad.txt
/Users/rl-14/Desktop/Celine-Thesis/all-data-reordered/all/Cebu City, Mandaue estrikto nga mopatuman sa traffic rules.txt
/Users/rl-14/Desktop/Celine-Thesis/all-data-reordered/all/Cebu D-League giplano  SunStar.txt
/Users/rl-14/Desktop/Celine-Thesis/all-data-reordered/all/Cebu delegations andam na sa CVIRAA.txt
/Users/rl-14/Desktop/Celine-Thesis/all-data-reordered/all/Cebu Digital Marketing Festival ilusad sa Sugbo .txt
/Users/rl-14/Desktop/Celine-Thesis/all-data-reordered/all/Cebu GFC mag-partner  SunStar.txt
/Users/rl-14/Desktop/Celine-Thesis/all-data-reordered/all/Cebu Gov’s Cup volleyball pormal sugdan na karon.txt
/Users/rl-14/Desktop/Celine-Thesis/all-data-reordered/all/Cebu jr. triathletes nangharos.txt
/Users/rl-14/Desktop/Celine-Thesis/all-data-reordered/all/Cebu leg mobulhot.txt
/Users/rl-14/Desktop/Celine-Thesis/all-data-reordered/all/Cebu Marathon 18 nag-usab og rota  SunStar.txt
/Users/rl-14/Desktop/Celine-Thesis/all-data-reordered/all/Cebu Marathon magpa-lechon.txt
/Users/rl-14/Desktop/Celine-Thesis/all-data-reordered/all/Cebu Marathon mobalik sa SRP.txt
/Users/rl-14/Desktop/Celine-Thesis/all-data-reordered/all/Cebu Marathon mosikad karon.txt
/Users/rl-14/Desktop/Celine-Thesis/all-data-reordered/all/Cebu mixed martial arts maaktibo’g balik.txt
/Users/rl-14/Desktop/Celine-Thesis/all-data-reordered/all/Cebu MMA fighter Aki sa ONE.txt
/Users/rl-14/Desktop/Celine-Thesis/all-data-reordered/all/Cebu mo-host og laing dakong chess tourney  .txt
/Users/rl-14/Desktop/Celine-Thesis/all-data-reordered/all/Cebu Movers 2-0; Cebubai daog sab.txt
/Users/rl-14/Desktop/Celine-Thesis/all-data-reordered/all/Cebu napili sa Gawad Kalasag .txt
/Users/rl-14/Desktop/Celine-Thesis/all-data-reordered/all/Cebu napiling host sa Mr. Universe.txt
/Users/rl-14/Desktop/Celine-Thesis/all-data-reordered/all/Cebu No.1 modumbol sa Nat’l Juniors 9-Ball.txt
/Users/rl-14/Desktop/Celine-Thesis/all-data-reordered/all/Cebu Province gipasidunggan sa PSTA.txt
/Users/rl-14/Desktop/Celine-Thesis/all-data-reordered/all/Cebu Province mopahigayo og fun run, futsal tourney sa Agusto.txt
/Users/rl-14/Desktop/Celine-Thesis/all-data-reordered/all/Cebu Province naggahin og P10M alang sa Cviraa sa sunod buwan  .txt
/Users/rl-14/Desktop/Celine-Thesis/all-data-reordered/all/Cebu province nanginahanglan og kapin sa 300 ka doktor.txt
/Users/rl-14/Desktop/Celine-Thesis/all-data-reordered/all/Cebu Province natagak sa competitivenes ning tuiga.txt
/Users/rl-14/Desktop/Celine-Thesis/all-data-reordered/all/Cebu teams sulod sa quarterfinals.txt
/Users/rl-14/Desktop/Celine-Thesis/all-data-reordered/all/Cebu tinuod nga illegal drugs hotspot: Taliño.txt
/Users/rl-14/Desktop/Celine-Thesis/all-data-reordered/all/Cebu Young Talent 3 years na.txt
/Users/rl-14/Desktop/Celine-Thesis/all-data-reordered/all/Cebu, bida sa upcoming primetime serye sa GMA.txt
/Users/rl-14/Desktop/Celine-Thesis/all-data-reordered/all/Cebu, Danao, Lapu-Lapu inilog sa PSC table tennis sa Consolacion.txt
/Users/rl-14/Desktop/Celine-Thesis/all-data-reordered/all/Cebuana maoy pakantahon sa national anthem.txt
/Users/rl-14/Desktop/Celine-Thesis/all-data-reordered/all/Cebuana moapil sa US Cycling race.txt
/Users/rl-14/Desktop/Celine-Thesis/all-data-reordered/all/Cebuana nga Malamposon sa Amerika.txt
/Users/rl-14/Desktop/Celine-Thesis/all-data-reordered/all/Cebuana triathlete nangandam alang sa 2018 ASTC  SunStar.txt
/Users/rl-14/Desktop/Celine-Thesis/all-data-reordered/all/Cebuano 2nd runner up winner sa Bombo Music Festival feeling proud;dako ang pasalamat sa Bombo Radyo sa iyang nakab-ot.txt
/Users/rl-14/Desktop/Celine-Thesis/all-data-reordered/all/Cebuano Taekwondo team pasok sa PGT.txt
/Users/rl-14/Desktop/Celine-Thesis/all-data-reordered/all/Cebuano YouTube sensation mo-perform sa Asean Festival.txt
/Users/rl-14/Desktop/Celine-Thesis/all-data-reordered/all/Cebubai.com sa semis.txt
/Users/rl-14/Desktop/Celine-Thesis/all-data-reordered/all/CebuPac mihimo sa unang biyahe.txt
/Users/rl-14/Desktop/Celine-Thesis/all-data-reordered/all/CEC biktima sab sa tikas.txt
/Users/rl-14/Desktop/Celine-Thesis/all-data-reordered/all/CEFL Respect, Agusto 26.txt
/Users/rl-14/Desktop/Celine-Thesis/all-data-reordered/all/Celebrate love! .txt
/Users/rl-14/Desktop/Celine-Thesis/all-data-reordered/all/Celebrities nga migradwar sa college.txt
/Users/rl-14/Desktop/Celine-Thesis/all-data-reordered/all/Cell phone sa ‘drug courier’ susihon; ginang ikiha.txt
/Users/rl-14/Desktop/Celine-Thesis/all-data-reordered/all/Cell sites ipapawong.txt
/Users/rl-14/Desktop/Celine-Thesis/all-data-reordered/all/Celtics abante sa East finals.txt
/Users/rl-14/Desktop/Celine-Thesis/all-data-reordered/all/Celtics batok Warriors .txt
/Users/rl-14/Desktop/Celine-Thesis/all-data-reordered/all/Celtics gitipi ni Curry, Warriors.txt
/Users/rl-14/Desktop/Celine-Thesis/all-data-reordered/all/Celtics gituhik sa Pelicans.txt
/Users/rl-14/Desktop/Celine-Thesis/all-data-reordered/all/Celtics mas mibangis.txt
/Users/rl-14/Desktop/Celine-Thesis/all-data-reordered/all/Celtics mibuntog sa Timberwolves.txt
/Users/rl-14/Desktop/Celine-Thesis/all-data-reordered/all/Celtics midaog na; dimalas naputol.txt
/Users/rl-14/Desktop/Celine-Thesis/all-data-reordered/all/Celtics nakaipsot.txt
/Users/rl-14/Desktop/Celine-Thesis/all-data-reordered/all/Celtics naunhan  SunStar.txt
/Users/rl-14/Desktop/Celine-Thesis/all-data-reordered/all/Celtics pi-ang nga moasdang.txt
/Users/rl-14/Desktop/Celine-Thesis/all-data-reordered/all/Celtics, 3-2 na.txt
/Users/rl-14/Desktop/Celine-Thesis/all-data-reordered/all/Celtics-Kings sa Mexico.txt
/Users/rl-14/Desktop/Celine-Thesis/all-data-reordered/all/Cemex mitabang sa Uling Elem. School.txt
/Users/rl-14/Desktop/Celine-Thesis/all-data-reordered/all/Cemex Phils. mipalapad sa produksyon sa semento.txt
/Users/rl-14/Desktop/Celine-Thesis/all-data-reordered/all/CentCom andam moabag sa PDEA.txt
/Users/rl-14/Desktop/Celine-Thesis/all-data-reordered/all/Centcom mopakatap og mga sundawo.txt
/Users/rl-14/Desktop/Celine-Thesis/all-data-reordered/all/Centeno, Amit apil.txt
/Users/rl-14/Desktop/Celine-Thesis/all-data-reordered/all/Central DGBI Cumpang feeding activity.txt
/Users/rl-14/Desktop/Celine-Thesis/all-data-reordered/all/Central Visayas 'big fish' isunod?.txt
/Users/rl-14/Desktop/Celine-Thesis/all-data-reordered/all/CEO di na mohimo demolisyon ilawom sa tulay sa Bolton.txt
/Users/rl-14/Desktop/Celine-Thesis/all-data-reordered/all/Cepalco dili na magbrown-out.txt
/Users/rl-14/Desktop/Celine-Thesis/all-data-reordered/all/Cepca annivesary tourney sugdan na.txt
/Users/rl-14/Desktop/Celine-Thesis/all-data-reordered/all/Cepca mogamit og bag-ong format.txt
/Users/rl-14/Desktop/Celine-Thesis/all-data-reordered/all/Cepca monthly tournament sa J Center Mall.txt
/Users/rl-14/Desktop/Celine-Thesis/all-data-reordered/all/Ceremonial switching gibuksan .txt
/Users/rl-14/Desktop/Celine-Thesis/all-data-reordered/all/Ceremonial switching gipangulohan ni PNoy.txt
/Users/rl-14/Desktop/Celine-Thesis/all-data-reordered/all/Ceres bus mipaumentog P10.txt
/Users/rl-14/Desktop/Celine-Thesis/all-data-reordered/all/Certificate ihatag.txt
/Users/rl-14/Desktop/Celine-Thesis/all-data-reordered/all/Certified crowd drawer ‘Doble Kara Singing Contest’ sa Bombo Radyo, magpahigayon og audition karong adlaw.txt
/Users/rl-14/Desktop/Celine-Thesis/all-data-reordered/all/Cesafi andam nang mosugod sa Aug. 5.txt
/Users/rl-14/Desktop/Celine-Thesis/all-data-reordered/all/CESAFI balanse.txt
/Users/rl-14/Desktop/Celine-Thesis/all-data-reordered/all/Cesafi mipili’g bag-ong pres..txt
/Users/rl-14/Desktop/Celine-Thesis/all-data-reordered/all/Cesafi players pasumiteron og ECG cert..txt
/Users/rl-14/Desktop/Celine-Thesis/all-data-reordered/all/Cesafi teams gipasidan-an.txt
/Users/rl-14/Desktop/Celine-Thesis/all-data-reordered/all/Cesar gibweltahan ang PAL.txt
/Users/rl-14/Desktop/Celine-Thesis/all-data-reordered/all/Cesar gitudlong COO sa TBP.txt
/Users/rl-14/Desktop/Celine-Thesis/all-data-reordered/all/CFR kasohan na sa PRO 7.txt
/Users/rl-14/Desktop/Celine-Thesis/all-data-reordered/all/CFR pasakahan og kaso sa Lapu-Lapu.txt
/Users/rl-14/Desktop/Celine-Thesis/all-data-reordered/all/Cha-cha dili angayang solohon sa Kongreso hangyo sa katawhan angayang paminawon , sigon ni ex-Sen. Nene Pimentel.txt
/Users/rl-14/Desktop/Celine-Thesis/all-data-reordered/all/Cha-Cha hearing,gidala sa CdeO.txt
/Users/rl-14/Desktop/Celine-Thesis/all-data-reordered/all/Cha-Cha via Con-Ass,gisaway sa CdeO.txt
/Users/rl-14/Desktop/Celine-Thesis/all-data-reordered/all/Chair sa Committee in Agriculture and Food, gi-awhag ang NFA nga paspasan ang pag-angkat ug bugas.txt
/Users/rl-14/Desktop/Celine-Thesis/all-data-reordered/all/Challenger mibira sa unang dugo!.txt
/Users/rl-14/Desktop/Celine-Thesis/all-data-reordered/all/Challenger ni Ancajas masaligon.txt
/Users/rl-14/Desktop/Celine-Thesis/all-data-reordered/all/Challenger ni Nietes miabot og sayo.txt
/Users/rl-14/Desktop/Celine-Thesis/all-data-reordered/all/Chalmers gibuhian sa Heat.txt
/Users/rl-14/Desktop/Celine-Thesis/all-data-reordered/all/Chalmers na-injured, gi-waived sa Memphis.txt
/Users/rl-14/Desktop/Celine-Thesis/all-data-reordered/all/Champion na sab!.txt
/Users/rl-14/Desktop/Celine-Thesis/all-data-reordered/all/Championship rematch sa Punta Princesa: UV vs. UC.txt
/Users/rl-14/Desktop/Celine-Thesis/all-data-reordered/all/Chan gihangyo sa CHR paghunong sa shame campaign.txt
/Users/rl-14/Desktop/Celine-Thesis/all-data-reordered/all/Chan magpabilin sa Rain or Shine.txt
/Users/rl-14/Desktop/Celine-Thesis/all-data-reordered/all/Chan mibahad may mauwawan pa.txt
/Users/rl-14/Desktop/Celine-Thesis/all-data-reordered/all/Chan, Rain or Shine magbuwag na.txt
/Users/rl-14/Desktop/Celine-Thesis/all-data-reordered/all/Charice nangandam na sa iyang kasal.txt
/Users/rl-14/Desktop/Celine-Thesis/all-data-reordered/all/Charo Santos-Concio sa 43rd Emmy Awards Gala.txt
/Users/rl-14/Desktop/Celine-Thesis/all-data-reordered/all/Chavez Jr. ma-TKO .txt
/Users/rl-14/Desktop/Celine-Thesis/all-data-reordered/all/CHEd 7 mitugot sa CCC nga motanyag og B.S. Criminology.txt
/Users/rl-14/Desktop/Celine-Thesis/all-data-reordered/all/Ched Davao Region nalipay sa libreng matrikula.txt
/Users/rl-14/Desktop/Celine-Thesis/all-data-reordered/all/Chengdu, Cebu Cities milagda og MOU alang sa sisterhood program.txt
/Users/rl-14/Desktop/Celine-Thesis/all-data-reordered/all/Cherie Gil nagwalk-out sa interbyu  .txt
/Users/rl-14/Desktop/Celine-Thesis/all-data-reordered/all/Cherry Mae Dayo buot magtudlo sa rural area  SunStar.txt
/Users/rl-14/Desktop/Celine-Thesis/all-data-reordered/all/Cherrymae Dayo gilubong na.txt
/Users/rl-14/Desktop/Celine-Thesis/all-data-reordered/all/Chess player namatay atol sa CEPCA tourney.txt
/Users/rl-14/Desktop/Celine-Thesis/all-data-reordered/all/Chess sa James Bond.txt
/Users/rl-14/Desktop/Celine-Thesis/all-data-reordered/all/CHH Mandaue nagtinguha nga hatagan og tax credits.txt
/Users/rl-14/Desktop/Celine-Thesis/all-data-reordered/all/Chief legal officer sa DAR sapon sa drug operation.txt
/Users/rl-14/Desktop/Celine-Thesis/all-data-reordered/all/Children's Games sa Talisay City gihangop ni Cabigas.txt
/Users/rl-14/Desktop/Celine-Thesis/all-data-reordered/all/Children's Institute pabarugon sa sulod sa tugkaran sa SPMC.txt
/Users/rl-14/Desktop/Celine-Thesis/all-data-reordered/all/Children’s Library sa RAFC, gibuksan.txt
/Users/rl-14/Desktop/Celine-Thesis/all-data-reordered/all/China gilubong sa US.txt
/Users/rl-14/Desktop/Celine-Thesis/all-data-reordered/all/China nihatag og listahan sa mga drug lords, 3M pinoy adik.txt
/Users/rl-14/Desktop/Celine-Thesis/all-data-reordered/all/Chinese national mihimakak sa pag-hit and run.txt
/Users/rl-14/Desktop/Celine-Thesis/all-data-reordered/all/Chinese New year gisaulog sa Oro.txt
/Users/rl-14/Desktop/Celine-Thesis/all-data-reordered/all/Chinese New Year sa Davao 'mas lingaw' karong tuiga.txt
/Users/rl-14/Desktop/Celine-Thesis/all-data-reordered/all/Chinese Spring Festival sa Cebu.txt
/Users/rl-14/Desktop/Celine-Thesis/all-data-reordered/all/Chism gikuha’g balik sa Elasto Painters.txt
/Users/rl-14/Desktop/Celine-Thesis/all-data-reordered/all/CHO adunay pahimangno kalabot sa sobrang kainit sa panahon.txt
/Users/rl-14/Desktop/Celine-Thesis/all-data-reordered/all/CHO mihimangno batok sa mga sakit sa ting-init .txt
/Users/rl-14/Desktop/Celine-Thesis/all-data-reordered/all/CHO naglugway sa ORI.txt
/Users/rl-14/Desktop/Celine-Thesis/all-data-reordered/all/CHO nanlimbasog n ga dili na masundan ang napatay sa Leptospirosis.txt
/Users/rl-14/Desktop/Celine-Thesis/all-data-reordered/all/CHO: Dili mag-panic.txt
/Users/rl-14/Desktop/Celine-Thesis/all-data-reordered/all/Chot balik sa Gilas.txt
/Users/rl-14/Desktop/Celine-Thesis/all-data-reordered/all/CHR misusi kon CPDRC nakadawat sa med certificate.txt
/Users/rl-14/Desktop/Celine-Thesis/all-data-reordered/all/Chris Bosh di makaapil sa All-Star.txt
/Users/rl-14/Desktop/Celine-Thesis/all-data-reordered/all/Christmas Sports Fest gisudan sa 4ID.txt
/Users/rl-14/Desktop/Celine-Thesis/all-data-reordered/all/Chynna enjoy nga bading ang bana.txt
/Users/rl-14/Desktop/Celine-Thesis/all-data-reordered/all/Chynna inspired sa iyang tomboy role.txt
/Users/rl-14/Desktop/Celine-Thesis/all-data-reordered/all/Chynna Ortaleza gipasabot nganong galikay sa social media.txt
/Users/rl-14/Desktop/Celine-Thesis/all-data-reordered/all/Ciar: Abigail Abion, `Kembotitas’ Grand Champion .txt
/Users/rl-14/Desktop/Celine-Thesis/all-data-reordered/all/Ciar: Barbie Forteza, 'Meant to be' ang pagsikat.txt
/Users/rl-14/Desktop/Celine-Thesis/all-data-reordered/all/Ciar: Bea Alonzo and Gerald Anderson "How to be yours".txt
/Users/rl-14/Desktop/Celine-Thesis/all-data-reordered/all/Ciar: DJ Kimyat ug DJ Chixie, dear MOR sa 97.1 for life.txt
/Users/rl-14/Desktop/Celine-Thesis/all-data-reordered/all/Ciar: Fernando Alvarez, Pinoy sa kasingkasing ug hunahuna.txt
/Users/rl-14/Desktop/Celine-Thesis/all-data-reordered/all/Ciar: Gerald Anderson nahagit sa 'LizQuen'.txt
/Users/rl-14/Desktop/Celine-Thesis/all-data-reordered/all/Ciar: Jay Kummer “Dodoy” S. Teberio, Tubig Queen himoan og salida.txt
/Users/rl-14/Desktop/Celine-Thesis/all-data-reordered/all/Ciar: Jericho 'Echo' Rosales, 'Ikaw ang Bida'.txt
/Users/rl-14/Desktop/Celine-Thesis/all-data-reordered/all/Ciar: John Lloyd and Bea, a Second Chance: Cebu Presscon.txt
/Users/rl-14/Desktop/Celine-Thesis/all-data-reordered/all/Ciar: Jude Gitamondoc ug Roy Ucat, hitmakers sa Hahaha-hasula.txt
/Users/rl-14/Desktop/Celine-Thesis/all-data-reordered/all/Ciar: Luke Mejares, the Blackbird of Asia.txt
/Users/rl-14/Desktop/Celine-Thesis/all-data-reordered/all/Ciar: Maine and Alden, kilig moments sa first anniversary.txt
/Users/rl-14/Desktop/Celine-Thesis/all-data-reordered/all/Ciar: Maine ug Alden, happy sa Bebe Love experience.txt
/Users/rl-14/Desktop/Celine-Thesis/all-data-reordered/all/Ciar: Maria Paula Vega Espina, Eat Bulaga's Super Sireyna.txt
/Users/rl-14/Desktop/Celine-Thesis/all-data-reordered/all/Ciar: Marielle Montellano, tawag ng Tanghalan Grand Finalist.txt
/Users/rl-14/Desktop/Celine-Thesis/all-data-reordered/all/Ciar: Marielle Montellano: Sa Kapakyasan ug Kadaugan.txt
/Users/rl-14/Desktop/Celine-Thesis/all-data-reordered/all/Ciar: Mark Herras, seryuso sa bag-ong lovelife.txt
/Users/rl-14/Desktop/Celine-Thesis/all-data-reordered/all/Ciar: Mga pasiaw, awit ug kinabuhi ni Jun Villarta.txt
/Users/rl-14/Desktop/Celine-Thesis/all-data-reordered/all/Ciar: MMFF nagbinag-o, makaayo kaha?.txt
/Users/rl-14/Desktop/Celine-Thesis/all-data-reordered/all/Ciar: My Unforgettable Semana Santa.txt
/Users/rl-14/Desktop/Celine-Thesis/all-data-reordered/all/Ciar: Nikki Gil, love revisited.txt
/Users/rl-14/Desktop/Celine-Thesis/all-data-reordered/all/Ciar: Paul, Christian ug Jason, gentlemen of the Philippines.txt
/Users/rl-14/Desktop/Celine-Thesis/all-data-reordered/all/Ciar: Piolo Pascual, 'An opportunity not a challenge'.txt
/Users/rl-14/Desktop/Celine-Thesis/all-data-reordered/all/Ciar: Q&A with LizQuen.txt
/Users/rl-14/Desktop/Celine-Thesis/all-data-reordered/all/Ciar: Regine Velasquez, 30 ka kanta sa 30 ka tuig.txt
/Users/rl-14/Desktop/Celine-Thesis/all-data-reordered/all/Ciar: Sunday pinasaya mas busog sa kasadya.txt
/Users/rl-14/Desktop/Celine-Thesis/all-data-reordered/all/Ciar: Talent + beauty + harmony = The Power Trio.txt
/Users/rl-14/Desktop/Celine-Thesis/all-data-reordered/all/Ciar: The Achy Breaky Hearts, movie presscon sa Cebu.txt
/Users/rl-14/Desktop/Celine-Thesis/all-data-reordered/all/Ciar: The Love Affair, the Cebu Presscon.txt
/Users/rl-14/Desktop/Celine-Thesis/all-data-reordered/all/Ciar: The Raes, ang pamilyang gibugkos sa musika.txt
/Users/rl-14/Desktop/Celine-Thesis/all-data-reordered/all/CICC dayunon pagpalit sa Mandaue.txt
/Users/rl-14/Desktop/Celine-Thesis/all-data-reordered/all/CICC palambuon sa Mandaue.txt
/Users/rl-14/Desktop/Celine-Thesis/all-data-reordered/all/CIDG eleven padayon ang kampanya batok loose firearms.txt
/Users/rl-14/Desktop/Celine-Thesis/all-data-reordered/all/CIDG target ang loose firearms sa Davao del Sur.txt
/Users/rl-14/Desktop/Celine-Thesis/all-data-reordered/all/CIDG, nakiglambigit sa buhatan sa DPWH kalabut sa Road right of way scam.txt
/Users/rl-14/Desktop/Celine-Thesis/all-data-reordered/all/CIDG: Tagum Death Squad nagpahulay.txt
/Users/rl-14/Desktop/Celine-Thesis/all-data-reordered/all/Cignal usa na lang ka tikang sa finals.txt
/Users/rl-14/Desktop/Celine-Thesis/all-data-reordered/all/CIT-U kampyon sa Alberto's Bowlingfest.txt
/Users/rl-14/Desktop/Celine-Thesis/all-data-reordered/all/Citom, DPS hatagan og incentives.txt
/Users/rl-14/Desktop/Celine-Thesis/all-data-reordered/all/Citrasco aircon jeepneys nalangay: Yu.txt
/Users/rl-14/Desktop/Celine-Thesis/all-data-reordered/all/Citrasco mipugong sa gipangayo nga usbaw sa plite.txt
/Users/rl-14/Desktop/Celine-Thesis/all-data-reordered/all/Citrasco nagplanong P10 ang iduso nga minimum nga pletihan.txt
/Users/rl-14/Desktop/Celine-Thesis/all-data-reordered/all/City admin, Cenro gimandoan susihon ilegal nga establisemento.txt
/Users/rl-14/Desktop/Celine-Thesis/all-data-reordered/all/City arnisadors target makabulawan sa Davraa.txt
/Users/rl-14/Desktop/Celine-Thesis/all-data-reordered/all/City Central Stingers daug pag-abri sa 13th Loyola Cup.txt
/Users/rl-14/Desktop/Celine-Thesis/all-data-reordered/all/City Council, wala pa nakadawat ug tubag gikan sa Office of the President kalabot sa resignation ni Polong.txt
/Users/rl-14/Desktop/Celine-Thesis/all-data-reordered/all/City hall employees,positibo paggamit sa droga sa CdeO.txt
/Users/rl-14/Desktop/Celine-Thesis/all-data-reordered/all/City hall gidala sa barangay.txt
/Users/rl-14/Desktop/Celine-Thesis/all-data-reordered/all/City Hall mo-ebalwar sa mga tanod, loader: mayor.txt
/Users/rl-14/Desktop/Celine-Thesis/all-data-reordered/all/City Hall wa na motugot sa Apas paggamit sa luna.txt
/Users/rl-14/Desktop/Celine-Thesis/all-data-reordered/all/City Health nakatala og 2 tawo patay sa leptospirosis.txt
/Users/rl-14/Desktop/Celine-Thesis/all-data-reordered/all/City Health Office tutok usab sa dengue gawas sa nagkataas nga ihap sa kaso sa tipdas.txt
/Users/rl-14/Desktop/Celine-Thesis/all-data-reordered/all/City Health Office, nakatala ug ubos nga ihap sa mga biktima sa Dengue.txt
/Users/rl-14/Desktop/Celine-Thesis/all-data-reordered/all/City High, Agusan NHS mag-ilog sa liderato.txt
/Users/rl-14/Desktop/Celine-Thesis/all-data-reordered/all/City High, Lapasan wala pa’y tatsa.txt
/Users/rl-14/Desktop/Celine-Thesis/all-data-reordered/all/City High, SHJMHS sa finals.txt
/Users/rl-14/Desktop/Celine-Thesis/all-data-reordered/all/City Housing and Land Management Office ilusad ang Project Heart sa mga Home for Boys and Girls.txt
/Users/rl-14/Desktop/Celine-Thesis/all-data-reordered/all/City jail `gi-taphang’ kay `palusot’ sa drugs padayon.txt
/Users/rl-14/Desktop/Celine-Thesis/all-data-reordered/all/City Legal Office bahala na sa isyu sa pagpangawat ug ligid sa engineers office.txt
/Users/rl-14/Desktop/Celine-Thesis/all-data-reordered/all/City Mayor Moreno, kumpirmadong gi-dismiss sa Ombudsman.txt
/Users/rl-14/Desktop/Celine-Thesis/all-data-reordered/all/City Memorial Park dunay kapin 200 mil ka lubong .txt
/Users/rl-14/Desktop/Celine-Thesis/all-data-reordered/all/City Olympics sugdan.txt
/Users/rl-14/Desktop/Celine-Thesis/all-data-reordered/all/City Population Management Office, uyon sa dissolution of marriage.txt
/Users/rl-14/Desktop/Celine-Thesis/all-data-reordered/all/City Tourism Office mapasalamaton sa nakab-ot nga kalampusan.txt
/Users/rl-14/Desktop/Celine-Thesis/all-data-reordered/all/City Tourism Office milaum nga dako ang impact sa Araw ng Dabaw karong tuiga.txt
/Users/rl-14/Desktop/Celine-Thesis/all-data-reordered/all/City Treasurer’s Office, masaligon nga makab-ot ang ilang target collection sa 2018.txt
/Users/rl-14/Desktop/Celine-Thesis/all-data-reordered/all/City Triathlon gikanselar.txt
/Users/rl-14/Desktop/Celine-Thesis/all-data-reordered/all/City Vet, nanawagan sa publiko nga pabakunahan ang mga iro.txt
/Users/rl-14/Desktop/Celine-Thesis/all-data-reordered/all/City Veterinary Office, padayon sa pagpanakop sa mga galatagaw nga iro.txt
/Users/rl-14/Desktop/Celine-Thesis/all-data-reordered/all/Civil Service Friendships Games karong Lunes.txt
/Users/rl-14/Desktop/Celine-Thesis/all-data-reordered/all/Civil volunteer organization, gipusil-patay!.txt
/Users/rl-14/Desktop/Celine-Thesis/all-data-reordered/all/Clamp gipusil sa tag-iya sa awto.txt
/Users/rl-14/Desktop/Celine-Thesis/all-data-reordered/all/Clarin ubos na sa state of calamity.txt
/Users/rl-14/Desktop/Celine-Thesis/all-data-reordered/all/Clarkson andam gihapon.txt
/Users/rl-14/Desktop/Celine-Thesis/all-data-reordered/all/Clarkson gipamulta sa NBA.txt
/Users/rl-14/Desktop/Celine-Thesis/all-data-reordered/all/Clarkson gireklamo og sexual harassment.txt
/Users/rl-14/Desktop/Celine-Thesis/all-data-reordered/all/Clarkson gireklamo'g sexual harassment.txt
/Users/rl-14/Desktop/Celine-Thesis/all-data-reordered/all/Clarkson gitugtan sa LA Lakers nga moduwa sa Gilas Pilipinas.txt
/Users/rl-14/Desktop/Celine-Thesis/all-data-reordered/all/Clarkson gusto moduwa sa Gilas.txt
/Users/rl-14/Desktop/Celine-Thesis/all-data-reordered/all/Clarkson mapasalamaton sa suporta sa mga Pinoy.txt
/Users/rl-14/Desktop/Celine-Thesis/all-data-reordered/all/Clarkson mipadaog sa Lakers vs. Knicks.txt
/Users/rl-14/Desktop/Celine-Thesis/all-data-reordered/all/Clarkson misuporta sa Gilas.txt
/Users/rl-14/Desktop/Celine-Thesis/all-data-reordered/all/Clarkson nabalaka sa mga naapektuhan sa bagyong Lando.txt
/Users/rl-14/Desktop/Celine-Thesis/all-data-reordered/all/Clarkson nadismaya’ng dili makaduwa sa Gilas Pilipinas.txt
/Users/rl-14/Desktop/Celine-Thesis/all-data-reordered/all/Clarkson nag-training og arnis; gustong mobisita sa Sugbo.txt
/Users/rl-14/Desktop/Celine-Thesis/all-data-reordered/all/Clarkson nalakip sa Team USA sa All-Star copy.txt
/Users/rl-14/Desktop/Celine-Thesis/all-data-reordered/all/Clarkson nalakip sa Team USA sa All-Star.txt
/Users/rl-14/Desktop/Celine-Thesis/all-data-reordered/all/Clarkson nanghinaot nga Gilas makaabante sa Rio.txt
/Users/rl-14/Desktop/Celine-Thesis/all-data-reordered/all/Clarkson pursigido nga moduwa sa Gilas .txt
/Users/rl-14/Desktop/Celine-Thesis/all-data-reordered/all/Clarkson, Tautuaa dili kuwalipikado sa Gilas.txt
/Users/rl-14/Desktop/Celine-Thesis/all-data-reordered/all/Clarkson, Young suportado sa LA Lakers management.txt
/Users/rl-14/Desktop/Celine-Thesis/all-data-reordered/all/Classrooms sa nasod kuwang: Sec. Briones .txt
/Users/rl-14/Desktop/Celine-Thesis/all-data-reordered/all/Claudine gitawag si Raymart ug ‘talawan’.txt
/Users/rl-14/Desktop/Celine-Thesis/all-data-reordered/all/Claudine nisang-at og reklamo batok sa bashers sa anak.txt
/Users/rl-14/Desktop/Celine-Thesis/all-data-reordered/all/Claudine ratsada sa trabaho bisan nasakit.txt
/Users/rl-14/Desktop/Celine-Thesis/all-data-reordered/all/Claudine ready na nga mahigugma og usab.txt
/Users/rl-14/Desktop/Celine-Thesis/all-data-reordered/all/Claudine ug Raymart miselyo'g kasabutan.txt
/Users/rl-14/Desktop/Celine-Thesis/all-data-reordered/all/Claudine very proud nga friend na si Raymart.txt
/Users/rl-14/Desktop/Celine-Thesis/all-data-reordered/all/Clazzitals kids mag-perform sa 20th SuperBalita anniversary.txt
/Users/rl-14/Desktop/Celine-Thesis/all-data-reordered/all/Clazzitals mibaid sa mga batan-ong music talents sa CdeO .txt
/Users/rl-14/Desktop/Celine-Thesis/all-data-reordered/all/Clearing operation ipatuman dili lamang sa Cogon.txt
/Users/rl-14/Desktop/Celine-Thesis/all-data-reordered/all/Cleveland nag-revamp.txt
/Users/rl-14/Desktop/Celine-Thesis/all-data-reordered/all/Cleveland nagpaabot sa modaog.txt
/Users/rl-14/Desktop/Celine-Thesis/all-data-reordered/all/Cleveland nagyagaw.txt
/Users/rl-14/Desktop/Celine-Thesis/all-data-reordered/all/Cleveland, Golden State mag-abot sa NBA finals: Hontiveros, Padilla.txt
/Users/rl-14/Desktop/Celine-Thesis/all-data-reordered/all/CLI miabli sa Casa Mira sa Sibulan.txt
/Users/rl-14/Desktop/Celine-Thesis/all-data-reordered/all/CLI mideklarar og P0.15 per share; P250 M  milusad sa buyback program.txt
/Users/rl-14/Desktop/Celine-Thesis/all-data-reordered/all/Climbs sulod sa quarterfinals.txt
/Users/rl-14/Desktop/Celine-Thesis/all-data-reordered/all/Clippers mosuway og tapos sa series batok Rockets.txt
/Users/rl-14/Desktop/Celine-Thesis/all-data-reordered/all/Clippers nag-una.txt
/Users/rl-14/Desktop/Celine-Thesis/all-data-reordered/all/Clippers, 10-1.txt
/Users/rl-14/Desktop/Celine-Thesis/all-data-reordered/all/Clippers, 13-2.txt
/Users/rl-14/Desktop/Celine-Thesis/all-data-reordered/all/CLJV napiliang motukod sa ikatulo nga taytayan.txt
/Users/rl-14/Desktop/Celine-Thesis/all-data-reordered/all/Closed Season dakong tabang sa mananagat.txt
/Users/rl-14/Desktop/Celine-Thesis/all-data-reordered/all/Club wa makabayad og buhis  sa Mandaue .txt
/Users/rl-14/Desktop/Celine-Thesis/all-data-reordered/all/COA mipasidaan sa mga opisyal sa Mandaue labot sa honorarium.txt
/Users/rl-14/Desktop/Celine-Thesis/all-data-reordered/all/Coach A basketball clinic sa Sacred Heart old campus.txt
/Users/rl-14/Desktop/Celine-Thesis/all-data-reordered/all/Coach bilib ni Romeo, Abueva.txt
/Users/rl-14/Desktop/Celine-Thesis/all-data-reordered/all/Coach Diaz: Defend Alvin!.txt
/Users/rl-14/Desktop/Celine-Thesis/all-data-reordered/all/Coach Guiao pabor sa Golden State.txt
/Users/rl-14/Desktop/Celine-Thesis/all-data-reordered/all/Coach Kerr nagpanikad na nga mobalik.txt
/Users/rl-14/Desktop/Celine-Thesis/all-data-reordered/all/Coach Reroma balik Don Bosco.txt
/Users/rl-14/Desktop/Celine-Thesis/all-data-reordered/all/Coach Roach, dili biyaan si Pacquiao-segon sa boxing analyst.txt
/Users/rl-14/Desktop/Celine-Thesis/all-data-reordered/all/Coach sa Cavaliers gitaktak; Blatt mapasigarbuhon sa naabot.txt
/Users/rl-14/Desktop/Celine-Thesis/all-data-reordered/all/Coach sa Cavaliers midayeg sa RP team .txt
/Users/rl-14/Desktop/Celine-Thesis/all-data-reordered/all/Coach sa Indiana di kuhaon og balik.txt
/Users/rl-14/Desktop/Celine-Thesis/all-data-reordered/all/Coach sa Kia Picanto miluwat.txt
/Users/rl-14/Desktop/Celine-Thesis/all-data-reordered/all/Coach sa Lakers gitaktak; wala pay ikapuli.txt
/Users/rl-14/Desktop/Celine-Thesis/all-data-reordered/all/Coach sa Memphis gitaktak.txt
/Users/rl-14/Desktop/Celine-Thesis/all-data-reordered/all/Coach sa Pilipinas Aguilas miluwat.txt
/Users/rl-14/Desktop/Celine-Thesis/all-data-reordered/all/Coach sa UV gisuspenso.txt
/Users/rl-14/Desktop/Celine-Thesis/all-data-reordered/all/Coaches, supporters nalingaw sa Elite 60.txt
/Users/rl-14/Desktop/Celine-Thesis/all-data-reordered/all/Cobra Ironman 70.3 sa Cebu pang-world class.txt
/Users/rl-14/Desktop/Celine-Thesis/all-data-reordered/all/Cobras palig-unon.txt
/Users/rl-14/Desktop/Celine-Thesis/all-data-reordered/all/COC mangulo sa Tablon Inter-Collegiate Basketball .txt
/Users/rl-14/Desktop/Celine-Thesis/all-data-reordered/all/COC mibira sa Game 1.txt
/Users/rl-14/Desktop/Celine-Thesis/all-data-reordered/all/Cocaine naghulga sa nasod.txt
/Users/rl-14/Desktop/Celine-Thesis/all-data-reordered/all/Coco bilib ni Anne.txt
/Users/rl-14/Desktop/Celine-Thesis/all-data-reordered/all/Coco bongga og balay.txt
/Users/rl-14/Desktop/Celine-Thesis/all-data-reordered/all/Coco di masukod ang kalipay sa success sa SPG.txt
/Users/rl-14/Desktop/Celine-Thesis/all-data-reordered/all/Coco na-starstruck kang PNP Chief Bato.txt
/Users/rl-14/Desktop/Celine-Thesis/all-data-reordered/all/Coco nag-New Year kauban ang mga taong importante kaniya.txt
/Users/rl-14/Desktop/Celine-Thesis/all-data-reordered/all/Coco nangita na sa iyang Ms. Right.txt
/Users/rl-14/Desktop/Celine-Thesis/all-data-reordered/all/Coco wala katingog!.txt
/Users/rl-14/Desktop/Celine-Thesis/all-data-reordered/all/COCPO,gipanganti ang pagsikop sa daghang HVTs.txt
/Users/rl-14/Desktop/Celine-Thesis/all-data-reordered/all/Cogie malaumon magpadayon ang blessings sa showbiz.txt
/Users/rl-14/Desktop/Celine-Thesis/all-data-reordered/all/Cogie milimod nga pusher, user.txt
/Users/rl-14/Desktop/Celine-Thesis/all-data-reordered/all/Cojuangco, POC di motuman sa mando sa sa korte?.txt
/Users/rl-14/Desktop/Celine-Thesis/all-data-reordered/all/Cojuangco, POC miapelar sa korte.txt
/Users/rl-14/Desktop/Celine-Thesis/all-data-reordered/all/Coldplay vocalist mibisita sa fan nga dunay cancer .txt
/Users/rl-14/Desktop/Celine-Thesis/all-data-reordered/all/Coleen and Billy gipasilip ilang mansyon.txt
/Users/rl-14/Desktop/Celine-Thesis/all-data-reordered/all/Coleen dunay bag-ong pelikula.txt
/Users/rl-14/Desktop/Celine-Thesis/all-data-reordered/all/Coleen feel mag-comedy.txt
/Users/rl-14/Desktop/Celine-Thesis/all-data-reordered/all/Coleen nadalian sa love scene kang Piolo.txt
/Users/rl-14/Desktop/Celine-Thesis/all-data-reordered/all/Coleen nagwala sa Sin Island?.txt
/Users/rl-14/Desktop/Celine-Thesis/all-data-reordered/all/Coliseum giayo.txt
/Users/rl-14/Desktop/Celine-Thesis/all-data-reordered/all/Collector sa Mercado gireklamong nanapat .txt
/Users/rl-14/Desktop/Celine-Thesis/all-data-reordered/all/Color coding sa PUJ makaapekto sa Lapu apan gisuportahan.txt
/Users/rl-14/Desktop/Celine-Thesis/all-data-reordered/all/Color coding scheme sa traysikol sa Mingla.txt
/Users/rl-14/Desktop/Celine-Thesis/all-data-reordered/all/Color fun run mosikad karong buntag sa Ayala.txt
/Users/rl-14/Desktop/Celine-Thesis/all-data-reordered/all/Comedy Queen ginalikayan si Kris.txt
/Users/rl-14/Desktop/Celine-Thesis/all-data-reordered/all/Comelec andam na sa SK ug Barangay Election .txt
/Users/rl-14/Desktop/Celine-Thesis/all-data-reordered/all/Comelec Cebu Province mipasidaan sa mga botante batok narco-politics .txt
/Users/rl-14/Desktop/Celine-Thesis/all-data-reordered/all/Comelec dili maapektohana: Gujilde.txt
/Users/rl-14/Desktop/Celine-Thesis/all-data-reordered/all/Comelec dili pa makaseguro kung masuspende ang mga umaabot nga eleksyon.txt
/Users/rl-14/Desktop/Celine-Thesis/all-data-reordered/all/Comelec full blast sa pagpangandam sa eleksiyon sa barangay: Castillano.txt
/Users/rl-14/Desktop/Celine-Thesis/all-data-reordered/all/Comelec Lapu mangrehistro sa mga barangay.txt
/Users/rl-14/Desktop/Celine-Thesis/all-data-reordered/all/Comelec mideklarar ni Alcover nga mananaug batok kang Guardo sa 2013.txt
/Users/rl-14/Desktop/Celine-Thesis/all-data-reordered/all/Comelec miluwat og TRO pabor kang Diamante.txt
/Users/rl-14/Desktop/Celine-Thesis/all-data-reordered/all/Comelec mimando pagpalangkat sa mga campaign materials .txt
/Users/rl-14/Desktop/Celine-Thesis/all-data-reordered/all/Comelec mipagawas og guidelines sa pagsang-at og COC.txt
/Users/rl-14/Desktop/Celine-Thesis/all-data-reordered/all/Comelec mopahigayon og registration sa mga barangay.txt
/Users/rl-14/Desktop/Celine-Thesis/all-data-reordered/all/Comelec nanginahangla'g dugang pundo: Castillano.txt
/Users/rl-14/Desktop/Celine-Thesis/all-data-reordered/all/Comelec office gilangaw.txt
/Users/rl-14/Desktop/Celine-Thesis/all-data-reordered/all/Comelec preps sa Brgy ug SK elections magpadayon re pag-oktaba.txt
/Users/rl-14/Desktop/Celine-Thesis/all-data-reordered/all/Comelec Talisay City andam na sa eleksyon karong Mayo 2018.txt
/Users/rl-14/Desktop/Celine-Thesis/all-data-reordered/all/Comelec, andam na alang sa umalabot piliay ning tuiga.txt
/Users/rl-14/Desktop/Celine-Thesis/all-data-reordered/all/Comelec, Gaisano Grand Malls naghiusa sa kampanya.txt
/Users/rl-14/Desktop/Celine-Thesis/all-data-reordered/all/Comelec, milusad sa public consultation sa brgy ug SK elections sa syudad.txt
/Users/rl-14/Desktop/Celine-Thesis/all-data-reordered/all/Comelec,mohimo’g konsultasyon re Brgy & SK polls sa Mindanao.txt
/Users/rl-14/Desktop/Celine-Thesis/all-data-reordered/all/Comelec,nangunsulta re:brgy & SK polls sa Mindanao.txt
/Users/rl-14/Desktop/Celine-Thesis/all-data-reordered/all/Comelec-DavSur nagbutyag, barangay elections dayon.txt
/Users/rl-14/Desktop/Celine-Thesis/all-data-reordered/all/Comelec-Manila,mohimo’g public consultation sa brgy & SK polls sa CdeO.txt
/Users/rl-14/Desktop/Celine-Thesis/all-data-reordered/all/Comelec-N. Mindanao dunay hangyo sa NPA.txt
/Users/rl-14/Desktop/Celine-Thesis/all-data-reordered/all/Comelec-NorMin:”Brgy & SK polls,all set na”.txt
/Users/rl-14/Desktop/Celine-Thesis/all-data-reordered/all/Comelec’ Bautista’s impeachment complaint,gipasalig nga patas.txt
/Users/rl-14/Desktop/Celine-Thesis/all-data-reordered/all/Comm. Narvasa  miluwat na.txt
/Users/rl-14/Desktop/Celine-Thesis/all-data-reordered/all/Compio: Bangkero sa Rio Grande de Mindanao.txt
/Users/rl-14/Desktop/Celine-Thesis/all-data-reordered/all/Compio: Let go. Move on. Happy ending .txt
/Users/rl-14/Desktop/Celine-Thesis/all-data-reordered/all/Compio: Luha.txt
/Users/rl-14/Desktop/Celine-Thesis/all-data-reordered/all/Compio: Pagdagayday sa mga luha.txt
/Users/rl-14/Desktop/Celine-Thesis/all-data-reordered/all/Compio: Pagpanalingsing sa pagbati.txt
/Users/rl-14/Desktop/Celine-Thesis/all-data-reordered/all/Compio: Pasakit sa gugma.txt
/Users/rl-14/Desktop/Celine-Thesis/all-data-reordered/all/Compio: Queen City of the South.txt
/Users/rl-14/Desktop/Celine-Thesis/all-data-reordered/all/Compio: Sa kinasingkasing gayud.txt
/Users/rl-14/Desktop/Celine-Thesis/all-data-reordered/all/Compio: Sugilanon sa gugma ug panaghigalaay.txt
/Users/rl-14/Desktop/Celine-Thesis/all-data-reordered/all/Compio: Tinuod nga kabag-ohan.txt
/Users/rl-14/Desktop/Celine-Thesis/all-data-reordered/all/Complainant dismayado sa Ombudsman re vs CdeO’s mayor dismissal.txt
/Users/rl-14/Desktop/Celine-Thesis/all-data-reordered/all/Composer ng ‘Hoy, Juan,’ feeling artista tungod sa kadako sa venue sa Bombo Music Festival grand performance night.txt
/Users/rl-14/Desktop/Celine-Thesis/all-data-reordered/all/Compton masaligon nga Abueva maapil gihapon sa Gilas-Pilipinas.txt
/Users/rl-14/Desktop/Celine-Thesis/all-data-reordered/all/Compton mibilib ni Lee ug Chan.txt
/Users/rl-14/Desktop/Celine-Thesis/all-data-reordered/all/Computer Engineering student misakmit sa korona.txt
/Users/rl-14/Desktop/Celine-Thesis/all-data-reordered/all/Con-Ass, wala maangayi sa mga de kampanilyang abogado sa CdeO.txt
/Users/rl-14/Desktop/Celine-Thesis/all-data-reordered/all/Concert King hadlok na sa kaminyuon.txt
/Users/rl-14/Desktop/Celine-Thesis/all-data-reordered/all/Concert King mi-react sa 'bag-ong' Asap.txt
/Users/rl-14/Desktop/Celine-Thesis/all-data-reordered/all/Concert ni Ariana Grande gibombahan, 19 patay.txt
/Users/rl-14/Desktop/Celine-Thesis/all-data-reordered/all/Concert ni Vice Ganda, Super Bowl ang dating.txt
/Users/rl-14/Desktop/Celine-Thesis/all-data-reordered/all/Concert ni Zsa Zsa makapahandum sa kagahapon.txt
/Users/rl-14/Desktop/Celine-Thesis/all-data-reordered/all/Condom, panty nakuha gikan sa dinakpan.txt
/Users/rl-14/Desktop/Celine-Thesis/all-data-reordered/all/Cone dako pa’g trabahuonon sa Ginebra.txt
/Users/rl-14/Desktop/Celine-Thesis/all-data-reordered/all/Cone gi-endorse sa New York Knicks, apan dili mobiya sa PBA.txt
/Users/rl-14/Desktop/Celine-Thesis/all-data-reordered/all/Cone kompirmado sa Ginebra na.txt
/Users/rl-14/Desktop/Celine-Thesis/all-data-reordered/all/Cone nag-sorry.txt
/Users/rl-14/Desktop/Celine-Thesis/all-data-reordered/all/Cone, Gins vs. Alaska.txt
/Users/rl-14/Desktop/Celine-Thesis/all-data-reordered/all/Confidential agent sa pulis gipatay.txt
/Users/rl-14/Desktop/Celine-Thesis/all-data-reordered/all/Cong Maxi Rodriguez, gi-depensa ang Con-Ass nga paagi sa konstitustyon.txt
/Users/rl-14/Desktop/Celine-Thesis/all-data-reordered/all/Cong Siao ug mga kauban sa Iligan City, gi-abswelto sa CA.txt
/Users/rl-14/Desktop/Celine-Thesis/all-data-reordered/all/Congrats, Donnie.txt
/Users/rl-14/Desktop/Celine-Thesis/all-data-reordered/all/Congrats, Jhack!.txt
/Users/rl-14/Desktop/Celine-Thesis/all-data-reordered/all/Congrats, Johnriel: Donnie.txt
/Users/rl-14/Desktop/Celine-Thesis/all-data-reordered/all/Congrats, Manny: Digong.txt
/Users/rl-14/Desktop/Celine-Thesis/all-data-reordered/all/Congrats, Milendo.txt
/Users/rl-14/Desktop/Celine-Thesis/all-data-reordered/all/Conley wa sa Game Five karong buntag.txt
/Users/rl-14/Desktop/Celine-Thesis/all-data-reordered/all/Conor di pabitin.txt
/Users/rl-14/Desktop/Celine-Thesis/all-data-reordered/all/Conor ma-knockout: boxing trainers.txt
/Users/rl-14/Desktop/Celine-Thesis/all-data-reordered/all/Conor mibahad og 2nd rd. KO.txt
/Users/rl-14/Desktop/Celine-Thesis/all-data-reordered/all/Conor wa'y poruhan modaog: Aldo.txt
/Users/rl-14/Desktop/Celine-Thesis/all-data-reordered/all/Conor wala motunga sa press conference.txt
/Users/rl-14/Desktop/Celine-Thesis/all-data-reordered/all/Conor wala’y respeto: Mayweather.txt
/Users/rl-14/Desktop/Celine-Thesis/all-data-reordered/all/Conrad forever na gyud ni Zsa Zsa.txt
/Users/rl-14/Desktop/Celine-Thesis/all-data-reordered/all/Consolacion asst. coach mapasigarbuhon gihapon.txt
/Users/rl-14/Desktop/Celine-Thesis/all-data-reordered/all/Consolacion kampyon sa North Division.txt
/Users/rl-14/Desktop/Celine-Thesis/all-data-reordered/all/Consolacion mibawos; series tabla, 1-1.txt
/Users/rl-14/Desktop/Celine-Thesis/all-data-reordered/all/Construction company pasirhan ni Osmeña.txt
/Users/rl-14/Desktop/Celine-Thesis/all-data-reordered/all/Construction worker gi-ihaw.txt
/Users/rl-14/Desktop/Celine-Thesis/all-data-reordered/all/Construction worker gihapak og bato, patay.txt
/Users/rl-14/Desktop/Celine-Thesis/all-data-reordered/all/Construction worker giluba, patay.txt
/Users/rl-14/Desktop/Celine-Thesis/all-data-reordered/all/Construction worker gipatay sa iyang silingan.txt
/Users/rl-14/Desktop/Celine-Thesis/all-data-reordered/all/Construction worker natumbahan ug poste, patay.txt
/Users/rl-14/Desktop/Celine-Thesis/all-data-reordered/all/Construction worker nga nasikop sa buybust operation, anaa sa watchlist sa PNP.txt
/Users/rl-14/Desktop/Celine-Thesis/all-data-reordered/all/Construction worker,nakit-ang patay sa CdeO.txt
/Users/rl-14/Desktop/Celine-Thesis/all-data-reordered/all/Contessa mopuli sa Ika-6 na Utos.txt
/Users/rl-14/Desktop/Celine-Thesis/all-data-reordered/all/Contractor sa USTP, wala mahadlok nga ikonsiderar nga person of interest sa Rotoras killing.txt
/Users/rl-14/Desktop/Celine-Thesis/all-data-reordered/all/Contractor, mihimakak nga may kalabutan sa kamatayon ni USTP Pres Ricardo Rotoras.txt
/Users/rl-14/Desktop/Celine-Thesis/all-data-reordered/all/Controversial mouthpiece dili gamiton ni Pacquiao.txt
/Users/rl-14/Desktop/Celine-Thesis/all-data-reordered/all/Convoy sa PSG gi-ambush sa Marawi.txt
/Users/rl-14/Desktop/Celine-Thesis/all-data-reordered/all/Convoy sa sundalo gi-ambush, 1 patay.txt
/Users/rl-14/Desktop/Celine-Thesis/all-data-reordered/all/Coolen Garcia dipa andam magpakasal.txt
/Users/rl-14/Desktop/Celine-Thesis/all-data-reordered/all/Cooling tower hulga sa Ayala mall: BFP.txt
/Users/rl-14/Desktop/Celine-Thesis/all-data-reordered/all/Cordova police gibasol.txt
/Users/rl-14/Desktop/Celine-Thesis/all-data-reordered/all/Corpus Christi, 4 pa abante sa quarter finals.txt
/Users/rl-14/Desktop/Celine-Thesis/all-data-reordered/all/Corpus daug batok Xavier.txt
/Users/rl-14/Desktop/Celine-Thesis/all-data-reordered/all/Corpus kampyon sa CDOBF 15U, 12U.txt
/Users/rl-14/Desktop/Celine-Thesis/all-data-reordered/all/Corpus kampyon sa elementary ug secondary over-all.txt
/Users/rl-14/Desktop/Celine-Thesis/all-data-reordered/all/Corpus nakalingkawas na sab .txt
/Users/rl-14/Desktop/Celine-Thesis/all-data-reordered/all/Corpus nakalingkawas!.txt
/Users/rl-14/Desktop/Celine-Thesis/all-data-reordered/all/Corpus sure champ na sa secondary over-all.txt
/Users/rl-14/Desktop/Celine-Thesis/all-data-reordered/all/Corpus, MOGCHS mag-ilog sa unang silya sa semis.txt
/Users/rl-14/Desktop/Celine-Thesis/all-data-reordered/all/Corpus, San Insidro magbangi sa 15U final.txt
/Users/rl-14/Desktop/Celine-Thesis/all-data-reordered/all/Corpus, SPC magtinagakay karon.txt
/Users/rl-14/Desktop/Celine-Thesis/all-data-reordered/all/Cortes gihangyo sa konseho pagduso og balaudnon.txt
/Users/rl-14/Desktop/Celine-Thesis/all-data-reordered/all/Cortes, Quisumbing, Sec. Villar nagtigom alang sa mga proyekto.txt
/Users/rl-14/Desktop/Celine-Thesis/all-data-reordered/all/COSAP gireklamo tungod sa honorarium.txt
/Users/rl-14/Desktop/Celine-Thesis/all-data-reordered/all/Cotabato City pinakaluwas nga lugar sa Soccsksargen.txt
/Users/rl-14/Desktop/Celine-Thesis/all-data-reordered/all/Cotto batok Kirkland, Feb. 25.txt
/Users/rl-14/Desktop/Celine-Thesis/all-data-reordered/all/Cotto gitangtanga’g titulo ni Alvarez.txt
/Users/rl-14/Desktop/Celine-Thesis/all-data-reordered/all/Cotto mas gustong kontrahon ni Marquez.txt
/Users/rl-14/Desktop/Celine-Thesis/all-data-reordered/all/Cotto masaligon batok Kamegai.txt
/Users/rl-14/Desktop/Celine-Thesis/all-data-reordered/all/Cotto mi-knockout sa challenger.txt
/Users/rl-14/Desktop/Celine-Thesis/all-data-reordered/all/Cotto moaway’g balik.txt
/Users/rl-14/Desktop/Celine-Thesis/all-data-reordered/all/Cotto nanamilit og kapildihan.txt
/Users/rl-14/Desktop/Celine-Thesis/all-data-reordered/all/Cotto vs. Alvarez.txt
/Users/rl-14/Desktop/Celine-Thesis/all-data-reordered/all/Cotto wala maguol nga gitangtangan og titulo.txt
/Users/rl-14/Desktop/Celine-Thesis/all-data-reordered/all/Councilor Danny Dayanghirang mibiya isip Vice Chairman sa PDP Mindanao Area.txt
/Users/rl-14/Desktop/Celine-Thesis/all-data-reordered/all/Councilor Lopez gihinluan ang pangalan batok sa pasangil nga pagpangilkil.txt
/Users/rl-14/Desktop/Celine-Thesis/all-data-reordered/all/Councilor: Dunay mabutangan sa mga bakwit sa Davao .txt
/Users/rl-14/Desktop/Celine-Thesis/all-data-reordered/all/Councilors league gilaumang makatabang sa Mindanao.txt
/Users/rl-14/Desktop/Celine-Thesis/all-data-reordered/all/Counting machines dili pwedeng i-manipula .txt
/Users/rl-14/Desktop/Celine-Thesis/all-data-reordered/all/Court Sheriff gikwelyohan ni Mayor Osmeña .txt
/Users/rl-14/Desktop/Celine-Thesis/all-data-reordered/all/COWD employee,na-disrasya patay sa CdeO.txt
/Users/rl-14/Desktop/Celine-Thesis/all-data-reordered/all/COWD union,neutral sa BoDs-Beja conflict.txt
/Users/rl-14/Desktop/Celine-Thesis/all-data-reordered/all/COWD-MetroPac joint venture,dad-on sa Ombudsman.txt
/Users/rl-14/Desktop/Celine-Thesis/all-data-reordered/all/COWD-MetroPac-petitioners,gisahun sa PCC.txt
/Users/rl-14/Desktop/Celine-Thesis/all-data-reordered/all/COWD’s BOD appointment:”Bisan ang CdeO mayor,di katangtang sa amo”.txt
/Users/rl-14/Desktop/Celine-Thesis/all-data-reordered/all/CPBC gipangandaman.txt
/Users/rl-14/Desktop/Celine-Thesis/all-data-reordered/all/CPDRC gironda sa PDEA, CIDG 7.txt
/Users/rl-14/Desktop/Celine-Thesis/all-data-reordered/all/CPDRC mipatuman sa bag-ong security protocol.txt
/Users/rl-14/Desktop/Celine-Thesis/all-data-reordered/all/CPMC tourney, Aug. 22.txt
/Users/rl-14/Desktop/Celine-Thesis/all-data-reordered/all/CPP secretary general,subli gisikop sa Ozamiz City?.txt
/Users/rl-14/Desktop/Celine-Thesis/all-data-reordered/all/CPPO misusi kon pulis duna bay kunsabo: Noble.txt
/Users/rl-14/Desktop/Celine-Thesis/all-data-reordered/all/CPPO naproblema sa toxic waste gikan sa carrera.txt
/Users/rl-14/Desktop/Celine-Thesis/all-data-reordered/all/CPSC magtukod og gym sa Lahug.txt
/Users/rl-14/Desktop/Celine-Thesis/all-data-reordered/all/CPSC mopahigayon og coaching seminar.txt
/Users/rl-14/Desktop/Celine-Thesis/all-data-reordered/all/CRAM 2018, sugdan na karong Pebrero 24 hangtud 28.txt
/Users/rl-14/Desktop/Celine-Thesis/all-data-reordered/all/Crawford andam na ni Pacquiao .txt
/Users/rl-14/Desktop/Celine-Thesis/all-data-reordered/all/Crawford gitambagan ni Mayweather.txt
/Users/rl-14/Desktop/Celine-Thesis/all-data-reordered/all/Crawford maoy prayoridad: Arum.txt
/Users/rl-14/Desktop/Celine-Thesis/all-data-reordered/all/Crawford mi-TKO ni Molina;  Pacquiao gusto nga isunod.txt
/Users/rl-14/Desktop/Celine-Thesis/all-data-reordered/all/Crawford na’y nag-una.txt
/Users/rl-14/Desktop/Celine-Thesis/all-data-reordered/all/Crawford posible nga makontra ni Pacquiao.txt
/Users/rl-14/Desktop/Celine-Thesis/all-data-reordered/all/Crawford posibleng sunod makontra ni Manny.txt
/Users/rl-14/Desktop/Celine-Thesis/all-data-reordered/all/Crawford potensiyal apan di pa haom ni Pacquiao: Roach.txt
/Users/rl-14/Desktop/Celine-Thesis/all-data-reordered/all/Crawford sama og abilidad ni Floyd Jr..txt
/Users/rl-14/Desktop/Celine-Thesis/all-data-reordered/all/Crawford subling namahayag sa iyang kaandam batok Pacquiao.txt
/Users/rl-14/Desktop/Celine-Thesis/all-data-reordered/all/Crawford vs. Pacquaio na?.txt
/Users/rl-14/Desktop/Celine-Thesis/all-data-reordered/all/Crawford walay angay ikabalaka.txt
/Users/rl-14/Desktop/Celine-Thesis/all-data-reordered/all/Crim student,naligsan-patay sa CdeO.txt
/Users/rl-14/Desktop/Celine-Thesis/all-data-reordered/all/Crime volume mikunhod, `patay’ sa PRO 7 misaka .txt
/Users/rl-14/Desktop/Celine-Thesis/all-data-reordered/all/Criminology student nanglabni  SunStar.txt
/Users/rl-14/Desktop/Celine-Thesis/all-data-reordered/all/Cristine dili andam apan....txt
/Users/rl-14/Desktop/Celine-Thesis/all-data-reordered/all/Cristine miangkong OA ang ka-selosa!.txt
/Users/rl-14/Desktop/Celine-Thesis/all-data-reordered/all/Cristine mobalik pagpaseksi?.txt
/Users/rl-14/Desktop/Celine-Thesis/all-data-reordered/all/Cristine, kayod-kalabaw.txt
/Users/rl-14/Desktop/Celine-Thesis/all-data-reordered/all/Crocs FC nakalingkawas kontra sa Celestial FC.txt
/Users/rl-14/Desktop/Celine-Thesis/all-data-reordered/all/Cruise ship maoy gipuy-an sa US basketball team.txt
/Users/rl-14/Desktop/Celine-Thesis/all-data-reordered/all/Cruz, Belga mosunod ni Guiao?.txt
/Users/rl-14/Desktop/Celine-Thesis/all-data-reordered/all/Cryotherapy bag-ong paagi sa pagtambal niadtong may cancer .txt
/Users/rl-14/Desktop/Celine-Thesis/all-data-reordered/all/CSSDO nag-validate sa nasunogan alang sa pinansiyal nga tabang.txt
/Users/rl-14/Desktop/Celine-Thesis/all-data-reordered/all/CSU nga nag-uli sa nakit-ang P21K sa New Investment Center building sa GenSan, gipasidunggan sa SP.txt
/Users/rl-14/Desktop/Celine-Thesis/all-data-reordered/all/CT-TODA mopasakag kaso niadtong naisyuhan na nila og citation ticket .txt
/Users/rl-14/Desktop/Celine-Thesis/all-data-reordered/all/CTTMO adunay pahimangno sa mga motorista sa taliabot nga Lamdag Parada.txt
/Users/rl-14/Desktop/Celine-Thesis/all-data-reordered/all/CTTMO padayon nga manakop mosupak 'anti-jaywalking'.txt
/Users/rl-14/Desktop/Celine-Thesis/all-data-reordered/all/Cuadras gilangkatan og titulo ni Gonzalez.txt
/Users/rl-14/Desktop/Celine-Thesis/all-data-reordered/all/Culminating program sa ‘Buwan ng Wika 2016’.txt
/Users/rl-14/Desktop/Celine-Thesis/all-data-reordered/all/Curfew di na ipatuman: Osmeña.txt
/Users/rl-14/Desktop/Celine-Thesis/all-data-reordered/all/Curfew ipatuman.txt
/Users/rl-14/Desktop/Celine-Thesis/all-data-reordered/all/Curfew sugdan karon sa Oro.txt
/Users/rl-14/Desktop/Celine-Thesis/all-data-reordered/all/Curry 36 pts. sa first half.txt
/Users/rl-14/Desktop/Celine-Thesis/all-data-reordered/all/Curry andam mobalik pagduwa sa Game 4.txt
/Users/rl-14/Desktop/Celine-Thesis/all-data-reordered/all/Curry dako na'g suweldo sa GSW.txt
/Users/rl-14/Desktop/Celine-Thesis/all-data-reordered/all/Curry di kaduwa og 3 ka semana.txt
/Users/rl-14/Desktop/Celine-Thesis/all-data-reordered/all/Curry di molugak sa iyang training.txt
/Users/rl-14/Desktop/Celine-Thesis/all-data-reordered/all/Curry di pa gihapon kaduwa sa Game 3.txt
/Users/rl-14/Desktop/Celine-Thesis/all-data-reordered/all/Curry dili moduwa sa Rio Olympics ‘16.txt
/Users/rl-14/Desktop/Celine-Thesis/all-data-reordered/all/Curry gisakitan kaayo sa ilang kapildihan.txt
/Users/rl-14/Desktop/Celine-Thesis/all-data-reordered/all/Curry gusto moduwa sa Rio Olympics.txt
/Users/rl-14/Desktop/Celine-Thesis/all-data-reordered/all/Curry hinayhinay na nga nag-ensayo; gusto moduwa sa G#3 karong Sabado.txt
/Users/rl-14/Desktop/Celine-Thesis/all-data-reordered/all/Curry idol ni Lassiter.txt
/Users/rl-14/Desktop/Celine-Thesis/all-data-reordered/all/Curry mag-captain gihapon  .txt
/Users/rl-14/Desktop/Celine-Thesis/all-data-reordered/all/Curry manugbalik na'g duwa karong Sabado batok sa Atlanta Hawks  .txt
/Users/rl-14/Desktop/Celine-Thesis/all-data-reordered/all/Curry mas mibangis.txt
/Users/rl-14/Desktop/Celine-Thesis/all-data-reordered/all/Curry miabot sa Manila.txt
/Users/rl-14/Desktop/Celine-Thesis/all-data-reordered/all/Curry mibalik apan naangol .txt
/Users/rl-14/Desktop/Celine-Thesis/all-data-reordered/all/Curry mibalik nga gabangis.txt
/Users/rl-14/Desktop/Celine-Thesis/all-data-reordered/all/Curry mibuak na sab og record.txt
/Users/rl-14/Desktop/Celine-Thesis/all-data-reordered/all/Curry migiya sa Warriors.txt
/Users/rl-14/Desktop/Celine-Thesis/all-data-reordered/all/Curry mikulit og rekord isip labing una nga solido nga MVP.txt
/Users/rl-14/Desktop/Celine-Thesis/all-data-reordered/all/Curry mipabaha og 42 puntos.txt
/Users/rl-14/Desktop/Celine-Thesis/all-data-reordered/all/Curry mobisita sa Manila sunod buwan.txt
/Users/rl-14/Desktop/Celine-Thesis/all-data-reordered/all/Curry na-injured; GSW daog gihapon.txt
/Users/rl-14/Desktop/Celine-Thesis/all-data-reordered/all/Curry naangol.txt
/Users/rl-14/Desktop/Celine-Thesis/all-data-reordered/all/Curry napili.txt
/Users/rl-14/Desktop/Celine-Thesis/all-data-reordered/all/Curry posibling di makaduwa karon.txt
/Users/rl-14/Desktop/Celine-Thesis/all-data-reordered/all/Curry posibling dili pa gihapon ka duwa.txt
/Users/rl-14/Desktop/Celine-Thesis/all-data-reordered/all/Curry posibling masilutan.txt
/Users/rl-14/Desktop/Celine-Thesis/all-data-reordered/all/Curry taodtaod pa makabalik.txt
/Users/rl-14/Desktop/Celine-Thesis/all-data-reordered/all/Curry vs. James gikaintapan.txt
/Users/rl-14/Desktop/Celine-Thesis/all-data-reordered/all/Curry wa kapugngi.txt
/Users/rl-14/Desktop/Celine-Thesis/all-data-reordered/all/Curry wala manumbaling bisan gamay ang iyang suweldo.txt
/Users/rl-14/Desktop/Celine-Thesis/all-data-reordered/all/Curry wala pay siguro kon makaduwa ba karon.txt
/Users/rl-14/Desktop/Celine-Thesis/all-data-reordered/all/Curry, 40 pts. Warriors, 20-0.txt
/Users/rl-14/Desktop/Celine-Thesis/all-data-reordered/all/CVAPA fellowship, Christmas party.txt
/Users/rl-14/Desktop/Celine-Thesis/all-data-reordered/all/CVAPA run ipahigayon karong Pebrero 5.txt
/Users/rl-14/Desktop/Celine-Thesis/all-data-reordered/all/CVIRAA 2018 pormal nang paga-ablihan karung adlawa.txt
/Users/rl-14/Desktop/Celine-Thesis/all-data-reordered/all/CVIRAA motutok na sa Palaro.txt
/Users/rl-14/Desktop/Celine-Thesis/all-data-reordered/all/CVIRAA sa syudad sa Naga giuswag.txt
/Users/rl-14/Desktop/Celine-Thesis/all-data-reordered/all/CVIRAA sugdan na.txt
/Users/rl-14/Desktop/Celine-Thesis/all-data-reordered/all/CVIRAA team miabot na sa Antique.txt
/Users/rl-14/Desktop/Celine-Thesis/all-data-reordered/all/Cviraa, Feb. 12-17.txt
/Users/rl-14/Desktop/Celine-Thesis/all-data-reordered/all/Cyber porn tutokan.txt
/Users/rl-14/Desktop/Celine-Thesis/all-data-reordered/all/Cycling app midaog.txt
/Users/rl-14/Desktop/Celine-Thesis/all-data-reordered/all/Cynthia mitambong og kasal sa anak.txt
/Users/rl-14/Desktop/Celine-Thesis/all-data-reordered/all/Daang Membro Sa PDP-Laban Mingaab.txt
/Users/rl-14/Desktop/Celine-Thesis/all-data-reordered/all/Dabawenya nabulsa ikatulong bulawan.txt
/Users/rl-14/Desktop/Celine-Thesis/all-data-reordered/all/Dabawenya, midaug Miss Supranational.txt
/Users/rl-14/Desktop/Celine-Thesis/all-data-reordered/all/Dabawenyo bitayon sa Saudi  .txt
/Users/rl-14/Desktop/Celine-Thesis/all-data-reordered/all/Dabawenyo gipabantay sa mangingilad karong Pasko .txt
/Users/rl-14/Desktop/Celine-Thesis/all-data-reordered/all/Dabawenyo nalipay nga gibasura ang impeachment   .txt
/Users/rl-14/Desktop/Celine-Thesis/all-data-reordered/all/Dabawenyo sa Ironman Taiwan, mipwesto sa ika-22.txt
/Users/rl-14/Desktop/Celine-Thesis/all-data-reordered/all/Daclan: `Mulawin vs. Ravena’ i-atbang sa Probinsyano.txt
/Users/rl-14/Desktop/Celine-Thesis/all-data-reordered/all/Daclan: `My Dear Heart’ ugma na.txt
/Users/rl-14/Desktop/Celine-Thesis/all-data-reordered/all/Daclan: Ang Panday, We Will Survive, ugma na .txt
/Users/rl-14/Desktop/Celine-Thesis/all-data-reordered/all/Daclan: Because of you, Carla.txt
/Users/rl-14/Desktop/Celine-Thesis/all-data-reordered/all/Daclan: Bridges of Love sikat sa Peru.txt
/Users/rl-14/Desktop/Celine-Thesis/all-data-reordered/all/Daclan: Happy Gugma Day!.txt
/Users/rl-14/Desktop/Celine-Thesis/all-data-reordered/all/Daclan: Indie film ni Lloydie unsay labok?.txt
/Users/rl-14/Desktop/Celine-Thesis/all-data-reordered/all/Daclan: Janine, Aljur excited sa `Once again’.txt
/Users/rl-14/Desktop/Celine-Thesis/all-data-reordered/all/Daclan: KathNiel makalupig kaha?.txt
/Users/rl-14/Desktop/Celine-Thesis/all-data-reordered/all/Daclan: Kris in lab pa kang Herbert? .txt
/Users/rl-14/Desktop/Celine-Thesis/all-data-reordered/all/Daclan: Mariel Rodriguez balik-Dos.txt
/Users/rl-14/Desktop/Celine-Thesis/all-data-reordered/all/Daclan: Mark Neumann bida na sa TV5.txt
/Users/rl-14/Desktop/Celine-Thesis/all-data-reordered/all/Daclan: MMFF movies.txt
/Users/rl-14/Desktop/Celine-Thesis/all-data-reordered/all/Daclan: Nagka-babe time na ba mo?.txt
/Users/rl-14/Desktop/Celine-Thesis/all-data-reordered/all/Daclan: Pagpili money or love? .txt
/Users/rl-14/Desktop/Celine-Thesis/all-data-reordered/all/Daclan: Ritz Azul mas happy sa Dos.txt
/Users/rl-14/Desktop/Celine-Thesis/all-data-reordered/all/Dagan sa series di na mausab: Curry.txt
/Users/rl-14/Desktop/Celine-Thesis/all-data-reordered/all/Daghan nagduha-duha sa kapabilidad sa PDEA pakigbatok sa drugas.txt
/Users/rl-14/Desktop/Celine-Thesis/all-data-reordered/all/Daghan nasikop sa jaywalking kay pasagad og hunong, kanaog.txt
/Users/rl-14/Desktop/Celine-Thesis/all-data-reordered/all/Daghan sa mga kapitan naa sa drugas: PDEA.txt
/Users/rl-14/Desktop/Celine-Thesis/all-data-reordered/all/Daghang kapitan sa Talisay mobali sa kampo ni Gullas.txt
/Users/rl-14/Desktop/Celine-Thesis/all-data-reordered/all/Daghang kausaban.txt
/Users/rl-14/Desktop/Celine-Thesis/all-data-reordered/all/Daghang langaw misiaw sa Dalaguete.txt
/Users/rl-14/Desktop/Celine-Thesis/all-data-reordered/all/Daghang lubong walay niduaw .txt
/Users/rl-14/Desktop/Celine-Thesis/all-data-reordered/all/Daghang mibiyahe atol sa away ni Pacquiao, Bradley.txt
/Users/rl-14/Desktop/Celine-Thesis/all-data-reordered/all/Daghang milapas sa obstruction.txt
/Users/rl-14/Desktop/Celine-Thesis/all-data-reordered/all/Dagkong kompaniya makigkita ni Luigi .txt
/Users/rl-14/Desktop/Celine-Thesis/all-data-reordered/all/Dagway sa bata gipaak og iro.txt
/Users/rl-14/Desktop/Celine-Thesis/all-data-reordered/all/Dagway sa gunman nakita sa saksi, CCTV.txt
/Users/rl-14/Desktop/Celine-Thesis/all-data-reordered/all/Daiana nangayo og bahin ni Benjo!.txt
/Users/rl-14/Desktop/Celine-Thesis/all-data-reordered/all/Daiana ug Benjo Benaldo two years na nga bulag.txt
/Users/rl-14/Desktop/Celine-Thesis/all-data-reordered/all/Dakbayan sa Dabaw muhatag ug tabang pinansyal sa mga apektado sa mga pagbuto sa bulkang Mayon.txt
/Users/rl-14/Desktop/Celine-Thesis/all-data-reordered/all/Dakbayan sa Sugbo nangitag 5 ka dump truck nga abangan.txt
/Users/rl-14/Desktop/Celine-Thesis/all-data-reordered/all/Dako mi og agi batok drugs: Ruiz.txt
/Users/rl-14/Desktop/Celine-Thesis/all-data-reordered/all/Dako nga pundo gigahin sa proyekto .txt
/Users/rl-14/Desktop/Celine-Thesis/all-data-reordered/all/Dakong bahin sa budget alang sa baha, trapik.txt
/Users/rl-14/Desktop/Celine-Thesis/all-data-reordered/all/Dakong bahin sa P8M nga naaprubahang pondo sa syudad igahin sa social services.txt
/Users/rl-14/Desktop/Celine-Thesis/all-data-reordered/all/Dakong eskapo ni Balquin.txt
/Users/rl-14/Desktop/Celine-Thesis/all-data-reordered/all/Dakong isda nga napalgan gikabalaka .txt
/Users/rl-14/Desktop/Celine-Thesis/all-data-reordered/all/Dakong pawikan nga nadagsa sa Buenavista, Agusan Del Norte, nakabsan na sa kinabuhi.txt
/Users/rl-14/Desktop/Celine-Thesis/all-data-reordered/all/Dakong posibilidad uwanon ang adlaw sa minatay.txt
/Users/rl-14/Desktop/Celine-Thesis/all-data-reordered/all/Dakpon bisan kinsa nga vendor sa sidewalk sa Carbon.txt
/Users/rl-14/Desktop/Celine-Thesis/all-data-reordered/all/Dalaga 'nahilo sa giinom soft drinks'.txt
/Users/rl-14/Desktop/Celine-Thesis/all-data-reordered/all/Dalaga gikamang sa ig-agaw.txt
/Users/rl-14/Desktop/Celine-Thesis/all-data-reordered/all/Dalaga gikawatan sa uyab nga ‘pangit’ .txt
/Users/rl-14/Desktop/Celine-Thesis/all-data-reordered/all/Dalaga gikulata ug gilugos.txt
/Users/rl-14/Desktop/Celine-Thesis/all-data-reordered/all/Dalaga gipakog sa tulisan.txt
/Users/rl-14/Desktop/Celine-Thesis/all-data-reordered/all/Dalaga gitigbas sa laki nga wa gisugot.txt
/Users/rl-14/Desktop/Celine-Thesis/all-data-reordered/all/Dalaga nag-withdraw gitulis.txt
/Users/rl-14/Desktop/Celine-Thesis/all-data-reordered/all/Dalaga naghikog-patay sulod sa lawak sa T. Padilla.txt
/Users/rl-14/Desktop/Celine-Thesis/all-data-reordered/all/Dalaga nalatayan ang ulo sa truck.txt
/Users/rl-14/Desktop/Celine-Thesis/all-data-reordered/all/Dalaga natug, gihuboa’g bra.txt
/Users/rl-14/Desktop/Celine-Thesis/all-data-reordered/all/Dalaga nga anak og sundalo sikop sa drug bust.txt
/Users/rl-14/Desktop/Celine-Thesis/all-data-reordered/all/Dalaga nga pinangita sa balaod sikop.txt
/Users/rl-14/Desktop/Celine-Thesis/all-data-reordered/all/Dalaga, gipadalhan ug bulak sa patay.txt
/Users/rl-14/Desktop/Celine-Thesis/all-data-reordered/all/Dalagita 'gilugos', gipatay.txt
/Users/rl-14/Desktop/Celine-Thesis/all-data-reordered/all/Dalagita gikasab-an sa inahan naghikog.txt
/Users/rl-14/Desktop/Celine-Thesis/all-data-reordered/all/Dalagita gilugos, gipatay.txt
/Users/rl-14/Desktop/Celine-Thesis/all-data-reordered/all/Dalagita gisuwayag lugos.txt
/Users/rl-14/Desktop/Celine-Thesis/all-data-reordered/all/Dalagita nakit-ang patay.txt
/Users/rl-14/Desktop/Celine-Thesis/all-data-reordered/all/Dalagita, 14, nalumos, patay .txt
/Users/rl-14/Desktop/Celine-Thesis/all-data-reordered/all/Dalaguete, Cordova gilihi-an og daog sa Gov's opening day.txt
/Users/rl-14/Desktop/Celine-Thesis/all-data-reordered/all/Dalaw sa CPDRC gisuspenso na.txt
/Users/rl-14/Desktop/Celine-Thesis/all-data-reordered/all/Dali ra ma-secure ang Sinulog parties kon sa SRP ipahigayon  .txt
/Users/rl-14/Desktop/Celine-Thesis/all-data-reordered/all/Dallas coach gipamulta.txt
/Users/rl-14/Desktop/Celine-Thesis/all-data-reordered/all/Dalunggan sa maestra gikitkit sa polis  SunStar.txt
/Users/rl-14/Desktop/Celine-Thesis/all-data-reordered/all/Damgo na niya nga magpiloto .txt
/Users/rl-14/Desktop/Celine-Thesis/all-data-reordered/all/Damgo natuman: Nice.txt
/Users/rl-14/Desktop/Celine-Thesis/all-data-reordered/all/Damyos nga hatud sa bagyong Basyang sa imprastraktura, dili kaayo dako sigon sa DPWH.txt
/Users/rl-14/Desktop/Celine-Thesis/all-data-reordered/all/Dan F. Llamas sirhan karon.txt
/Users/rl-14/Desktop/Celine-Thesis/all-data-reordered/all/Dan sa Brgy. Manipis di maagian sa mga sakyanan .txt
/Users/rl-14/Desktop/Celine-Thesis/all-data-reordered/all/Dan sa San Isidro giayo.txt
/Users/rl-14/Desktop/Celine-Thesis/all-data-reordered/all/Dana gusto sa Floyd McGregor fight.txt
/Users/rl-14/Desktop/Celine-Thesis/all-data-reordered/all/Danao City susihon .txt
/Users/rl-14/Desktop/Celine-Thesis/all-data-reordered/all/Danao mo-host sa dakong mountain bike competition.txt
/Users/rl-14/Desktop/Celine-Thesis/all-data-reordered/all/Danao posibli nga maka-host sa Asian MTB championship.txt
/Users/rl-14/Desktop/Celine-Thesis/all-data-reordered/all/Danao, Talisay nag-una ning tuiga sa Regional Children’s Contest.txt
/Users/rl-14/Desktop/Celine-Thesis/all-data-reordered/all/Dance contest sa Talisay basketball.txt
/Users/rl-14/Desktop/Celine-Thesis/all-data-reordered/all/Dancesport sa brgy..txt
/Users/rl-14/Desktop/Celine-Thesis/all-data-reordered/all/Dandin Ranillo, “Sinulog, Isyagit Og Kusog!”.txt
/Users/rl-14/Desktop/Celine-Thesis/all-data-reordered/all/Dangcal uhaw sa kopetensya.txt
/Users/rl-14/Desktop/Celine-Thesis/all-data-reordered/all/Dangcal: Lock and Load.txt
/Users/rl-14/Desktop/Celine-Thesis/all-data-reordered/all/Danica ug Marc niutro sa ilang saad   .txt
/Users/rl-14/Desktop/Celine-Thesis/all-data-reordered/all/Daniel inspired ni Kathryn.txt
/Users/rl-14/Desktop/Celine-Thesis/all-data-reordered/all/Daniel ug Erich nag-travel human sa break-up!.txt
/Users/rl-14/Desktop/Celine-Thesis/all-data-reordered/all/Danita intimated before kang Echo.txt
/Users/rl-14/Desktop/Celine-Thesis/all-data-reordered/all/Danita na-depress sa talak ni Direk Cathy.txt
/Users/rl-14/Desktop/Celine-Thesis/all-data-reordered/all/Danny Florencio mipanaw na.txt
/Users/rl-14/Desktop/Celine-Thesis/all-data-reordered/all/Daog o tabla?.txt
/Users/rl-14/Desktop/Celine-Thesis/all-data-reordered/all/Dapa, Surigao del Norte Mayor Peter Ruaya nga tag-iya sa gironda nga bansuhan, gikasuhan na sa NBI.txt
/Users/rl-14/Desktop/Celine-Thesis/all-data-reordered/all/Dapecol gitakdang palambuon .txt
/Users/rl-14/Desktop/Celine-Thesis/all-data-reordered/all/Dapog, hait og pulong busa giputlan og ulo?.txt
/Users/rl-14/Desktop/Celine-Thesis/all-data-reordered/all/DAR chief legal officer, dugay ng gagamitan ug droga sa MisOr?.txt
/Users/rl-14/Desktop/Celine-Thesis/all-data-reordered/all/DAR Secretary dismayado pagkasikop sa abugado.txt
/Users/rl-14/Desktop/Celine-Thesis/all-data-reordered/all/DAR, gibarugan nga walay irregularidad ang pag aproba ilalum sa CARP sa usa ka luna sa IGACOS.txt
/Users/rl-14/Desktop/Celine-Thesis/all-data-reordered/all/DAR-MisOr legal head,sikop paggamit sa shabu sa CdeO?.txt
/Users/rl-14/Desktop/Celine-Thesis/all-data-reordered/all/DAR-MisOr legal officer,gikasuhan re shabu selling-using.txt
/Users/rl-14/Desktop/Celine-Thesis/all-data-reordered/all/Darimbang mag-protesta? .txt
/Users/rl-14/Desktop/Celine-Thesis/all-data-reordered/all/Darna swak kang Sarah - Richard.txt
/Users/rl-14/Desktop/Celine-Thesis/all-data-reordered/all/Dasureco gilantaw molampus ang pagmugna sa MCO .txt
/Users/rl-14/Desktop/Celine-Thesis/all-data-reordered/all/Dasureco mipasalig igo nga enerhiya sa summer  .txt
/Users/rl-14/Desktop/Celine-Thesis/all-data-reordered/all/Database himuon.txt
/Users/rl-14/Desktop/Celine-Thesis/all-data-reordered/all/Davao All Stars Chess modepensa og titulo .txt
/Users/rl-14/Desktop/Celine-Thesis/all-data-reordered/all/Davao boxing gym gibanhaw.txt
/Users/rl-14/Desktop/Celine-Thesis/all-data-reordered/all/Davao City alerto sa bombing .txt
/Users/rl-14/Desktop/Celine-Thesis/all-data-reordered/all/Davao City council, gideklarang persona-non-grata si senador Antonio Trillanes.txt
/Users/rl-14/Desktop/Celine-Thesis/all-data-reordered/all/Davao City dili pa andam sa dagkong kalamidad, subay sa survey.txt
/Users/rl-14/Desktop/Celine-Thesis/all-data-reordered/all/Davao City Mayor Sara Duterte, nalipay sa pagpangalan kaniya sa bag-ong buwak nga napalgan sa Dinagat Island.txt
/Users/rl-14/Desktop/Celine-Thesis/all-data-reordered/all/Davao City midomina sa basketball, soccer .txt
/Users/rl-14/Desktop/Celine-Thesis/all-data-reordered/all/Davao City mihari sa Davraa 2018 .txt
/Users/rl-14/Desktop/Celine-Thesis/all-data-reordered/all/Davao City Police Office (DCPO), mas gipakusgan pa ang mga programang ginapatuman.txt
/Users/rl-14/Desktop/Celine-Thesis/all-data-reordered/all/Davao City Tankers modepensa og Davraa title sa Pebrero.txt
/Users/rl-14/Desktop/Celine-Thesis/all-data-reordered/all/Davao City, subli nga walay natalang angol sa mga pabuto.txt
/Users/rl-14/Desktop/Celine-Thesis/all-data-reordered/all/Davao coast guard nanegurong way makasud nga druga .txt
/Users/rl-14/Desktop/Celine-Thesis/all-data-reordered/all/Davao del Norte nihakot 9 swimming golds .txt
/Users/rl-14/Desktop/Celine-Thesis/all-data-reordered/all/Davao idonar ang P4.8M nga multa sa mga nanigarilyo.txt
/Users/rl-14/Desktop/Celine-Thesis/all-data-reordered/all/Davao jins tinguha nga makasulod sa Palaro 2017.txt
/Users/rl-14/Desktop/Celine-Thesis/all-data-reordered/all/Davao mayor nagmando gukdon badlungon nga empleyado.txt
/Users/rl-14/Desktop/Celine-Thesis/all-data-reordered/all/Davao Mayor Sara nagklaro di mo-resign.txt
/Users/rl-14/Desktop/Celine-Thesis/all-data-reordered/all/Davao Meet 2016 mosikad Nobyembre 9 .txt
/Users/rl-14/Desktop/Celine-Thesis/all-data-reordered/all/Davao mibulsa'g 21 medalya sa Scuaa National Games.txt
/Users/rl-14/Desktop/Celine-Thesis/all-data-reordered/all/Davao misikad og bulawan .txt
/Users/rl-14/Desktop/Celine-Thesis/all-data-reordered/all/Davao nadepensahan na sab ang titulo sa softball secondary girls.txt
/Users/rl-14/Desktop/Celine-Thesis/all-data-reordered/all/Davao naghatud hinabang sa gikuso-kuso sa Lawin.txt
/Users/rl-14/Desktop/Celine-Thesis/all-data-reordered/all/Davao nasungkit 3 bronze sa PSC-Pacquiao boxing .txt
/Users/rl-14/Desktop/Celine-Thesis/all-data-reordered/all/Davao nominado isip child-friendly city .txt
/Users/rl-14/Desktop/Celine-Thesis/all-data-reordered/all/Davao norte mikuha sa serbisyo sa GCash.txt
/Users/rl-14/Desktop/Celine-Thesis/all-data-reordered/all/Davao Occidental gipaninguhang mahimong 'drug-free province'.txt
/Users/rl-14/Desktop/Celine-Thesis/all-data-reordered/all/Davao Occidental governor nakigtagbo sa mga Ustadz.txt
/Users/rl-14/Desktop/Celine-Thesis/all-data-reordered/all/Davao Occidental, Davao del Sur tinguha daghang medalya.txt
/Users/rl-14/Desktop/Celine-Thesis/all-data-reordered/all/Davao pabiling paborito sa mga negosyante.txt
/Users/rl-14/Desktop/Celine-Thesis/all-data-reordered/all/Davao police chief nag-awhag isumbong ang pulis nalambigit sa droga .txt
/Users/rl-14/Desktop/Celine-Thesis/all-data-reordered/all/Davao police giklaro ang crime index sa Davao.txt
/Users/rl-14/Desktop/Celine-Thesis/all-data-reordered/all/Davao Police nangandam na sa pagbalik sa anti illegal drug operation.txt
/Users/rl-14/Desktop/Celine-Thesis/all-data-reordered/all/Davao Region malinawon sa Undas 2016 .txt
/Users/rl-14/Desktop/Celine-Thesis/all-data-reordered/all/Davao sa global connectivity map.txt
/Users/rl-14/Desktop/Celine-Thesis/all-data-reordered/all/Davao Sepak boys ug girls wa pay pildi .txt
/Users/rl-14/Desktop/Celine-Thesis/all-data-reordered/all/Davao Sur, Davao Occidental mitutok sa away ni Pacquiao .txt
/Users/rl-14/Desktop/Celine-Thesis/all-data-reordered/all/Davao swimmers midomina.txt
/Users/rl-14/Desktop/Celine-Thesis/all-data-reordered/all/Davao usa hangtud upat ka adlaw nga mawad-an ug supply sa tubig.txt
/Users/rl-14/Desktop/Celine-Thesis/all-data-reordered/all/Davao, 'warrior' sa isports .txt
/Users/rl-14/Desktop/Celine-Thesis/all-data-reordered/all/Davao, back-to-back bulawan sa long jump.txt
/Users/rl-14/Desktop/Celine-Thesis/all-data-reordered/all/Davao-Kuala Lumpur route sa AirAsia.txt
/Users/rl-14/Desktop/Celine-Thesis/all-data-reordered/all/David gikinahanglan sa Ginebra --- agent.txt
/Users/rl-14/Desktop/Celine-Thesis/all-data-reordered/all/David gikuha sa San Miguel.txt
/Users/rl-14/Desktop/Celine-Thesis/all-data-reordered/all/David kuhaon sa Mahindra?.txt
/Users/rl-14/Desktop/Celine-Thesis/all-data-reordered/all/David kuhaon sa SMB?.txt
/Users/rl-14/Desktop/Celine-Thesis/all-data-reordered/all/David Lee posibling i-trade sa Golden State Warriors.txt
/Users/rl-14/Desktop/Celine-Thesis/all-data-reordered/all/David mihangop sa bag-o niyang papel sa RP team.txt
/Users/rl-14/Desktop/Celine-Thesis/all-data-reordered/all/David vs. Goliath.txt
/Users/rl-14/Desktop/Celine-Thesis/all-data-reordered/all/Davide di interesadong mosagop sa mga hayop.txt
/Users/rl-14/Desktop/Celine-Thesis/all-data-reordered/all/Davide di motuong US mobiya; Tom nabalaka.txt
/Users/rl-14/Desktop/Celine-Thesis/all-data-reordered/all/Davide gitudlo ni Duterte isip tsirman sa RPOC.txt
/Users/rl-14/Desktop/Celine-Thesis/all-data-reordered/all/Davide Jr. di uyon sa federalism.txt
/Users/rl-14/Desktop/Celine-Thesis/all-data-reordered/all/Davide midayeg ni Espino bisan sa mga pagsaway.txt
/Users/rl-14/Desktop/Celine-Thesis/all-data-reordered/all/Davide mihangyo sa SC.txt
/Users/rl-14/Desktop/Celine-Thesis/all-data-reordered/all/Davide milaban ni Tribunalo.txt
/Users/rl-14/Desktop/Celine-Thesis/all-data-reordered/all/Davide mimando sa jail warden sa pagtuman.txt
/Users/rl-14/Desktop/Celine-Thesis/all-data-reordered/all/Davide mipabalik na sa dalaw sa CPDRC.txt
/Users/rl-14/Desktop/Celine-Thesis/all-data-reordered/all/Davide moapil sa Tokhang operations.txt
/Users/rl-14/Desktop/Celine-Thesis/all-data-reordered/all/Davide mohangyo sa DOH nga Cebu tukoran og rehab center.txt
/Users/rl-14/Desktop/Celine-Thesis/all-data-reordered/all/Davide motambong sa hearing sa Kongreso sa 'hubo' isyu sa CPDRC.txt
/Users/rl-14/Desktop/Celine-Thesis/all-data-reordered/all/Davide naapil sa `honor lists’ sa kampanya sa gidiling drugas .txt
/Users/rl-14/Desktop/Celine-Thesis/all-data-reordered/all/Davide nabalaka sa mando ni Duterte batok Abu Sayyaf.txt
/Users/rl-14/Desktop/Celine-Thesis/all-data-reordered/all/Davide nakasaway sa Senate hearing sa extra-juducial killings.txt
/Users/rl-14/Desktop/Celine-Thesis/all-data-reordered/all/Davide uyon ibaligya ang Balili property.txt
/Users/rl-14/Desktop/Celine-Thesis/all-data-reordered/all/Davide uyon sa Oplan Tokhang.txt
/Users/rl-14/Desktop/Celine-Thesis/all-data-reordered/all/Davide uyon sa pag-ban sa full-faced helmet.txt
/Users/rl-14/Desktop/Celine-Thesis/all-data-reordered/all/Davide, Chatto uyon sa eleksyon sunod tuig.txt
/Users/rl-14/Desktop/Celine-Thesis/all-data-reordered/all/Davis gipamulta sa NBA.txt
/Users/rl-14/Desktop/Celine-Thesis/all-data-reordered/all/Davis pabilin sa NO.txt
/Users/rl-14/Desktop/Celine-Thesis/all-data-reordered/all/Davis wala kapugngi.txt
/Users/rl-14/Desktop/Celine-Thesis/all-data-reordered/all/Davraa 2018 plantsado na.txt
/Users/rl-14/Desktop/Celine-Thesis/all-data-reordered/all/Davraa boxers andam na.txt
/Users/rl-14/Desktop/Celine-Thesis/all-data-reordered/all/Davraa Meet buksan karon.txt
/Users/rl-14/Desktop/Celine-Thesis/all-data-reordered/all/Daw sama sa usa ka damgo: Tallo.txt
/Users/rl-14/Desktop/Celine-Thesis/all-data-reordered/all/Dawn cover girl na.txt
/Users/rl-14/Desktop/Celine-Thesis/all-data-reordered/all/Dawn never mobiya sa showbiz.txt
/Users/rl-14/Desktop/Celine-Thesis/all-data-reordered/all/Dayalogo sa 5 Pillars of Justice.txt
/Users/rl-14/Desktop/Celine-Thesis/all-data-reordered/all/Dayanara mihilak nga mibiya sa Pinas .txt
/Users/rl-14/Desktop/Celine-Thesis/all-data-reordered/all/Dayanara nasakitan sa ilang break-up ni Aga kaniadto.txt
/Users/rl-14/Desktop/Celine-Thesis/all-data-reordered/all/Dayanara Torres balik Pinas!.txt
/Users/rl-14/Desktop/Celine-Thesis/all-data-reordered/all/Dayanghirang mi-resayn sa pwesto sa PDP-Laban.txt
/Users/rl-14/Desktop/Celine-Thesis/all-data-reordered/all/Dayaspora.txt
/Users/rl-14/Desktop/Celine-Thesis/all-data-reordered/all/Dayohonon nga volleyball tournament.txt
/Users/rl-14/Desktop/Celine-Thesis/all-data-reordered/all/DBM-NorMin,ralihan sa mga magtutudlo.txt
/Users/rl-14/Desktop/Celine-Thesis/all-data-reordered/all/DBTC nakadepensa.txt
/Users/rl-14/Desktop/Celine-Thesis/all-data-reordered/all/DCPO nangayo ug pasaylo sa pagdagmal sa tulo ka menor de edad; duha ka pulis, gipasakahan na ug kaso.txt
/Users/rl-14/Desktop/Celine-Thesis/all-data-reordered/all/DCPO wa paapekto sa gibulgar ni Lascañas bahin sa DDS   .txt
/Users/rl-14/Desktop/Celine-Thesis/all-data-reordered/all/DCPO walay natalang krimen sa away ni Pacquiao.txt
/Users/rl-14/Desktop/Celine-Thesis/all-data-reordered/all/DCPO wala’y nakita nga kahiwi-an sa pagkamatay sa duha ka mga drug pusher.txt
/Users/rl-14/Desktop/Celine-Thesis/all-data-reordered/all/DCPO, aduna nay kaugalingong Police Mascot.txt
/Users/rl-14/Desktop/Celine-Thesis/all-data-reordered/all/DCPO: Moral sa kapolisan mitaas.txt
/Users/rl-14/Desktop/Celine-Thesis/all-data-reordered/all/DCPO: Pagbisita ni PM Abe way natalang hitabo .txt
/Users/rl-14/Desktop/Celine-Thesis/all-data-reordered/all/DCPO: Walay nagsinamok sa Araw ng Dabaw.txt
/Users/rl-14/Desktop/Celine-Thesis/all-data-reordered/all/DDRFC mikampeyon sa Durians Dare Rugby .txt
/Users/rl-14/Desktop/Celine-Thesis/all-data-reordered/all/De Castilla hulipan isip hepe sa Tagum police.txt
/Users/rl-14/Desktop/Celine-Thesis/all-data-reordered/all/De La Hoya di mobalik.txt
/Users/rl-14/Desktop/Celine-Thesis/all-data-reordered/all/De la Hoya mobalik?.txt
/Users/rl-14/Desktop/Celine-Thesis/all-data-reordered/all/De Lara moaway sa PXC 51 karong Enero .txt
/Users/rl-14/Desktop/Celine-Thesis/all-data-reordered/all/De Lima 'midawat' ni Jaguar: pulis.txt
/Users/rl-14/Desktop/Celine-Thesis/all-data-reordered/all/De Lima dili angay moapil sa imbestigasyon: Msgr. Tan.txt
/Users/rl-14/Desktop/Celine-Thesis/all-data-reordered/all/De Lima gipriso.txt
/Users/rl-14/Desktop/Celine-Thesis/all-data-reordered/all/De Lima miangkon nga karelasyon ang driver.txt
/Users/rl-14/Desktop/Celine-Thesis/all-data-reordered/all/De Lima mipahimangno ni Kerwin; hearing adto sa Crame.txt
/Users/rl-14/Desktop/Celine-Thesis/all-data-reordered/all/De Lima nagdawat og `drug payola'.txt
/Users/rl-14/Desktop/Celine-Thesis/all-data-reordered/all/Dead or alive.txt
/Users/rl-14/Desktop/Celine-Thesis/all-data-reordered/all/Dear Heartline: Nakahinumdom ni ex.txt
/Users/rl-14/Desktop/Celine-Thesis/all-data-reordered/all/Dear Tita Heart: Di gareply ang BF.txt
/Users/rl-14/Desktop/Celine-Thesis/all-data-reordered/all/Death penalty sa drug traffickers giduso .txt
/Users/rl-14/Desktop/Celine-Thesis/all-data-reordered/all/Death penalty walay pulos?.txt
/Users/rl-14/Desktop/Celine-Thesis/all-data-reordered/all/Death penatly para sa kasong rape .txt
/Users/rl-14/Desktop/Celine-Thesis/all-data-reordered/all/Debate sa bise-mayor mas midilaab  .txt
/Users/rl-14/Desktop/Celine-Thesis/all-data-reordered/all/Deboto midoble sa prosisyon sa Itum nga Nazareno .txt
/Users/rl-14/Desktop/Celine-Thesis/all-data-reordered/all/Deboto sa Davao del Sur dili apektado sa batikos ni Duterte .txt
/Users/rl-14/Desktop/Celine-Thesis/all-data-reordered/all/Deejay gitulis, gipatay.txt
/Users/rl-14/Desktop/Celine-Thesis/all-data-reordered/all/Defending champ DBTC gipatiran sa SHS-AdC.txt
/Users/rl-14/Desktop/Celine-Thesis/all-data-reordered/all/Defending champion SPC, XU magtabo na sab sa final.txt
/Users/rl-14/Desktop/Celine-Thesis/all-data-reordered/all/Defense at intelligence equipments, target din bilhin ng PDEA – director general.txt
/Users/rl-14/Desktop/Celine-Thesis/all-data-reordered/all/Defense department: Isis na ang kalaban.txt
/Users/rl-14/Desktop/Celine-Thesis/all-data-reordered/all/Defense!.txt
/Users/rl-14/Desktop/Celine-Thesis/all-data-reordered/all/Definisyon sa Love alang sa mga artista.txt
/Users/rl-14/Desktop/Celine-Thesis/all-data-reordered/all/Dekalidad nga junior triathletes sa nasod maglumba sa isla sa Camotes.txt
/Users/rl-14/Desktop/Celine-Thesis/all-data-reordered/all/Dekalidad nga runners magtigi.txt
/Users/rl-14/Desktop/Celine-Thesis/all-data-reordered/all/Deklarasyong terorista ang NPA, nakatabang pag-surrender sa ilang miembro sa gobierno.txt
/Users/rl-14/Desktop/Celine-Thesis/all-data-reordered/all/Del Mar may pahimangno .txt
/Users/rl-14/Desktop/Celine-Thesis/all-data-reordered/all/Del Mar mipadayag batok death penalty.txt
/Users/rl-14/Desktop/Celine-Thesis/all-data-reordered/all/Del Mar mipasabot sa pagpabor sa General Appropriations Act.txt
/Users/rl-14/Desktop/Celine-Thesis/all-data-reordered/all/Del Mar misugyot og pipila ka ammendments sa MCDA bill.txt
/Users/rl-14/Desktop/Celine-Thesis/all-data-reordered/all/Del Mar moamendar sa balaud sa motor.txt
/Users/rl-14/Desktop/Celine-Thesis/all-data-reordered/all/Del Mar nasagmuyo, mi-walk out sa RDC meeting.txt
/Users/rl-14/Desktop/Celine-Thesis/all-data-reordered/all/Del Mundo: Napakyas nga saad ni Duterte gikondena sa CPP.txt
/Users/rl-14/Desktop/Celine-Thesis/all-data-reordered/all/Del Rio mi-TKO ni Alerisa sa 2nd.txt
/Users/rl-14/Desktop/Celine-Thesis/all-data-reordered/all/Dela Hoya tiunay na nga moretiro.txt
/Users/rl-14/Desktop/Celine-Thesis/all-data-reordered/all/Dela Peña nangayo og despensa sa trapik sa SCR.txt
/Users/rl-14/Desktop/Celine-Thesis/all-data-reordered/all/Dela Piedra nisakwat sa City High ngadto sa titulo.txt
/Users/rl-14/Desktop/Celine-Thesis/all-data-reordered/all/Dela Rosa mihatag 9.5 grado sa anti-terror exercise .txt
/Users/rl-14/Desktop/Celine-Thesis/all-data-reordered/all/Dela Rosa: Oplan Tokhang di na duguon .txt
/Users/rl-14/Desktop/Celine-Thesis/all-data-reordered/all/Dela Torre hari sa binuwan nga Cepca chess.txt
/Users/rl-14/Desktop/Celine-Thesis/all-data-reordered/all/Delara batok Amerikano.txt
/Users/rl-14/Desktop/Celine-Thesis/all-data-reordered/all/Delegado sa ASEAN nangabot.txt
/Users/rl-14/Desktop/Celine-Thesis/all-data-reordered/all/Delegasyon sa Mati City, gipanghimakak nga pagdaginot sa pagkaon ang hinungdan pagkalanag sa ilang mga atleta.txt
/Users/rl-14/Desktop/Celine-Thesis/all-data-reordered/all/Delivery boy naigo sa elevator, patay.txt
/Users/rl-14/Desktop/Celine-Thesis/all-data-reordered/all/Delivery van nadumbol sa pison, drayber naangol.txt
/Users/rl-14/Desktop/Celine-Thesis/all-data-reordered/all/Delos Reyes: Epekto sa TRAIN.txt
/Users/rl-14/Desktop/Celine-Thesis/all-data-reordered/all/Delos Reyes: Mga init nga isyu.txt
/Users/rl-14/Desktop/Celine-Thesis/all-data-reordered/all/Delos Reyes: Paghot sa bulan.txt
/Users/rl-14/Desktop/Celine-Thesis/all-data-reordered/all/Delos Reyes: Pederalismo, init nga isyu.txt
/Users/rl-14/Desktop/Celine-Thesis/all-data-reordered/all/Delos Reyes: Politika sa dakbayan sa Davao ug sa rehiyon.txt
/Users/rl-14/Desktop/Celine-Thesis/all-data-reordered/all/Delos Reyes: Sa Davraa, mga atleta pulos daug.txt
/Users/rl-14/Desktop/Celine-Thesis/all-data-reordered/all/Delos Reyes: Usahay naa, usahay wa.txt
/Users/rl-14/Desktop/Celine-Thesis/all-data-reordered/all/Delos Reyes: Wa kasakay sa istorya ni Digong.txt
/Users/rl-14/Desktop/Celine-Thesis/all-data-reordered/all/Dels Reyes: Katawhan nakutaw sa panghitabo.txt
/Users/rl-14/Desktop/Celine-Thesis/all-data-reordered/all/DeMarcus gabangis.txt
/Users/rl-14/Desktop/Celine-Thesis/all-data-reordered/all/Demecillo mi-TKO ni Moya sa 7th rd .txt
/Users/rl-14/Desktop/Celine-Thesis/all-data-reordered/all/Demecillo moaway sa WBO bantam title.txt
/Users/rl-14/Desktop/Celine-Thesis/all-data-reordered/all/Demecillo modepensa batok Dapudong, Disyembre 22.txt
/Users/rl-14/Desktop/Celine-Thesis/all-data-reordered/all/Demecillo, Pael vs. Moloney Brothers.txt
/Users/rl-14/Desktop/Celine-Thesis/all-data-reordered/all/Demecillo-Dapudong fight natabla.txt
/Users/rl-14/Desktop/Celine-Thesis/all-data-reordered/all/Demolisyon sa CICC nagubot .txt
/Users/rl-14/Desktop/Celine-Thesis/all-data-reordered/all/Demolisyon sa Lapu ipatuman.txt
/Users/rl-14/Desktop/Celine-Thesis/all-data-reordered/all/Dengue immunization ipahigayon sa Sugbo; 4th graders target.txt
/Users/rl-14/Desktop/Celine-Thesis/all-data-reordered/all/Dengvaxia gisugdan nag bawi.txt
/Users/rl-14/Desktop/Celine-Thesis/all-data-reordered/all/Denise cancer-free!.txt
/Users/rl-14/Desktop/Celine-Thesis/all-data-reordered/all/Denise gimingaw og teatro.txt
/Users/rl-14/Desktop/Celine-Thesis/all-data-reordered/all/Denise kanselado ang kasal.txt
/Users/rl-14/Desktop/Celine-Thesis/all-data-reordered/all/Denise Laurel bulag na ni Sol Mercado.txt
/Users/rl-14/Desktop/Celine-Thesis/all-data-reordered/all/Denise nagka-cyst tungod sa kahago  .txt
/Users/rl-14/Desktop/Celine-Thesis/all-data-reordered/all/Denise overwhelmed sa kadaugan .txt
/Users/rl-14/Desktop/Celine-Thesis/all-data-reordered/all/Dennis emosyal pagkita ni Julia.txt
/Users/rl-14/Desktop/Celine-Thesis/all-data-reordered/all/Dennis Trillo ug Andi Eigenmann big winner sa Famas.txt
/Users/rl-14/Desktop/Celine-Thesis/all-data-reordered/all/DENR 7 miila sa minahan sa SEDC.txt
/Users/rl-14/Desktop/Celine-Thesis/all-data-reordered/all/DENR 7 nanawagan og responsible tourism sa Sta. Fe .txt
/Users/rl-14/Desktop/Celine-Thesis/all-data-reordered/all/DENR gikwestiyon ni Radaza.txt
/Users/rl-14/Desktop/Celine-Thesis/all-data-reordered/all/DENR mobisita sa ubang tourist sites sa Visayas.txt
/Users/rl-14/Desktop/Celine-Thesis/all-data-reordered/all/DENR Sec Cimatu:”Mining companies nga NPA supporters,tak-upan na”.txt
/Users/rl-14/Desktop/Celine-Thesis/all-data-reordered/all/DENR-Northern Mindanao mi-awhag sa katawhan.txt
/Users/rl-14/Desktop/Celine-Thesis/all-data-reordered/all/Department heads sa Mandaue gidid-an na magpa-interview?.txt
/Users/rl-14/Desktop/Celine-Thesis/all-data-reordered/all/DepEd Cebu City mosusi sa kontrata sa principal.txt
/Users/rl-14/Desktop/Celine-Thesis/all-data-reordered/all/DepEd employee,sikop re shabu & firearms possession sa CdeO.txt
/Users/rl-14/Desktop/Celine-Thesis/all-data-reordered/all/DepEd milimod dunay kampo ang militar sa tunghaan.txt
/Users/rl-14/Desktop/Celine-Thesis/all-data-reordered/all/DepEd mimando nga bisan og enrolees dunay utang dawaton.txt
/Users/rl-14/Desktop/Celine-Thesis/all-data-reordered/all/DepEd Mis-Or:’Dugang magtutudlo,gikinahanglan’.txt
/Users/rl-14/Desktop/Celine-Thesis/all-data-reordered/all/DepEd mosusi sa namatay nga tinun-an sa Inayawan.txt
/Users/rl-14/Desktop/Celine-Thesis/all-data-reordered/all/DepEd official, kapitan ipangkiha.txt
/Users/rl-14/Desktop/Celine-Thesis/all-data-reordered/all/DepEd suportado ang Ironman 70.3 sa Davao.txt
/Users/rl-14/Desktop/Celine-Thesis/all-data-reordered/all/DepEd-10,makigtagbo sa DILG ug Comelec.txt
/Users/rl-14/Desktop/Celine-Thesis/all-data-reordered/all/DepEd-10,mibahad sa mga magtutudlo re:dili mangayo’g valuables.txt
/Users/rl-14/Desktop/Celine-Thesis/all-data-reordered/all/DepEd-Caraga, 85-porsiento nang andam sa CRAM 2018.txt
/Users/rl-14/Desktop/Celine-Thesis/all-data-reordered/all/Depende sa posisyon.txt
/Users/rl-14/Desktop/Celine-Thesis/all-data-reordered/all/Deployment ban sa Kuwait, OKAY sa OWWA-12.txt
/Users/rl-14/Desktop/Celine-Thesis/all-data-reordered/all/Depot sa Shell giprotektahan.txt
/Users/rl-14/Desktop/Celine-Thesis/all-data-reordered/all/Dept. of Sports tukuron.txt
/Users/rl-14/Desktop/Celine-Thesis/all-data-reordered/all/Deputy Speaker Gwendolyn Garcia on dismissal order: “Blatant attempt” para pugngan ang impeachment ni Ombudsman Morales.txt
/Users/rl-14/Desktop/Celine-Thesis/all-data-reordered/all/Derek gikaibogan nga leading man?.txt
/Users/rl-14/Desktop/Celine-Thesis/all-data-reordered/all/Derek okay lang malaos.txt
/Users/rl-14/Desktop/Celine-Thesis/all-data-reordered/all/Derek, ABS-CBN nagkasinabtanay na.txt
/Users/rl-14/Desktop/Celine-Thesis/all-data-reordered/all/Derek, Shaina take 7 ang kissing scene?.txt
/Users/rl-14/Desktop/Celine-Thesis/all-data-reordered/all/Derrick way gadugay nga loveteam?.txt
/Users/rl-14/Desktop/Celine-Thesis/all-data-reordered/all/Derrick Williams gi-extend sa Cleveland Cavaliers.txt
/Users/rl-14/Desktop/Celine-Thesis/all-data-reordered/all/Despi mokwestyon sa Comelec.txt
/Users/rl-14/Desktop/Celine-Thesis/all-data-reordered/all/Desquitado gibalik isip police director .txt
/Users/rl-14/Desktop/Celine-Thesis/all-data-reordered/all/Devance, Cone nag-uban gihapon.txt
/Users/rl-14/Desktop/Celine-Thesis/all-data-reordered/all/Devance: wanted sa Gins.txt
/Users/rl-14/Desktop/Celine-Thesis/all-data-reordered/all/Developer ikiha sa tag-iya sa yuta binaliw.txt
/Users/rl-14/Desktop/Celine-Thesis/all-data-reordered/all/Developer sa NRA modonar og mga agianan .txt
/Users/rl-14/Desktop/Celine-Thesis/all-data-reordered/all/Devotee City giokupahan na.txt
/Users/rl-14/Desktop/Celine-Thesis/all-data-reordered/all/DFA midugang og Data Capture Machines.txt
/Users/rl-14/Desktop/Celine-Thesis/all-data-reordered/all/DFA, gihingusgan nga walay bayad sa online appointment.txt
/Users/rl-14/Desktop/Celine-Thesis/all-data-reordered/all/DH25 Camp basketball tournament ipahigayon.txt
/Users/rl-14/Desktop/Celine-Thesis/all-data-reordered/all/DH25 Training Camp mo-tour sa Kabisay-an ug Mindanao.txt
/Users/rl-14/Desktop/Celine-Thesis/all-data-reordered/all/Di ang festival maoy nakaingon sa traffic.txt
/Users/rl-14/Desktop/Celine-Thesis/all-data-reordered/all/Di armasan ang TEAM: Quisumbing.txt
/Users/rl-14/Desktop/Celine-Thesis/all-data-reordered/all/Di duguon nga drug war ubos  sa PDEA.txt
/Users/rl-14/Desktop/Celine-Thesis/all-data-reordered/all/Di engrande ang pagsaulog sa Christ the King ugma: Archbishop Palma.txt
/Users/rl-14/Desktop/Celine-Thesis/all-data-reordered/all/Di ganti ang giapas ni Floyd: Showtime.txt
/Users/rl-14/Desktop/Celine-Thesis/all-data-reordered/all/Di ipaguba ang taytayan sa Pasil, Ermita.txt
/Users/rl-14/Desktop/Celine-Thesis/all-data-reordered/all/Di kumbinsido nga kawatan ang ‘killer’.txt
/Users/rl-14/Desktop/Celine-Thesis/all-data-reordered/all/Di lang NFA ang palitan og bugas sa Kapitolyo alang sa mga bilanggoan, ubang pasilidad.txt
/Users/rl-14/Desktop/Celine-Thesis/all-data-reordered/all/DI MABITIN.txt
/Users/rl-14/Desktop/Celine-Thesis/all-data-reordered/all/Di maglaom og dako sa Gilas: Baldwin.txt
/Users/rl-14/Desktop/Celine-Thesis/all-data-reordered/all/Di makasuspenso ang DepEd sa magtutudlo nga naapil sa drugas .txt
/Users/rl-14/Desktop/Celine-Thesis/all-data-reordered/all/Di malahi: Dave.txt
/Users/rl-14/Desktop/Celine-Thesis/all-data-reordered/all/Di mo-serve og half-cup rice pamultahon.txt
/Users/rl-14/Desktop/Celine-Thesis/all-data-reordered/all/Di moahat pagduwa.txt
/Users/rl-14/Desktop/Celine-Thesis/all-data-reordered/all/Di mohawa sa danger zone, di tabangan.txt
/Users/rl-14/Desktop/Celine-Thesis/all-data-reordered/all/Di na molukat og business permit ang tricycle driver .txt
/Users/rl-14/Desktop/Celine-Thesis/all-data-reordered/all/Di na siya mobalik.txt
/Users/rl-14/Desktop/Celine-Thesis/all-data-reordered/all/Di padala sa tigaw.txt
/Users/rl-14/Desktop/Celine-Thesis/all-data-reordered/all/Di palagot sa kontra.txt
/Users/rl-14/Desktop/Celine-Thesis/all-data-reordered/all/Di saktong helmet, gatsinelas dakpon.txt
/Users/rl-14/Desktop/Celine-Thesis/all-data-reordered/all/Di sama'g abilidad.txt
/Users/rl-14/Desktop/Celine-Thesis/all-data-reordered/all/Di si Peter Lim ang gitumbok nga Jaguar dinhi sa Sugbo: DOJ.txt
/Users/rl-14/Desktop/Celine-Thesis/all-data-reordered/all/Di vigilante ang mipatay kang Loberanis: Alanas .txt
/Users/rl-14/Desktop/Celine-Thesis/all-data-reordered/all/Dialogue tali sa mga fraternity gisugyot.txt
/Users/rl-14/Desktop/Celine-Thesis/all-data-reordered/all/Dialysis center sa Dr. Jorge P. Royeca Hospital sa GenSan magsugod na sa pag-operate.txt
/Users/rl-14/Desktop/Celine-Thesis/all-data-reordered/all/Diamante mihangyo sa ubang mayor sa Sugbo sa pagsuporta ni Duterte .txt
/Users/rl-14/Desktop/Celine-Thesis/all-data-reordered/all/Diarrhea outbreak gideklara sa Alabel, GenSan.txt
/Users/rl-14/Desktop/Celine-Thesis/all-data-reordered/all/Diaz andam na sa Rio Olympics.txt
/Users/rl-14/Desktop/Celine-Thesis/all-data-reordered/all/Diaz gipasidunggan sa Kongreso.txt
/Users/rl-14/Desktop/Celine-Thesis/all-data-reordered/all/Diaz hataga’g balay, yuta sa PSC.txt
/Users/rl-14/Desktop/Celine-Thesis/all-data-reordered/all/Diaz pahalipayan sab ni Pacquiao.txt
/Users/rl-14/Desktop/Celine-Thesis/all-data-reordered/all/Dicaprio ug uban pang Hollywood stars manan-aw.txt
/Users/rl-14/Desktop/Celine-Thesis/all-data-reordered/all/Dick Israel nasunogan nagkinahanglan og tabang.txt
/Users/rl-14/Desktop/Celine-Thesis/all-data-reordered/all/Diego in love kang Sofia.txt
/Users/rl-14/Desktop/Celine-Thesis/all-data-reordered/all/Diego nagpahungaw sa kaulit kang Cesar .txt
/Users/rl-14/Desktop/Celine-Thesis/all-data-reordered/all/DigiBayanihan Center of Excellence giablihan.txt
/Users/rl-14/Desktop/Celine-Thesis/all-data-reordered/all/Digital nga pamaagi alang sa kultura ug arte: opisyal sa PLDT.txt
/Users/rl-14/Desktop/Celine-Thesis/all-data-reordered/all/Dignidad sa mga bata .txt
/Users/rl-14/Desktop/Celine-Thesis/all-data-reordered/all/Dignos motabang ni champ Ancajas.txt
/Users/rl-14/Desktop/Celine-Thesis/all-data-reordered/all/Digong kuntento sa duwa sa Gilas.txt
/Users/rl-14/Desktop/Celine-Thesis/all-data-reordered/all/Digong midugang og P2 M ni Diaz.txt
/Users/rl-14/Desktop/Celine-Thesis/all-data-reordered/all/Digong suportado sa kapari-an: Diola.txt
/Users/rl-14/Desktop/Celine-Thesis/all-data-reordered/all/Digong ‘pang sports pa’.txt
/Users/rl-14/Desktop/Celine-Thesis/all-data-reordered/all/Diin puyo ang Abu Sayyaf.txt
/Users/rl-14/Desktop/Celine-Thesis/all-data-reordered/all/Dikit nga panag-ilog sa elementary ug secondary over-all title.txt
/Users/rl-14/Desktop/Celine-Thesis/all-data-reordered/all/DILG Davao Region gikahinaman na ang opisyal nga paglingkod ni DILG sec Año.txt
/Users/rl-14/Desktop/Celine-Thesis/all-data-reordered/all/DILG mi-issue na ug last warning batok sa mga Brgy officials nga dili seryoso sa kampanya kontra druga.txt
/Users/rl-14/Desktop/Celine-Thesis/all-data-reordered/all/DILG miklarong drop box wa pa gipatuman sa Cebu; di dali mapatuman.txt
/Users/rl-14/Desktop/Celine-Thesis/all-data-reordered/all/DILG, gipa-abot ang kamanduan ni Pres. Duterte sa paglingkod ni Konsehal Bernard Al-ag isip bise mayor.txt
/Users/rl-14/Desktop/Celine-Thesis/all-data-reordered/all/Dili dayon motuo bahin sa milagro: Msgr. Binghay.txt
/Users/rl-14/Desktop/Celine-Thesis/all-data-reordered/all/Dili kalibring kontra?.txt
/Users/rl-14/Desktop/Celine-Thesis/all-data-reordered/all/Dili mag-Curry.txt
/Users/rl-14/Desktop/Celine-Thesis/all-data-reordered/all/Dili makaseguro ang PRO-7 nga way mamatay nga durugista.txt
/Users/rl-14/Desktop/Celine-Thesis/all-data-reordered/all/Dili pa moretiro  SunStar.txt
/Users/rl-14/Desktop/Celine-Thesis/all-data-reordered/all/Dili pa moretiro.txt
/Users/rl-14/Desktop/Celine-Thesis/all-data-reordered/all/Dili type ang nanguyab.txt
/Users/rl-14/Desktop/Celine-Thesis/all-data-reordered/all/Dimakiling modepensa sa titulo sa ika-upat nga higayon.txt
/Users/rl-14/Desktop/Celine-Thesis/all-data-reordered/all/Dimalas naputol.txt
/Users/rl-14/Desktop/Celine-Thesis/all-data-reordered/all/Dimalas sa GSW naputol.txt
/Users/rl-14/Desktop/Celine-Thesis/all-data-reordered/all/Dinagkutan nga suga, mi-ugdaw sa usa ka pinuy-anan.txt
/Users/rl-14/Desktop/Celine-Thesis/all-data-reordered/all/Dinakpan nga si Atty Mario Pielago, miduso na sa retirement sa DAR.txt
/Users/rl-14/Desktop/Celine-Thesis/all-data-reordered/all/Dinakpanay sa Osmeña blvd..txt
/Users/rl-14/Desktop/Celine-Thesis/all-data-reordered/all/Dingdong balik primetime uban si Megan ug Andrea.txt
/Users/rl-14/Desktop/Celine-Thesis/all-data-reordered/all/Dingdong mas natugkad ang personality ni Anne.txt
/Users/rl-14/Desktop/Celine-Thesis/all-data-reordered/all/Dingdong nagresign sa NYC.txt
/Users/rl-14/Desktop/Celine-Thesis/all-data-reordered/all/Dingdong wa mihawa sa NYC.txt
/Users/rl-14/Desktop/Celine-Thesis/all-data-reordered/all/Dingdong, proud Marine reservist.txt
/Users/rl-14/Desktop/Celine-Thesis/all-data-reordered/all/Dino gisaway ni Osmeña.txt
/Users/rl-14/Desktop/Celine-Thesis/all-data-reordered/all/Dino mopaluyo ni VM Labella.txt
/Users/rl-14/Desktop/Celine-Thesis/all-data-reordered/all/Dino nakasaway kang Mayor Tom.txt
/Users/rl-14/Desktop/Celine-Thesis/all-data-reordered/all/Dinumbolay sa mga ‘Bata’.txt
/Users/rl-14/Desktop/Celine-Thesis/all-data-reordered/all/Diola: Balik-Islam.txt
/Users/rl-14/Desktop/Celine-Thesis/all-data-reordered/all/Diola: Baliklantaw Sinulog.txt
/Users/rl-14/Desktop/Celine-Thesis/all-data-reordered/all/Diola: Daddy.txt
/Users/rl-14/Desktop/Celine-Thesis/all-data-reordered/all/Diola: Dili ingon nato.txt
/Users/rl-14/Desktop/Celine-Thesis/all-data-reordered/all/Diola: Gulpi di Gulat.txt
/Users/rl-14/Desktop/Celine-Thesis/all-data-reordered/all/Diola: Hangtod sa Katapusan.txt
/Users/rl-14/Desktop/Celine-Thesis/all-data-reordered/all/Diola: Hapit na gyod!.txt
/Users/rl-14/Desktop/Celine-Thesis/all-data-reordered/all/Diola: Hapit Una.txt
/Users/rl-14/Desktop/Celine-Thesis/all-data-reordered/all/Diola: Hilom nga Dumuduong.txt
/Users/rl-14/Desktop/Celine-Thesis/all-data-reordered/all/Diola: Huot nga pultahan.txt
/Users/rl-14/Desktop/Celine-Thesis/all-data-reordered/all/Diola: Kagiron.txt
/Users/rl-14/Desktop/Celine-Thesis/all-data-reordered/all/Diola: Lain nay mo-ilis.txt
/Users/rl-14/Desktop/Celine-Thesis/all-data-reordered/all/Diola: Maaghop nga Hari.txt
/Users/rl-14/Desktop/Celine-Thesis/all-data-reordered/all/Diola: Miagi nga anghel.txt
/Users/rl-14/Desktop/Celine-Thesis/all-data-reordered/all/Diola: Mitalaw.txt
/Users/rl-14/Desktop/Celine-Thesis/all-data-reordered/all/Diola: Nalipay kog dako.txt
/Users/rl-14/Desktop/Celine-Thesis/all-data-reordered/all/Diola: Pagsaylo.txt
/Users/rl-14/Desktop/Celine-Thesis/all-data-reordered/all/Diola: Palaban.txt
/Users/rl-14/Desktop/Celine-Thesis/all-data-reordered/all/Diola: Pamalay.txt
/Users/rl-14/Desktop/Celine-Thesis/all-data-reordered/all/Diola: Panayegon.txt
/Users/rl-14/Desktop/Celine-Thesis/all-data-reordered/all/Diola: Pangandoy.txt
/Users/rl-14/Desktop/Celine-Thesis/all-data-reordered/all/Diola: Tago.txt
/Users/rl-14/Desktop/Celine-Thesis/all-data-reordered/all/Diola: Tinuoray nga Gahom.txt
/Users/rl-14/Desktop/Celine-Thesis/all-data-reordered/all/Diola: Tinuoray nga Gamhanan.txt
/Users/rl-14/Desktop/Celine-Thesis/all-data-reordered/all/Diola: Tulin.txt
/Users/rl-14/Desktop/Celine-Thesis/all-data-reordered/all/Diola: Way ligo.txt
/Users/rl-14/Desktop/Celine-Thesis/all-data-reordered/all/Diola: “Feel at Home”.txt
/Users/rl-14/Desktop/Celine-Thesis/all-data-reordered/all/Dionne flattered sa mga pagtagad.txt
/Users/rl-14/Desktop/Celine-Thesis/all-data-reordered/all/Dionne Monsanto nakigdate kang Bryan.txt
/Users/rl-14/Desktop/Celine-Thesis/all-data-reordered/all/Diputado: `Ang tigpamaba sa SB sa Panglao’.txt
/Users/rl-14/Desktop/Celine-Thesis/all-data-reordered/all/Diputado: Ang mga ignoranteng bokal.txt
/Users/rl-14/Desktop/Celine-Thesis/all-data-reordered/all/Diputado: Ang “satanic rosary”.txt
/Users/rl-14/Desktop/Celine-Thesis/all-data-reordered/all/Diputado: BUO gitukod sa Bohol .txt
/Users/rl-14/Desktop/Celine-Thesis/all-data-reordered/all/Diputado: Di matabang si Digong.txt
/Users/rl-14/Desktop/Celine-Thesis/all-data-reordered/all/Diputado: Diborsiyo sa Pilipinas.txt
/Users/rl-14/Desktop/Celine-Thesis/all-data-reordered/all/Diputado: Donasyon sa kampanya.txt
/Users/rl-14/Desktop/Celine-Thesis/all-data-reordered/all/Diputado: Dugang mga problema ni CJ Sereno.txt
/Users/rl-14/Desktop/Celine-Thesis/all-data-reordered/all/Diputado: Gi-warningan sa Presidente .txt
/Users/rl-14/Desktop/Celine-Thesis/all-data-reordered/all/Diputado: Gubot pas lukot.txt
/Users/rl-14/Desktop/Celine-Thesis/all-data-reordered/all/Diputado: Hello Rodrigo.txt
/Users/rl-14/Desktop/Celine-Thesis/all-data-reordered/all/Diputado: Hulga sa mga NPA.txt
/Users/rl-14/Desktop/Celine-Thesis/all-data-reordered/all/Diputado: Kausaban sa Ubos Balay-Balaoranan.txt
/Users/rl-14/Desktop/Celine-Thesis/all-data-reordered/all/Diputado: Kinsay atong tuhoan? .txt
/Users/rl-14/Desktop/Celine-Thesis/all-data-reordered/all/Diputado: Kusog pay hagok sa pabuto ni Trillanes.txt
/Users/rl-14/Desktop/Celine-Thesis/all-data-reordered/all/Diputado: Lain na sab nga mga tangtangonon.txt
/Users/rl-14/Desktop/Celine-Thesis/all-data-reordered/all/Diputado: Listahan ni President Rody.txt
/Users/rl-14/Desktop/Celine-Thesis/all-data-reordered/all/Diputado: Malinawong pagpanaw Cardinal Vidal.txt
/Users/rl-14/Desktop/Celine-Thesis/all-data-reordered/all/Diputado: Mubo, dako’g tiyan og linginon.txt
/Users/rl-14/Desktop/Celine-Thesis/all-data-reordered/all/Diputado: Nagtuo nga hawod gihapon.txt
/Users/rl-14/Desktop/Celine-Thesis/all-data-reordered/all/Diputado: Opisyal nalista sa drug matrix.txt
/Users/rl-14/Desktop/Celine-Thesis/all-data-reordered/all/Diputado: Problema ni Maria Ressa.txt
/Users/rl-14/Desktop/Celine-Thesis/all-data-reordered/all/Diputado: Tago-tago nga suporta kang Digong.txt
/Users/rl-14/Desktop/Celine-Thesis/all-data-reordered/all/Diputado: Unsay lansaran ni Cong. Gwen.txt
/Users/rl-14/Desktop/Celine-Thesis/all-data-reordered/all/Diputado: Wa tumana ang Order sa Ombudsman.txt
/Users/rl-14/Desktop/Celine-Thesis/all-data-reordered/all/Diputado: ‘Cause and effect’.txt
/Users/rl-14/Desktop/Celine-Thesis/all-data-reordered/all/Diputado: “Confidentiality clause” na sab!.txt
/Users/rl-14/Desktop/Celine-Thesis/all-data-reordered/all/Diputado: “Constructive Dismissal” ni Sereno?.txt
/Users/rl-14/Desktop/Celine-Thesis/all-data-reordered/all/Direk Alvin mi-explain.txt
/Users/rl-14/Desktop/Celine-Thesis/all-data-reordered/all/Direk Bibeth Orteza bag-ong Tofarm Festival Director .txt
/Users/rl-14/Desktop/Celine-Thesis/all-data-reordered/all/Direk Carlo J. audition karon.txt
/Users/rl-14/Desktop/Celine-Thesis/all-data-reordered/all/Direk Carlo J. dunay bag-ong pelikula.txt
/Users/rl-14/Desktop/Celine-Thesis/all-data-reordered/all/Direk Paul excited na nga mahimong amahan.txt
/Users/rl-14/Desktop/Celine-Thesis/all-data-reordered/all/Dirk Nowitzki basin moretiro sunod tuig.txt
/Users/rl-14/Desktop/Celine-Thesis/all-data-reordered/all/Dirty Tactic?.txt
/Users/rl-14/Desktop/Celine-Thesis/all-data-reordered/all/Disaster equipment nadawat sa barangay .txt
/Users/rl-14/Desktop/Celine-Thesis/all-data-reordered/all/Disc jockey maoy Ms. Cebu 2016.txt
/Users/rl-14/Desktop/Celine-Thesis/all-data-reordered/all/Discipline zone ipatuman sa Brgy. Centro sa Mandaue.txt
/Users/rl-14/Desktop/Celine-Thesis/all-data-reordered/all/Disiplina ang sekreto: Nietes.txt
/Users/rl-14/Desktop/Celine-Thesis/all-data-reordered/all/Dismissal gipatuman na.txt
/Users/rl-14/Desktop/Celine-Thesis/all-data-reordered/all/Dismissal sa kaso batok ni Lim, Kerwin gibakwi.txt
/Users/rl-14/Desktop/Celine-Thesis/all-data-reordered/all/Dispatser giluba 72 ka higayon.txt
/Users/rl-14/Desktop/Celine-Thesis/all-data-reordered/all/Dispatser giluba, kritikal.txt
/Users/rl-14/Desktop/Celine-Thesis/all-data-reordered/all/Dissolution of marriage 'sama rag dibursyo'.txt
/Users/rl-14/Desktop/Celine-Thesis/all-data-reordered/all/Distribution sa assistance sa biktima sa baha gipahimuslan sa pipila ka indibiduwal.txt
/Users/rl-14/Desktop/Celine-Thesis/all-data-reordered/all/ditirambo sa kalingkawasan.txt
/Users/rl-14/Desktop/Celine-Thesis/all-data-reordered/all/Diver nahutdan og oxygen ilawom sa dagat.txt
/Users/rl-14/Desktop/Celine-Thesis/all-data-reordered/all/Division meet giisbog.txt
/Users/rl-14/Desktop/Celine-Thesis/all-data-reordered/all/DJ Chacha mi-exit sa PBB House.txt
/Users/rl-14/Desktop/Celine-Thesis/all-data-reordered/all/Django moapil sa World Pool sa Europe.txt
/Users/rl-14/Desktop/Celine-Thesis/all-data-reordered/all/DNA testing gamiton pagkuhag ebedensya.txt
/Users/rl-14/Desktop/Celine-Thesis/all-data-reordered/all/Do-or-die battle sa Painters.txt
/Users/rl-14/Desktop/Celine-Thesis/all-data-reordered/all/Do-or-die battle sa Star.txt
/Users/rl-14/Desktop/Celine-Thesis/all-data-reordered/all/Doble kadaugan.txt
/Users/rl-14/Desktop/Celine-Thesis/all-data-reordered/all/Dobleng `blackeye’.txt
/Users/rl-14/Desktop/Celine-Thesis/all-data-reordered/all/Dobleng daug sa City High  SunStar.txt
/Users/rl-14/Desktop/Celine-Thesis/all-data-reordered/all/Dobleng daug sa City High.txt
/Users/rl-14/Desktop/Celine-Thesis/all-data-reordered/all/Dobleng daug sa Lapasan.txt
/Users/rl-14/Desktop/Celine-Thesis/all-data-reordered/all/Dobleng pinaskohan madawat sa mga regular nga kawani sa Mandaue.txt
/Users/rl-14/Desktop/Celine-Thesis/all-data-reordered/all/Dodong Codilla mitaliwan na.txt
/Users/rl-14/Desktop/Celine-Thesis/all-data-reordered/all/DOE, PNP gidayeg sa consumer group.txt
/Users/rl-14/Desktop/Celine-Thesis/all-data-reordered/all/DOH miabiso.txt
/Users/rl-14/Desktop/Celine-Thesis/all-data-reordered/all/DOH mikwestyon sa PHO.txt
/Users/rl-14/Desktop/Celine-Thesis/all-data-reordered/all/DoH-10: ”10 ka tawo nabuthan sa pasko ug bag-ong tuig”.txt
/Users/rl-14/Desktop/Celine-Thesis/all-data-reordered/all/DoH-10:’3 angol sa pagsugat sa New Year sa NorMin’.txt
/Users/rl-14/Desktop/Celine-Thesis/all-data-reordered/all/DoH-10:”2018 firecracker cases,pinakaubos sa NorMin history”.txt
/Users/rl-14/Desktop/Celine-Thesis/all-data-reordered/all/DOJ mi-subpoena kang Peter Lim labot sa drugs.txt
/Users/rl-14/Desktop/Celine-Thesis/all-data-reordered/all/DOJ: Duterte lamang makadeklara ilegal ang Tadeco-Bucor agreement.txt
/Users/rl-14/Desktop/Celine-Thesis/all-data-reordered/all/Doktor batok estudyante sa TPG 5 .txt
/Users/rl-14/Desktop/Celine-Thesis/all-data-reordered/all/Doktor gipetisyunan sa iyang mga kauban.txt
/Users/rl-14/Desktop/Celine-Thesis/all-data-reordered/all/Doktor mideklarar nga Tomas cancer-free .txt
/Users/rl-14/Desktop/Celine-Thesis/all-data-reordered/all/Doktor nga kanhi NMMC connected,gikasuhan sa kidnapping.txt
/Users/rl-14/Desktop/Celine-Thesis/all-data-reordered/all/Doktor sa Cesafi nalakip sa Olympic medical team .txt
/Users/rl-14/Desktop/Celine-Thesis/all-data-reordered/all/Doktor sa Minglanilla miatubang sa komitiba.txt
/Users/rl-14/Desktop/Celine-Thesis/all-data-reordered/all/Doktor sa Pinamungajan gireklamo.txt
/Users/rl-14/Desktop/Celine-Thesis/all-data-reordered/all/Doktora nasunog, patay .txt
/Users/rl-14/Desktop/Celine-Thesis/all-data-reordered/all/Doktora sa Cagayan de Oro gipusil sa riding-in-tandem.txt
/Users/rl-14/Desktop/Celine-Thesis/all-data-reordered/all/Dokumento nangabasa .txt
/Users/rl-14/Desktop/Celine-Thesis/all-data-reordered/all/Dolce Casa miabli sa Parkmall.txt
/Users/rl-14/Desktop/Celine-Thesis/all-data-reordered/all/Dole 7 mipahinumdom sa extra pay atol sa 2 holidays sa Pebrero.txt
/Users/rl-14/Desktop/Celine-Thesis/all-data-reordered/all/Dole di makapahunong, misusi sa mga benepisyo.txt
/Users/rl-14/Desktop/Celine-Thesis/all-data-reordered/all/Dole mi-ban sa pagpada og OFWs sa Kuwait .txt
/Users/rl-14/Desktop/Celine-Thesis/all-data-reordered/all/DOLE mi-entrap sa ahensya.txt
/Users/rl-14/Desktop/Celine-Thesis/all-data-reordered/all/DOLE XI, nanghunaw sa isyu sa sumala pa pagpangwarta sa barangay officials sa TUPAD program.txt
/Users/rl-14/Desktop/Celine-Thesis/all-data-reordered/all/DOLE, mihatag ug pasi-unang funeral assistance sa mga pamilya sa mga biktima sa NCCC fire incident.txt
/Users/rl-14/Desktop/Celine-Thesis/all-data-reordered/all/DOLE-7, Solid Earth naghiusa sa Earth Day .txt
/Users/rl-14/Desktop/Celine-Thesis/all-data-reordered/all/DOLE-XI, gidasig ang mga apektado sa sunog sa NCCC mall nga mopatim-aw sa buhatan aron matabangan.txt
/Users/rl-14/Desktop/Celine-Thesis/all-data-reordered/all/Dominasyon ni Nietes putlon.txt
/Users/rl-14/Desktop/Celine-Thesis/all-data-reordered/all/Dominasyon.txt
/Users/rl-14/Desktop/Celine-Thesis/all-data-reordered/all/Don Bosco gitipi sa Baby Webmasters.txt
/Users/rl-14/Desktop/Celine-Thesis/all-data-reordered/all/Donaire andam bisan adto sa hometown ni Frampton.txt
/Users/rl-14/Desktop/Celine-Thesis/all-data-reordered/all/Donaire andam na batok Magdaleno.txt
/Users/rl-14/Desktop/Celine-Thesis/all-data-reordered/all/Donaire andam na.txt
/Users/rl-14/Desktop/Celine-Thesis/all-data-reordered/all/Donaire batok Quigg alang sa world title.txt
/Users/rl-14/Desktop/Celine-Thesis/all-data-reordered/all/Donaire bugnuon si Selby.txt
/Users/rl-14/Desktop/Celine-Thesis/all-data-reordered/all/Donaire di motuo nga moretiro sa hingpit si Manny.txt
/Users/rl-14/Desktop/Celine-Thesis/all-data-reordered/all/Donaire emosyonal sa final press conference copy.txt
/Users/rl-14/Desktop/Celine-Thesis/all-data-reordered/all/Donaire fan sab ni Curry.txt
/Users/rl-14/Desktop/Celine-Thesis/all-data-reordered/all/Donaire gibuhi-an na sa Top Rank.txt
/Users/rl-14/Desktop/Celine-Thesis/all-data-reordered/all/Donaire gihagit ni Juarez og rematch; Filipino Flash midawat.txt
/Users/rl-14/Desktop/Celine-Thesis/all-data-reordered/all/Donaire gusto'g dinaliang rematch kang Magdaleno.txt
/Users/rl-14/Desktop/Celine-Thesis/all-data-reordered/all/Donaire mag-training gihapon bisan wa pa’y kontra.txt
/Users/rl-14/Desktop/Celine-Thesis/all-data-reordered/all/Donaire magpaabot pa.txt
/Users/rl-14/Desktop/Celine-Thesis/all-data-reordered/all/Donaire makapataas sa moral ni Magsayo.txt
/Users/rl-14/Desktop/Celine-Thesis/all-data-reordered/all/Donaire masaligon batok Hungarian.txt
/Users/rl-14/Desktop/Celine-Thesis/all-data-reordered/all/Donaire miabot na sa Manila.txt
/Users/rl-14/Desktop/Celine-Thesis/all-data-reordered/all/Donaire mibahad og K.O. nga kadaugan.txt
/Users/rl-14/Desktop/Celine-Thesis/all-data-reordered/all/Donaire mihagit nila ni Rigondeaux, Frampton.txt
/Users/rl-14/Desktop/Celine-Thesis/all-data-reordered/all/Donaire mitambag ni Pagara.txt
/Users/rl-14/Desktop/Celine-Thesis/all-data-reordered/all/Donaire moaway sa Macau.txt
/Users/rl-14/Desktop/Celine-Thesis/all-data-reordered/all/Donaire mobawos.txt
/Users/rl-14/Desktop/Celine-Thesis/all-data-reordered/all/Donaire mosaka pagbalik sa 126.txt
/Users/rl-14/Desktop/Celine-Thesis/all-data-reordered/all/Donaire naay dakong away kon....txt
/Users/rl-14/Desktop/Celine-Thesis/all-data-reordered/all/Donaire naghari og balik.txt
/Users/rl-14/Desktop/Celine-Thesis/all-data-reordered/all/Donaire naghisgot na og laing away.txt
/Users/rl-14/Desktop/Celine-Thesis/all-data-reordered/all/Donaire nagpabilin sa Top Rank Promotions.txt
/Users/rl-14/Desktop/Celine-Thesis/all-data-reordered/all/Donaire nagtinguha nga ikaaway si Lomachenko.txt
/Users/rl-14/Desktop/Celine-Thesis/all-data-reordered/all/Donaire nakaamgo na.txt
/Users/rl-14/Desktop/Celine-Thesis/all-data-reordered/all/Donaire nangandam na’ng daan.txt
/Users/rl-14/Desktop/Celine-Thesis/all-data-reordered/all/Donaire napakyas.txt
/Users/rl-14/Desktop/Celine-Thesis/all-data-reordered/all/Donaire nasagmuyo ni Rigo.txt
/Users/rl-14/Desktop/Celine-Thesis/all-data-reordered/all/Donaire sa Dubai card?.txt
/Users/rl-14/Desktop/Celine-Thesis/all-data-reordered/all/Donaire surprisahan ni Bedak.txt
/Users/rl-14/Desktop/Celine-Thesis/all-data-reordered/all/Donaire surprisahon ni Bedak.txt
/Users/rl-14/Desktop/Celine-Thesis/all-data-reordered/all/Donaire V. Settoul.txt
/Users/rl-14/Desktop/Celine-Thesis/all-data-reordered/all/Donaire vs. Gradovich sa Araneta, April 23.txt
/Users/rl-14/Desktop/Celine-Thesis/all-data-reordered/all/Donaire vs. Magdaleno mokawat og atensyon  .txt
/Users/rl-14/Desktop/Celine-Thesis/all-data-reordered/all/Donaire, Duno nagmadaugon.txt
/Users/rl-14/Desktop/Celine-Thesis/all-data-reordered/all/Donaire, Magdaleno parehong masaligon.txt
/Users/rl-14/Desktop/Celine-Thesis/all-data-reordered/all/Donaire-Bedak andam na!.txt
/Users/rl-14/Desktop/Celine-Thesis/all-data-reordered/all/Donaire-Bedak fight pormal gilusad.txt
/Users/rl-14/Desktop/Celine-Thesis/all-data-reordered/all/Donaire: naleksiyon sa kapildihan.txt
/Users/rl-14/Desktop/Celine-Thesis/all-data-reordered/all/Dondon andam na moretiro.txt
/Users/rl-14/Desktop/Celine-Thesis/all-data-reordered/all/Dondon di mobalhin.txt
/Users/rl-14/Desktop/Celine-Thesis/all-data-reordered/all/Dondon gustong mag-coach.txt
/Users/rl-14/Desktop/Celine-Thesis/all-data-reordered/all/Dondon Hontiveros-Alaska Basketball Camp ipahigayon.txt
/Users/rl-14/Desktop/Celine-Thesis/all-data-reordered/all/Dondon mapasalamaton sa Alaska.txt
/Users/rl-14/Desktop/Celine-Thesis/all-data-reordered/all/Dondon masaligon sa Gilas.txt
/Users/rl-14/Desktop/Celine-Thesis/all-data-reordered/all/Dondon moretiro o di?.txt
/Users/rl-14/Desktop/Celine-Thesis/all-data-reordered/all/Dondon, ex-Cebu Gems players nag-reunion sa Dubai.txt
/Users/rl-14/Desktop/Celine-Thesis/all-data-reordered/all/Donita mikumpirmar buwag na sa bana.txt
/Users/rl-14/Desktop/Celine-Thesis/all-data-reordered/all/Donita Rose bulag na sa iyang mister.txt
/Users/rl-14/Desktop/Celine-Thesis/all-data-reordered/all/Donita, diborsiyada na!.txt
/Users/rl-14/Desktop/Celine-Thesis/all-data-reordered/all/Donnie maoy nakatuman sa among damgo: ALA.txt
/Users/rl-14/Desktop/Celine-Thesis/all-data-reordered/all/Donors sa ‘Dugong Bombo’  mikabat sobra libo.txt
/Users/rl-14/Desktop/Celine-Thesis/all-data-reordered/all/DOT gikataw-an lang ang pagahayg ni Trillanes nga delikadong lugar ang Dabaw.txt
/Users/rl-14/Desktop/Celine-Thesis/all-data-reordered/all/DOTr sa vitage PUVs:”Di na hataga’g renewal”.txt
/Users/rl-14/Desktop/Celine-Thesis/all-data-reordered/all/Double-celebs sa Liloan branch.txt
/Users/rl-14/Desktop/Celine-Thesis/all-data-reordered/all/Doug Kramer na mild-stroke.txt
/Users/rl-14/Desktop/Celine-Thesis/all-data-reordered/all/Douthit andam mo represent og balik sa Pilipinas.txt
/Users/rl-14/Desktop/Celine-Thesis/all-data-reordered/all/DPWH gibasol sa aksidente sa dalan, enenyero gipatawag sa SP sa Sugbo.txt
/Users/rl-14/Desktop/Celine-Thesis/all-data-reordered/all/DPWH gihangyong iuswag o hunongon ang underpass.txt
/Users/rl-14/Desktop/Celine-Thesis/all-data-reordered/all/DPWH kasuhan sa TADECO gumikan sa pangpangguba sa ilang propedad.txt
/Users/rl-14/Desktop/Celine-Thesis/all-data-reordered/all/DPWH nanawagan sa maapektuhan sa Bypass Project sa dakbayan.txt
/Users/rl-14/Desktop/Celine-Thesis/all-data-reordered/all/Dra. Vicki ug Hayden nay anak!.txt
/Users/rl-14/Desktop/Celine-Thesis/all-data-reordered/all/Drag racing  sa SRP mibalik, ABC nanawagan sa kapulisan.txt
/Users/rl-14/Desktop/Celine-Thesis/all-data-reordered/all/Dragon boat race ugma sa Bogo.txt
/Users/rl-14/Desktop/Celine-Thesis/all-data-reordered/all/Drainage master plan sa Mandaue City mahuman karong Oktubre .txt
/Users/rl-14/Desktop/Celine-Thesis/all-data-reordered/all/Drama batok gidiling druga.txt
/Users/rl-14/Desktop/Celine-Thesis/all-data-reordered/all/Drama na sab kaha ni kang Mayweather? .txt
/Users/rl-14/Desktop/Celine-Thesis/all-data-reordered/all/DRANHS ika-tulo sa DYGames.txt
/Users/rl-14/Desktop/Celine-Thesis/all-data-reordered/all/Drayber nabuthag granada, patay.txt
/Users/rl-14/Desktop/Celine-Thesis/all-data-reordered/all/Drayber nadasmagan sa 2 ka trak, patay.txt
/Users/rl-14/Desktop/Celine-Thesis/all-data-reordered/all/Drayber natug, gipusil-patay.txt
/Users/rl-14/Desktop/Celine-Thesis/all-data-reordered/all/Drayber ni Abacajan nabalaka, balay gironda.txt
/Users/rl-14/Desktop/Celine-Thesis/all-data-reordered/all/Drayber ni boniel miangkon.txt
/Users/rl-14/Desktop/Celine-Thesis/all-data-reordered/all/Drayber sa Ceres bus paatubangon.txt
/Users/rl-14/Desktop/Celine-Thesis/all-data-reordered/all/Drayber sa dyip, babaye sikop .txt
/Users/rl-14/Desktop/Celine-Thesis/all-data-reordered/all/Drayber sa taxi gipusil-patay sa dakbayan sa Talisay.txt
/Users/rl-14/Desktop/Celine-Thesis/all-data-reordered/all/Drayber sa taxi nga gireklamo nga nangayo og dakong pleti gipatawag sa LTFRB 7,  wa motunga.txt
/Users/rl-14/Desktop/Celine-Thesis/all-data-reordered/all/Drayber sa traysikad sa Inayawan gipusil, patay.txt
/Users/rl-14/Desktop/Celine-Thesis/all-data-reordered/all/Drayber, konduktor positibo sa drugas.txt
/Users/rl-14/Desktop/Celine-Thesis/all-data-reordered/all/Drayber, operator sa PUV ipasakop sa kooperatiba .txt
/Users/rl-14/Desktop/Celine-Thesis/all-data-reordered/all/Draymond nangayo og pasaylo.txt
/Users/rl-14/Desktop/Celine-Thesis/all-data-reordered/all/Draymond padayon nga gatagawtaw.txt
/Users/rl-14/Desktop/Celine-Thesis/all-data-reordered/all/Dress code sa Valentine’s Day.txt
/Users/rl-14/Desktop/Celine-Thesis/all-data-reordered/all/Drew okay lang mo-admire og laing babaye.txt
/Users/rl-14/Desktop/Celine-Thesis/all-data-reordered/all/Drillon: Pacquiao fight tugotan kon Senate break .txt
/Users/rl-14/Desktop/Celine-Thesis/all-data-reordered/all/Drilon mipahimangno ni Pacquiao.txt
/Users/rl-14/Desktop/Celine-Thesis/all-data-reordered/all/Drilon misupak ni Pacquiao.txt
/Users/rl-14/Desktop/Celine-Thesis/all-data-reordered/all/Driver giakusahan og rape sa 17-anyos.txt
/Users/rl-14/Desktop/Celine-Thesis/all-data-reordered/all/Driver gikulata hangtud nga namatay samtang gikan nag-inum.txt
/Users/rl-14/Desktop/Celine-Thesis/all-data-reordered/all/Driver gipusil patay sa Tagoloan.txt
/Users/rl-14/Desktop/Celine-Thesis/all-data-reordered/all/Driver gusto diay maghikog.txt
/Users/rl-14/Desktop/Celine-Thesis/all-data-reordered/all/Driver miambak sa trak, patay.txt
/Users/rl-14/Desktop/Celine-Thesis/all-data-reordered/all/Driver nakuhaan og ‘shabu’.txt
/Users/rl-14/Desktop/Celine-Thesis/all-data-reordered/all/Driver sa ambulansya gikasohan na .txt
/Users/rl-14/Desktop/Celine-Thesis/all-data-reordered/all/Driver sa ambulansya nga gi-drug bust gikasohan na.txt
/Users/rl-14/Desktop/Celine-Thesis/all-data-reordered/all/Driver sa passenger van, gipusil-patay sa riding in tandem.txt
/Users/rl-14/Desktop/Celine-Thesis/all-data-reordered/all/Driver,naligsan-patay sa MisOr.txt
/Users/rl-14/Desktop/Celine-Thesis/all-data-reordered/all/Drivers sa Argao miapil sa kampanya sa impormasyon.txt
/Users/rl-14/Desktop/Celine-Thesis/all-data-reordered/all/Drivers, operators nangayo'g bag-ong taripa sa tanang rota.txt
/Users/rl-14/Desktop/Celine-Thesis/all-data-reordered/all/Drone moabag pag-monitor sa trapik sa Mandaue.txt
/Users/rl-14/Desktop/Celine-Thesis/all-data-reordered/all/Drug courier tiklo sa Oro.txt
/Users/rl-14/Desktop/Celine-Thesis/all-data-reordered/all/Drug den gidemolis.txt
/Users/rl-14/Desktop/Celine-Thesis/all-data-reordered/all/Drug den sa Brgy. Tejero gironda; P1.4 million nga shabu nasakmit.txt
/Users/rl-14/Desktop/Celine-Thesis/all-data-reordered/all/Drug lord patay sa riot sa Bilibid.txt
/Users/rl-14/Desktop/Celine-Thesis/all-data-reordered/all/Drug personality nasikop.txt
/Users/rl-14/Desktop/Celine-Thesis/all-data-reordered/all/Drug surrenderee gipatay sulod sa gym.txt
/Users/rl-14/Desktop/Celine-Thesis/all-data-reordered/all/Drug surrenderee nga mibalik pagka pusher nasikop.txt
/Users/rl-14/Desktop/Celine-Thesis/all-data-reordered/all/Drug surrenderers paapilon sa pagbalik sa Health Run.txt
/Users/rl-14/Desktop/Celine-Thesis/all-data-reordered/all/Drug suspek patay sa operasyon kontra druga.txt
/Users/rl-14/Desktop/Celine-Thesis/all-data-reordered/all/Drug syndicate member,sikop sa CdeO.txt
/Users/rl-14/Desktop/Celine-Thesis/all-data-reordered/all/Drug test rekisitos na sa mga estudyante: CHED.txt
/Users/rl-14/Desktop/Celine-Thesis/all-data-reordered/all/Drug test sa mga opisyal sa Ermita negatibo.txt
/Users/rl-14/Desktop/Celine-Thesis/all-data-reordered/all/Drug tests sa officials sa Mandaue negatibo.txt
/Users/rl-14/Desktop/Celine-Thesis/all-data-reordered/all/Druga sa Kabisay-an gikan sa NCR.txt
/Users/rl-14/Desktop/Celine-Thesis/all-data-reordered/all/Drugas gibaligya sud sa 8 ka tunghaan.txt
/Users/rl-14/Desktop/Celine-Thesis/all-data-reordered/all/Drugas hayan isakay sa Grab o Uber?.txt
/Users/rl-14/Desktop/Celine-Thesis/all-data-reordered/all/Drugas hingusgan sa Siquijor.txt
/Users/rl-14/Desktop/Celine-Thesis/all-data-reordered/all/Drugas sa mga barangay mibalik?.txt
/Users/rl-14/Desktop/Celine-Thesis/all-data-reordered/all/Drugas, armas nasakmit sa buy bust.txt
/Users/rl-14/Desktop/Celine-Thesis/all-data-reordered/all/Drugs gikuha sa jail.txt
/Users/rl-14/Desktop/Celine-Thesis/all-data-reordered/all/Dry run pagpaagi og jeep sa SRP wala mahinayon.txt
/Users/rl-14/Desktop/Celine-Thesis/all-data-reordered/all/Dry run sa Traslacion nalangan.txt
/Users/rl-14/Desktop/Celine-Thesis/all-data-reordered/all/DSPPO gialerto istasyonan mga pulis sa hulga sa NPA .txt
/Users/rl-14/Desktop/Celine-Thesis/all-data-reordered/all/DSWD 7 atol sa IP month.txt
/Users/rl-14/Desktop/Celine-Thesis/all-data-reordered/all/DSWD 7 daghang awards nadawat.txt
/Users/rl-14/Desktop/Celine-Thesis/all-data-reordered/all/DSWD 7 miawhag sa mga kabus nga pasyente.txt
/Users/rl-14/Desktop/Celine-Thesis/all-data-reordered/all/DSWD 7 mihimo og regional foster, adoption matching.txt
/Users/rl-14/Desktop/Celine-Thesis/all-data-reordered/all/DSWD 7 miluwat og seed capital.txt
/Users/rl-14/Desktop/Celine-Thesis/all-data-reordered/all/DSWD 7 mipadala og tabang sa Marawi.txt
/Users/rl-14/Desktop/Celine-Thesis/all-data-reordered/all/DSWD 7 mipahigayon og BMI assessment, nutrition counselling.txt
/Users/rl-14/Desktop/Celine-Thesis/all-data-reordered/all/DSWD 7 mipalig-on sa relasyon sa CSO.txt
/Users/rl-14/Desktop/Celine-Thesis/all-data-reordered/all/DSWD 7 mipasiugda og family camp.txt
/Users/rl-14/Desktop/Celine-Thesis/all-data-reordered/all/DSWD 7 misubo sa SWAD  building sa Bohol   .txt
/Users/rl-14/Desktop/Celine-Thesis/all-data-reordered/all/DSWD 7 modawat na og aplikante sa GIPs alang sa 2018.txt
/Users/rl-14/Desktop/Celine-Thesis/all-data-reordered/all/DSWD 7 molusad og supplemental feeding.txt
/Users/rl-14/Desktop/Celine-Thesis/all-data-reordered/all/DSWD 7 nanawagan sa LGUs alang sa 3rd Gawad Listahanan.txt
/Users/rl-14/Desktop/Celine-Thesis/all-data-reordered/all/DSWD 7 workers mipasar sa board exam.txt
/Users/rl-14/Desktop/Celine-Thesis/all-data-reordered/all/DSWD employee,nagpusil-patay sa CdeO?.txt
/Users/rl-14/Desktop/Celine-Thesis/all-data-reordered/all/DSWD matag adlaw ang pag-atiman sa katungod sa kababayen-an.txt
/Users/rl-14/Desktop/Celine-Thesis/all-data-reordered/all/DSWD mipahimangno sa pangilad batok sa mga senior citizen.txt
/Users/rl-14/Desktop/Celine-Thesis/all-data-reordered/all/DSWD mipasidaan sa  TV programs.txt
/Users/rl-14/Desktop/Celine-Thesis/all-data-reordered/all/DSWD mipasiugda og sisyon sa pamilya.txt
/Users/rl-14/Desktop/Celine-Thesis/all-data-reordered/all/DSWD mipatuman sa new payment scheme .txt
/Users/rl-14/Desktop/Celine-Thesis/all-data-reordered/all/DSWD nanginahanglan og boluntaryo.txt
/Users/rl-14/Desktop/Celine-Thesis/all-data-reordered/all/DSWD naninguha sa adbokasiya sa GAD sa Kabisay-an.txt
/Users/rl-14/Desktop/Celine-Thesis/all-data-reordered/all/DSWD orientation sa bag-ong proyekto.txt
/Users/rl-14/Desktop/Celine-Thesis/all-data-reordered/all/DSWD outreach activity sud sa children's haven .txt
/Users/rl-14/Desktop/Celine-Thesis/all-data-reordered/all/DSWD padayon sa pagtabang sa mga bakwit sa Lanao.txt
/Users/rl-14/Desktop/Celine-Thesis/all-data-reordered/all/DSWD, dugay nang nagapamalit ug sinakong bugas sa NFA.txt
/Users/rl-14/Desktop/Celine-Thesis/all-data-reordered/all/DSWD, Tudela mi-turnover sa 11 sub-projects  .txt
/Users/rl-14/Desktop/Celine-Thesis/all-data-reordered/all/DSWD-7 Chorale miharana sa ilang CIU clients.txt
/Users/rl-14/Desktop/Celine-Thesis/all-data-reordered/all/DSWD-7 miawhag sa LGUs, NGOs sa paggamit sa listahanan stat. data.txt
/Users/rl-14/Desktop/Celine-Thesis/all-data-reordered/all/DSWD-7 mibanabana nga 380K ka bata mipa-enroll .txt
/Users/rl-14/Desktop/Celine-Thesis/all-data-reordered/all/DSWD-7 midasig sa kababayen-an nga moapil sa grupo nga kalapi.txt
/Users/rl-14/Desktop/Celine-Thesis/all-data-reordered/all/DSWD-7 mihatag og pasidungog ngadto sa ilang partner nga CSOs.txt
/Users/rl-14/Desktop/Celine-Thesis/all-data-reordered/all/DSWD-7 milusad sa search for model family.txt
/Users/rl-14/Desktop/Celine-Thesis/all-data-reordered/all/DSWD-7 miluwat og kapin sa 123.9M.txt
/Users/rl-14/Desktop/Celine-Thesis/all-data-reordered/all/DSWD-7 miluwat og P10.4M alang sa MCCT beneficiaries.txt
/Users/rl-14/Desktop/Celine-Thesis/all-data-reordered/all/DSWD-7 mipada og hinabang sa siyudad, lalawigan sa Surigao.txt
/Users/rl-14/Desktop/Celine-Thesis/all-data-reordered/all/DSWD-7 mipahibalo alang sa plano sa 2017 .txt
/Users/rl-14/Desktop/Celine-Thesis/all-data-reordered/all/DSWD-7 mitabang sa IEC 2016.txt
/Users/rl-14/Desktop/Celine-Thesis/all-data-reordered/all/DSWD-7 mopasiugda’g pre-adoption seminars.txt
/Users/rl-14/Desktop/Celine-Thesis/all-data-reordered/all/DSWD-7 nanginahanglan og daghang boluntaryo .txt
/Users/rl-14/Desktop/Celine-Thesis/all-data-reordered/all/DSWD-7 sa info caravan misikad sa Bohol.txt
/Users/rl-14/Desktop/Celine-Thesis/all-data-reordered/all/DSWD: Politiko di makahilabot listahan sa 4Ps.txt
/Users/rl-14/Desktop/Celine-Thesis/all-data-reordered/all/DTI mipasalig nga maayo ang kalidad sa mga imported nga semento.txt
/Users/rl-14/Desktop/Celine-Thesis/all-data-reordered/all/DTI nagpahigayon og diskwento caravan .txt
/Users/rl-14/Desktop/Celine-Thesis/all-data-reordered/all/DTI,gialerto ang publiko vs mga abusado sa TRAIN law.txt
/Users/rl-14/Desktop/Celine-Thesis/all-data-reordered/all/DU30 supak sa ‘no-el’.txt
/Users/rl-14/Desktop/Celine-Thesis/all-data-reordered/all/Du30 usa ka Sharonian fan.txt
/Users/rl-14/Desktop/Celine-Thesis/all-data-reordered/all/DU3100: Mga buhat, mga sipyat ni Duterte sa 100 days.txt
/Users/rl-14/Desktop/Celine-Thesis/all-data-reordered/all/Duathlon sa SM City-Consolacion, karong Marso 18.txt
/Users/rl-14/Desktop/Celine-Thesis/all-data-reordered/all/Dubling kadaugan sa Alin Brokers.txt
/Users/rl-14/Desktop/Celine-Thesis/all-data-reordered/all/Duenas apil sa Subic Triathlon.txt
/Users/rl-14/Desktop/Celine-Thesis/all-data-reordered/all/Dugang amateur players imbitahon sa RP training.txt
/Users/rl-14/Desktop/Celine-Thesis/all-data-reordered/all/Dugang auxiliary police gipaabot sa Davao peace council.txt
/Users/rl-14/Desktop/Celine-Thesis/all-data-reordered/all/Dugang bonus ipanghatag.txt
/Users/rl-14/Desktop/Celine-Thesis/all-data-reordered/all/Dugang damgo ni Tallo sa PBA.txt
/Users/rl-14/Desktop/Celine-Thesis/all-data-reordered/all/Dugang honorarium sa mga tanod.txt
/Users/rl-14/Desktop/Celine-Thesis/all-data-reordered/all/Dugang mag-uuma giabagan sa Taiheiyo.txt
/Users/rl-14/Desktop/Celine-Thesis/all-data-reordered/all/Dugang mga rekisitos sa makigminyo og Pinay .txt
/Users/rl-14/Desktop/Celine-Thesis/all-data-reordered/all/Dugang mga underpass tukoron.txt
/Users/rl-14/Desktop/Celine-Thesis/all-data-reordered/all/Dugang pang witness sa kaso nga pagpatay ni Mayor Boniel, anaa na sa kamot sa kapulisan.txt
/Users/rl-14/Desktop/Celine-Thesis/all-data-reordered/all/Dugang peacekeeping batallion ipakatag batok NPA.txt
/Users/rl-14/Desktop/Celine-Thesis/all-data-reordered/all/Dugang pista ni Mama Mary gideklarar.txt
/Users/rl-14/Desktop/Celine-Thesis/all-data-reordered/all/Dugang puwersa sa mga pulis miabot, magbantay sa 'Araw'.txt
/Users/rl-14/Desktop/Celine-Thesis/all-data-reordered/all/Dugang senior citizens sa Social Pension Plan.txt
/Users/rl-14/Desktop/Celine-Thesis/all-data-reordered/all/Dugang singil sa pagkuha og NBI clearance, epektibo ning adlawa.txt
/Users/rl-14/Desktop/Celine-Thesis/all-data-reordered/all/Dugang sniffing dogs ug body cameras paliton sa PDEA.txt
/Users/rl-14/Desktop/Celine-Thesis/all-data-reordered/all/Dugang supply sa tubig sa Mactan.txt
/Users/rl-14/Desktop/Celine-Thesis/all-data-reordered/all/Dugang supply sa tubig sa MCWD.txt
/Users/rl-14/Desktop/Celine-Thesis/all-data-reordered/all/Dugang watchmen sa CPDRC.txt
/Users/rl-14/Desktop/Celine-Thesis/all-data-reordered/all/Dugay nailhan si Lim sa kapulisan.txt
/Users/rl-14/Desktop/Celine-Thesis/all-data-reordered/all/Dughan sa kampyon!.txt
/Users/rl-14/Desktop/Celine-Thesis/all-data-reordered/all/Dughan sa usa ka kampyon.txt
/Users/rl-14/Desktop/Celine-Thesis/all-data-reordered/all/Dugo niya ang gitamla.txt
/Users/rl-14/Desktop/Celine-Thesis/all-data-reordered/all/Dugo sa tiil ni Bosh mibagtok na sab.txt
/Users/rl-14/Desktop/Celine-Thesis/all-data-reordered/all/Dugong Cebuana sa Bb. Pilipinas.txt
/Users/rl-14/Desktop/Celine-Thesis/all-data-reordered/all/Dugtang lawas nakit-an sa MisOr.txt
/Users/rl-14/Desktop/Celine-Thesis/all-data-reordered/all/Duguong dispersal sa Kidapawan maoy nakapa-direktor ni Tagum .txt
/Users/rl-14/Desktop/Celine-Thesis/all-data-reordered/all/Duha gidala sa ospital human gitigbas sa ilang uyuan nga gisingil ug utang.txt
/Users/rl-14/Desktop/Celine-Thesis/all-data-reordered/all/Duha ka 4-cock derby sa Gallera de Mandaue.txt
/Users/rl-14/Desktop/Celine-Thesis/all-data-reordered/all/Duha ka ahente nag-unay .txt
/Users/rl-14/Desktop/Celine-Thesis/all-data-reordered/all/Duha ka Dabawenyo, gitudlo ni Pangulong Duterte isip bag-ong PCUP Commissioners.txt
/Users/rl-14/Desktop/Celine-Thesis/all-data-reordered/all/Duha ka dinakpan sa buy bust, gun-for-hire usab diay.txt
/Users/rl-14/Desktop/Celine-Thesis/all-data-reordered/all/duha ka lalaki nangamatay nga naglaway sa kalipay.txt
/Users/rl-14/Desktop/Celine-Thesis/all-data-reordered/all/Duha ka matang  sa loveteam: onscreen ug real life.txt
/Users/rl-14/Desktop/Celine-Thesis/all-data-reordered/all/Duha ka mga drug pusher sikop sa drug buy-bust operation.txt
/Users/rl-14/Desktop/Celine-Thesis/all-data-reordered/all/Duha ka mga referee gisuspenso sa PBA.txt
/Users/rl-14/Desktop/Celine-Thesis/all-data-reordered/all/Duha ka milyon ang mga turista nga miduaw sa dakbayan sa Davao sa 2017.txt
/Users/rl-14/Desktop/Celine-Thesis/all-data-reordered/all/Duha ka Pinoy nakalabni'g gold sa Poland boxing.txt
/Users/rl-14/Desktop/Celine-Thesis/all-data-reordered/all/Duha ka suspek sa paglugos ug pagpatay sa usa ka estudyante sa Digos City, gipasaka-an na ug kaso.txt
/Users/rl-14/Desktop/Celine-Thesis/all-data-reordered/all/Duha ka triathlon athletes sa Butuan City, mu-apil sa Iron Man event sa Davao City.txt
/Users/rl-14/Desktop/Celine-Thesis/all-data-reordered/all/Duha patay sa pagtagilid sa passenger van.txt
/Users/rl-14/Desktop/Celine-Thesis/all-data-reordered/all/Duha ray mitunga?.txt
/Users/rl-14/Desktop/Celine-Thesis/all-data-reordered/all/Duhay ‘hepe’ sa traffic office sa Talisay?.txt
/Users/rl-14/Desktop/Celine-Thesis/all-data-reordered/all/Dul-ag 200 ka drayber nga nakalapas sa Anti-Usok, Anti-Bulok campaign, mag multa sa tag-P2-mil.txt
/Users/rl-14/Desktop/Celine-Thesis/all-data-reordered/all/Dul-an  ka mga masasupporters sa NPA misurrender sa kasundaluhan.txt
/Users/rl-14/Desktop/Celine-Thesis/all-data-reordered/all/Dul-an 100T misalmot sa Walk with Mary, Traslacion.txt
/Users/rl-14/Desktop/Celine-Thesis/all-data-reordered/all/Dul-an 20 mil na ka iskolar ang migradwar.txt
/Users/rl-14/Desktop/Celine-Thesis/all-data-reordered/all/Dul-an 40 ka mga rebelde mitahan sa gobyerno bitbit ang mga tag-as nga kalibre sa armas.txt
/Users/rl-14/Desktop/Celine-Thesis/all-data-reordered/all/Dul-an 5 libo ka tinun-an apektado pagsira sa external studies center .txt
/Users/rl-14/Desktop/Celine-Thesis/all-data-reordered/all/Dul-an duha ka milyon nga mga peke nga sigarilyo, nakompiska sa NBI.txt
/Users/rl-14/Desktop/Celine-Thesis/all-data-reordered/all/Dul-an P1M nga mga alahas nabawi.txt
/Users/rl-14/Desktop/Celine-Thesis/all-data-reordered/all/Dul-an P250 mil ang kita sa Farmer’s Market.txt
/Users/rl-14/Desktop/Celine-Thesis/all-data-reordered/all/Dul-an sa 170 nakabenepisyo sa libreng medical, dental services.txt
/Users/rl-14/Desktop/Celine-Thesis/all-data-reordered/all/Dul-an sa 170 nakadawat og libreng med., dental services.txt
/Users/rl-14/Desktop/Celine-Thesis/all-data-reordered/all/Dul-an tunga sa milyon nga shabu nasakmit.txt
/Users/rl-14/Desktop/Celine-Thesis/all-data-reordered/all/Dumot, drugas ang mga anggulo pagtipi sa drayber.txt
/Users/rl-14/Desktop/Celine-Thesis/all-data-reordered/all/Dumpit di mahimong OIC kay siya pulis pa: Taliño.txt
/Users/rl-14/Desktop/Celine-Thesis/all-data-reordered/all/Dumpit gibalik sa CCPO, giandam alang ni Tomas.txt
/Users/rl-14/Desktop/Celine-Thesis/all-data-reordered/all/Dumpit gipili ni Osmeña sa Ermita.txt
/Users/rl-14/Desktop/Celine-Thesis/all-data-reordered/all/Dumpsite sa Umapad angay na sirad-an: Cabrido.txt
/Users/rl-14/Desktop/Celine-Thesis/all-data-reordered/all/Duna nay gipanid-an ang kapulisan sa mga ATM skimming.txt
/Users/rl-14/Desktop/Celine-Thesis/all-data-reordered/all/Duna nay suspek sa ambush.txt
/Users/rl-14/Desktop/Celine-Thesis/all-data-reordered/all/Dunay deperensya sa panglawas gikulata.txt
/Users/rl-14/Desktop/Celine-Thesis/all-data-reordered/all/Dunay drug protektor sa Tangke?.txt
/Users/rl-14/Desktop/Celine-Thesis/all-data-reordered/all/Dunay enforcers sa Talisay City nga mogamit og druga.txt
/Users/rl-14/Desktop/Celine-Thesis/all-data-reordered/all/Dunay matumba.txt
/Users/rl-14/Desktop/Celine-Thesis/all-data-reordered/all/Dunay mga barangay official nga nalambigit sa drugas; Osmeña nabalaka sa drop box.txt
/Users/rl-14/Desktop/Celine-Thesis/all-data-reordered/all/Dunay mga Pinoy nalipay kang Trump.txt
/Users/rl-14/Desktop/Celine-Thesis/all-data-reordered/all/Dunay Pacman-Floyd Jr. 2: Roach.txt
/Users/rl-14/Desktop/Celine-Thesis/all-data-reordered/all/Dunay warrant, laing lalaki nagdala og armas sikop.txt
/Users/rl-14/Desktop/Celine-Thesis/all-data-reordered/all/Duncan nasiruhan sa unang higayon.txt
/Users/rl-14/Desktop/Celine-Thesis/all-data-reordered/all/Duncan wa pa’y desisyon kon moretiro o di.txt
/Users/rl-14/Desktop/Celine-Thesis/all-data-reordered/all/Duno, Gaballo gipatug ang kontra.txt
/Users/rl-14/Desktop/Celine-Thesis/all-data-reordered/all/Duot sa kasingkasing nga Sona.txt
/Users/rl-14/Desktop/Celine-Thesis/all-data-reordered/all/Dura: Amerika dunay interes sa Pinas.txt
/Users/rl-14/Desktop/Celine-Thesis/all-data-reordered/all/Dura: Daghan nasuko kang De Lima.txt
/Users/rl-14/Desktop/Celine-Thesis/all-data-reordered/all/Dura: Hangyo sa biktima sa Martial Law.txt
/Users/rl-14/Desktop/Celine-Thesis/all-data-reordered/all/Dura: Kahimtang sa way mapuy-an.txt
/Users/rl-14/Desktop/Celine-Thesis/all-data-reordered/all/Dura: Katuohan ba si Binay? .txt
/Users/rl-14/Desktop/Celine-Thesis/all-data-reordered/all/Dura: Kinsay nakapahimong ‘spoiled brats’ sa NPA?.txt
/Users/rl-14/Desktop/Celine-Thesis/all-data-reordered/all/Dura: Mahilot kaha si Obama?.txt
/Users/rl-14/Desktop/Celine-Thesis/all-data-reordered/all/Dura: Makaayo sa nasud? .txt
/Users/rl-14/Desktop/Celine-Thesis/all-data-reordered/all/Dura: Nabayran o nakonsensya? .txt
/Users/rl-14/Desktop/Celine-Thesis/all-data-reordered/all/Dura: Nalisang sa Dengvaxia.txt
/Users/rl-14/Desktop/Celine-Thesis/all-data-reordered/all/Dura: Nanglimbong?.txt
/Users/rl-14/Desktop/Celine-Thesis/all-data-reordered/all/Dura: Nimahal ang saging mantikaan.txt
/Users/rl-14/Desktop/Celine-Thesis/all-data-reordered/all/Dura: Persona non grata.txt
/Users/rl-14/Desktop/Celine-Thesis/all-data-reordered/all/Dura: Solusyon ba ang divorce?.txt
/Users/rl-14/Desktop/Celine-Thesis/all-data-reordered/all/Durant di uyon sa late-game report.txt
/Users/rl-14/Desktop/Celine-Thesis/all-data-reordered/all/Durant giatangan sa free agency.txt
/Users/rl-14/Desktop/Celine-Thesis/all-data-reordered/all/Durant gisugat og kadaugan.txt
/Users/rl-14/Desktop/Celine-Thesis/all-data-reordered/all/Durant magpabilin sa Warriors.txt
/Users/rl-14/Desktop/Celine-Thesis/all-data-reordered/all/Durant mitingog na.txt
/Users/rl-14/Desktop/Celine-Thesis/all-data-reordered/all/Durant nalihi-an og kapildihan isip Warrior; gitipi sa Raptors.txt
/Users/rl-14/Desktop/Celine-Thesis/all-data-reordered/all/Durant nalipay sa papirma ni Westbrook.txt
/Users/rl-14/Desktop/Celine-Thesis/all-data-reordered/all/Durant nangayo'g pasaylo.txt
/Users/rl-14/Desktop/Celine-Thesis/all-data-reordered/all/Durant posibleng di na makabalik sa season.txt
/Users/rl-14/Desktop/Celine-Thesis/all-data-reordered/all/Durant wa mahadlok.txt
/Users/rl-14/Desktop/Celine-Thesis/all-data-reordered/all/Durant wa pay desisyon kon mobiya ba sa Thunder.txt
/Users/rl-14/Desktop/Celine-Thesis/all-data-reordered/all/Durant, Curry na-ejected.txt
/Users/rl-14/Desktop/Celine-Thesis/all-data-reordered/all/Durant, LeBron danihon sa Lakers? .txt
/Users/rl-14/Desktop/Celine-Thesis/all-data-reordered/all/Duremdes, Aquino nanguna sa Customs Hoop Clinic 2017.txt
/Users/rl-14/Desktop/Celine-Thesis/all-data-reordered/all/Dureza nakadayeg sa PDEA gidakop iyang pag-umangkon.txt
/Users/rl-14/Desktop/Celine-Thesis/all-data-reordered/all/Durugista,signit sa CdeO’s market city.txt
/Users/rl-14/Desktop/Celine-Thesis/all-data-reordered/all/Dutch government mihatag og grant.txt
/Users/rl-14/Desktop/Celine-Thesis/all-data-reordered/all/Dutch National giihaw.txt
/Users/rl-14/Desktop/Celine-Thesis/all-data-reordered/all/Duterte aduna’y kasuko sa kababayen-an: Gabriela.txt
/Users/rl-14/Desktop/Celine-Thesis/all-data-reordered/all/Duterte di gusto si Steve Harvey.txt
/Users/rl-14/Desktop/Celine-Thesis/all-data-reordered/all/Duterte di mahadlok og binakbakay .txt
/Users/rl-14/Desktop/Celine-Thesis/all-data-reordered/all/Duterte di mapugngan ang anak kinsa ang bise pesidente.txt
/Users/rl-14/Desktop/Celine-Thesis/all-data-reordered/all/Duterte di moatras pagka-presidente .txt
/Users/rl-14/Desktop/Celine-Thesis/all-data-reordered/all/Duterte di moluhod kang Obama.txt
/Users/rl-14/Desktop/Celine-Thesis/all-data-reordered/all/Duterte dili drug protector: Andanar.txt
/Users/rl-14/Desktop/Celine-Thesis/all-data-reordered/all/Duterte gidayeg mga pambato sa Rio.txt
/Users/rl-14/Desktop/Celine-Thesis/all-data-reordered/all/Duterte girespeto ni Pangilinan.txt
/Users/rl-14/Desktop/Celine-Thesis/all-data-reordered/all/Duterte gisaway ni G Toengi.txt
/Users/rl-14/Desktop/Celine-Thesis/all-data-reordered/all/Duterte istriktuhan ang party.txt
/Users/rl-14/Desktop/Celine-Thesis/all-data-reordered/all/Duterte maoy mohatag sa SGLG award sa MisOr.txt
/Users/rl-14/Desktop/Celine-Thesis/all-data-reordered/all/Duterte mibahad kang Roxas labot kanser nga isyu .txt
/Users/rl-14/Desktop/Celine-Thesis/all-data-reordered/all/Duterte mibahad og martial law  SunStar.txt
/Users/rl-14/Desktop/Celine-Thesis/all-data-reordered/all/Duterte mibisita sa mga sundalo sa ComVal.txt
/Users/rl-14/Desktop/Celine-Thesis/all-data-reordered/all/Duterte miduaw sa haya.txt
/Users/rl-14/Desktop/Celine-Thesis/all-data-reordered/all/Duterte miingon dili siya gusto og giyera .txt
/Users/rl-14/Desktop/Celine-Thesis/all-data-reordered/all/Duterte milagda sa balaud  alang sa libreng tuition fee sa mga SUC.txt
/Users/rl-14/Desktop/Celine-Thesis/all-data-reordered/all/Duterte milusad sa ‘Malasakit’; P50M kada buwan gisaad.txt
/Users/rl-14/Desktop/Celine-Thesis/all-data-reordered/all/Duterte mipasalig atimanon industriya sa asukar.txt
/Users/rl-14/Desktop/Celine-Thesis/all-data-reordered/all/Duterte moanhi sa Cebu sa Pebrero 12 alang sa meeting.txt
/Users/rl-14/Desktop/Celine-Thesis/all-data-reordered/all/Duterte motambong sa 4 ka kalihokan karon.txt
/Users/rl-14/Desktop/Celine-Thesis/all-data-reordered/all/Duterte motan-aw sa duwa karong gabii.txt
/Users/rl-14/Desktop/Celine-Thesis/all-data-reordered/all/Duterte nadismaya ni Catamco .txt
/Users/rl-14/Desktop/Celine-Thesis/all-data-reordered/all/Duterte nag-una sa House of Lechon nga mock survey.txt
/Users/rl-14/Desktop/Celine-Thesis/all-data-reordered/all/Duterte nasayod na sa isyu sa BDO.txt
/Users/rl-14/Desktop/Celine-Thesis/all-data-reordered/all/Duterte nia sa Sugbo; Centcom officials duawon.txt
/Users/rl-14/Desktop/Celine-Thesis/all-data-reordered/all/Duterte NPA mga terorista  SunStar.txt
/Users/rl-14/Desktop/Celine-Thesis/all-data-reordered/all/Duterte pabor sa pagsibog sa SK, barangay elections.txt
/Users/rl-14/Desktop/Celine-Thesis/all-data-reordered/all/Duterte pasar nilang Palma, Osmeña.txt
/Users/rl-14/Desktop/Celine-Thesis/all-data-reordered/all/Duterte sa Maranaos: Nganong inyong gitugtan ang Maute.txt
/Users/rl-14/Desktop/Celine-Thesis/all-data-reordered/all/Duterte supporters magrali sa Sabado.txt
/Users/rl-14/Desktop/Celine-Thesis/all-data-reordered/all/Duterte wala makadayon sa Marawi .txt
/Users/rl-14/Desktop/Celine-Thesis/all-data-reordered/all/Duterte way ginganlan; maayo nga balita sa AFP iyang dala.txt
/Users/rl-14/Desktop/Celine-Thesis/all-data-reordered/all/Duterte, basketball fan sab diay.txt
/Users/rl-14/Desktop/Celine-Thesis/all-data-reordered/all/Duterte, Marcos gienderso sa Iglesia .txt
/Users/rl-14/Desktop/Celine-Thesis/all-data-reordered/all/Duterte,di maka-presyur sa SITG-Rotoras.txt
/Users/rl-14/Desktop/Celine-Thesis/all-data-reordered/all/Duterte,ipadayon ang pakig-peacetalks sa MILF-MNLF.txt
/Users/rl-14/Desktop/Celine-Thesis/all-data-reordered/all/Duterte,nanghatag sa mga balay sa Marawi IDPs.txt
/Users/rl-14/Desktop/Celine-Thesis/all-data-reordered/all/Duterte,nangulo pag-inagurar sa Bahay Pag-asa sa Marawi’ IDPs.txt
/Users/rl-14/Desktop/Celine-Thesis/all-data-reordered/all/Duterte,subli moduaw sa IDPs sa Marawi City.txt
/Users/rl-14/Desktop/Celine-Thesis/all-data-reordered/all/Duterte,wa masuko sa Maranao-Muslims sa Marawi City.txt
/Users/rl-14/Desktop/Celine-Thesis/all-data-reordered/all/Duterte-Carpio: Daan na ang isyu sa SALN.txt
/Users/rl-14/Desktop/Celine-Thesis/all-data-reordered/all/Duterte: All-out war sa NPA padayon.txt
/Users/rl-14/Desktop/Celine-Thesis/all-data-reordered/all/Duterte: Bombahi ninyo kidnappers apil bihag.txt
/Users/rl-14/Desktop/Celine-Thesis/all-data-reordered/all/Duterte: Ceasefire sa gobyerno mag-depende sa NPA .txt
/Users/rl-14/Desktop/Celine-Thesis/all-data-reordered/all/Duterte: Jimenez nalambit sa druga.txt
/Users/rl-14/Desktop/Celine-Thesis/all-data-reordered/all/Duterte: Managsama lang among tumong ni Trump.txt
/Users/rl-14/Desktop/Celine-Thesis/all-data-reordered/all/Duterte: NPA himuong Cafgu.txt
/Users/rl-14/Desktop/Celine-Thesis/all-data-reordered/all/Duterte: NPA, Sison pulos way klaro.txt
/Users/rl-14/Desktop/Celine-Thesis/all-data-reordered/all/Duwa sa PBA gibalhin tungod sa bulkan.txt
/Users/rl-14/Desktop/Celine-Thesis/all-data-reordered/all/Duwa sa UV, Don Bosco narambol.txt
/Users/rl-14/Desktop/Celine-Thesis/all-data-reordered/all/duwa-duwa.txt
/Users/rl-14/Desktop/Celine-Thesis/all-data-reordered/all/Dwarf sperm whale nidagsa sa CdeO.txt
/Users/rl-14/Desktop/Celine-Thesis/all-data-reordered/all/DXDC 621 RMN Davao grand slam winner.txt
/Users/rl-14/Desktop/Celine-Thesis/all-data-reordered/all/Dyip nayabo, 6 angol.txt
/Users/rl-14/Desktop/Celine-Thesis/all-data-reordered/all/Dyip sapon sa natumba nga poste.txt
/Users/rl-14/Desktop/Celine-Thesis/all-data-reordered/all/E-cigars idili sa menor, mga publiko nga dapit.txt
/Users/rl-14/Desktop/Celine-Thesis/all-data-reordered/all/E-train lisod ipatuman: traffic chief.txt
/Users/rl-14/Desktop/Celine-Thesis/all-data-reordered/all/Eagles club inter-colors ablihon karon.txt
/Users/rl-14/Desktop/Celine-Thesis/all-data-reordered/all/Eagles naghari.txt
/Users/rl-14/Desktop/Celine-Thesis/all-data-reordered/all/Eagles Vantage mibukas og buhatan .txt
/Users/rl-14/Desktop/Celine-Thesis/all-data-reordered/all/Earthquake drills sa tunghaan giawhag nga seryusohon .txt
/Users/rl-14/Desktop/Celine-Thesis/all-data-reordered/all/Easmincom wa makadawat sa 'proof of life' sa 6 ka bihag .txt
/Users/rl-14/Desktop/Celine-Thesis/all-data-reordered/all/East finals sugdan.txt
/Users/rl-14/Desktop/Celine-Thesis/all-data-reordered/all/East II, West I sa finals.txt
/Users/rl-14/Desktop/Celine-Thesis/all-data-reordered/all/Ed Gaabucayan Memorial Cup matudlokan karon Sabado.txt
/Users/rl-14/Desktop/Celine-Thesis/all-data-reordered/all/Edad wa ikabalaka ni sa beteranong Nietes.txt
/Users/rl-14/Desktop/Celine-Thesis/all-data-reordered/all/Edaran nga caretaker, nakaplagang patay sa gibantayan nga luna.txt
/Users/rl-14/Desktop/Celine-Thesis/all-data-reordered/all/Edaran vs. batan-on.txt
/Users/rl-14/Desktop/Celine-Thesis/all-data-reordered/all/Edipisyo sa PRC giinagurahan.txt
/Users/rl-14/Desktop/Celine-Thesis/all-data-reordered/all/Editorial: Among baruganan sa peke nga Superbalita.txt
/Users/rl-14/Desktop/Celine-Thesis/all-data-reordered/all/Editorial: Gipakusog ang NPA.txt
/Users/rl-14/Desktop/Celine-Thesis/all-data-reordered/all/Editorial: Kalinaw ug pakigdait.txt
/Users/rl-14/Desktop/Celine-Thesis/all-data-reordered/all/Editorial: Kritikal nga susihon.txt
/Users/rl-14/Desktop/Celine-Thesis/all-data-reordered/all/Editorial: Nalanag sa gikaon.txt
/Users/rl-14/Desktop/Celine-Thesis/all-data-reordered/all/Editorial: Saludo sa mograduwar .txt
/Users/rl-14/Desktop/Celine-Thesis/all-data-reordered/all/Editoryal: 'Danger zones' sa dakbayan.txt
/Users/rl-14/Desktop/Celine-Thesis/all-data-reordered/all/Editoryal: `Writ of habeas corpus’.txt
/Users/rl-14/Desktop/Celine-Thesis/all-data-reordered/all/Editoryal: Andam kanunay.txt
/Users/rl-14/Desktop/Celine-Thesis/all-data-reordered/all/Editoryal: Ang award ni Uson.txt
/Users/rl-14/Desktop/Celine-Thesis/all-data-reordered/all/Editoryal: Ang BMO sa barangay.txt
/Users/rl-14/Desktop/Celine-Thesis/all-data-reordered/all/Editoryal: Ang fake news ni Go.txt
/Users/rl-14/Desktop/Celine-Thesis/all-data-reordered/all/Editoryal: Ang garbo ni Tomas.txt
/Users/rl-14/Desktop/Celine-Thesis/all-data-reordered/all/Editoryal: Ang pagbalik sa Tokhang.txt
/Users/rl-14/Desktop/Celine-Thesis/all-data-reordered/all/Editoryal: Ang pagrelibo ni Espino.txt
/Users/rl-14/Desktop/Celine-Thesis/all-data-reordered/all/Editoryal: Ang pagtipi ni Atty. Ungab.txt
/Users/rl-14/Desktop/Celine-Thesis/all-data-reordered/all/Editoryal: Angay molihok ang CTTMO.txt
/Users/rl-14/Desktop/Celine-Thesis/all-data-reordered/all/Editoryal: Ayaw palauma.txt
/Users/rl-14/Desktop/Celine-Thesis/all-data-reordered/all/Editoryal: Babag sa dalan.txt
/Users/rl-14/Desktop/Celine-Thesis/all-data-reordered/all/Editoryal: Balaod alang sa mga batig nawong?.txt
/Users/rl-14/Desktop/Celine-Thesis/all-data-reordered/all/Editoryal: Balaud di malaktod .txt
/Users/rl-14/Desktop/Celine-Thesis/all-data-reordered/all/Editoryal: Barangay elections.txt
/Users/rl-14/Desktop/Celine-Thesis/all-data-reordered/all/Editoryal: Basin dunay kuwang.txt
/Users/rl-14/Desktop/Celine-Thesis/all-data-reordered/all/Editoryal: Basta mosunod sa proseso.txt
/Users/rl-14/Desktop/Celine-Thesis/all-data-reordered/all/Editoryal: Basura sa Paknaan.txt
/Users/rl-14/Desktop/Celine-Thesis/all-data-reordered/all/Editoryal: Bati pirme.txt
/Users/rl-14/Desktop/Celine-Thesis/all-data-reordered/all/Editoryal: Biktima mikunhod.txt
/Users/rl-14/Desktop/Celine-Thesis/all-data-reordered/all/Editoryal: Boboi Costas kugihan.txt
/Users/rl-14/Desktop/Celine-Thesis/all-data-reordered/all/Editoryal: Bug-at nga silot.txt
/Users/rl-14/Desktop/Celine-Thesis/all-data-reordered/all/Editoryal: CCTO sa barangay.txt
/Users/rl-14/Desktop/Celine-Thesis/all-data-reordered/all/Editoryal: Cebu, No. 1 sa drugas?.txt
/Users/rl-14/Desktop/Celine-Thesis/all-data-reordered/all/Editoryal: Dakong tamparos sa Presidente.txt
/Users/rl-14/Desktop/Celine-Thesis/all-data-reordered/all/Editoryal: Davide nangatik ra?.txt
/Users/rl-14/Desktop/Celine-Thesis/all-data-reordered/all/Editoryal: Dawat-dawat system.txt
/Users/rl-14/Desktop/Celine-Thesis/all-data-reordered/all/Editoryal: Demokrasya himatyon?.txt
/Users/rl-14/Desktop/Celine-Thesis/all-data-reordered/all/Editoryal: Di ang pag-ban.txt
/Users/rl-14/Desktop/Celine-Thesis/all-data-reordered/all/Editoryal: Di ang pagdakop.txt
/Users/rl-14/Desktop/Celine-Thesis/all-data-reordered/all/Editoryal: Di solusyon.txt
/Users/rl-14/Desktop/Celine-Thesis/all-data-reordered/all/Editoryal: Di unta total ban.txt
/Users/rl-14/Desktop/Celine-Thesis/all-data-reordered/all/Editoryal: Digong milihay na sa media?.txt
/Users/rl-14/Desktop/Celine-Thesis/all-data-reordered/all/Editoryal: Digong misud-gawas.txt
/Users/rl-14/Desktop/Celine-Thesis/all-data-reordered/all/Editoryal: Dili tungod ni Duterte?.txt
/Users/rl-14/Desktop/Celine-Thesis/all-data-reordered/all/Editoryal: Dokumento batok Bautista.txt
/Users/rl-14/Desktop/Celine-Thesis/all-data-reordered/all/Editoryal: Eleksiyon sa barangay.txt
/Users/rl-14/Desktop/Celine-Thesis/all-data-reordered/all/Editoryal: ERC naukay.txt
/Users/rl-14/Desktop/Celine-Thesis/all-data-reordered/all/Editoryal: Estratehiya ni Duterte copy.txt
/Users/rl-14/Desktop/Celine-Thesis/all-data-reordered/all/Editoryal: Garbo ni Juico o sa nasod?.txt
/Users/rl-14/Desktop/Celine-Thesis/all-data-reordered/all/Editoryal: Gitabangan sa kontra.txt
/Users/rl-14/Desktop/Celine-Thesis/all-data-reordered/all/Editoryal: Haay, ang CPDRC.txt
/Users/rl-14/Desktop/Celine-Thesis/all-data-reordered/all/Editoryal: Hagit sa kapulisan.txt
/Users/rl-14/Desktop/Celine-Thesis/all-data-reordered/all/Editoryal: Hangtud kanus-a pa?.txt
/Users/rl-14/Desktop/Celine-Thesis/all-data-reordered/all/Editoryal: Hataga'g igong panahon.txt
/Users/rl-14/Desktop/Celine-Thesis/all-data-reordered/all/Editoryal: Hinanggaw sa serbisyo .txt
/Users/rl-14/Desktop/Celine-Thesis/all-data-reordered/all/Editoryal: Hulga ni Duterte.txt
/Users/rl-14/Desktop/Celine-Thesis/all-data-reordered/all/Editoryal: Hulga ni Rama.txt
/Users/rl-14/Desktop/Celine-Thesis/all-data-reordered/all/Editoryal: Hulga sa fake news.txt
/Users/rl-14/Desktop/Celine-Thesis/all-data-reordered/all/Editoryal: Ilisi na lang.txt
/Users/rl-14/Desktop/Celine-Thesis/all-data-reordered/all/Editoryal: Imbestigasyon ni Espino.txt
/Users/rl-14/Desktop/Celine-Thesis/all-data-reordered/all/Editoryal: Injustice secretary.txt
/Users/rl-14/Desktop/Celine-Thesis/all-data-reordered/all/Editoryal: Ipatuman ang balaud.txt
/Users/rl-14/Desktop/Celine-Thesis/all-data-reordered/all/Editoryal: Ipatuman na.txt
/Users/rl-14/Desktop/Celine-Thesis/all-data-reordered/all/Editoryal: JVR ug ang iyang partido?.txt
/Users/rl-14/Desktop/Celine-Thesis/all-data-reordered/all/Editoryal: Kabus ray magpas-an.txt
/Users/rl-14/Desktop/Celine-Thesis/all-data-reordered/all/Editoryal: Kahulogan sa pagpalansang.txt
/Users/rl-14/Desktop/Celine-Thesis/all-data-reordered/all/Editoryal: Kahusay’g kalinaw sa Sugbo nagusbat na?.txt
/Users/rl-14/Desktop/Celine-Thesis/all-data-reordered/all/Editoryal: Kainit sa trapik.txt
/Users/rl-14/Desktop/Celine-Thesis/all-data-reordered/all/Editoryal: Kalinaw.txt
/Users/rl-14/Desktop/Celine-Thesis/all-data-reordered/all/Editoryal: Kamatayon ni Casiban.txt
/Users/rl-14/Desktop/Celine-Thesis/all-data-reordered/all/Editoryal: Kaso batok sa estudyante?.txt
/Users/rl-14/Desktop/Celine-Thesis/all-data-reordered/all/Editoryal: Kasuko ni Rama.txt
/Users/rl-14/Desktop/Celine-Thesis/all-data-reordered/all/Editoryal: Komunikasyon.txt
/Users/rl-14/Desktop/Celine-Thesis/all-data-reordered/all/Editoryal: Leksyon usab sa mga ginikanan.txt
/Users/rl-14/Desktop/Celine-Thesis/all-data-reordered/all/Editoryal: Libreng tubig .txt
/Users/rl-14/Desktop/Celine-Thesis/all-data-reordered/all/Editoryal: Mag-amping kanunay.txt
/Users/rl-14/Desktop/Celine-Thesis/all-data-reordered/all/Editoryal: Makaayo .txt
/Users/rl-14/Desktop/Celine-Thesis/all-data-reordered/all/Editoryal: Makasanta ba?.txt
/Users/rl-14/Desktop/Celine-Thesis/all-data-reordered/all/Editoryal: Mensahe ni Aiza.txt
/Users/rl-14/Desktop/Celine-Thesis/all-data-reordered/all/Editoryal: Mensahe ni Duterte.txt
/Users/rl-14/Desktop/Celine-Thesis/all-data-reordered/all/Editoryal: Mga tawo ang gisulotan.txt
/Users/rl-14/Desktop/Celine-Thesis/all-data-reordered/all/Editoryal: Mga tunghaan angay bang tokhangon?.txt
/Users/rl-14/Desktop/Celine-Thesis/all-data-reordered/all/Editoryal: Modelo sa katarong.txt
/Users/rl-14/Desktop/Celine-Thesis/all-data-reordered/all/Editoryal: Modernization sa taxi.txt
/Users/rl-14/Desktop/Celine-Thesis/all-data-reordered/all/Editoryal: Moyes nagtug-an kaha sa tinuod?.txt
/Users/rl-14/Desktop/Celine-Thesis/all-data-reordered/all/Editoryal: Nasinati ba nimo?.txt
/Users/rl-14/Desktop/Celine-Thesis/all-data-reordered/all/Editoryal: Nganong counterflow ra?.txt
/Users/rl-14/Desktop/Celine-Thesis/all-data-reordered/all/Editoryal: Ngipon-sa-ngipon?.txt
/Users/rl-14/Desktop/Celine-Thesis/all-data-reordered/all/Editoryal: Noynoy gihamok sa SAF 44.txt
/Users/rl-14/Desktop/Celine-Thesis/all-data-reordered/all/Editoryal: Okay apan dili?.txt
/Users/rl-14/Desktop/Celine-Thesis/all-data-reordered/all/Editoryal: Ospital sa Toledo.txt
/Users/rl-14/Desktop/Celine-Thesis/all-data-reordered/all/Editoryal: Pacquiao: nasudnong bahandi.txt
/Users/rl-14/Desktop/Celine-Thesis/all-data-reordered/all/Editoryal: Padayon gihapon.txt
/Users/rl-14/Desktop/Celine-Thesis/all-data-reordered/all/Editoryal: Pag-ban sa helmet sa dakbayan sa Mandaue.txt
/Users/rl-14/Desktop/Celine-Thesis/all-data-reordered/all/Editoryal: Pag-ban sa reporter.txt
/Users/rl-14/Desktop/Celine-Thesis/all-data-reordered/all/Editoryal: Pagbalik sa Tokhang.txt
/Users/rl-14/Desktop/Celine-Thesis/all-data-reordered/all/Editoryal: Pagkamatinud-anon.txt
/Users/rl-14/Desktop/Celine-Thesis/all-data-reordered/all/Editoryal: Paglubong ni Marcos.txt
/Users/rl-14/Desktop/Celine-Thesis/all-data-reordered/all/Editoryal: Pagminyo sa samang sex.txt
/Users/rl-14/Desktop/Celine-Thesis/all-data-reordered/all/Editoryal: Pakigbisog ni Lopez .txt
/Users/rl-14/Desktop/Celine-Thesis/all-data-reordered/all/Editoryal: Panawagan sa pag-ampo.txt
/Users/rl-14/Desktop/Celine-Thesis/all-data-reordered/all/Editoryal: Patas nga regulasyon.txt
/Users/rl-14/Desktop/Celine-Thesis/all-data-reordered/all/Editoryal: Paubsan ang edad.txt
/Users/rl-14/Desktop/Celine-Thesis/all-data-reordered/all/Editoryal: Petisyon vs martial law gibasura.txt
/Users/rl-14/Desktop/Celine-Thesis/all-data-reordered/all/Editoryal: PNP way mahimo sa mga gun-for-hire?.txt
/Users/rl-14/Desktop/Celine-Thesis/all-data-reordered/all/Editoryal: Police visibility.txt
/Users/rl-14/Desktop/Celine-Thesis/all-data-reordered/all/Editoryal: Problema, solusyon.txt
/Users/rl-14/Desktop/Celine-Thesis/all-data-reordered/all/Editoryal: PUJ paagi-on sa SRP?.txt
/Users/rl-14/Desktop/Celine-Thesis/all-data-reordered/all/Editoryal: Raid sa CIDG 7.txt
/Users/rl-14/Desktop/Celine-Thesis/all-data-reordered/all/Editoryal: Reporter gihulgang patyon.txt
/Users/rl-14/Desktop/Celine-Thesis/all-data-reordered/all/Editoryal: Sa hinahinay.txt
/Users/rl-14/Desktop/Celine-Thesis/all-data-reordered/all/Editoryal: Saad ni Tomas.txt
/Users/rl-14/Desktop/Celine-Thesis/all-data-reordered/all/Editoryal: Saad ug tinguha ni Banas.txt
/Users/rl-14/Desktop/Celine-Thesis/all-data-reordered/all/Editoryal: Safety measures sa SRP.txt
/Users/rl-14/Desktop/Celine-Thesis/all-data-reordered/all/Editoryal: Saludo sa mograduwar.txt
/Users/rl-14/Desktop/Celine-Thesis/all-data-reordered/all/Editoryal: Sekretong tigom? .txt
/Users/rl-14/Desktop/Celine-Thesis/all-data-reordered/all/Editoryal: Sekretong tigom?.txt
/Users/rl-14/Desktop/Celine-Thesis/all-data-reordered/all/Editoryal: Serbisyo sa nasod.txt
/Users/rl-14/Desktop/Celine-Thesis/all-data-reordered/all/Editoryal: Serbisyo sa nasud  .txt
/Users/rl-14/Desktop/Celine-Thesis/all-data-reordered/all/Editoryal: Silot nga bitay.txt
/Users/rl-14/Desktop/Celine-Thesis/all-data-reordered/all/Editoryal: Sinulog 2018.txt
/Users/rl-14/Desktop/Celine-Thesis/all-data-reordered/all/Editoryal: Sinulog malampuson.txt
/Users/rl-14/Desktop/Celine-Thesis/all-data-reordered/all/Editoryal: SONA ni PNoy.txt
/Users/rl-14/Desktop/Celine-Thesis/all-data-reordered/all/Editoryal: Subling masibog.txt
/Users/rl-14/Desktop/Celine-Thesis/all-data-reordered/all/Editoryal: Sulagma o gituyo?  copy.txt
/Users/rl-14/Desktop/Celine-Thesis/all-data-reordered/all/Editoryal: Sunog sa Lapu-Lapu.txt
/Users/rl-14/Desktop/Celine-Thesis/all-data-reordered/all/Editoryal: Suporta sa barangay.txt
/Users/rl-14/Desktop/Celine-Thesis/all-data-reordered/all/Editoryal: Sustinehan.txt
/Users/rl-14/Desktop/Celine-Thesis/all-data-reordered/all/Editoryal: Taga OBO angay sab imbestigahon.txt
/Users/rl-14/Desktop/Celine-Thesis/all-data-reordered/all/Editoryal: Tinuod nga pagpangandam.txt
/Users/rl-14/Desktop/Celine-Thesis/all-data-reordered/all/Editoryal: Tomas posibli masuspenso.txt
/Users/rl-14/Desktop/Celine-Thesis/all-data-reordered/all/Editoryal: Traffic sa Carcar ug Mingla.txt
/Users/rl-14/Desktop/Celine-Thesis/all-data-reordered/all/Editoryal: Train ni Duterte.txt
/Users/rl-14/Desktop/Celine-Thesis/all-data-reordered/all/Editoryal: TRAIN walay pulos?.txt
/Users/rl-14/Desktop/Celine-Thesis/all-data-reordered/all/Editoryal: Trapik, trapik.. .txt
/Users/rl-14/Desktop/Celine-Thesis/all-data-reordered/all/Editoryal: Traysikad sa Colon.txt
/Users/rl-14/Desktop/Celine-Thesis/all-data-reordered/all/Editoryal: Tungod sa suyop?.txt
/Users/rl-14/Desktop/Celine-Thesis/all-data-reordered/all/Editoryal: Unsay kahay unod sa Sona?.txt
/Users/rl-14/Desktop/Celine-Thesis/all-data-reordered/all/Editoryal: Walay eleksyon? .txt
/Users/rl-14/Desktop/Celine-Thesis/all-data-reordered/all/Editoryal: Walay konkreto nga traffic plan.txt
/Users/rl-14/Desktop/Celine-Thesis/all-data-reordered/all/Editoryal: Wanted vice mayor: JVR.txt
/Users/rl-14/Desktop/Celine-Thesis/all-data-reordered/all/Editoryal: Way magmadaugon sa giyera.txt
/Users/rl-14/Desktop/Celine-Thesis/all-data-reordered/all/Editoryal: Way sukod sa bawos.txt
/Users/rl-14/Desktop/Celine-Thesis/all-data-reordered/all/Editoryal: Welga sa PUJs?.txt
/Users/rl-14/Desktop/Celine-Thesis/all-data-reordered/all/Editoryal: Zombie drugs.txt
/Users/rl-14/Desktop/Celine-Thesis/all-data-reordered/all/Editoryal: ‘Metropolitanizing’ Cebu.txt
/Users/rl-14/Desktop/Celine-Thesis/all-data-reordered/all/Edmark Expo, book-launch gipahigayon sa Castle Peak.txt
/Users/rl-14/Desktop/Celine-Thesis/all-data-reordered/all/Edpedilla: Nagakatol ang lubot.txt
/Users/rl-14/Desktop/Celine-Thesis/all-data-reordered/all/Edsa Revolution gihandom sa DavSur.txt
/Users/rl-14/Desktop/Celine-Thesis/all-data-reordered/all/Educational Assistance Program sa mga lumad, nagpadayon.txt
/Users/rl-14/Desktop/Celine-Thesis/all-data-reordered/all/Educational tour sa 3rd batch sa mga kanhi rebelde, gikatakda sa sunod bulan.txt
/Users/rl-14/Desktop/Celine-Thesis/all-data-reordered/all/Edukasyon sa kabataan prayoridad ni Quisumbing.txt
/Users/rl-14/Desktop/Celine-Thesis/all-data-reordered/all/Edukasyon tutokan.txt
/Users/rl-14/Desktop/Celine-Thesis/all-data-reordered/all/Effigy ni Pangulong Duterte gisunog sa progresibong grupo atul sa 32nd anniversary sa EDSA People Power.txt
/Users/rl-14/Desktop/Celine-Thesis/all-data-reordered/all/Efren Bata, Alcano mosulong sa Tuburan.txt
/Users/rl-14/Desktop/Celine-Thesis/all-data-reordered/all/Egay Uy out sa RTA.txt
/Users/rl-14/Desktop/Celine-Thesis/all-data-reordered/all/Eid'l Adha malinawong gisaulog sa Davao.txt
/Users/rl-14/Desktop/Celine-Thesis/all-data-reordered/all/Ejay natural ang pa-cute kang Ellen.txt
/Users/rl-14/Desktop/Celine-Thesis/all-data-reordered/all/Ejay walay planong magminyo!.txt
/Users/rl-14/Desktop/Celine-Thesis/all-data-reordered/all/Ekipo itaud sa mga bus aron dagan masayran.txt
/Users/rl-14/Desktop/Celine-Thesis/all-data-reordered/all/Ekipo na ang gamiton.txt
/Users/rl-14/Desktop/Celine-Thesis/all-data-reordered/all/Ekipo pagsusi sa hubog nga driver gisugyot.txt
/Users/rl-14/Desktop/Celine-Thesis/all-data-reordered/all/Eksplosibo napalgan gawas sa abandonadong balay.txt
/Users/rl-14/Desktop/Celine-Thesis/all-data-reordered/all/El-Nella tandem painiton og usab.txt
/Users/rl-14/Desktop/Celine-Thesis/all-data-reordered/all/Election officer gitipi.txt
/Users/rl-14/Desktop/Celine-Thesis/all-data-reordered/all/Election officer sa San Francisco gireklamo sa Ombudsman .txt
/Users/rl-14/Desktop/Celine-Thesis/all-data-reordered/all/Election sa barangay i-postpone?  .txt
/Users/rl-14/Desktop/Celine-Thesis/all-data-reordered/all/Election Supervisor gi-reklamo sa mga Dimaporo.txt
/Users/rl-14/Desktop/Celine-Thesis/all-data-reordered/all/Electrical circuit gitumbok nga hinungdan sa sunog sa Lahug.txt
/Users/rl-14/Desktop/Celine-Thesis/all-data-reordered/all/Electrical room sa BIR, nasunog.txt
/Users/rl-14/Desktop/Celine-Thesis/all-data-reordered/all/Eleksiyon ug plebisito gipaabot nga hisgutan .txt
/Users/rl-14/Desktop/Celine-Thesis/all-data-reordered/all/Elipe dunay warrant of arrest.txt
/Users/rl-14/Desktop/Celine-Thesis/all-data-reordered/all/Elisse gipanguyaban na ni McCoy?.txt
/Users/rl-14/Desktop/Celine-Thesis/all-data-reordered/all/Elisse malipayon sa pag-angat sa career.txt
/Users/rl-14/Desktop/Celine-Thesis/all-data-reordered/all/Elisse mitug-an, nabuang sa love.txt
/Users/rl-14/Desktop/Celine-Thesis/all-data-reordered/all/Elite nahubog .txt
/Users/rl-14/Desktop/Celine-Thesis/all-data-reordered/all/Elite vs. KaTropa.txt
/Users/rl-14/Desktop/Celine-Thesis/all-data-reordered/all/Elizabeth Oropesa willing as 3rd wife ni Duterte.txt
/Users/rl-14/Desktop/Celine-Thesis/all-data-reordered/all/Ella andam na sa daring roles?.txt
/Users/rl-14/Desktop/Celine-Thesis/all-data-reordered/all/Ellen Adarna friends lang ni Baste Duterte.txt
/Users/rl-14/Desktop/Celine-Thesis/all-data-reordered/all/Ellen Adarna like ni ‘World's Hottest Math Teacher’.txt
/Users/rl-14/Desktop/Celine-Thesis/all-data-reordered/all/Ellen Adarna mabdos.txt
/Users/rl-14/Desktop/Celine-Thesis/all-data-reordered/all/Ellen Adarna naghubo sa bag-ong magazine cover.txt
/Users/rl-14/Desktop/Celine-Thesis/all-data-reordered/all/Ellen Adarna ug Baste Duterte naghalok!.txt
/Users/rl-14/Desktop/Celine-Thesis/all-data-reordered/all/Ellen Adarna ug John Lloyd na sab? .txt
/Users/rl-14/Desktop/Celine-Thesis/all-data-reordered/all/Ellen Adarna undang sa pagpaseksi.txt
/Users/rl-14/Desktop/Celine-Thesis/all-data-reordered/all/Ellen di kahulat nga makita ang Math Teacher.txt
/Users/rl-14/Desktop/Celine-Thesis/all-data-reordered/all/Ellen mas type ang non-showbiz guy.txt
/Users/rl-14/Desktop/Celine-Thesis/all-data-reordered/all/Ellen tak-om sa tsula nilang Baste!.txt
/Users/rl-14/Desktop/Celine-Thesis/all-data-reordered/all/Ellen ug Baste break na!.txt
/Users/rl-14/Desktop/Celine-Thesis/all-data-reordered/all/Elmo nikuyog sa pamilya ni Janella sa Malaysia.txt
/Users/rl-14/Desktop/Celine-Thesis/all-data-reordered/all/Emano gitugyan sa PDRRMD ang mga bakwit.txt
/Users/rl-14/Desktop/Celine-Thesis/all-data-reordered/all/Emano mireak sa pagbisita ni Roxas.txt
/Users/rl-14/Desktop/Celine-Thesis/all-data-reordered/all/Emano naglaom hisgotan ni Duterte kalinaw sa Mindanao sa 2nd Sona.txt
/Users/rl-14/Desktop/Celine-Thesis/all-data-reordered/all/Emano supak pagsirado sa BSU External Studies Centers.txt
/Users/rl-14/Desktop/Celine-Thesis/all-data-reordered/all/Emano ug Moreno,nagsumpaki sa isyu sa MisOr hospitals.txt
/Users/rl-14/Desktop/Celine-Thesis/all-data-reordered/all/Emano wala makatambong sa Unity Walk.txt
/Users/rl-14/Desktop/Celine-Thesis/all-data-reordered/all/Emano walay plano makig-alyado sa partido ni Duterte  SunStar.txt
/Users/rl-14/Desktop/Celine-Thesis/all-data-reordered/all/Emano,di modagan pagka-mayor tungod ni Moreno sa CdeO.txt
/Users/rl-14/Desktop/Celine-Thesis/all-data-reordered/all/Emano,gitumbok nga milawgaw sa PDP-Laban oath taking sa CdeO.txt
/Users/rl-14/Desktop/Celine-Thesis/all-data-reordered/all/Emano,mitawag kang Moreno nga oportunista sa CdeO.txt
/Users/rl-14/Desktop/Celine-Thesis/all-data-reordered/all/Emano:”Mga mayor padulong kapitanes,ipatawag na” re Duterte’s narcolist.txt
/Users/rl-14/Desktop/Celine-Thesis/all-data-reordered/all/EMB gihangyo pagsusi sa transfer station sa Inayawan.txt
/Users/rl-14/Desktop/Celine-Thesis/all-data-reordered/all/EMB mipasidaan sa pipila ka beach resorts .txt
/Users/rl-14/Desktop/Celine-Thesis/all-data-reordered/all/Embalmer gironda sa CIDG, nakuhaan og mga armas.txt
/Users/rl-14/Desktop/Celine-Thesis/all-data-reordered/all/Embalmer: Dunay espiritu ang tawo .txt
/Users/rl-14/Desktop/Celine-Thesis/all-data-reordered/all/Emil’s Cup moabli karong Sabado.txt
/Users/rl-14/Desktop/Celine-Thesis/all-data-reordered/all/Empleyado sa banko naghikog? .txt
/Users/rl-14/Desktop/Celine-Thesis/all-data-reordered/all/Empleyado sa City Hall sapon nga nagsuyop.txt
/Users/rl-14/Desktop/Celine-Thesis/all-data-reordered/all/Empleyado sa City Health sikop sa drug bust.txt
/Users/rl-14/Desktop/Celine-Thesis/all-data-reordered/all/Empleyado sa DepEd nakuhaan og armas, shabu.txt
/Users/rl-14/Desktop/Celine-Thesis/all-data-reordered/all/Empleyado sa Kapitolyo City Hall modawat na og 14th month  SunStar.txt
/Users/rl-14/Desktop/Celine-Thesis/all-data-reordered/all/Empliyado sa DSWD gipusil ang kaugalingong ulo.txt
/Users/rl-14/Desktop/Celine-Thesis/all-data-reordered/all/Employers nga wala maghigpit sa health cards sa ilang mga employee, makamulta.txt
/Users/rl-14/Desktop/Celine-Thesis/all-data-reordered/all/Employment rate sa Davao Region misaka 96.4%.txt
/Users/rl-14/Desktop/Celine-Thesis/all-data-reordered/all/Empoy Marquez, Walay sikreto sa Kalampusan.txt
/Users/rl-14/Desktop/Celine-Thesis/all-data-reordered/all/Empoy nisakay sa float sa M. Lhuillier .txt
/Users/rl-14/Desktop/Celine-Thesis/all-data-reordered/all/Ena Velasco kombati lang sa Bb. Pilipinas .txt
/Users/rl-14/Desktop/Celine-Thesis/all-data-reordered/all/Enchong gipangandaman si Kiray.txt
/Users/rl-14/Desktop/Celine-Thesis/all-data-reordered/all/Endurance.txt
/Users/rl-14/Desktop/Celine-Thesis/all-data-reordered/all/Enforcer sa Lapu-Lapu gipusil patay sa 2 ka tawo nga nagmotor.txt
/Users/rl-14/Desktop/Celine-Thesis/all-data-reordered/all/Enforcers daog.txt
/Users/rl-14/Desktop/Celine-Thesis/all-data-reordered/all/Enforcers dili na makabalik: Antigua.txt
/Users/rl-14/Desktop/Celine-Thesis/all-data-reordered/all/Enforcers milapas sa traffic law, nabisto.txt
/Users/rl-14/Desktop/Celine-Thesis/all-data-reordered/all/Engagement ring ni Ai-ai inutang sa uyab.txt
/Users/rl-14/Desktop/Celine-Thesis/all-data-reordered/all/Engineer biktima sa budolbudol?.txt
/Users/rl-14/Desktop/Celine-Thesis/all-data-reordered/all/Engineer og construction worker, nakuhaan og 11 sachets sa ‘shabu’ sa anti-ilegal drug operations sa Surigao City.txt
/Users/rl-14/Desktop/Celine-Thesis/all-data-reordered/all/Engkuwentro sa Naga karon gabii.txt
/Users/rl-14/Desktop/Celine-Thesis/all-data-reordered/all/Engkwentro sa NPA ug Phil Army sa NegOr miresulta sa pagkasikop sa 6 ka mga NPA members.txt
/Users/rl-14/Desktop/Celine-Thesis/all-data-reordered/all/Engr. Leonora Salvane: Countryside Entrepreneur of the Year sa CCCI.txt
/Users/rl-14/Desktop/Celine-Thesis/all-data-reordered/all/Enot milangoy og 7 ka bulawan.txt
/Users/rl-14/Desktop/Celine-Thesis/all-data-reordered/all/Enrique kampante ni Liza.txt
/Users/rl-14/Desktop/Celine-Thesis/all-data-reordered/all/Enrique mereak sa tahong si Liza maoy napiling Darna? .txt
/Users/rl-14/Desktop/Celine-Thesis/all-data-reordered/all/Enrique motuo og 'forever'.txt
/Users/rl-14/Desktop/Celine-Thesis/all-data-reordered/all/Enriquez naghari sa Cepca tourney.txt
/Users/rl-14/Desktop/Celine-Thesis/all-data-reordered/all/Epekto sa druga ug tokhang gipasabot atol sa Lakad-Tokhang.txt
/Users/rl-14/Desktop/Celine-Thesis/all-data-reordered/all/Epekto sa sikad.txt
/Users/rl-14/Desktop/Celine-Thesis/all-data-reordered/all/Erediano subsob nga nangandam.txt
/Users/rl-14/Desktop/Celine-Thesis/all-data-reordered/all/Erich dream libuton ang kalibutan with Daniel.txt
/Users/rl-14/Desktop/Celine-Thesis/all-data-reordered/all/Erich sugod nag ka imbiyerna!.txt
/Users/rl-14/Desktop/Celine-Thesis/all-data-reordered/all/Erich ug Daniel dili na magbalik .txt
/Users/rl-14/Desktop/Celine-Thesis/all-data-reordered/all/Erich ug Daniel level up na ang relasyon.txt
/Users/rl-14/Desktop/Celine-Thesis/all-data-reordered/all/Erich ug Daniel mas nagkasuod.txt
/Users/rl-14/Desktop/Celine-Thesis/all-data-reordered/all/Erich, kinsay ka-date?.txt
/Users/rl-14/Desktop/Celine-Thesis/all-data-reordered/all/Erik di kahulat ni Angeline.txt
/Users/rl-14/Desktop/Celine-Thesis/all-data-reordered/all/Ermita way katungod nga mangolektag P10.txt
/Users/rl-14/Desktop/Celine-Thesis/all-data-reordered/all/Ernest Cu sa Globe giila nga PH Best CEO sa FinanceAsia.txt
/Users/rl-14/Desktop/Celine-Thesis/all-data-reordered/all/Ernest Cu: usa sa labing gamhanan sa telco .txt
/Users/rl-14/Desktop/Celine-Thesis/all-data-reordered/all/Eroplano, nag-overshoot sa runway sa Siargao Airport.txt
/Users/rl-14/Desktop/Celine-Thesis/all-data-reordered/all/Erwin Lirazan, dance choreographer sa mga kampiyon.txt
/Users/rl-14/Desktop/Celine-Thesis/all-data-reordered/all/Erwin Tulfo mibiya na sa TV-5.txt
/Users/rl-14/Desktop/Celine-Thesis/all-data-reordered/all/Esaf ipaimbestigar.txt
/Users/rl-14/Desktop/Celine-Thesis/all-data-reordered/all/Escandor Cup mobalik Pebrero 17.txt
/Users/rl-14/Desktop/Celine-Thesis/all-data-reordered/all/Escario di kalingkod kon di ilhon sa DILG: Comelec.txt
/Users/rl-14/Desktop/Celine-Thesis/all-data-reordered/all/Escario giproklamar sa Comelec, apan di pa makaasumer isip mayor.txt
/Users/rl-14/Desktop/Celine-Thesis/all-data-reordered/all/Escario manumpa na.txt
/Users/rl-14/Desktop/Celine-Thesis/all-data-reordered/all/Escario moasumer na sa pagkamayor sa Bantayan.txt
/Users/rl-14/Desktop/Celine-Thesis/all-data-reordered/all/Escayo positibo sa away batok kang Chope.txt
/Users/rl-14/Desktop/Celine-Thesis/all-data-reordered/all/Escort sa kandidato naunay sa armas, patay.txt
/Users/rl-14/Desktop/Celine-Thesis/all-data-reordered/all/Esgana nagpa-blotter na.txt
/Users/rl-14/Desktop/Celine-Thesis/all-data-reordered/all/Eskwelahan gisunog sa NPA  .txt
/Users/rl-14/Desktop/Celine-Thesis/all-data-reordered/all/Eskwelahan sa Iligan mi-apela sa mga kidnappers .txt
/Users/rl-14/Desktop/Celine-Thesis/all-data-reordered/all/Espedilla: 50-anyos na, gusto pa makaanak (Part 3).txt
/Users/rl-14/Desktop/Celine-Thesis/all-data-reordered/all/Espedilla: Dili magkasinabot kon kapila (Part 3) .txt
/Users/rl-14/Desktop/Celine-Thesis/all-data-reordered/all/Espedilla: Gusto mawala ang dysmenorrhea sa natural nga pamaagi .txt
/Users/rl-14/Desktop/Celine-Thesis/all-data-reordered/all/Espedilla: Nag-problema sa migraine (2).txt
/Users/rl-14/Desktop/Celine-Thesis/all-data-reordered/all/Espedilla: Nahadlok sa himuong pag-testing sa suso.txt
/Users/rl-14/Desktop/Celine-Thesis/all-data-reordered/all/Espedilla: Naproblema kay baho'g lawas (part 2).txt
/Users/rl-14/Desktop/Celine-Thesis/all-data-reordered/all/Espedilla: Wala nay gana (Part 9).txt
/Users/rl-14/Desktop/Celine-Thesis/all-data-reordered/all/Espenido andam sa Cebu.txt
/Users/rl-14/Desktop/Celine-Thesis/all-data-reordered/all/Espenido gibalhin sa Ozamiz City.txt
/Users/rl-14/Desktop/Celine-Thesis/all-data-reordered/all/Espenido:’Ardot Parojinog,utok sa martilyo gang?’.txt
/Users/rl-14/Desktop/Celine-Thesis/all-data-reordered/all/Espenido:’Mga pamilya sa Parojinog liquadation,midangop na sa PNP”.txt
/Users/rl-14/Desktop/Celine-Thesis/all-data-reordered/all/Espino girelibuhan; Osmeña nakurat.txt
/Users/rl-14/Desktop/Celine-Thesis/all-data-reordered/all/Espinosa 'gituyo' og patay: Gordon.txt
/Users/rl-14/Desktop/Celine-Thesis/all-data-reordered/all/Espinosa 'killers' gilabanan ni Duterte.txt
/Users/rl-14/Desktop/Celine-Thesis/all-data-reordered/all/Espinosa ilubong karon sa Albuera, di sa Ormoc.txt
/Users/rl-14/Desktop/Celine-Thesis/all-data-reordered/all/Espinosa mibalik na sa iyang buhatan.txt
/Users/rl-14/Desktop/Celine-Thesis/all-data-reordered/all/Espinosa nabalaka sa seguridad sa pamilya .txt
/Users/rl-14/Desktop/Celine-Thesis/all-data-reordered/all/Espinosa nagtudlo og boksing sa HK.txt
/Users/rl-14/Desktop/Celine-Thesis/all-data-reordered/all/Espinosa sa police station nag-opisina.txt
/Users/rl-14/Desktop/Celine-Thesis/all-data-reordered/all/Espinosa, Espenido nag-atubang.txt
/Users/rl-14/Desktop/Celine-Thesis/all-data-reordered/all/Espinoza: Abusado!.txt
/Users/rl-14/Desktop/Celine-Thesis/all-data-reordered/all/Espinoza: Atong dayegon ang kapulisan.txt
/Users/rl-14/Desktop/Celine-Thesis/all-data-reordered/all/Espinoza: Award sa media?.txt
/Users/rl-14/Desktop/Celine-Thesis/all-data-reordered/all/Espinoza: Babayeng bise presidente giproklamar.txt
/Users/rl-14/Desktop/Celine-Thesis/all-data-reordered/all/Espinoza: Daghan og kwarta ang Boy Scouts.txt
/Users/rl-14/Desktop/Celine-Thesis/all-data-reordered/all/Espinoza: Di undangan og kiha sa kontra.txt
/Users/rl-14/Desktop/Celine-Thesis/all-data-reordered/all/Espinoza: Dili mo resign MOATRAS?.txt
/Users/rl-14/Desktop/Celine-Thesis/all-data-reordered/all/Espinoza: Dunay nagpaluyo ni Basamot?.txt
/Users/rl-14/Desktop/Celine-Thesis/all-data-reordered/all/Espinoza: Hilas!.txt
/Users/rl-14/Desktop/Celine-Thesis/all-data-reordered/all/Espinoza: Ibalik ang HPG dinhi sa Cebu.txt
/Users/rl-14/Desktop/Celine-Thesis/all-data-reordered/all/Espinoza: Iuli sa Ayala ang mga lote?.txt
/Users/rl-14/Desktop/Celine-Thesis/all-data-reordered/all/Espinoza: Kinsa ang nagsabotahe?.txt
/Users/rl-14/Desktop/Celine-Thesis/all-data-reordered/all/Espinoza: Kuwang sa disiplina!.txt
/Users/rl-14/Desktop/Celine-Thesis/all-data-reordered/all/Espinoza: Maayo ang premyo o dili?.txt
/Users/rl-14/Desktop/Celine-Thesis/all-data-reordered/all/Espinoza: Mahurot og kiha ang LP senators.txt
/Users/rl-14/Desktop/Celine-Thesis/all-data-reordered/all/Espinoza: Malasakit Center giablihan na.txt
/Users/rl-14/Desktop/Celine-Thesis/all-data-reordered/all/Espinoza: Martial Law jud?.txt
/Users/rl-14/Desktop/Celine-Thesis/all-data-reordered/all/Espinoza: Padulngan sa kaso ni Sereno.txt
/Users/rl-14/Desktop/Celine-Thesis/all-data-reordered/all/Espinoza: Pangilad nga promo.txt
/Users/rl-14/Desktop/Celine-Thesis/all-data-reordered/all/Espinoza: Pangwarta sa ayroplano?.txt
/Users/rl-14/Desktop/Celine-Thesis/all-data-reordered/all/Espinoza: Patay na, gipahunong pa’g trabaho.txt
/Users/rl-14/Desktop/Celine-Thesis/all-data-reordered/all/Espinoza: Subo.txt
/Users/rl-14/Desktop/Celine-Thesis/all-data-reordered/all/Espinoza: Sunog sa Metro gigamit nga rason.txt
/Users/rl-14/Desktop/Celine-Thesis/all-data-reordered/all/Espinoza: Way eleksyon sa Mayo 2018?.txt
/Users/rl-14/Desktop/Celine-Thesis/all-data-reordered/all/Establisamento gibulabog sa bomb threat, mga trabahante nag-iyahay’ng panagan.txt
/Users/rl-14/Desktop/Celine-Thesis/all-data-reordered/all/Establisemento gipasirhan ni Gullas.txt
/Users/rl-14/Desktop/Celine-Thesis/all-data-reordered/all/Estelo ni Austin haom sa Gilas.txt
/Users/rl-14/Desktop/Celine-Thesis/all-data-reordered/all/Estenzo moluwat isip team manager sa UC.txt
/Users/rl-14/Desktop/Celine-Thesis/all-data-reordered/all/Estudyante nakuhaan og shabu.txt
/Users/rl-14/Desktop/Celine-Thesis/all-data-reordered/all/Estudyante pa, makabuhi na sa iyang pamilya.txt
/Users/rl-14/Desktop/Celine-Thesis/all-data-reordered/all/Estudyante sa Davao gipatay sa menor de edad .txt
/Users/rl-14/Desktop/Celine-Thesis/all-data-reordered/all/Eugene dili pa magpakasal!.txt
/Users/rl-14/Desktop/Celine-Thesis/all-data-reordered/all/Eugene, film critic ang uyab.txt
/Users/rl-14/Desktop/Celine-Thesis/all-data-reordered/all/Euro teams posibli ma bracket sa Gilas.txt
/Users/rl-14/Desktop/Celine-Thesis/all-data-reordered/all/Euthanasia nga sa isyu sa Lapu City Veterinary gihimakak .txt
/Users/rl-14/Desktop/Celine-Thesis/all-data-reordered/all/Eva, bana mikihag libel batok Mabatid.txt
/Users/rl-14/Desktop/Celine-Thesis/all-data-reordered/all/Evacuation center tukuron.txt
/Users/rl-14/Desktop/Celine-Thesis/all-data-reordered/all/Ex-Asian champion mosalmot sa 'Araw' Motocross karon .txt
/Users/rl-14/Desktop/Celine-Thesis/all-data-reordered/all/Ex-boyfriend mihimakak sa gang-rape.txt
/Users/rl-14/Desktop/Celine-Thesis/all-data-reordered/all/Ex-brgy. kons sikop sa buy-bust.txt
/Users/rl-14/Desktop/Celine-Thesis/all-data-reordered/all/Ex-Bukidnon fiscal, nakaligis-patay sa CdeO?.txt
/Users/rl-14/Desktop/Celine-Thesis/all-data-reordered/all/Ex-CdeO village official,mihimakak nga si Moreno nagkaso vs Emano.txt
/Users/rl-14/Desktop/Celine-Thesis/all-data-reordered/all/Ex-CHED chair,gilambigit na sa Rotoras-Lao controversy sa CdeO.txt
/Users/rl-14/Desktop/Celine-Thesis/all-data-reordered/all/Ex-convict sa Misamis Oriental gipusil, patay.txt
/Users/rl-14/Desktop/Celine-Thesis/all-data-reordered/all/Ex-convict, patay human gipusil, kapulisan duna nay 4 ka persons of interest.txt
/Users/rl-14/Desktop/Celine-Thesis/all-data-reordered/all/Ex-convict, patay human misukol sa kapulisan atol sa buybust operation.txt
/Users/rl-14/Desktop/Celine-Thesis/all-data-reordered/all/Ex-CPPO chief mihimakak sa pasangil.txt
/Users/rl-14/Desktop/Celine-Thesis/all-data-reordered/all/Ex-general manager,gamitong testigo vs COWD-Metropac controversy.txt
/Users/rl-14/Desktop/Celine-Thesis/all-data-reordered/all/Ex-Jaguars naghari sa CAAA game .txt
/Users/rl-14/Desktop/Celine-Thesis/all-data-reordered/all/Ex-MisOr mayor,gipabayad multa sa Ombudsman.txt
/Users/rl-14/Desktop/Celine-Thesis/all-data-reordered/all/Ex-NBA Ray Allen natanggong sa trapik.txt
/Users/rl-14/Desktop/Celine-Thesis/all-data-reordered/all/Ex-NBA slamdunk artist giataki sa kasingkasing.txt
/Users/rl-14/Desktop/Celine-Thesis/all-data-reordered/all/Ex-NBA star Motumbo wa mianhi sa Pilipinas.txt
/Users/rl-14/Desktop/Celine-Thesis/all-data-reordered/all/Ex-PBA Omolon nagduha-duha.txt
/Users/rl-14/Desktop/Celine-Thesis/all-data-reordered/all/Ex-PBA Tallo naa sa Lapasan.txt
/Users/rl-14/Desktop/Celine-Thesis/all-data-reordered/all/Ex-police gitipi .txt
/Users/rl-14/Desktop/Celine-Thesis/all-data-reordered/all/Ex-pulis sa Bohol giatangan, gipatay.txt
/Users/rl-14/Desktop/Celine-Thesis/all-data-reordered/all/Ex-Superbalita 9-Ball king sud sa R-of-64.txt
/Users/rl-14/Desktop/Celine-Thesis/all-data-reordered/all/Ex-UC players wa sa UV lineup.txt
/Users/rl-14/Desktop/Celine-Thesis/all-data-reordered/all/Ex-UFC champion miabot na sa Manila.txt
/Users/rl-14/Desktop/Celine-Thesis/all-data-reordered/all/Ex-UFC fighter sparmate ni Manny.txt
/Users/rl-14/Desktop/Celine-Thesis/all-data-reordered/all/Ex-USTP architect,gikasuhan re:firearms posession.txt
/Users/rl-14/Desktop/Celine-Thesis/all-data-reordered/all/Ex-USTP architect,gisaka na sa CdeO jail.txt
/Users/rl-14/Desktop/Celine-Thesis/all-data-reordered/all/Ex-USTP architect,prime POI vs Rotoras killing.txt
/Users/rl-14/Desktop/Celine-Thesis/all-data-reordered/all/Ex-USTP architect:”CIDG-10, nang-planting sa mga armas”.txt
/Users/rl-14/Desktop/Celine-Thesis/all-data-reordered/all/Ex-UV player, SHS-ADC nalakip sa Gilas 2023.txt
/Users/rl-14/Desktop/Celine-Thesis/all-data-reordered/all/Ex-wife sa boyfie ni Vina, nag-move on na.txt
/Users/rl-14/Desktop/Celine-Thesis/all-data-reordered/all/Ex-Wildcats anaa'y dalaygong proyekto sa mga barangay.txt
/Users/rl-14/Desktop/Celine-Thesis/all-data-reordered/all/Ex-world champion gitigbas.txt
/Users/rl-14/Desktop/Celine-Thesis/all-data-reordered/all/Excited ug gikulbaan.txt
/Users/rl-14/Desktop/Celine-Thesis/all-data-reordered/all/Exciting nga tema sa 'Sa Piling ni Nanay'.txt
/Users/rl-14/Desktop/Celine-Thesis/all-data-reordered/all/Executive assistant sa kanhi mayor gipusil-patay .txt
/Users/rl-14/Desktop/Celine-Thesis/all-data-reordered/all/Exhibition game mitapos sa Team USA minicamp.txt
/Users/rl-14/Desktop/Celine-Thesis/all-data-reordered/all/Extra Joss sulod na sa finals!.txt
/Users/rl-14/Desktop/Celine-Thesis/all-data-reordered/all/Extra Joss, Revaca mag-agbat sa finals.txt
/Users/rl-14/Desktop/Celine-Thesis/all-data-reordered/all/Extra Rice Inc. sa Rain or Shine mabungkag?.txt
/Users/rl-14/Desktop/Celine-Thesis/all-data-reordered/all/Eye check-up sa SuperB anniversay gidugukan.txt
/Users/rl-14/Desktop/Celine-Thesis/all-data-reordered/all/Facebook page ni Radaza sa kabataan.txt
/Users/rl-14/Desktop/Celine-Thesis/all-data-reordered/all/Facebook post labot sa bomba imbestigahon .txt
/Users/rl-14/Desktop/Celine-Thesis/all-data-reordered/all/Faction sa PDP-Laban sa MisOr-CdeO,mingilngig pa?.txt
/Users/rl-14/Desktop/Celine-Thesis/all-data-reordered/all/Faith tourism i-promote sa DOT Region 7.txt
/Users/rl-14/Desktop/Celine-Thesis/all-data-reordered/all/Fajardo andam moduwa sa abroad kon dunay offer.txt
/Users/rl-14/Desktop/Celine-Thesis/all-data-reordered/all/Fajardo di angay nga morisgo .txt
/Users/rl-14/Desktop/Celine-Thesis/all-data-reordered/all/Fajardo di pulihan.txt
/Users/rl-14/Desktop/Celine-Thesis/all-data-reordered/all/Fajardo hadlok sa ungo, agta.txt
/Users/rl-14/Desktop/Celine-Thesis/all-data-reordered/all/Fajardo hapit na mobalik.txt
/Users/rl-14/Desktop/Celine-Thesis/all-data-reordered/all/Fajardo makabira og walo ka MVP awards: Mon.txt
/Users/rl-14/Desktop/Celine-Thesis/all-data-reordered/all/Fajardo mama's boy.txt
/Users/rl-14/Desktop/Celine-Thesis/all-data-reordered/all/Fajardo maoy sumbanan.txt
/Users/rl-14/Desktop/Celine-Thesis/all-data-reordered/all/Fajardo miapil na’g praktis sa Gilas .txt
/Users/rl-14/Desktop/Celine-Thesis/all-data-reordered/all/Fajardo mibalik na’g praktis sa Gilas pool.txt
/Users/rl-14/Desktop/Celine-Thesis/all-data-reordered/all/Fajardo mihangyo'g pagsabot.txt
/Users/rl-14/Desktop/Celine-Thesis/all-data-reordered/all/Fajardo miluwas sa Gilas Pilipinas.txt
/Users/rl-14/Desktop/Celine-Thesis/all-data-reordered/all/Fajardo mipraktis na sa SMB.txt
/Users/rl-14/Desktop/Celine-Thesis/all-data-reordered/all/Fajardo misabot sa mga naglagot kaniya.txt
/Users/rl-14/Desktop/Celine-Thesis/all-data-reordered/all/Fajardo misuporta ni Taulava.txt
/Users/rl-14/Desktop/Celine-Thesis/all-data-reordered/all/Fajardo mituboy sa SMB; series natabla na, 3-3.txt
/Users/rl-14/Desktop/Celine-Thesis/all-data-reordered/all/Fajardo moduwa sa Gilas.txt
/Users/rl-14/Desktop/Celine-Thesis/all-data-reordered/all/Fajardo naangol na sab; Baldwin nabalaka.txt
/Users/rl-14/Desktop/Celine-Thesis/all-data-reordered/all/Fajardo nag-una sa BPC award.txt
/Users/rl-14/Desktop/Celine-Thesis/all-data-reordered/all/Fajardo nagmangtas.txt
/Users/rl-14/Desktop/Celine-Thesis/all-data-reordered/all/Fajardo napili nga player of the week.txt
/Users/rl-14/Desktop/Celine-Thesis/all-data-reordered/all/Fajardo napiling ‘Mr. basketball’.txt
/Users/rl-14/Desktop/Celine-Thesis/all-data-reordered/all/Fajardo paduwaon kon dunay Game 7.txt
/Users/rl-14/Desktop/Celine-Thesis/all-data-reordered/all/Fajardo papahuwayon sa SMB.txt
/Users/rl-14/Desktop/Celine-Thesis/all-data-reordered/all/Fajardo taas pag maabtan sa PBA: Balingit, Aquino.txt
/Users/rl-14/Desktop/Celine-Thesis/all-data-reordered/all/Fajardo ug Slaughter bililhon sa Gilas - Rajko.txt
/Users/rl-14/Desktop/Celine-Thesis/all-data-reordered/all/Fajardo wa pa'y seguro sa gilas .txt
/Users/rl-14/Desktop/Celine-Thesis/all-data-reordered/all/Fajardo wala'y karibal sa inilugay sa MVP award: Ildefonso.txt
/Users/rl-14/Desktop/Celine-Thesis/all-data-reordered/all/Fajardo way reklamo.txt
/Users/rl-14/Desktop/Celine-Thesis/all-data-reordered/all/Fajardo, Gilas vs. Mindanao All-Stars.txt
/Users/rl-14/Desktop/Celine-Thesis/all-data-reordered/all/Fajardo, Lassiter moapil na sa praktis sa Gilas.txt
/Users/rl-14/Desktop/Celine-Thesis/all-data-reordered/all/Fajardo, Slaughter kinahanglanon sa Gilas: Rajko.txt
/Users/rl-14/Desktop/Celine-Thesis/all-data-reordered/all/Fajardo, Slaughter wa mopraktis.txt
/Users/rl-14/Desktop/Celine-Thesis/all-data-reordered/all/Fake news di mao ang kaaway; di pagbasa maoy ikampanya.txt
/Users/rl-14/Desktop/Celine-Thesis/all-data-reordered/all/Fake rice ang napalit? NFA mosusi .txt
/Users/rl-14/Desktop/Celine-Thesis/all-data-reordered/all/Fans ni Isabel modagsa gikan sa probinsya .txt
/Users/rl-14/Desktop/Celine-Thesis/all-data-reordered/all/Fans ni Lyca nanghinaot nga malakip sa serye.txt
/Users/rl-14/Desktop/Celine-Thesis/all-data-reordered/all/Fans ni Pacquiao gidid-an mobisita .txt
/Users/rl-14/Desktop/Celine-Thesis/all-data-reordered/all/Fans sa Cavs nanghugyaw.txt
/Users/rl-14/Desktop/Celine-Thesis/all-data-reordered/all/Fans sa Cleveland naglaom sa 2016.txt
/Users/rl-14/Desktop/Celine-Thesis/all-data-reordered/all/Farmer's Market gisigurong barato sa kunsumante.txt
/Users/rl-14/Desktop/Celine-Thesis/all-data-reordered/all/Farmer's Market lauman matag semana sa Kapitolyo.txt
/Users/rl-14/Desktop/Celine-Thesis/all-data-reordered/all/Farmer's market misaka na sa P817,670 ang kita sa upat ka semana.txt
/Users/rl-14/Desktop/Celine-Thesis/all-data-reordered/all/Farmer's Market pormal na nga gisugdan sa Kapitolyo.txt
/Users/rl-14/Desktop/Celine-Thesis/all-data-reordered/all/Father's Day Special.txt
/Users/rl-14/Desktop/Celine-Thesis/all-data-reordered/all/FB post kabahin sa  Abu Sayyaf susihon.txt
/Users/rl-14/Desktop/Celine-Thesis/all-data-reordered/all/FDA nagpahimangno batok 5 di rehistradong produkto.txt
/Users/rl-14/Desktop/Celine-Thesis/all-data-reordered/all/FDA subling mipagawas ug pahimangno batok sa mga produkto nga makadaut sa panglawas.txt
/Users/rl-14/Desktop/Celine-Thesis/all-data-reordered/all/FDA XI mipagawas ug listahan sa mga household ug urban pesticides nga makadaut sa panglawas sa mga konsumante.txt
/Users/rl-14/Desktop/Celine-Thesis/all-data-reordered/all/FDC mipasalig nga dakong tabang ang gibuksang planta.txt
/Users/rl-14/Desktop/Celine-Thesis/all-data-reordered/all/FDC Misamis mipahigayon sa ika- nga bloodletting  SunStar.txt
/Users/rl-14/Desktop/Celine-Thesis/all-data-reordered/all/FDC Misamis mipahigayon sa ika-2 nga bloodletting.txt
/Users/rl-14/Desktop/Celine-Thesis/all-data-reordered/all/Feasibility study sa 3 ka  mga underpass gisugdan na diay.txt
/Users/rl-14/Desktop/Celine-Thesis/all-data-reordered/all/Federalismo suportado sa simbahan.txt
/Users/rl-14/Desktop/Celine-Thesis/all-data-reordered/all/Federer milabni sa iyang 8th Wimbledon title.txt
/Users/rl-14/Desktop/Celine-Thesis/all-data-reordered/all/Felicilda, Janao ginganlan nga mga bangiitan.txt
/Users/rl-14/Desktop/Celine-Thesis/all-data-reordered/all/Fernandez camp: ”Lig-on ang mga ebedensiya vs 5 pulis sa CdeO”.txt
/Users/rl-14/Desktop/Celine-Thesis/all-data-reordered/all/Fernandez game fixer, akusar ni Cojuangco.txt
/Users/rl-14/Desktop/Celine-Thesis/all-data-reordered/all/Fernandez, Lozada niuli’g dungog.txt
/Users/rl-14/Desktop/Celine-Thesis/all-data-reordered/all/Fernandez, miuli og dakong garbo .txt
/Users/rl-14/Desktop/Celine-Thesis/all-data-reordered/all/Fernando Alvarez naa karon sa Cebu alang sa libreng gakos.txt
/Users/rl-14/Desktop/Celine-Thesis/all-data-reordered/all/Festival sa isla sa Bantayan mahinayon.txt
/Users/rl-14/Desktop/Celine-Thesis/all-data-reordered/all/Fetus gipalutaw sa kanal .txt
/Users/rl-14/Desktop/Celine-Thesis/all-data-reordered/all/FEU hari sa Bayugan Mayor’s Cup.txt
/Users/rl-14/Desktop/Celine-Thesis/all-data-reordered/all/FEU mas ganahan og Sugboanon o Cebu-based players.txt
/Users/rl-14/Desktop/Celine-Thesis/all-data-reordered/all/FEU mosuporta ni Racela sa PBA.txt
/Users/rl-14/Desktop/Celine-Thesis/all-data-reordered/all/FHM Babe gigil na moanhi alang sa Pacific Extreme Combat-Laban MMA.txt
/Users/rl-14/Desktop/Celine-Thesis/all-data-reordered/all/FHM babe round girl karong pista.txt
/Users/rl-14/Desktop/Celine-Thesis/all-data-reordered/all/FIBA kontento sa ilang pag-inspeksiyon: SBP.txt
/Users/rl-14/Desktop/Celine-Thesis/all-data-reordered/all/FIBA mo-imbita ni Paras, Pacquiao sa World 3x3.txt
/Users/rl-14/Desktop/Celine-Thesis/all-data-reordered/all/Fiba Olympic Qualifying kombati na!.txt
/Users/rl-14/Desktop/Celine-Thesis/all-data-reordered/all/Fiber cable sa Smart, PLDT naputol, giayo.txt
/Users/rl-14/Desktop/Celine-Thesis/all-data-reordered/all/Fifty Shades Freed: Makalingkawas na gyud.txt
/Users/rl-14/Desktop/Celine-Thesis/all-data-reordered/all/Fighting senator.txt
/Users/rl-14/Desktop/Celine-Thesis/all-data-reordered/all/Fil-Am gibanhigan patay.txt
/Users/rl-14/Desktop/Celine-Thesis/all-data-reordered/all/Fil-Am sa Lakers moduwa sa Gilas?.txt
/Users/rl-14/Desktop/Celine-Thesis/all-data-reordered/all/Fil-Am sud sa semis.txt
/Users/rl-14/Desktop/Celine-Thesis/all-data-reordered/all/Fil-Aussie giregalohan og sapatos ni Fajardo.txt
/Users/rl-14/Desktop/Celine-Thesis/all-data-reordered/all/Fil-German kuhaon sa Kia isip No.1 pick.txt
/Users/rl-14/Desktop/Celine-Thesis/all-data-reordered/all/Fil-German potensyal nga ma-No.1.txt
/Users/rl-14/Desktop/Celine-Thesis/all-data-reordered/all/Fil-Nigerian prospect moduwa sa RP team.txt
/Users/rl-14/Desktop/Celine-Thesis/all-data-reordered/all/Filinvest misagop sa Agus Elementary School sa Lapu.txt
/Users/rl-14/Desktop/Celine-Thesis/all-data-reordered/all/Filinvest misagop sa Agus Elementary.txt
/Users/rl-14/Desktop/Celine-Thesis/all-data-reordered/all/Filipino booters namilegro sa nagpadayong SEAG.txt
/Users/rl-14/Desktop/Celine-Thesis/all-data-reordered/all/Filipino-African gipriso.txt
/Users/rl-14/Desktop/Celine-Thesis/all-data-reordered/all/Final 12 di pa ibutyag.txt
/Users/rl-14/Desktop/Celine-Thesis/all-data-reordered/all/Final 12 sa Gilas ipahibawo human sa Jones Cup.txt
/Users/rl-14/Desktop/Celine-Thesis/all-data-reordered/all/Final investigation sa sunog sa NCCC mall padayon pang ginahulat ni Mayor Inday Sara.txt
/Users/rl-14/Desktop/Celine-Thesis/all-data-reordered/all/Final report sa sunog sa NCCC mall anaa na sa DILG; kaso sa mga responsable giandam na.txt
/Users/rl-14/Desktop/Celine-Thesis/all-data-reordered/all/Final result sa imbestigasyon sa nasunog nga mall padayon pang gihulat sa lokal nga kagamhanan.txt
/Users/rl-14/Desktop/Celine-Thesis/all-data-reordered/all/Finalist Mohamad Harris Tin, gikonsiderang ‘price of a lifetime’ ang kasinatian bilang finalist sa Bombo Music Festival.txt
/Users/rl-14/Desktop/Celine-Thesis/all-data-reordered/all/Finals na!.txt
/Users/rl-14/Desktop/Celine-Thesis/all-data-reordered/all/Finals ra gyud!.txt
/Users/rl-14/Desktop/Celine-Thesis/all-data-reordered/all/Finals rematch sugdan karon.txt
/Users/rl-14/Desktop/Celine-Thesis/all-data-reordered/all/Finals series mosugod na.txt
/Users/rl-14/Desktop/Celine-Thesis/all-data-reordered/all/Finance Asia miila sa Globe isip usa sa maayong kompaniya sa Pilipinas.txt
/Users/rl-14/Desktop/Celine-Thesis/all-data-reordered/all/Finance officer sa CPP-NPA sa Mindanao, nadakpan sa Butuan City.txt
/Users/rl-14/Desktop/Celine-Thesis/all-data-reordered/all/Financial aid,ihatag sa pamilyang namatya’g 5 sa CdeO.txt
/Users/rl-14/Desktop/Celine-Thesis/all-data-reordered/all/Financial help sa brgy. ipa-release .txt
/Users/rl-14/Desktop/Celine-Thesis/all-data-reordered/all/Financiers sa NPA nabulgar.txt
/Users/rl-14/Desktop/Celine-Thesis/all-data-reordered/all/Fire Prevention Month gisugdan.txt
/Users/rl-14/Desktop/Celine-Thesis/all-data-reordered/all/Fire Safety Inspection Certificate sa NCCC Mall ug SSI natigwala-an.txt
/Users/rl-14/Desktop/Celine-Thesis/all-data-reordered/all/Firecracker zone sa Lapu-Lapu ipatuman.txt
/Users/rl-14/Desktop/Celine-Thesis/all-data-reordered/all/Firetruck gitulod padung sa nasunogan.txt
/Users/rl-14/Desktop/Celine-Thesis/all-data-reordered/all/Fireworks countdown sa Tagum.txt
/Users/rl-14/Desktop/Celine-Thesis/all-data-reordered/all/First born ni Ogie motambay sa Pinas.txt
/Users/rl-14/Desktop/Celine-Thesis/all-data-reordered/all/First timer sa CVIRAA naka-gold.txt
/Users/rl-14/Desktop/Celine-Thesis/all-data-reordered/all/Fish laborer,gipusil-patay sa CdeO.txt
/Users/rl-14/Desktop/Celine-Thesis/all-data-reordered/all/Fish vendors sa Calderon gipabalik ni Osmeña.txt
/Users/rl-14/Desktop/Celine-Thesis/all-data-reordered/all/Flagdown nga P40 ibalik human uyoni sa LTFRB.txt
/Users/rl-14/Desktop/Celine-Thesis/all-data-reordered/all/Flagship shop sa Honda gilusad.txt
/Users/rl-14/Desktop/Celine-Thesis/all-data-reordered/all/FLI sa Bankal mi-turnover sa phase 6 sa subdivision.txt
/Users/rl-14/Desktop/Celine-Thesis/all-data-reordered/all/Flight nalangan sa bomb joke.txt
/Users/rl-14/Desktop/Celine-Thesis/all-data-reordered/all/Flight stewardess gikiha og kidnapping.txt
/Users/rl-14/Desktop/Celine-Thesis/all-data-reordered/all/Flights sa Caraga Region, kanselado tungod kang Basyang.txt
/Users/rl-14/Desktop/Celine-Thesis/all-data-reordered/all/Floirendo di magpatabang ni Duterte.txt
/Users/rl-14/Desktop/Celine-Thesis/all-data-reordered/all/Floirendo nakapiyansa sa kasong graft.txt
/Users/rl-14/Desktop/Celine-Thesis/all-data-reordered/all/Flores de mayo.txt
/Users/rl-14/Desktop/Celine-Thesis/all-data-reordered/all/Floyd gibugalbugalan ni McGregor sa tour-2  SunStar.txt
/Users/rl-14/Desktop/Celine-Thesis/all-data-reordered/all/Floyd gibugalbugalan ni McGregor sa tour-2.txt
/Users/rl-14/Desktop/Celine-Thesis/all-data-reordered/all/Floyd gikataw-an lang ni Manny.txt
/Users/rl-14/Desktop/Celine-Thesis/all-data-reordered/all/Floyd Jr, Marquez wa na sa listahan ni Pacquiao?.txt
/Users/rl-14/Desktop/Celine-Thesis/all-data-reordered/all/Floyd Jr. - McGregor ticket walay halin?.txt
/Users/rl-14/Desktop/Celine-Thesis/all-data-reordered/all/Floyd Jr. boring fighter: Pacquiao.txt
/Users/rl-14/Desktop/Celine-Thesis/all-data-reordered/all/Floyd Jr. di pa moretiro: uyoan.txt
/Users/rl-14/Desktop/Celine-Thesis/all-data-reordered/all/Floyd Jr. dili interesado kang Golovkin.txt
/Users/rl-14/Desktop/Celine-Thesis/all-data-reordered/all/Floyd Jr. gipangantihan ni Berto.txt
/Users/rl-14/Desktop/Celine-Thesis/all-data-reordered/all/Floyd Jr. hadlok sa hagit ni Manny?.txt
/Users/rl-14/Desktop/Celine-Thesis/all-data-reordered/all/Floyd Jr. miangkon nga nangispiya?.txt
/Users/rl-14/Desktop/Celine-Thesis/all-data-reordered/all/Floyd Jr. mipahisubo sa pamilya ni Ali.txt
/Users/rl-14/Desktop/Celine-Thesis/all-data-reordered/all/Floyd Jr. mipalit og relo, $1.1M.txt
/Users/rl-14/Desktop/Celine-Thesis/all-data-reordered/all/Floyd Jr. mopagawas og ‘TBE’ t-shirts.txt
/Users/rl-14/Desktop/Celine-Thesis/all-data-reordered/all/Floyd Jr. nagpauwan og kuwarta sa club.txt
/Users/rl-14/Desktop/Celine-Thesis/all-data-reordered/all/Floyd Jr. sekreto diay mitan-aw sa away?.txt
/Users/rl-14/Desktop/Celine-Thesis/all-data-reordered/all/Floyd Jr. vs Conor di mahitabo: White.txt
/Users/rl-14/Desktop/Celine-Thesis/all-data-reordered/all/Floyd Jr. wa moangkon.txt
/Users/rl-14/Desktop/Celine-Thesis/all-data-reordered/all/Floyd Jr. wa pay kontra.txt
/Users/rl-14/Desktop/Celine-Thesis/all-data-reordered/all/Floyd Jr.-Berto fight gisaway ni Morales.txt
/Users/rl-14/Desktop/Celine-Thesis/all-data-reordered/all/Floyd ma-knockout sa ulahing rounds .txt
/Users/rl-14/Desktop/Celine-Thesis/all-data-reordered/all/Floyd mibahad.txt
/Users/rl-14/Desktop/Celine-Thesis/all-data-reordered/all/Floyd mibakwi.txt
/Users/rl-14/Desktop/Celine-Thesis/all-data-reordered/all/Floyd mibawos; Trump interesado sa away .txt
/Users/rl-14/Desktop/Celine-Thesis/all-data-reordered/all/Floyd mitingog kabahin sa isyu sa Pacquiao-LGBT.txt
/Users/rl-14/Desktop/Celine-Thesis/all-data-reordered/all/Floyd moaway sa katapusang higayon.txt
/Users/rl-14/Desktop/Celine-Thesis/all-data-reordered/all/Floyd mobalik alang sa fans .txt
/Users/rl-14/Desktop/Celine-Thesis/all-data-reordered/all/Floyd nagkagrabi.txt
/Users/rl-14/Desktop/Celine-Thesis/all-data-reordered/all/Floyd nasagmuyo.txt
/Users/rl-14/Desktop/Celine-Thesis/all-data-reordered/all/Floyd Sr. gusto nga mobalik ang iyang anak og away.txt
/Users/rl-14/Desktop/Celine-Thesis/all-data-reordered/all/Floyd Sr. uyon sa rematch .txt
/Users/rl-14/Desktop/Celine-Thesis/all-data-reordered/all/Floyd tangtangana’g bakus.txt
/Users/rl-14/Desktop/Celine-Thesis/all-data-reordered/all/Floyd tiguwang na, di na angay moaway: anak .txt
/Users/rl-14/Desktop/Celine-Thesis/all-data-reordered/all/Floyd vs. Berto?.txt
/Users/rl-14/Desktop/Celine-Thesis/all-data-reordered/all/Floyd wa manumbaling sa bikog ni Manny.txt
/Users/rl-14/Desktop/Celine-Thesis/all-data-reordered/all/Floyd wa’y interes.txt
/Users/rl-14/Desktop/Celine-Thesis/all-data-reordered/all/Floyd-Conor 2 mikisaw na sab .txt
/Users/rl-14/Desktop/Celine-Thesis/all-data-reordered/all/Floyd-Conor ikaduha sa dako'g kita.txt
/Users/rl-14/Desktop/Celine-Thesis/all-data-reordered/all/Floyd-McGregor fight selyado na.txt
/Users/rl-14/Desktop/Celine-Thesis/all-data-reordered/all/Fluvial Procession karong tuiga sa imahe ni Senyor Santo Niño, gipanguluihan sa Philippine Navy.txt
/Users/rl-14/Desktop/Celine-Thesis/all-data-reordered/all/Fluvial Procession malampuson nga gipahigayon; solemn procession giatangan na unyang hapon.txt
/Users/rl-14/Desktop/Celine-Thesis/all-data-reordered/all/Fluvial procession, gihimo sa mga deboto ni Sr. Sto. Niño sa Agusan River.txt
/Users/rl-14/Desktop/Celine-Thesis/all-data-reordered/all/Flying connection hinungdan sa sunog.txt
/Users/rl-14/Desktop/Celine-Thesis/all-data-reordered/all/FOI di na iduso.txt
/Users/rl-14/Desktop/Celine-Thesis/all-data-reordered/all/FOI gipirmahan ni Duterte.txt
/Users/rl-14/Desktop/Celine-Thesis/all-data-reordered/all/Folayang nakuyapan sa K.O. nga kapildihan .txt
/Users/rl-14/Desktop/Celine-Thesis/all-data-reordered/all/Folayang umaabot nga sikat sa kalibutan.txt
/Users/rl-14/Desktop/Celine-Thesis/all-data-reordered/all/Food bazaar ipahigayon.txt
/Users/rl-14/Desktop/Celine-Thesis/all-data-reordered/all/Food handling ug food preparation sa DAVRAA gina-monitor na sa City Health Office.txt
/Users/rl-14/Desktop/Celine-Thesis/all-data-reordered/all/Food market sa Mandaue.txt
/Users/rl-14/Desktop/Celine-Thesis/all-data-reordered/all/Food park ilusad sa Mandaue; gipaabot nga tapuk-an .txt
/Users/rl-14/Desktop/Celine-Thesis/all-data-reordered/all/Foodpanda misaulog sa unang anibersaryo.txt
/Users/rl-14/Desktop/Celine-Thesis/all-data-reordered/all/Footbridge sa Barangay Lanipao pormal na inagurahan.txt
/Users/rl-14/Desktop/Celine-Thesis/all-data-reordered/all/footnote: unsa'y buot nilang ipasabot.txt
/Users/rl-14/Desktop/Celine-Thesis/all-data-reordered/all/Footwear business mas milampos uban sa Shopify.txt
/Users/rl-14/Desktop/Celine-Thesis/all-data-reordered/all/Forced evacuation, gipatuman na sa Surigao City tungod kang Agaton.txt
/Users/rl-14/Desktop/Celine-Thesis/all-data-reordered/all/Foreign filmmakers tudluan ni Brillante.txt
/Users/rl-14/Desktop/Celine-Thesis/all-data-reordered/all/Foreign Investors interesadong mamuhunan sa tukurong monorail system sa syudad.txt
/Users/rl-14/Desktop/Celine-Thesis/all-data-reordered/all/Foreman gipusil, patay.txt
/Users/rl-14/Desktop/Celine-Thesis/all-data-reordered/all/Format sa Cesafi giusab sa tinguhang makalikay sa kontrobersiya.txt
/Users/rl-14/Desktop/Celine-Thesis/all-data-reordered/all/Format sa PBA All-Star usbunon.txt
/Users/rl-14/Desktop/Celine-Thesis/all-data-reordered/all/Format sa PBA gisaway ni Cone.txt
/Users/rl-14/Desktop/Celine-Thesis/all-data-reordered/all/Fortuna hagbay rang midata sa iyang cash advance.txt
/Users/rl-14/Desktop/Celine-Thesis/all-data-reordered/all/Fortuna supak nga wad-on ang SK.txt
/Users/rl-14/Desktop/Celine-Thesis/all-data-reordered/all/Fortune: Di problema ang bikog ni Pacquiao.txt
/Users/rl-14/Desktop/Celine-Thesis/all-data-reordered/all/Forum bahin sa prostate cancer, libreng screening .txt
/Users/rl-14/Desktop/Celine-Thesis/all-data-reordered/all/Forum sa mga langyaw nga negusyante ipahigayon sa Sugbo.txt
/Users/rl-14/Desktop/Celine-Thesis/all-data-reordered/all/Foster parents.txt
/Users/rl-14/Desktop/Celine-Thesis/all-data-reordered/all/Foundation manghatag libreng karneng baka sa Davao .txt
/Users/rl-14/Desktop/Celine-Thesis/all-data-reordered/all/Foundations mipasiugda og Math Olympics sa Pasil kids.txt
/Users/rl-14/Desktop/Celine-Thesis/all-data-reordered/all/Founders’ Day, Sports Fest sa Informatics.txt
/Users/rl-14/Desktop/Celine-Thesis/all-data-reordered/all/Fr. Diola: Duha ka Managsuon.txt
/Users/rl-14/Desktop/Celine-Thesis/all-data-reordered/all/Fr. Ebisa mihagit sa media sa Cebu.txt
/Users/rl-14/Desktop/Celine-Thesis/all-data-reordered/all/France nanguna .txt
/Users/rl-14/Desktop/Celine-Thesis/all-data-reordered/all/France sa Rio Olympics.txt
/Users/rl-14/Desktop/Celine-Thesis/all-data-reordered/all/France vs. Canada sa OQT finals.txt
/Users/rl-14/Desktop/Celine-Thesis/all-data-reordered/all/Franceska Gacal miigo og 8 ka bulawang medalya.txt
/Users/rl-14/Desktop/Celine-Thesis/all-data-reordered/all/Franz Sabalones, Rey Parojinog magkumpare.txt
/Users/rl-14/Desktop/Celine-Thesis/all-data-reordered/all/Frasco midawat sa tanyag.txt
/Users/rl-14/Desktop/Celine-Thesis/all-data-reordered/all/Freethrows ni Dwyane Wade mipahilom sa Thunder.txt
/Users/rl-14/Desktop/Celine-Thesis/all-data-reordered/all/Frias Wala damha  SunStar.txt
/Users/rl-14/Desktop/Celine-Thesis/all-data-reordered/all/Frias: Ang dakong impak sa Oro Speed.txt
/Users/rl-14/Desktop/Celine-Thesis/all-data-reordered/all/Frias: Ang gugma sa atleta .txt
/Users/rl-14/Desktop/Celine-Thesis/all-data-reordered/all/Frias: Ang romantikong si Gufeld.txt
/Users/rl-14/Desktop/Celine-Thesis/all-data-reordered/all/Frias: Ayaw pagsurang-surang sa emosyonal nga fans .txt
/Users/rl-14/Desktop/Celine-Thesis/all-data-reordered/all/Frias: Bata sparring partner ni Pacquiao.txt
/Users/rl-14/Desktop/Celine-Thesis/all-data-reordered/all/Frias: Birthday escapade ngadto Duka, Alibuag.txt
/Users/rl-14/Desktop/Celine-Thesis/all-data-reordered/all/Frias: Buhay OFW.txt
/Users/rl-14/Desktop/Celine-Thesis/all-data-reordered/all/Frias: Chess trainer Leo Dinglasan.txt
/Users/rl-14/Desktop/Celine-Thesis/all-data-reordered/all/Frias: COSAA wagtangon? .txt
/Users/rl-14/Desktop/Celine-Thesis/all-data-reordered/all/Frias: Daug ang Cavs sa replay.txt
/Users/rl-14/Desktop/Celine-Thesis/all-data-reordered/all/Frias: Diez: Kinahanglan daghan standard tournaments.txt
/Users/rl-14/Desktop/Celine-Thesis/all-data-reordered/all/Frias: Dughan sa Ginebra .txt
/Users/rl-14/Desktop/Celine-Thesis/all-data-reordered/all/Frias: Duyog ta sa kapildihan.txt
/Users/rl-14/Desktop/Celine-Thesis/all-data-reordered/all/Frias: Endorser para kang Paloma.txt
/Users/rl-14/Desktop/Celine-Thesis/all-data-reordered/all/Frias: Feday dili Pidi, Persh dili Perk.txt
/Users/rl-14/Desktop/Celine-Thesis/all-data-reordered/all/Frias: Front page paingon sports.txt
/Users/rl-14/Desktop/Celine-Thesis/all-data-reordered/all/Frias: Gamba 97: Bitoy, where are you?.txt
/Users/rl-14/Desktop/Celine-Thesis/all-data-reordered/all/Frias: Giya pangita’g trainor ug kinanlan sa bata (Kataposang parti).txt
/Users/rl-14/Desktop/Celine-Thesis/all-data-reordered/all/Frias: Guv Emano mobubo'g suporta sa MisOr Chess Club .txt
/Users/rl-14/Desktop/Celine-Thesis/all-data-reordered/all/Frias: Happy valentines Mr & Mrs Estrada.txt
/Users/rl-14/Desktop/Celine-Thesis/all-data-reordered/all/Frias: Lopez: You drop it!.txt
/Users/rl-14/Desktop/Celine-Thesis/all-data-reordered/all/Frias: Maayong dagan sa Ballpals.txt
/Users/rl-14/Desktop/Celine-Thesis/all-data-reordered/all/Frias: Mga pari vs. Ballpals.txt
/Users/rl-14/Desktop/Celine-Thesis/all-data-reordered/all/Frias: Minority attack.txt
/Users/rl-14/Desktop/Celine-Thesis/all-data-reordered/all/Frias: Pacquiao, So nag-chess human sa away .txt
/Users/rl-14/Desktop/Celine-Thesis/all-data-reordered/all/Frias: Paul Q. Jardin, 48.txt
/Users/rl-14/Desktop/Celine-Thesis/all-data-reordered/all/Frias: Philidor: Pawns are the soul of chess.txt
/Users/rl-14/Desktop/Celine-Thesis/all-data-reordered/all/Frias: Rason sa kalipay.txt
/Users/rl-14/Desktop/Celine-Thesis/all-data-reordered/all/Frias: SPC gikaminusan? .txt
/Users/rl-14/Desktop/Celine-Thesis/all-data-reordered/all/Frias: Tagum escapade (kataposang parti).txt
/Users/rl-14/Desktop/Celine-Thesis/all-data-reordered/all/Frias: Tulo na nagsalo sa first.txt
/Users/rl-14/Desktop/Celine-Thesis/all-data-reordered/all/Frias: Wala gayud damha.txt
/Users/rl-14/Desktop/Celine-Thesis/all-data-reordered/all/Frias: Walay bugto nga gugma ni PeteVams.txt
/Users/rl-14/Desktop/Celine-Thesis/all-data-reordered/all/Front liner sa usa ka dakong investment scam sa pulo sa Mindanao, naga-public apology pinaagi sa Bombo Radyo.txt
/Users/rl-14/Desktop/Celine-Thesis/all-data-reordered/all/Fruitas stores pwede na sa GCash.txt
/Users/rl-14/Desktop/Celine-Thesis/all-data-reordered/all/Frustrated murder batok mayor sa Kauswagan giduso .txt
/Users/rl-14/Desktop/Celine-Thesis/all-data-reordered/all/Fuel Masters mohatag og saktong kombati.txt
/Users/rl-14/Desktop/Celine-Thesis/all-data-reordered/all/Fuentes posible nga moretiro human na-knockout sa Japan.txt
/Users/rl-14/Desktop/Celine-Thesis/all-data-reordered/all/Fuentes vs. Japanese.txt
/Users/rl-14/Desktop/Celine-Thesis/all-data-reordered/all/Furniture shop nasunog.txt
/Users/rl-14/Desktop/Celine-Thesis/all-data-reordered/all/Fury andam og rematch.txt
/Users/rl-14/Desktop/Celine-Thesis/all-data-reordered/all/Futsal ug Football 'Araw' himuon sa Marso 17 ug 24.txt
/Users/rl-14/Desktop/Celine-Thesis/all-data-reordered/all/Futura Homes Mactan gisugdan sa pagtukod.txt
/Users/rl-14/Desktop/Celine-Thesis/all-data-reordered/all/Futura Homes Mactan phase 2.txt
/Users/rl-14/Desktop/Celine-Thesis/all-data-reordered/all/Ga-uwan og 3-pts..txt
/Users/rl-14/Desktop/Celine-Thesis/all-data-reordered/all/GAB consultant gikiha sa PBOC.txt
/Users/rl-14/Desktop/Celine-Thesis/all-data-reordered/all/Gab hilum sa pasangil sa ex-wife.txt
/Users/rl-14/Desktop/Celine-Thesis/all-data-reordered/all/GAB makigsulti sa Cebu promoters, managers.txt
/Users/rl-14/Desktop/Celine-Thesis/all-data-reordered/all/GAB mipadala og suwat sa WBO.txt
/Users/rl-14/Desktop/Celine-Thesis/all-data-reordered/all/Gab nangayo og sorry ni Tricia.txt
/Users/rl-14/Desktop/Celine-Thesis/all-data-reordered/all/Gabangis si Butler.txt
/Users/rl-14/Desktop/Celine-Thesis/all-data-reordered/all/Gabbi di pa andam mag-uyab!.txt
/Users/rl-14/Desktop/Celine-Thesis/all-data-reordered/all/Gabbi dunay pagbati ni Ruru?.txt
/Users/rl-14/Desktop/Celine-Thesis/all-data-reordered/all/Gabbi Garcia nakadayeg ni Marian.txt
/Users/rl-14/Desktop/Celine-Thesis/all-data-reordered/all/Gabbi ug Alexa gikilig kang Gigi Hadid.txt
/Users/rl-14/Desktop/Celine-Thesis/all-data-reordered/all/Gabby nagpatali sa GMA Network  .txt
/Users/rl-14/Desktop/Celine-Thesis/all-data-reordered/all/Gabby sad-an sa break-up nilang Janice.txt
/Users/rl-14/Desktop/Celine-Thesis/all-data-reordered/all/Gabion dams sa Butuanon makaminos sa baha: Cortes.txt
/Users/rl-14/Desktop/Celine-Thesis/all-data-reordered/all/Gaerlan: Walay makasulod terorista sa Davao Region.txt
/Users/rl-14/Desktop/Celine-Thesis/all-data-reordered/all/Gahikog tungod sa utang.txt
/Users/rl-14/Desktop/Celine-Thesis/all-data-reordered/all/Gahin sa fiesta sa Mandaue mius-us.txt
/Users/rl-14/Desktop/Celine-Thesis/all-data-reordered/all/Gaisano Anniversary Run aduna’y bag-ong konsepto nga ipatuman.txt
/Users/rl-14/Desktop/Celine-Thesis/all-data-reordered/all/Galendez nabulsa ang unang titulo sa 2016.txt
/Users/rl-14/Desktop/Celine-Thesis/all-data-reordered/all/Galingan sa Taiheiyo inagurahan.txt
/Users/rl-14/Desktop/Celine-Thesis/all-data-reordered/all/Gallera aduna'y sagunson nga derbies.txt
/Users/rl-14/Desktop/Celine-Thesis/all-data-reordered/all/Galua,moduso’g memo sa korte re:NMMCs confinment.txt
/Users/rl-14/Desktop/Celine-Thesis/all-data-reordered/all/gama sa gabii.txt
/Users/rl-14/Desktop/Celine-Thesis/all-data-reordered/all/Gamangtas ang Lakers.txt
/Users/rl-14/Desktop/Celine-Thesis/all-data-reordered/all/Gamangtas si Russell.txt
/Users/rl-14/Desktop/Celine-Thesis/all-data-reordered/all/Gamay ra ang miduaw sa mga Menteryo .txt
/Users/rl-14/Desktop/Celine-Thesis/all-data-reordered/all/Gamba 97 daug na sab.txt
/Users/rl-14/Desktop/Celine-Thesis/all-data-reordered/all/Gamba 97, 99ers sayo mag-abot .txt
/Users/rl-14/Desktop/Celine-Thesis/all-data-reordered/all/Gamba 97, Batch 93 karon.txt
/Users/rl-14/Desktop/Celine-Thesis/all-data-reordered/all/Gamba 97, XUHS 01 mag-abot sa Faber Cup final .txt
/Users/rl-14/Desktop/Celine-Thesis/all-data-reordered/all/Game 1 na.txt
/Users/rl-14/Desktop/Celine-Thesis/all-data-reordered/all/Game 1 sa Claveria, Tagoloan karong Sabado.txt
/Users/rl-14/Desktop/Celine-Thesis/all-data-reordered/all/Game 5 posibli mauswag.txt
/Users/rl-14/Desktop/Celine-Thesis/all-data-reordered/all/Game fixing?.txt
/Users/rl-14/Desktop/Celine-Thesis/all-data-reordered/all/Game ng Bayan gitapos! .txt
/Users/rl-14/Desktop/Celine-Thesis/all-data-reordered/all/Gamit sa pangisda sakmit.txt
/Users/rl-14/Desktop/Celine-Thesis/all-data-reordered/all/Gang member, giluba-patay sa Brgy Macabalan ning syudad.txt
/Users/rl-14/Desktop/Celine-Thesis/all-data-reordered/all/Gang nangrekrut og mga tigdala og drugs.txt
/Users/rl-14/Desktop/Celine-Thesis/all-data-reordered/all/Gang nga giingong nangrecruit og mga minors isip drug courier gipangita na karon sa mga pulis.txt
/Users/rl-14/Desktop/Celine-Thesis/all-data-reordered/all/Gang puhagon sa kapulisan.txt
/Users/rl-14/Desktop/Celine-Thesis/all-data-reordered/all/Gang wars, kaso sa CICL sa Mandaue ‘alarming’.txt
/Users/rl-14/Desktop/Celine-Thesis/all-data-reordered/all/Gangster ang killer sa 8 anyos nga lalaki .txt
/Users/rl-14/Desktop/Celine-Thesis/all-data-reordered/all/Ganti di pa ihatag: Labella.txt
/Users/rl-14/Desktop/Celine-Thesis/all-data-reordered/all/Ganti nagkadako.txt
/Users/rl-14/Desktop/Celine-Thesis/all-data-reordered/all/Ganti sa makatudlo ug makasikop sa 'bomber' miabot P3 milyones.txt
/Users/rl-14/Desktop/Celine-Thesis/all-data-reordered/all/Gapahipi nga kalipay.txt
/Users/rl-14/Desktop/Celine-Thesis/all-data-reordered/all/Gapanikad na ang tanan!.txt
/Users/rl-14/Desktop/Celine-Thesis/all-data-reordered/all/Garcia naanad na’ng mogiya sa Painters.txt
/Users/rl-14/Desktop/Celine-Thesis/all-data-reordered/all/Garcia: Pacquiao pildihon kung atbangon pag-usab si Bradley .txt
/Users/rl-14/Desktop/Celine-Thesis/all-data-reordered/all/Gardo like si Maine?.txt
/Users/rl-14/Desktop/Celine-Thesis/all-data-reordered/all/Garganera mipasabot nganong gibasura ang P600M alang sa landfill.txt
/Users/rl-14/Desktop/Celine-Thesis/all-data-reordered/all/Garie Concepcion suportado ang boyfriend.txt
/Users/rl-14/Desktop/Celine-Thesis/all-data-reordered/all/Gasa sa Veco alang sa mga bata.txt
/Users/rl-14/Desktop/Celine-Thesis/all-data-reordered/all/Gasol di makabalik sa NBA 2015-16 season.txt
/Users/rl-14/Desktop/Celine-Thesis/all-data-reordered/all/Gasoline boy nga nag-viral, apil sa Mr. Universe Tourism.txt
/Users/rl-14/Desktop/Celine-Thesis/all-data-reordered/all/Gasto sa party sa Dasureco gikan sa amot sa mga kawani.txt
/Users/rl-14/Desktop/Celine-Thesis/all-data-reordered/all/Gatus residente,mihikling re NPA harassment sa Bukidnon.txt
/Users/rl-14/Desktop/Celine-Thesis/all-data-reordered/all/Gatusan ang nangatanggong.txt
/Users/rl-14/Desktop/Celine-Thesis/all-data-reordered/all/Gatusan ka sako sa uling gikan sa Alabel nga giagi sa dagat, nakumpiska sa GenSan.txt
/Users/rl-14/Desktop/Celine-Thesis/all-data-reordered/all/Gatusan namakwit tungod sa engkuwentro sa LDS.txt
/Users/rl-14/Desktop/Celine-Thesis/all-data-reordered/all/Gauwan og tres.txt
/Users/rl-14/Desktop/Celine-Thesis/all-data-reordered/all/Gaviola sa Miss Bohol 2018.txt
/Users/rl-14/Desktop/Celine-Thesis/all-data-reordered/all/Gawad Geny Lopez Jr. Bayaning Pilipino Awards.txt
/Users/rl-14/Desktop/Celine-Thesis/all-data-reordered/all/Gaway ni Sabalones sa Inawayan nasikop.txt
/Users/rl-14/Desktop/Celine-Thesis/all-data-reordered/all/GCash Payroll disbursement sytem gigamit sa IT company.txt
/Users/rl-14/Desktop/Celine-Thesis/all-data-reordered/all/Geisler gipasiritan og ihi ni Matos.txt
/Users/rl-14/Desktop/Celine-Thesis/all-data-reordered/all/Gelloani andam moatubang.txt
/Users/rl-14/Desktop/Celine-Thesis/all-data-reordered/all/Gen. Taliño mipagawas sa kasagmuyo sa SAF 44.txt
/Users/rl-14/Desktop/Celine-Thesis/all-data-reordered/all/Genoguin: Ang Pilipinas sa panahon ni Duterte.txt
/Users/rl-14/Desktop/Celine-Thesis/all-data-reordered/all/Genoguin: Doblado vs Doblado .txt
/Users/rl-14/Desktop/Celine-Thesis/all-data-reordered/all/Genoguin: Duterte talagsaon nga presidente.txt
/Users/rl-14/Desktop/Celine-Thesis/all-data-reordered/all/Genoguin: Helicopter deal.txt
/Users/rl-14/Desktop/Celine-Thesis/all-data-reordered/all/Genoguin: Hero ba si Marcos? .txt
/Users/rl-14/Desktop/Celine-Thesis/all-data-reordered/all/Genoguin: Kisaw sa politika sa 2019.txt
/Users/rl-14/Desktop/Celine-Thesis/all-data-reordered/all/Genoguin: Nagmahay ang Presidente?  .txt
/Users/rl-14/Desktop/Celine-Thesis/all-data-reordered/all/Genoguin: Pederalismo o komunista.txt
/Users/rl-14/Desktop/Celine-Thesis/all-data-reordered/all/Genoguin: Tinuod o dili, walay epekto.txt
/Users/rl-14/Desktop/Celine-Thesis/all-data-reordered/all/GenSan beauty queen Janette Roanne Lising Sturm todo na ang pagpangandam alang sa sa iyang pag-apil sa Bb. Pilipinas 2018.txt
/Users/rl-14/Desktop/Celine-Thesis/all-data-reordered/all/GenSan boxer, nasakmit ang WBO Asia Pacific youth flyweight belt sa ‘Brawl at the Mall”.txt
/Users/rl-14/Desktop/Celine-Thesis/all-data-reordered/all/GenSan City Councilor, pabor sa pederalismo.txt
/Users/rl-14/Desktop/Celine-Thesis/all-data-reordered/all/GenSan Councilor, galaum nga madayun ang SK ug Brgy. Election sa Mayo.txt
/Users/rl-14/Desktop/Celine-Thesis/all-data-reordered/all/Gensan miyukbo sa Davao.txt
/Users/rl-14/Desktop/Celine-Thesis/all-data-reordered/all/GenSan Team biyaheng South Cotabato para sa SRAA Meet 2018.txt
/Users/rl-14/Desktop/Celine-Thesis/all-data-reordered/all/GenSan Team, padayon ang pagpaningkamot alang sa kampeonato sa SRAA Meet 2018.txt
/Users/rl-14/Desktop/Celine-Thesis/all-data-reordered/all/George gipamulta.txt
/Users/rl-14/Desktop/Celine-Thesis/all-data-reordered/all/George maoy puli ni Cousins.txt
/Users/rl-14/Desktop/Celine-Thesis/all-data-reordered/all/George moduwa na’g balik.txt
/Users/rl-14/Desktop/Celine-Thesis/all-data-reordered/all/George naglaom.txt
/Users/rl-14/Desktop/Celine-Thesis/all-data-reordered/all/George wa motagam, andam gihapon moduwa sa Team USA.txt
/Users/rl-14/Desktop/Celine-Thesis/all-data-reordered/all/Gerald makatrabaho ang ex-gf nga si Bea.txt
/Users/rl-14/Desktop/Celine-Thesis/all-data-reordered/all/Gerald mas mahilig sa labing-labing - Ai-ai.txt
/Users/rl-14/Desktop/Celine-Thesis/all-data-reordered/all/Gerald miangkon ‘special’ si Bea.txt
/Users/rl-14/Desktop/Celine-Thesis/all-data-reordered/all/Gerald wala nagdali ni Bea.txt
/Users/rl-14/Desktop/Celine-Thesis/all-data-reordered/all/German national wa nay kinabuhi.txt
/Users/rl-14/Desktop/Celine-Thesis/all-data-reordered/all/Gerphil, Cum Laude sa UP Music.txt
/Users/rl-14/Desktop/Celine-Thesis/all-data-reordered/all/Gesta moaway'g balik alang sa world title.txt
/Users/rl-14/Desktop/Celine-Thesis/all-data-reordered/all/Gesta na down, pero daog gihapon.txt
/Users/rl-14/Desktop/Celine-Thesis/all-data-reordered/all/Gesta pakyas.txt
/Users/rl-14/Desktop/Celine-Thesis/all-data-reordered/all/Gesta posibling makapildi ni Linares Roach  SunStar.txt
/Users/rl-14/Desktop/Celine-Thesis/all-data-reordered/all/Ghost hunting sa Davao.txt
/Users/rl-14/Desktop/Celine-Thesis/all-data-reordered/all/Gi-drug test ang mga kawani.txt
/Users/rl-14/Desktop/Celine-Thesis/all-data-reordered/all/Gi-rehab nadakpan sa drug bust .txt
/Users/rl-14/Desktop/Celine-Thesis/all-data-reordered/all/Gi-rehab ‘hate’ na ang droga.txt
/Users/rl-14/Desktop/Celine-Thesis/all-data-reordered/all/Gi-salvage, giputos ang nawong .txt
/Users/rl-14/Desktop/Celine-Thesis/all-data-reordered/all/Gi-utang nga kapin P900M, gipasabot sa Butuan City-LGU.txt
/Users/rl-14/Desktop/Celine-Thesis/all-data-reordered/all/Giakusaha'g rape.txt
/Users/rl-14/Desktop/Celine-Thesis/all-data-reordered/all/Giakusahan nga nang-rape naghilak.txt
/Users/rl-14/Desktop/Celine-Thesis/all-data-reordered/all/Gianugnan kang Toben Andaya.txt
/Users/rl-14/Desktop/Celine-Thesis/all-data-reordered/all/Gianugnan sa Sinulog sa Kabataan.txt
/Users/rl-14/Desktop/Celine-Thesis/all-data-reordered/all/Giaway sa uyab, naghikog.txt
/Users/rl-14/Desktop/Celine-Thesis/all-data-reordered/all/Giawhag ang managan sa SK, barangay mag-andam na .txt
/Users/rl-14/Desktop/Celine-Thesis/all-data-reordered/all/Gibana-banang tunga sa bilyon ang danyus sa sunog sa Metro Ayala Dept Store.txt
/Users/rl-14/Desktop/Celine-Thesis/all-data-reordered/all/Gibanhigan-patay.txt
/Users/rl-14/Desktop/Celine-Thesis/all-data-reordered/all/Gibasted nang-rape .txt
/Users/rl-14/Desktop/Celine-Thesis/all-data-reordered/all/Gibiyaan kay gamay'g kinatawo.txt
/Users/rl-14/Desktop/Celine-Thesis/all-data-reordered/all/Gibugno kay `tsismosa’, na-ospital .txt
/Users/rl-14/Desktop/Celine-Thesis/all-data-reordered/all/Gibuhat ni Lim self defense: abogado.txt
/Users/rl-14/Desktop/Celine-Thesis/all-data-reordered/all/Gibuhat sa Siyudad kalapasan: DENR; mayor wa mabalaka.txt
/Users/rl-14/Desktop/Celine-Thesis/all-data-reordered/all/Gica gitaktak sa Ombudsman tungod sa 'pag-tamper'.txt
/Users/rl-14/Desktop/Celine-Thesis/all-data-reordered/all/Gica nabalik sa pwesto.txt
/Users/rl-14/Desktop/Celine-Thesis/all-data-reordered/all/Gidagkotan nga papel hinungdan sa sunog?.txt
/Users/rl-14/Desktop/Celine-Thesis/all-data-reordered/all/Gidakop nga mga Taiwanese ipa-deport .txt
/Users/rl-14/Desktop/Celine-Thesis/all-data-reordered/all/Gidaog sa depensa.txt
/Users/rl-14/Desktop/Celine-Thesis/all-data-reordered/all/Gidaro sa sakyanan, 1 patay.txt
/Users/rl-14/Desktop/Celine-Thesis/all-data-reordered/all/Gidedma sa BF abroad.txt
/Users/rl-14/Desktop/Celine-Thesis/all-data-reordered/all/Gideklarar nga world title fight.txt
/Users/rl-14/Desktop/Celine-Thesis/all-data-reordered/all/Gidudahang shabu supplier nasikop; P32 M nasakmit sa PDEA.txt
/Users/rl-14/Desktop/Celine-Thesis/all-data-reordered/all/Gidudahang terorista sa Central Visayas gimonitor.txt
/Users/rl-14/Desktop/Celine-Thesis/all-data-reordered/all/Gidunggab tungod sa selos.txt
/Users/rl-14/Desktop/Celine-Thesis/all-data-reordered/all/Gig ni Vice ganda sa Ilocos na-cancel.txt
/Users/rl-14/Desktop/Celine-Thesis/all-data-reordered/all/Giga Surf50 sa Smart.txt
/Users/rl-14/Desktop/Celine-Thesis/all-data-reordered/all/Gihangop ang Road-Sharing .txt
/Users/rl-14/Desktop/Celine-Thesis/all-data-reordered/all/Gihangop sa Magic.txt
/Users/rl-14/Desktop/Celine-Thesis/all-data-reordered/all/Gihapak og bato, patay.txt
/Users/rl-14/Desktop/Celine-Thesis/all-data-reordered/all/Gihatag nga incentives sa Mandaue dili legal.txt
/Users/rl-14/Desktop/Celine-Thesis/all-data-reordered/all/Gihimakak sa Bargy. Kapitan sa Panacan nga nangabuso siya sa gahum.txt
/Users/rl-14/Desktop/Celine-Thesis/all-data-reordered/all/Gihudlat sa Suns.txt
/Users/rl-14/Desktop/Celine-Thesis/all-data-reordered/all/Gihulipan .txt
/Users/rl-14/Desktop/Celine-Thesis/all-data-reordered/all/Gikaengkwentro sa pulis mitahan.txt
/Users/rl-14/Desktop/Celine-Thesis/all-data-reordered/all/Gikahinaman.txt
/Users/rl-14/Desktop/Celine-Thesis/all-data-reordered/all/Gikan nag-bingo nakuhaan og shabu.txt
/Users/rl-14/Desktop/Celine-Thesis/all-data-reordered/all/Gikan nagpamasahe namatay .txt
/Users/rl-14/Desktop/Celine-Thesis/all-data-reordered/all/Gikan nanabong, gipusil patay sa mismong ig-agaw.txt
/Users/rl-14/Desktop/Celine-Thesis/all-data-reordered/all/Gikargahan sa mga basura sa Cebu City gidakop sa Carcar.txt
/Users/rl-14/Desktop/Celine-Thesis/all-data-reordered/all/Gikihian og alimango.txt
/Users/rl-14/Desktop/Celine-Thesis/all-data-reordered/all/Giklaro ni Romeo nga wala siya'y planong mobalhin .txt
/Users/rl-14/Desktop/Celine-Thesis/all-data-reordered/all/Giklaro ni Young nga CCSC dili tangangon.txt
/Users/rl-14/Desktop/Celine-Thesis/all-data-reordered/all/Gikulata kay nagdikit-dikit sa uyab.txt
/Users/rl-14/Desktop/Celine-Thesis/all-data-reordered/all/Gil Cuerva anad na sa paghubo.txt
/Users/rl-14/Desktop/Celine-Thesis/all-data-reordered/all/Gil Cuerva, Matteo Do sa Pinas!.txt
/Users/rl-14/Desktop/Celine-Thesis/all-data-reordered/all/Gilamparo sa maestra.txt
/Users/rl-14/Desktop/Celine-Thesis/all-data-reordered/all/Gilas 2-1 na sa Jones Cup.txt
/Users/rl-14/Desktop/Celine-Thesis/all-data-reordered/all/Gilas 3.0 usa sa labing lig-ong National team .txt
/Users/rl-14/Desktop/Celine-Thesis/all-data-reordered/all/Gilas 4.0 mas lisod og tahas.txt
/Users/rl-14/Desktop/Celine-Thesis/all-data-reordered/all/Gilas 5.0 tukiunon sa PBA board.txt
/Users/rl-14/Desktop/Celine-Thesis/all-data-reordered/all/Gilas ania sa Sugbo.txt
/Users/rl-14/Desktop/Celine-Thesis/all-data-reordered/all/Gilas balik Manila na.txt
/Users/rl-14/Desktop/Celine-Thesis/all-data-reordered/all/Gilas balik Pilipinas na.txt
/Users/rl-14/Desktop/Celine-Thesis/all-data-reordered/all/Gilas batok Iran.txt
/Users/rl-14/Desktop/Celine-Thesis/all-data-reordered/all/Gilas coach naglibog.txt
/Users/rl-14/Desktop/Celine-Thesis/all-data-reordered/all/Gilas coach nasagmuyo.txt
/Users/rl-14/Desktop/Celine-Thesis/all-data-reordered/all/Gilas dili mokompiyansa.txt
/Users/rl-14/Desktop/Celine-Thesis/all-data-reordered/all/Gilas gidayeg.txt
/Users/rl-14/Desktop/Celine-Thesis/all-data-reordered/all/Gilas haros sa group B.txt
/Users/rl-14/Desktop/Celine-Thesis/all-data-reordered/all/Gilas kada adlaw na mag-ensayo inig Pebrero.txt
/Users/rl-14/Desktop/Celine-Thesis/all-data-reordered/all/Gilas kuwangan og praktis.txt
/Users/rl-14/Desktop/Celine-Thesis/all-data-reordered/all/Gilas lubong sa Australia.txt
/Users/rl-14/Desktop/Celine-Thesis/all-data-reordered/all/Gilas lubong sa China.txt
/Users/rl-14/Desktop/Celine-Thesis/all-data-reordered/all/Gilas maglisod og apil sa 2018 Asian Games .txt
/Users/rl-14/Desktop/Celine-Thesis/all-data-reordered/all/Gilas mapasalamaton kang Digong.txt
/Users/rl-14/Desktop/Celine-Thesis/all-data-reordered/all/Gilas milambo ang ranking sa FIBA Asia.txt
/Users/rl-14/Desktop/Celine-Thesis/all-data-reordered/all/Gilas mipildi sa Iran, 90-82; Wright maoy sunod tirador.txt
/Users/rl-14/Desktop/Celine-Thesis/all-data-reordered/all/Gilas moataki na sa Aussies.txt
/Users/rl-14/Desktop/Celine-Thesis/all-data-reordered/all/Gilas modugang og mga magduduwa.txt
/Users/rl-14/Desktop/Celine-Thesis/all-data-reordered/all/Gilas mogikan karong adlawa.txt
/Users/rl-14/Desktop/Celine-Thesis/all-data-reordered/all/Gilas mohabwa sa tanang makaya sa Window 3.txt
/Users/rl-14/Desktop/Celine-Thesis/all-data-reordered/all/Gilas nabalia’g haligi.txt
/Users/rl-14/Desktop/Celine-Thesis/all-data-reordered/all/Gilas nabuhia'g paglaom.txt
/Users/rl-14/Desktop/Celine-Thesis/all-data-reordered/all/Gilas naglaraw’ng sa Europe mag-training.txt
/Users/rl-14/Desktop/Celine-Thesis/all-data-reordered/all/Gilas nagproblema.txt
/Users/rl-14/Desktop/Celine-Thesis/all-data-reordered/all/Gilas nakabawi.txt
/Users/rl-14/Desktop/Celine-Thesis/all-data-reordered/all/Gilas nakaipsot sa rally sa Japan.txt
/Users/rl-14/Desktop/Celine-Thesis/all-data-reordered/all/Gilas namungot .txt
/Users/rl-14/Desktop/Celine-Thesis/all-data-reordered/all/Gilas nihunong una og ensayo.txt
/Users/rl-14/Desktop/Celine-Thesis/all-data-reordered/all/Gilas pabiling Seaba King.txt
/Users/rl-14/Desktop/Celine-Thesis/all-data-reordered/all/Gilas padayong nanghawod.txt
/Users/rl-14/Desktop/Celine-Thesis/all-data-reordered/all/Gilas pilde na sab.txt
/Users/rl-14/Desktop/Celine-Thesis/all-data-reordered/all/Gilas Pilipinas nasubhan og kapildihan.txt
/Users/rl-14/Desktop/Celine-Thesis/all-data-reordered/all/Gilas program ibalik.txt
/Users/rl-14/Desktop/Celine-Thesis/all-data-reordered/all/Gilas sa SEAG kuwang og haligi sa ilawom nga bahin.txt
/Users/rl-14/Desktop/Celine-Thesis/all-data-reordered/all/Gilas sud sa finals.txt
/Users/rl-14/Desktop/Celine-Thesis/all-data-reordered/all/Gilas sulod na sa semis.txt
/Users/rl-14/Desktop/Celine-Thesis/all-data-reordered/all/Gilas training, Aug 1.txt
/Users/rl-14/Desktop/Celine-Thesis/all-data-reordered/all/Gilas underdog - Baldwin.txt
/Users/rl-14/Desktop/Celine-Thesis/all-data-reordered/all/Gilas underdog: Baldwin.txt
/Users/rl-14/Desktop/Celine-Thesis/all-data-reordered/all/Gilauman nga mapaubos sa state of calamity .txt
/Users/rl-14/Desktop/Celine-Thesis/all-data-reordered/all/Gilaumang huyang ang 2016 PBA rookie draft.txt
/Users/rl-14/Desktop/Celine-Thesis/all-data-reordered/all/Gilihian og Sto. Nino .txt
/Users/rl-14/Desktop/Celine-Thesis/all-data-reordered/all/Gilihok na ang kaso batok sa pusher nga mibaligya ug druga sa pulis.txt
/Users/rl-14/Desktop/Celine-Thesis/all-data-reordered/all/Gilihok na’g sugod.txt
/Users/rl-14/Desktop/Celine-Thesis/all-data-reordered/all/Gilok Sa Dunggan O Tubag Kang Gremer Chan Re.txt
/Users/rl-14/Desktop/Celine-Thesis/all-data-reordered/all/Giluba sa kainom, patay.txt
/Users/rl-14/Desktop/Celine-Thesis/all-data-reordered/all/Gilubong na kagahapon si anhing Sen. Miriam.txt
/Users/rl-14/Desktop/Celine-Thesis/all-data-reordered/all/Gilugos nga bata gisaaran nga dili moburos.txt
/Users/rl-14/Desktop/Celine-Thesis/all-data-reordered/all/Gilungkab ang Palawan Pawnshop.txt
/Users/rl-14/Desktop/Celine-Thesis/all-data-reordered/all/Gimakmak gihapon.txt
/Users/rl-14/Desktop/Celine-Thesis/all-data-reordered/all/Gimingaw sa pamilya naghikog.txt
/Users/rl-14/Desktop/Celine-Thesis/all-data-reordered/all/Gin fans gustong Yaya Dub maoy kuhaong muse.txt
/Users/rl-14/Desktop/Celine-Thesis/all-data-reordered/all/Gin Kings dako og bunos.txt
/Users/rl-14/Desktop/Celine-Thesis/all-data-reordered/all/Gin Kings governor gireklamo sa DOH.txt
/Users/rl-14/Desktop/Celine-Thesis/all-data-reordered/all/Gin Kings mas isog kay sa Beermen.txt
/Users/rl-14/Desktop/Celine-Thesis/all-data-reordered/all/Gin Kings, Beermen maghinubganay sa Governo's Cup semis.txt
/Users/rl-14/Desktop/Celine-Thesis/all-data-reordered/all/Gina moabag sa pagbuhi sa Butuanon river.txt
/Users/rl-14/Desktop/Celine-Thesis/all-data-reordered/all/Ginaduso nga “no-election scenario sa 2019” self -serving! – GenSan City Councilor.txt
/Users/rl-14/Desktop/Celine-Thesis/all-data-reordered/all/Ginang 'gilugos' sa pulis; kaso gibasura.txt
/Users/rl-14/Desktop/Celine-Thesis/all-data-reordered/all/Ginang gipusil patay sa tanod.txt
/Users/rl-14/Desktop/Celine-Thesis/all-data-reordered/all/Ginang milyonaryo, midaug og P272 M.txt
/Users/rl-14/Desktop/Celine-Thesis/all-data-reordered/all/Ginang nagpakitabang sa kapolisan human sak-a ug kawatan ang iyang boarding house.txt
/Users/rl-14/Desktop/Celine-Thesis/all-data-reordered/all/Ginang naninda'g P157,500 shabu.txt
/Users/rl-14/Desktop/Celine-Thesis/all-data-reordered/all/Ginang nga pusher sikop sa drug bust.txt
/Users/rl-14/Desktop/Celine-Thesis/all-data-reordered/all/Ginebra 2-0 na.txt
/Users/rl-14/Desktop/Celine-Thesis/all-data-reordered/all/Ginebra aduna na’y 1-2 punch.txt
/Users/rl-14/Desktop/Celine-Thesis/all-data-reordered/all/Ginebra andam modepensa sa Guv's Cup title.txt
/Users/rl-14/Desktop/Celine-Thesis/all-data-reordered/all/Ginebra angay na nga motutok sa mga batan-on, matod ni King.txt
/Users/rl-14/Desktop/Celine-Thesis/all-data-reordered/all/Ginebra back to zero: LA Tenorio.txt
/Users/rl-14/Desktop/Celine-Thesis/all-data-reordered/all/Ginebra batok Meralco sa finals.txt
/Users/rl-14/Desktop/Celine-Thesis/all-data-reordered/all/Ginebra magtukod og dinastiya sa PBA.txt
/Users/rl-14/Desktop/Celine-Thesis/all-data-reordered/all/Ginebra mikuha na sab og bag-ong head coach.txt
/Users/rl-14/Desktop/Celine-Thesis/all-data-reordered/all/Ginebra milupig sa Hotshots.txt
/Users/rl-14/Desktop/Celine-Thesis/all-data-reordered/all/Ginebra mobawi.txt
/Users/rl-14/Desktop/Celine-Thesis/all-data-reordered/all/Ginebra molig-on sa paggiya ni Cone: Toroman.txt
/Users/rl-14/Desktop/Celine-Thesis/all-data-reordered/all/Ginebra mopahigayon og Fans Day.txt
/Users/rl-14/Desktop/Celine-Thesis/all-data-reordered/all/Ginebra sa finals.txt
/Users/rl-14/Desktop/Celine-Thesis/all-data-reordered/all/Ginebra sa semis.txt
/Users/rl-14/Desktop/Celine-Thesis/all-data-reordered/all/Ginebra vs. Blackwater.txt
/Users/rl-14/Desktop/Celine-Thesis/all-data-reordered/all/Ginebra vs. Mahindra.txt
/Users/rl-14/Desktop/Celine-Thesis/all-data-reordered/all/Ginebra, ang hari.txt
/Users/rl-14/Desktop/Celine-Thesis/all-data-reordered/all/Ginebra, Kia nag-ilog ni Yaya Dub: Sotto.txt
/Users/rl-14/Desktop/Celine-Thesis/all-data-reordered/all/Ginebra, SMB sa game #3.txt
/Users/rl-14/Desktop/Celine-Thesis/all-data-reordered/all/Ginebra-Meralco finals sugdan na.txt
/Users/rl-14/Desktop/Celine-Thesis/all-data-reordered/all/Gingging.txt
/Users/rl-14/Desktop/Celine-Thesis/all-data-reordered/all/Ginikanan mireklamo sa praktis sa Sinulog .txt
/Users/rl-14/Desktop/Celine-Thesis/all-data-reordered/all/Ginikanan ni Heart wala nagbuwag.txt
/Users/rl-14/Desktop/Celine-Thesis/all-data-reordered/all/Ginikanan sa 3 ka menor tinguha mosang-at og kaso.txt
/Users/rl-14/Desktop/Celine-Thesis/all-data-reordered/all/Ginikanan sa bata dili na mokiha .txt
/Users/rl-14/Desktop/Celine-Thesis/all-data-reordered/all/Ginobili makabalik na sunod semana.txt
/Users/rl-14/Desktop/Celine-Thesis/all-data-reordered/all/Ginoong Higalaay 2017 malapuson.txt
/Users/rl-14/Desktop/Celine-Thesis/all-data-reordered/all/Ginoong Higalaay 2017 mo-highlight sa Battle of the champs .txt
/Users/rl-14/Desktop/Celine-Thesis/all-data-reordered/all/Gins andam mokuha ni Yaya Dub isip ilang muse sa PBA.txt
/Users/rl-14/Desktop/Celine-Thesis/all-data-reordered/all/Gins batok Aces.txt
/Users/rl-14/Desktop/Celine-Thesis/all-data-reordered/all/Gins gisubha'g pilde.txt
/Users/rl-14/Desktop/Celine-Thesis/all-data-reordered/all/Gins import Mongolian  .txt
/Users/rl-14/Desktop/Celine-Thesis/all-data-reordered/all/Gins mitabla sa series.txt
/Users/rl-14/Desktop/Celine-Thesis/all-data-reordered/all/Gins mitabla sa serya.txt
/Users/rl-14/Desktop/Celine-Thesis/all-data-reordered/all/Gins molabni og suway sa titulo.txt
/Users/rl-14/Desktop/Celine-Thesis/all-data-reordered/all/Gins nakabawos.txt
/Users/rl-14/Desktop/Celine-Thesis/all-data-reordered/all/GINS out; TNT, SMB sa finals.txt
/Users/rl-14/Desktop/Celine-Thesis/all-data-reordered/all/Gins salig ni Greg.txt
/Users/rl-14/Desktop/Celine-Thesis/all-data-reordered/all/Gins titulo ang tirada.txt
/Users/rl-14/Desktop/Celine-Thesis/all-data-reordered/all/Gins, Star magtiwas.txt
/Users/rl-14/Desktop/Celine-Thesis/all-data-reordered/all/Gipaak sa binuhi nga iro, patay.txt
/Users/rl-14/Desktop/Celine-Thesis/all-data-reordered/all/Gipahimangnuan si Pacquiao kabahin sa tikas ni Mayweather.txt
/Users/rl-14/Desktop/Celine-Thesis/all-data-reordered/all/Gipainit nga Kampanya Kontra Druga gipahigayon 5 nasikop.txt
/Users/rl-14/Desktop/Celine-Thesis/all-data-reordered/all/Gipamatay sa ‘kulto’?.txt
/Users/rl-14/Desktop/Celine-Thesis/all-data-reordered/all/Gipamulta og $200,000.txt
/Users/rl-14/Desktop/Celine-Thesis/all-data-reordered/all/Gipaneguro sa SBP ang suporta ni MVP.txt
/Users/rl-14/Desktop/Celine-Thesis/all-data-reordered/all/GIPANG-TKO.txt
/Users/rl-14/Desktop/Celine-Thesis/all-data-reordered/all/Gipangabuso nga illegal settlers sa mga guwardya sa brgy. Maa, gi-awhag nga imbestigahan.txt
/Users/rl-14/Desktop/Celine-Thesis/all-data-reordered/all/Gipanghimo nga proyekto sutaon.txt
/Users/rl-14/Desktop/Celine-Thesis/all-data-reordered/all/Gipasidunggan ang mga nakatampo sa Sinulog .txt
/Users/rl-14/Desktop/Celine-Thesis/all-data-reordered/all/Gipatay duol sa simbahan.txt
/Users/rl-14/Desktop/Celine-Thesis/all-data-reordered/all/Gipatay kay makigbulag.txt
/Users/rl-14/Desktop/Celine-Thesis/all-data-reordered/all/Gipatay nga accountant kaslunon.txt
/Users/rl-14/Desktop/Celine-Thesis/all-data-reordered/all/Gipatay sa tip-in shot.txt
/Users/rl-14/Desktop/Celine-Thesis/all-data-reordered/all/Gipatay sa tres.txt
/Users/rl-14/Desktop/Celine-Thesis/all-data-reordered/all/Gipatay tungod sa bulawan.txt
/Users/rl-14/Desktop/Celine-Thesis/all-data-reordered/all/Gipatongan sa bestfriend mireklamo.txt
/Users/rl-14/Desktop/Celine-Thesis/all-data-reordered/all/Gipaubos sa zumba, prayer meetings.txt
/Users/rl-14/Desktop/Celine-Thesis/all-data-reordered/all/Gipraktis nga tres.txt
/Users/rl-14/Desktop/Celine-Thesis/all-data-reordered/all/Gipugos giatake?.txt
/Users/rl-14/Desktop/Celine-Thesis/all-data-reordered/all/Gipusil kay 'misukol', patay.txt
/Users/rl-14/Desktop/Celine-Thesis/all-data-reordered/all/Gipusil samtang natulog, patay.txt
/Users/rl-14/Desktop/Celine-Thesis/all-data-reordered/all/Giputla’g ulo naila na.txt
/Users/rl-14/Desktop/Celine-Thesis/all-data-reordered/all/Giputol nga kinatawo sa lalaki sa Butuan City, pakyas nga subling mataud.txt
/Users/rl-14/Desktop/Celine-Thesis/all-data-reordered/all/Giputol nga ulo sa Canadian gi-eksamin .txt
/Users/rl-14/Desktop/Celine-Thesis/all-data-reordered/all/Gipuy-an sa 'bomber' miklaro nga walay kalambigitan.txt
/Users/rl-14/Desktop/Celine-Thesis/all-data-reordered/all/Giregla di pa-sex, gibukbok.txt
/Users/rl-14/Desktop/Celine-Thesis/all-data-reordered/all/Gireklamo sa mga tawo, drug pusher sa Brgy. Tisa nakuhaan og P118,000 nga shabu.txt
/Users/rl-14/Desktop/Celine-Thesis/all-data-reordered/all/Gireklamo'g pagpanghulga gipatay.txt
/Users/rl-14/Desktop/Celine-Thesis/all-data-reordered/all/Gisanta sa tres .txt
/Users/rl-14/Desktop/Celine-Thesis/all-data-reordered/all/Gisubha'g pildi.txt
/Users/rl-14/Desktop/Celine-Thesis/all-data-reordered/all/Gisugat og daog.txt
/Users/rl-14/Desktop/Celine-Thesis/all-data-reordered/all/Gisugat og daug.txt
/Users/rl-14/Desktop/Celine-Thesis/all-data-reordered/all/Gisugatan og kadaugan.txt
/Users/rl-14/Desktop/Celine-Thesis/all-data-reordered/all/Gisumhan og tambay naghikog.txt
/Users/rl-14/Desktop/Celine-Thesis/all-data-reordered/all/Gisunog nga ekipo gituohan nga pagpanimalos sa NPA.txt
/Users/rl-14/Desktop/Celine-Thesis/all-data-reordered/all/Gitabangan og patay sa gang.txt
/Users/rl-14/Desktop/Celine-Thesis/all-data-reordered/all/Gitagum pabiling walay tatsa  SunStar.txt
/Users/rl-14/Desktop/Celine-Thesis/all-data-reordered/all/Gitagum pabiling walay tatsa.txt
/Users/rl-14/Desktop/Celine-Thesis/all-data-reordered/all/Gitagum, Jasaan magbinal-anay karon.txt
/Users/rl-14/Desktop/Celine-Thesis/all-data-reordered/all/Gitahod ni Direk Cathy ang desisyon ni Lloydie.txt
/Users/rl-14/Desktop/Celine-Thesis/all-data-reordered/all/Gitam-ukan og lapok ang Inayawan landfill.txt
/Users/rl-14/Desktop/Celine-Thesis/all-data-reordered/all/Gitamondoc ug Osmeña nagkasinabot na sa Hasula.txt
/Users/rl-14/Desktop/Celine-Thesis/all-data-reordered/all/Gitanum nga IED sa NPA paktas nga maka-boto.txt
/Users/rl-14/Desktop/Celine-Thesis/all-data-reordered/all/Gitapos sa game 5 .txt
/Users/rl-14/Desktop/Celine-Thesis/all-data-reordered/all/Gitara.txt
/Users/rl-14/Desktop/Celine-Thesis/all-data-reordered/all/Gitawag og ‘ungo’ nanunggab.txt
/Users/rl-14/Desktop/Celine-Thesis/all-data-reordered/all/Gitawgan sa Kuratong? .txt
/Users/rl-14/Desktop/Celine-Thesis/all-data-reordered/all/Gitigbas sa kawatan, patay.txt
/Users/rl-14/Desktop/Celine-Thesis/all-data-reordered/all/Gitokhang mibalhin og operate, nadakpan.txt
/Users/rl-14/Desktop/Celine-Thesis/all-data-reordered/all/Gitrabaho na ang 'sinkhole' sa Juana Osmeña.txt
/Users/rl-14/Desktop/Celine-Thesis/all-data-reordered/all/Gitrabaho nga pantalan sa San Fernando gipahunong.txt
/Users/rl-14/Desktop/Celine-Thesis/all-data-reordered/all/Gitumo-tumoan?.txt
/Users/rl-14/Desktop/Celine-Thesis/all-data-reordered/all/Gituohang drug lord nakwaan og P1.3M kantidad nga shabu.txt
/Users/rl-14/Desktop/Celine-Thesis/all-data-reordered/all/Gituohang gipatol nalumos, patay.txt
/Users/rl-14/Desktop/Celine-Thesis/all-data-reordered/all/Giunsa pag-survive ni Jaca ang mga kumo ni Montiel.txt
/Users/rl-14/Desktop/Celine-Thesis/all-data-reordered/all/Giunsa sa pagtabang sa Globe myBusiness.txt
/Users/rl-14/Desktop/Celine-Thesis/all-data-reordered/all/Giusba'g masaker.txt
/Users/rl-14/Desktop/Celine-Thesis/all-data-reordered/all/Giya sa Abu Sayyaf tipi.txt
/Users/rl-14/Desktop/Celine-Thesis/all-data-reordered/all/Giyera batok illegal gambling isunod sa PNP.txt
/Users/rl-14/Desktop/Celine-Thesis/all-data-reordered/all/Gladys nanganak na  SunStar.txt
/Users/rl-14/Desktop/Celine-Thesis/all-data-reordered/all/Gladys Reyes giladlad ang tiyan.txt
/Users/rl-14/Desktop/Celine-Thesis/all-data-reordered/all/Glaiza di pa ready makauyab.txt
/Users/rl-14/Desktop/Celine-Thesis/all-data-reordered/all/Glaiza dunay dakong responsibilidad.txt
/Users/rl-14/Desktop/Celine-Thesis/all-data-reordered/all/Glaiza gihulipan ni Julie Anne.txt
/Users/rl-14/Desktop/Celine-Thesis/all-data-reordered/all/Glaiza malaumon nga magkabalik si Angelica ug John Lloyd.txt
/Users/rl-14/Desktop/Celine-Thesis/all-data-reordered/all/Global Victory miabli sa Lapu.txt
/Users/rl-14/Desktop/Celine-Thesis/all-data-reordered/all/Globalport mipildi sa Purefoods.txt
/Users/rl-14/Desktop/Celine-Thesis/all-data-reordered/all/Globalport vs. P’foods sa PBA.txt
/Users/rl-14/Desktop/Celine-Thesis/all-data-reordered/all/Globe #makeITsafePH campaign.txt
/Users/rl-14/Desktop/Celine-Thesis/all-data-reordered/all/Globe advocacies, comm. programs giila.txt
/Users/rl-14/Desktop/Celine-Thesis/all-data-reordered/all/Globe broadband mibanabana sa 88% price reduction sa 4  ka tuig .txt
/Users/rl-14/Desktop/Celine-Thesis/all-data-reordered/all/Globe business nag-una sa digital transformation.txt
/Users/rl-14/Desktop/Celine-Thesis/all-data-reordered/all/Globe Data Center gihatagan og ISO 27001:2013 certification.txt
/Users/rl-14/Desktop/Celine-Thesis/all-data-reordered/all/Globe giila sa iyang kaandam, kalig-on.txt
/Users/rl-14/Desktop/Celine-Thesis/all-data-reordered/all/Globe Iconic Store moabli sa Global City sa Hunyo 24.txt
/Users/rl-14/Desktop/Celine-Thesis/all-data-reordered/all/Globe kampiyon sa Project Iphone.txt
/Users/rl-14/Desktop/Celine-Thesis/all-data-reordered/all/Globe leadership innovation forum.txt
/Users/rl-14/Desktop/Celine-Thesis/all-data-reordered/all/Globe Lifestyle milusad sa unang apparel lineup.txt
/Users/rl-14/Desktop/Celine-Thesis/all-data-reordered/all/Globe Media Excellence Awards gipadak-an.txt
/Users/rl-14/Desktop/Celine-Thesis/all-data-reordered/all/Globe miawhag sa kustomer sa pagbalhin sa LTE-capable devices, sims.txt
/Users/rl-14/Desktop/Celine-Thesis/all-data-reordered/all/Globe mibubo og dakong puhonan.txt
/Users/rl-14/Desktop/Celine-Thesis/all-data-reordered/all/Globe midala sa cyberwellness sa high schools sa Kabisay-an.txt
/Users/rl-14/Desktop/Celine-Thesis/all-data-reordered/all/Globe midangop sa liga sa vice governors.txt
/Users/rl-14/Desktop/Celine-Thesis/all-data-reordered/all/Globe midawat og daghang awards .txt
/Users/rl-14/Desktop/Celine-Thesis/all-data-reordered/all/Globe midonar sa Manila Science H.S. sa 21st Century classroom .txt
/Users/rl-14/Desktop/Celine-Thesis/all-data-reordered/all/Globe miduso sa TM Forum sa Open APIs.txt
/Users/rl-14/Desktop/Celine-Thesis/all-data-reordered/all/Globe mihatag og P1 milyon nga construction materials.txt
/Users/rl-14/Desktop/Celine-Thesis/all-data-reordered/all/Globe mikita og P16 B sa 2016; mas taas og 6% sa 2015 .txt
/Users/rl-14/Desktop/Celine-Thesis/all-data-reordered/all/Globe milusad sa #PlayItRight.txt
/Users/rl-14/Desktop/Celine-Thesis/all-data-reordered/all/Globe milusad sa labing bag-ong postpaid plan.txt
/Users/rl-14/Desktop/Celine-Thesis/all-data-reordered/all/Globe milusad sa SEA-US cable system.txt
/Users/rl-14/Desktop/Celine-Thesis/all-data-reordered/all/Globe milusad sa unang kusog, paspas nga cell site.txt
/Users/rl-14/Desktop/Celine-Thesis/all-data-reordered/all/Globe milusad sa Wide Area Network sa PH.txt
/Users/rl-14/Desktop/Celine-Thesis/all-data-reordered/all/Globe mipaabot sa SEA-US cable system sa dakbayan  sa Davao.txt
/Users/rl-14/Desktop/Celine-Thesis/all-data-reordered/all/Globe mipaambit sa 8th IT-BPM Summit.txt
/Users/rl-14/Desktop/Celine-Thesis/all-data-reordered/all/Globe mipaayo sa cancer clinic sa PGH.txt
/Users/rl-14/Desktop/Celine-Thesis/all-data-reordered/all/Globe mipalapad sa koneksiyon sa Leyte, Southern Leyte, Biliran.txt
/Users/rl-14/Desktop/Celine-Thesis/all-data-reordered/all/Globe mipalig-on sa panag-uban sa Brastel nga nagbase sa Japan.txt
/Users/rl-14/Desktop/Celine-Thesis/all-data-reordered/all/Globe mipasiugda sa NBA 3X .txt
/Users/rl-14/Desktop/Celine-Thesis/all-data-reordered/all/Globe misiak sa ticket selling record.txt
/Users/rl-14/Desktop/Celine-Thesis/all-data-reordered/all/Globe misuporta alang sa paghimo comprehensive credit info system.txt
/Users/rl-14/Desktop/Celine-Thesis/all-data-reordered/all/Globe misuporta sa Mondato forum sa mobile commerce.txt
/Users/rl-14/Desktop/Celine-Thesis/all-data-reordered/all/Globe mitanyag sa bag-ong chromecast, P99 matag buwan.txt
/Users/rl-14/Desktop/Celine-Thesis/all-data-reordered/all/Globe mitanyag sa mas paspas nga broadband.txt
/Users/rl-14/Desktop/Celine-Thesis/all-data-reordered/all/Globe mitanyag sa VAS subscription.txt
/Users/rl-14/Desktop/Celine-Thesis/all-data-reordered/all/Globe mituman sa mando sa NTC.txt
/Users/rl-14/Desktop/Celine-Thesis/all-data-reordered/all/Globe moabli’g iconic store sa Global City.txt
/Users/rl-14/Desktop/Celine-Thesis/all-data-reordered/all/Globe motabang pagpapaspas sa gikusgon sa internet sa PH.txt
/Users/rl-14/Desktop/Celine-Thesis/all-data-reordered/all/Globe myBusiness mitabang sa Boracay.txt
/Users/rl-14/Desktop/Celine-Thesis/all-data-reordered/all/Globe myBusiness mitabang sa SMEs.txt
/Users/rl-14/Desktop/Celine-Thesis/all-data-reordered/all/Globe nag-una sa negosyo sa mobile data, mikita og P15 B.txt
/Users/rl-14/Desktop/Celine-Thesis/all-data-reordered/all/Globe nakighiusa sa training innovators alang sa Global Filipino Schools program.txt
/Users/rl-14/Desktop/Celine-Thesis/all-data-reordered/all/Globe nanglimpiyo human sa Panagbenga Festival sa Baguio.txt
/Users/rl-14/Desktop/Celine-Thesis/all-data-reordered/all/Globe napili isip Platinum Awardee sa The Asset.txt
/Users/rl-14/Desktop/Celine-Thesis/all-data-reordered/all/Globe sa labing dakong komperensiya sa mga tinun-an sa Asya.txt
/Users/rl-14/Desktop/Celine-Thesis/all-data-reordered/all/Globe sa Mobile World Congress Shanghai 2015.txt
/Users/rl-14/Desktop/Celine-Thesis/all-data-reordered/all/Globe Telecom miabli sa GEN3 store sa Sugbo.txt
/Users/rl-14/Desktop/Celine-Thesis/all-data-reordered/all/Globe Telecom mibutang og small cells technology.txt
/Users/rl-14/Desktop/Celine-Thesis/all-data-reordered/all/Globe Telecom mihatag sa lahing gasa sa miaging pasko.txt
/Users/rl-14/Desktop/Celine-Thesis/all-data-reordered/all/Globe Telecom milusad sa ThePLATINUM Plan.txt
/Users/rl-14/Desktop/Celine-Thesis/all-data-reordered/all/Globe Telecom mipalambo sa PH entertainment scene.txt
/Users/rl-14/Desktop/Celine-Thesis/all-data-reordered/all/Globe Telecom promo registration number giusab na sa 8080.txt
/Users/rl-14/Desktop/Celine-Thesis/all-data-reordered/all/Globe, Ayala Malls Cinemas milusad og balik sa SureSeats website.txt
/Users/rl-14/Desktop/Celine-Thesis/all-data-reordered/all/Globe, Cebuana Lhuillier, Mynt milagda og MOA.txt
/Users/rl-14/Desktop/Celine-Thesis/all-data-reordered/all/Globe, Kiva livelihood opportunities.txt
/Users/rl-14/Desktop/Celine-Thesis/all-data-reordered/all/Globe, Molave App Challenge Cebu 2016.txt
/Users/rl-14/Desktop/Celine-Thesis/all-data-reordered/all/Globe, NBA milusad sa NBA League Pass sa moble devices.txt
/Users/rl-14/Desktop/Celine-Thesis/all-data-reordered/all/Globe, Phivolcs nagkasabot .txt
/Users/rl-14/Desktop/Celine-Thesis/all-data-reordered/all/Globe, PLDT milagda og kasabotan.txt
/Users/rl-14/Desktop/Celine-Thesis/all-data-reordered/all/Globe, RiteMED, nag-partner alang sa mga Pinoy abroad.txt
/Users/rl-14/Desktop/Celine-Thesis/all-data-reordered/all/Globe, suporta sa dugang cellsites.txt
/Users/rl-14/Desktop/Celine-Thesis/all-data-reordered/all/Gloria ug Elizabeth mag-uban og balik.txt
/Users/rl-14/Desktop/Celine-Thesis/all-data-reordered/all/Glow-in-the-dark emergency exit signs sa mga establisyemento gisugyot sa konseho.txt
/Users/rl-14/Desktop/Celine-Thesis/all-data-reordered/all/GMA Kapuso Foundation, AirAsia milagda og MOA.txt
/Users/rl-14/Desktop/Celine-Thesis/all-data-reordered/all/GMA Network miapil sa 3 ka festivals sa Mindanao.txt
/Users/rl-14/Desktop/Celine-Thesis/all-data-reordered/all/GMA programs giila sa 38th CMMA.txt
/Users/rl-14/Desktop/Celine-Thesis/all-data-reordered/all/GMA, No. 1 gihapon sa rating .txt
/Users/rl-14/Desktop/Celine-Thesis/all-data-reordered/all/GMA-7, APT nakig-partner sa Hollywood film producers.txt
/Users/rl-14/Desktop/Celine-Thesis/all-data-reordered/all/GMA-7, No. 1 sa 2017.txt
/Users/rl-14/Desktop/Celine-Thesis/all-data-reordered/all/Go, Azkals, go!.txt
/Users/rl-14/Desktop/Celine-Thesis/all-data-reordered/all/Go, Master Ekin pasidunggan sa SAC.txt
/Users/rl-14/Desktop/Celine-Thesis/all-data-reordered/all/Gobernador uyon.txt
/Users/rl-14/Desktop/Celine-Thesis/all-data-reordered/all/Gobernador, pulis miawhag sa publiko nga di mahadlok.txt
/Users/rl-14/Desktop/Celine-Thesis/all-data-reordered/all/Gobierno ug CPP-NPA, gihagit nga tinud-anay mosulod sa peacetalks.txt
/Users/rl-14/Desktop/Celine-Thesis/all-data-reordered/all/Goc-ong-Villariasa: BiGuel excited sa Mulawin vs. Ravena .txt
/Users/rl-14/Desktop/Celine-Thesis/all-data-reordered/all/Goc-ong-Villariasa: ‘Ice breaker’ sa Byaheng DO30.txt
/Users/rl-14/Desktop/Celine-Thesis/all-data-reordered/all/Gold luck, Joy.txt
/Users/rl-14/Desktop/Celine-Thesis/all-data-reordered/all/Gold sa 2020.txt
/Users/rl-14/Desktop/Celine-Thesis/all-data-reordered/all/Gold sa Asian Games target ni Watanabe.txt
/Users/rl-14/Desktop/Celine-Thesis/all-data-reordered/all/Goldcrest Chess Challenge sugdan na .txt
/Users/rl-14/Desktop/Celine-Thesis/all-data-reordered/all/Golden Rice ug Vitamin A deficiency.txt
/Users/rl-14/Desktop/Celine-Thesis/all-data-reordered/all/Golden State coach di pa ka balik  SunStar.txt
/Users/rl-14/Desktop/Celine-Thesis/all-data-reordered/all/Golden State dili na pressured.txt
/Users/rl-14/Desktop/Celine-Thesis/all-data-reordered/all/Golden State nagselebrar.txt
/Users/rl-14/Desktop/Celine-Thesis/all-data-reordered/all/Golden state pildi sa Denver.txt
/Users/rl-14/Desktop/Celine-Thesis/all-data-reordered/all/Golden State Warriors buhi pa.txt
/Users/rl-14/Desktop/Celine-Thesis/all-data-reordered/all/Golden State Warriors, 24-0.txt
/Users/rl-14/Desktop/Celine-Thesis/all-data-reordered/all/Golfers, taekwondo artist lakip sa SAC-SMC awardees.txt
/Users/rl-14/Desktop/Celine-Thesis/all-data-reordered/all/Golovkin misaway kang Alvarez.txt
/Users/rl-14/Desktop/Celine-Thesis/all-data-reordered/all/Golovkin-Alvarez II okey na .txt
/Users/rl-14/Desktop/Celine-Thesis/all-data-reordered/all/Gomez prayoridad sa Landmasters.txt
/Users/rl-14/Desktop/Celine-Thesis/all-data-reordered/all/Gonzales sa DavNor hari sa dinaganay.txt
/Users/rl-14/Desktop/Celine-Thesis/all-data-reordered/all/Gonzalez gidasig ni Ancajas .txt
/Users/rl-14/Desktop/Celine-Thesis/all-data-reordered/all/Gonzalez gustong awayon ni Nietes .txt
/Users/rl-14/Desktop/Celine-Thesis/all-data-reordered/all/Gonzalez nagduda kang Nietes.txt
/Users/rl-14/Desktop/Celine-Thesis/all-data-reordered/all/Good luck, Jeo: Mrema.txt
/Users/rl-14/Desktop/Celine-Thesis/all-data-reordered/all/Good luck, Joy.txt
/Users/rl-14/Desktop/Celine-Thesis/all-data-reordered/all/Good luck, Lancers.txt
/Users/rl-14/Desktop/Celine-Thesis/all-data-reordered/all/Goodluck Jerwin.txt
/Users/rl-14/Desktop/Celine-Thesis/all-data-reordered/all/Goodluck Mary Joy!.txt
/Users/rl-14/Desktop/Celine-Thesis/all-data-reordered/all/Goodluck, Milendo.txt
/Users/rl-14/Desktop/Celine-Thesis/all-data-reordered/all/Gov's Cup sugdan na.txt
/Users/rl-14/Desktop/Celine-Thesis/all-data-reordered/all/Governor's Cup volleyball andam na.txt
/Users/rl-14/Desktop/Celine-Thesis/all-data-reordered/all/Governor’s Cup title target sa Minglanilla karong gabii.txt
/Users/rl-14/Desktop/Celine-Thesis/all-data-reordered/all/Governor’s Cup, Abril 9.txt
/Users/rl-14/Desktop/Celine-Thesis/all-data-reordered/all/Grab Express misubay sa balaod isip courier service: Gonzales.txt
/Users/rl-14/Desktop/Celine-Thesis/all-data-reordered/all/Grab mihatag og traffic enforcers’ vest sa City.txt
/Users/rl-14/Desktop/Celine-Thesis/all-data-reordered/all/Grab mihimo nag lakang panagana batok sa drugas.txt
/Users/rl-14/Desktop/Celine-Thesis/all-data-reordered/all/Grab miimbestigar sa gireklamong driver.txt
/Users/rl-14/Desktop/Celine-Thesis/all-data-reordered/all/Grabeng gugma nagtukmod sa pagpatay?.txt
/Users/rl-14/Desktop/Celine-Thesis/all-data-reordered/all/Grabi nga pagkatagak.txt
/Users/rl-14/Desktop/Celine-Thesis/all-data-reordered/all/Grade 6 pupil, gitabanga’g lugos-patay sa duha ka treasure hunters.txt
/Users/rl-14/Desktop/Celine-Thesis/all-data-reordered/all/Grade 7 gilugos, gipatay .txt
/Users/rl-14/Desktop/Celine-Thesis/all-data-reordered/all/Grae Fernandez naa karong Sabado.txt
/Users/rl-14/Desktop/Celine-Thesis/all-data-reordered/all/Grae Fernandez sa Gaisano Balamban ugma.txt
/Users/rl-14/Desktop/Celine-Thesis/all-data-reordered/all/Graeme adunay sugyot sa kampo sa Global FC .txt
/Users/rl-14/Desktop/Celine-Thesis/all-data-reordered/all/Granada nga wala mibusikad, nakaplagan sa GenSan.txt
/Users/rl-14/Desktop/Celine-Thesis/all-data-reordered/all/Grand Opening sa Kalilangan 2018 sa GenSan, karong adlawa na.txt
/Users/rl-14/Desktop/Celine-Thesis/all-data-reordered/all/Grand opening sa Kalilangan 2018 ug 79th Foundation Anniversary, nahimong mabulukon.txt
/Users/rl-14/Desktop/Celine-Thesis/all-data-reordered/all/Grand slam gi-target sa Davao bowlers.txt
/Users/rl-14/Desktop/Celine-Thesis/all-data-reordered/all/Grand slam lisod ikuha.txt
/Users/rl-14/Desktop/Celine-Thesis/all-data-reordered/all/Grandmaster sa Yaw-Yan mipanaw na.txt
/Users/rl-14/Desktop/Celine-Thesis/all-data-reordered/all/Grassroots basketball sa province target sa OPSI.txt
/Users/rl-14/Desktop/Celine-Thesis/all-data-reordered/all/Grassroots program sa Sisters of Mary pahugtan  .txt
/Users/rl-14/Desktop/Celine-Thesis/all-data-reordered/all/Grassroots sports training program, April 18.txt
/Users/rl-14/Desktop/Celine-Thesis/all-data-reordered/all/Grasya sa dakong pamilya.txt
/Users/rl-14/Desktop/Celine-Thesis/all-data-reordered/all/Great Taste White milusad sa P27 M promo.txt
/Users/rl-14/Desktop/Celine-Thesis/all-data-reordered/all/Greco giyab-an og tubig ni Khan .txt
/Users/rl-14/Desktop/Celine-Thesis/all-data-reordered/all/Greco, kapuyo nasikop sa raid.txt
/Users/rl-14/Desktop/Celine-Thesis/all-data-reordered/all/Green Lancers mibisita sa street children sa Parian.txt
/Users/rl-14/Desktop/Celine-Thesis/all-data-reordered/all/Green Lancers, 2-0.txt
/Users/rl-14/Desktop/Celine-Thesis/all-data-reordered/all/Green maoy prayoridad.txt
/Users/rl-14/Desktop/Celine-Thesis/all-data-reordered/all/Green mibida sa Warriors.txt
/Users/rl-14/Desktop/Celine-Thesis/all-data-reordered/all/Green miluwas sa Warriors.txt
/Users/rl-14/Desktop/Celine-Thesis/all-data-reordered/all/Green nag-post sa iyang kinatawo.txt
/Users/rl-14/Desktop/Celine-Thesis/all-data-reordered/all/Green nangangkon nga modaog ang Warriors sa G5 diha pa siya.txt
/Users/rl-14/Desktop/Celine-Thesis/all-data-reordered/all/Green posibling di makaduwa ugma.txt
/Users/rl-14/Desktop/Celine-Thesis/all-data-reordered/all/Green posibling suspensohon.txt
/Users/rl-14/Desktop/Celine-Thesis/all-data-reordered/all/Green sea turtle patay na dihang nakit-ang galutaw-lutaw sa kadagatan sa Alabel.txt
/Users/rl-14/Desktop/Celine-Thesis/all-data-reordered/all/Green wala masuspenso.txt
/Users/rl-14/Desktop/Celine-Thesis/all-data-reordered/all/Green, Beal nag-away.txt
/Users/rl-14/Desktop/Celine-Thesis/all-data-reordered/all/Greg excited ni Cone.txt
/Users/rl-14/Desktop/Celine-Thesis/all-data-reordered/all/Greg kinahanglan sa Ginebra- Cone.txt
/Users/rl-14/Desktop/Celine-Thesis/all-data-reordered/all/Greg magpabiling haligi.txt
/Users/rl-14/Desktop/Celine-Thesis/all-data-reordered/all/Gretchen deadma sa birthday sa iyang papa.txt
/Users/rl-14/Desktop/Celine-Thesis/all-data-reordered/all/Gretchen ug Robi love story wala nay paglaom.txt
/Users/rl-14/Desktop/Celine-Thesis/all-data-reordered/all/Greyhound operation sa NCJ.txt
/Users/rl-14/Desktop/Celine-Thesis/all-data-reordered/all/Griffin gikiha.txt
/Users/rl-14/Desktop/Celine-Thesis/all-data-reordered/all/Griffin gitugotan sa doktor apan suspendido gihapon.txt
/Users/rl-14/Desktop/Celine-Thesis/all-data-reordered/all/Griffin naangol; 2 ka semana magpaalim.txt
/Users/rl-14/Desktop/Celine-Thesis/all-data-reordered/all/Griffin nabalhin sa Detroit.txt
/Users/rl-14/Desktop/Celine-Thesis/all-data-reordered/all/Griffin nangayo’g pasaylo.txt
/Users/rl-14/Desktop/Celine-Thesis/all-data-reordered/all/Griffin nangisog.txt
/Users/rl-14/Desktop/Celine-Thesis/all-data-reordered/all/Griffin, Leonard gilupig ni Green sa All-Star votes.txt
/Users/rl-14/Desktop/Celine-Thesis/all-data-reordered/all/Grizzles, OKC nagmadaugon.txt
/Users/rl-14/Desktop/Celine-Thesis/all-data-reordered/all/Grizzlies mipalagpot sa Blazers; Hawks 3-2 na.txt
/Users/rl-14/Desktop/Celine-Thesis/all-data-reordered/all/Ground breaking madayon.txt
/Users/rl-14/Desktop/Celine-Thesis/all-data-reordered/all/Ground-breaking ceremony sa evacuation center sa GenSan, ipahigayon.txt
/Users/rl-14/Desktop/Celine-Thesis/all-data-reordered/all/Groundbreaking Ceremony sa bag-ong P40-million, four-storey Davao City Library, ipahigayon karong bulana.txt
/Users/rl-14/Desktop/Celine-Thesis/all-data-reordered/all/Groundbreaking sa pioneering project sa CLI gipahigayon.txt
/Users/rl-14/Desktop/Celine-Thesis/all-data-reordered/all/Grupo miangkon pag-ambush sa mayor.txt
/Users/rl-14/Desktop/Celine-Thesis/all-data-reordered/all/Grupo mosimpatiya sa welga sa mga sakop sa Piston.txt
/Users/rl-14/Desktop/Celine-Thesis/all-data-reordered/all/Grupo ni Jaguar ang mipatay sa babaye?.txt
/Users/rl-14/Desktop/Celine-Thesis/all-data-reordered/all/Grupo sa Child Rights gihinaway ang gihimong pagdagmal sa 2 ka pulis sa 3 ka menor.txt
/Users/rl-14/Desktop/Celine-Thesis/all-data-reordered/all/Grupo sa mga batan-on gitulis.txt
/Users/rl-14/Desktop/Celine-Thesis/all-data-reordered/all/Grupo sa mga Budhist mi-donar ug singko mil ka sakong bugas sa dakbayan.txt
/Users/rl-14/Desktop/Celine-Thesis/all-data-reordered/all/Grupo sa taxi divers, may panawagan sa LTFRB.txt
/Users/rl-14/Desktop/Celine-Thesis/all-data-reordered/all/Grupo sa tulisan miigo.txt
/Users/rl-14/Desktop/Celine-Thesis/all-data-reordered/all/Grupong 'Tadtad' makig-giyera sa BIFF.txt
/Users/rl-14/Desktop/Celine-Thesis/all-data-reordered/all/Grupong Eala mibatok ni MVP?.txt
/Users/rl-14/Desktop/Celine-Thesis/all-data-reordered/all/Grupong suporta ni Duterte gilusad.txt
/Users/rl-14/Desktop/Celine-Thesis/all-data-reordered/all/Gruppo Habagat impresibo sa Boracay Boat festival.txt
/Users/rl-14/Desktop/Celine-Thesis/all-data-reordered/all/GSW coach Kerr gipamulta og $25K sa NBA.txt
/Users/rl-14/Desktop/Celine-Thesis/all-data-reordered/all/GSW dili molugwak.txt
/Users/rl-14/Desktop/Celine-Thesis/all-data-reordered/all/GSW gilubong og taga li-og.txt
/Users/rl-14/Desktop/Celine-Thesis/all-data-reordered/all/GSW hayag na sa no.1.txt
/Users/rl-14/Desktop/Celine-Thesis/all-data-reordered/all/GSW kaging sa Celtics.txt
/Users/rl-14/Desktop/Celine-Thesis/all-data-reordered/all/GSW kaging sa Lakers.txt
/Users/rl-14/Desktop/Celine-Thesis/all-data-reordered/all/GSW kaging sa overtime.txt
/Users/rl-14/Desktop/Celine-Thesis/all-data-reordered/all/GSW kaging sa Rockets.txt
/Users/rl-14/Desktop/Celine-Thesis/all-data-reordered/all/GSW makatutok na sa playoffs.txt
/Users/rl-14/Desktop/Celine-Thesis/all-data-reordered/all/GSW mibalik sa finals ‘17.txt
/Users/rl-14/Desktop/Celine-Thesis/all-data-reordered/all/GSW mibuak og rekord.txt
/Users/rl-14/Desktop/Celine-Thesis/all-data-reordered/all/GSW mitugot sa Lakers nga Walton ma-interview.txt
/Users/rl-14/Desktop/Celine-Thesis/all-data-reordered/all/GSW mobawi sunod season.txt
/Users/rl-14/Desktop/Celine-Thesis/all-data-reordered/all/GSW nagpauwan og 3 v. T-Wolves.txt
/Users/rl-14/Desktop/Celine-Thesis/all-data-reordered/all/GSW nakaipsot.txt
/Users/rl-14/Desktop/Celine-Thesis/all-data-reordered/all/GSW star Green gidakop sa kapulisan  .txt
/Users/rl-14/Desktop/Celine-Thesis/all-data-reordered/all/GSW wa ra mataranta.txt
/Users/rl-14/Desktop/Celine-Thesis/all-data-reordered/all/GSW wala'y klarong motunga sa WH.txt
/Users/rl-14/Desktop/Celine-Thesis/all-data-reordered/all/GSW, Hawks Nakaabante.txt
/Users/rl-14/Desktop/Celine-Thesis/all-data-reordered/all/GSW: 2-2 o 1-3?.txt
/Users/rl-14/Desktop/Celine-Thesis/all-data-reordered/all/Guadalupe nanghawod sa dancesport.txt
/Users/rl-14/Desktop/Celine-Thesis/all-data-reordered/all/Guard house sa junkshop na-ugdaw.txt
/Users/rl-14/Desktop/Celine-Thesis/all-data-reordered/all/Guard naunay sa armas nga nahug.txt
/Users/rl-14/Desktop/Celine-Thesis/all-data-reordered/all/Guardian app.  gipalambo sa daling pagtubag sa emerhensiya.txt
/Users/rl-14/Desktop/Celine-Thesis/all-data-reordered/all/Guardian gilusad sa Brgy. Pardo.txt
/Users/rl-14/Desktop/Celine-Thesis/all-data-reordered/all/Guardo mopasiugda karong summer og laing commercial basketball caging.txt
/Users/rl-14/Desktop/Celine-Thesis/all-data-reordered/all/Guardo nag-BOPK na.txt
/Users/rl-14/Desktop/Celine-Thesis/all-data-reordered/all/Guardo, Cuenco di mobiya sa Team Rama.txt
/Users/rl-14/Desktop/Celine-Thesis/all-data-reordered/all/Guardo, officials mingsusi sa Busay.txt
/Users/rl-14/Desktop/Celine-Thesis/all-data-reordered/all/Guardo: insentibo sa SEA medalists.txt
/Users/rl-14/Desktop/Celine-Thesis/all-data-reordered/all/Gugma ang nakaingon.txt
/Users/rl-14/Desktop/Celine-Thesis/all-data-reordered/all/gugma, hangin.txt
/Users/rl-14/Desktop/Celine-Thesis/all-data-reordered/all/Guialani mipyansa, sikad ug trisikol drivers ang mitabang.txt
/Users/rl-14/Desktop/Celine-Thesis/all-data-reordered/all/Guiao gipamulta.txt
/Users/rl-14/Desktop/Celine-Thesis/all-data-reordered/all/Guiao gisaligan sa NLEX squad.txt
/Users/rl-14/Desktop/Celine-Thesis/all-data-reordered/all/Guiao mibiya sa RoS, mitapon sa NLEX.txt
/Users/rl-14/Desktop/Celine-Thesis/all-data-reordered/all/Guiao vs. Rain or Shine.txt
/Users/rl-14/Desktop/Celine-Thesis/all-data-reordered/all/Guiao wala maalarma.txt
/Users/rl-14/Desktop/Celine-Thesis/all-data-reordered/all/Guidelines sa pagpili og kandidato gihangop.txt
/Users/rl-14/Desktop/Celine-Thesis/all-data-reordered/all/Gullas balik sa Kongreso; Samsam magmayor.txt
/Users/rl-14/Desktop/Celine-Thesis/all-data-reordered/all/Gullas Cup sa 1st District balikon.txt
/Users/rl-14/Desktop/Celine-Thesis/all-data-reordered/all/Gullas Cup sugdan ugma .txt
/Users/rl-14/Desktop/Celine-Thesis/all-data-reordered/all/Gullas dili pasado sa street lighting?.txt
/Users/rl-14/Desktop/Celine-Thesis/all-data-reordered/all/Gullas mi-top pagka doktor.txt
/Users/rl-14/Desktop/Celine-Thesis/all-data-reordered/all/Gullas midapit sa Filinvest.txt
/Users/rl-14/Desktop/Celine-Thesis/all-data-reordered/all/Gullas mihatag og tahas sa hepe.txt
/Users/rl-14/Desktop/Celine-Thesis/all-data-reordered/all/Gullas mihimakak nga Ironman dili paagi-on sa Talisay.txt
/Users/rl-14/Desktop/Celine-Thesis/all-data-reordered/all/Gullas mimando sa pagsulbad sa kawat.txt
/Users/rl-14/Desktop/Celine-Thesis/all-data-reordered/all/Gullas mipahibalo bahin sa eleksiyon sa barangay  .txt
/Users/rl-14/Desktop/Celine-Thesis/all-data-reordered/all/Gullas mipaluyo sa plano ni Duterte nga way eleksyon sa barangay.txt
/Users/rl-14/Desktop/Celine-Thesis/all-data-reordered/all/Gullas misaad og 2 ka sakyanan sa kapulisan.txt
/Users/rl-14/Desktop/Celine-Thesis/all-data-reordered/all/Gullas nalipay paghunong sa educational tour.txt
/Users/rl-14/Desktop/Celine-Thesis/all-data-reordered/all/Gullas nanalipod sa iyang paghatag og mga traysikad.txt
/Users/rl-14/Desktop/Celine-Thesis/all-data-reordered/all/Gullas pabor nga giuswag ang eleksyon .txt
/Users/rl-14/Desktop/Celine-Thesis/all-data-reordered/all/Gullas supak nga bus moagi sa coastal road.txt
/Users/rl-14/Desktop/Celine-Thesis/all-data-reordered/all/Gullas uyon sa libreng matrikula, ubang bayranan sa TCC .txt
/Users/rl-14/Desktop/Celine-Thesis/all-data-reordered/all/Gullas, council patubagon sa Ombudsman sa reklamo.txt
/Users/rl-14/Desktop/Celine-Thesis/all-data-reordered/all/Gullas, officials sa 1st district mobalhin.txt
/Users/rl-14/Desktop/Celine-Thesis/all-data-reordered/all/Gulliani kang CdeOs VM Uy sa Ombudsman case:’Basula kaugalingon mo’.txt
/Users/rl-14/Desktop/Celine-Thesis/all-data-reordered/all/Gun ban ipatuman karong adlawa hangtod Enero 18.txt
/Users/rl-14/Desktop/Celine-Thesis/all-data-reordered/all/Gun-for-hire patay.txt
/Users/rl-14/Desktop/Celine-Thesis/all-data-reordered/all/Gunayan mikampyeon sa Knights of the Square Table.txt
/Users/rl-14/Desktop/Celine-Thesis/all-data-reordered/all/Gungun, Erwin gisuspenso sa Ombud.txt
/Users/rl-14/Desktop/Celine-Thesis/all-data-reordered/all/Gunman nailhan; nagdumot: pulis.txt
/Users/rl-14/Desktop/Celine-Thesis/all-data-reordered/all/Gunman nga mitira sa retiradong sundalo sa Agusan del Sur, at-large pa.txt
/Users/rl-14/Desktop/Celine-Thesis/all-data-reordered/all/Guod.txt
/Users/rl-14/Desktop/Celine-Thesis/all-data-reordered/all/Gusa masulay ang bangis sa Lapasan .txt
/Users/rl-14/Desktop/Celine-Thesis/all-data-reordered/all/Gusa sulod na  SunStar.txt
/Users/rl-14/Desktop/Celine-Thesis/all-data-reordered/all/Gusto ka bang magbag-o?.txt
/Users/rl-14/Desktop/Celine-Thesis/all-data-reordered/all/Gusto mahibaw-an mga makaaghat pag-atake sa kasing-kasing (4).txt
/Users/rl-14/Desktop/Celine-Thesis/all-data-reordered/all/Gusto nga mag-Juliet.txt
/Users/rl-14/Desktop/Celine-Thesis/all-data-reordered/all/Gusto nga moubos ang altapresyon (Part 3).txt
/Users/rl-14/Desktop/Celine-Thesis/all-data-reordered/all/Guv's Cup volleyball mopahigayon og All-Star Game .txt
/Users/rl-14/Desktop/Celine-Thesis/all-data-reordered/all/GUV’s cup palapdan.txt
/Users/rl-14/Desktop/Celine-Thesis/all-data-reordered/all/Guwapong estudyante gihimas sa habal-habal drayber.txt
/Users/rl-14/Desktop/Celine-Thesis/all-data-reordered/all/Guwardiya gidunggab sa kauban .txt
/Users/rl-14/Desktop/Celine-Thesis/all-data-reordered/all/Guwardiya, patay samtang samaran ang branch manager sa bangko sa pagpamusil sa Agusan Del Norte.txt
/Users/rl-14/Desktop/Celine-Thesis/all-data-reordered/all/Gwapang scammer nalit-ag.txt
/Users/rl-14/Desktop/Celine-Thesis/all-data-reordered/all/Gwen for governor sa 2019?.txt
/Users/rl-14/Desktop/Celine-Thesis/all-data-reordered/all/Gwen gitaktak sa Ombudsman.txt
/Users/rl-14/Desktop/Celine-Thesis/all-data-reordered/all/Gwen mihimakak sa pasangil ni Ubial.txt
/Users/rl-14/Desktop/Celine-Thesis/all-data-reordered/all/Habal driver, pasahero nangapisat.txt
/Users/rl-14/Desktop/Celine-Thesis/all-data-reordered/all/Habal-habal driver gireklamo'g pagpanglugos.txt
/Users/rl-14/Desktop/Celine-Thesis/all-data-reordered/all/Habalhabal drayber giluglog ang liog, patay.txt
/Users/rl-14/Desktop/Celine-Thesis/all-data-reordered/all/Habalhabal drivers, management sa mga negosyo gitigom.txt
/Users/rl-14/Desktop/Celine-Thesis/all-data-reordered/all/Habalhabal ipa-legal ni Del Mar; balaudnon giduso.txt
/Users/rl-14/Desktop/Celine-Thesis/all-data-reordered/all/habol.txt
/Users/rl-14/Desktop/Celine-Thesis/all-data-reordered/all/Hack-a-shaq tactic posibli wagtangon.txt
/Users/rl-14/Desktop/Celine-Thesis/all-data-reordered/all/Hadla Sa Gugma.txt
/Users/rl-14/Desktop/Celine-Thesis/all-data-reordered/all/Hagit sa kapakyasan.txt
/Users/rl-14/Desktop/Celine-Thesis/all-data-reordered/all/Hago, injuries miresulta sa division meet.txt
/Users/rl-14/Desktop/Celine-Thesis/all-data-reordered/all/Hagonoyans Festival malampusong mitak-op .txt
/Users/rl-14/Desktop/Celine-Thesis/all-data-reordered/all/Hain imong plano sa zoo? --- Labella kang Tom.txt
/Users/rl-14/Desktop/Celine-Thesis/all-data-reordered/all/Halapad nga brown-out nasinati sa Cagayan de Oro.txt
/Users/rl-14/Desktop/Celine-Thesis/all-data-reordered/all/Halin sa CICC itabang sa ospital sa Carcar.txt
/Users/rl-14/Desktop/Celine-Thesis/all-data-reordered/all/Halin sa Mayweather-Berto tickets gilangaw.txt
/Users/rl-14/Desktop/Celine-Thesis/all-data-reordered/all/Halin sa pabuto mihinay niadtong Pasko sa Lapu-Lapu City .txt
/Users/rl-14/Desktop/Celine-Thesis/all-data-reordered/all/Halos 100 ka pamilyang lumad sa Surigao del Sur, namakwit tungod sa hulga sa NPA.txt
/Users/rl-14/Desktop/Celine-Thesis/all-data-reordered/all/Halos 200 drug surrenderees gideklara ng drug-dependence free sa GenSan.txt
/Users/rl-14/Desktop/Celine-Thesis/all-data-reordered/all/Halos 300 sako sa gi-rebag nga NFA Rice sa sako sa Commercial Rice, nabisto sa NBI.txt
/Users/rl-14/Desktop/Celine-Thesis/all-data-reordered/all/Halos katunga sa kaso labot sa pagsupak sa anti smoking ordinance nabasura sa korte gumikan sa pagpasagad sa mga police.txt
/Users/rl-14/Desktop/Celine-Thesis/all-data-reordered/all/Halos matag adlaw may mga gasibat nga OFWs gikan sa ilang mga gapangmaltrato nga amo- Pinay DH.txt
/Users/rl-14/Desktop/Celine-Thesis/all-data-reordered/all/han(d) solo.txt
/Users/rl-14/Desktop/Celine-Thesis/all-data-reordered/all/Han-ay na tanan: Arum.txt
/Users/rl-14/Desktop/Celine-Thesis/all-data-reordered/all/Hanabishi, Tesda milagda og kasabotan.txt
/Users/rl-14/Desktop/Celine-Thesis/all-data-reordered/all/Handag Lima Ka Degrees (03).txt
/Users/rl-14/Desktop/Celine-Thesis/all-data-reordered/all/Handag Lima Ka Degrees (1).txt
/Users/rl-14/Desktop/Celine-Thesis/all-data-reordered/all/Handag Lima Ka Degrees (16).txt
/Users/rl-14/Desktop/Celine-Thesis/all-data-reordered/all/Handag Lima Ka Degrees (20).txt
/Users/rl-14/Desktop/Celine-Thesis/all-data-reordered/all/Handag Lima Ka Degrees (21).txt
/Users/rl-14/Desktop/Celine-Thesis/all-data-reordered/all/Handag Lima Ka Degrees (29).txt
/Users/rl-14/Desktop/Celine-Thesis/all-data-reordered/all/Handag Lima Ka Degrees (30).txt
/Users/rl-14/Desktop/Celine-Thesis/all-data-reordered/all/Handag Lima ka Degrees (5).txt
/Users/rl-14/Desktop/Celine-Thesis/all-data-reordered/all/Handag Lima Ka Degrees.txt
/Users/rl-14/Desktop/Celine-Thesis/all-data-reordered/all/Handheld radio puli sa cell phone.txt
/Users/rl-14/Desktop/Celine-Thesis/all-data-reordered/all/Handicapping chess tourney karon buntag.txt
/Users/rl-14/Desktop/Celine-Thesis/all-data-reordered/all/Handler sa manokan, gipusil.txt
/Users/rl-14/Desktop/Celine-Thesis/all-data-reordered/all/Handog Pasasalamat sa Bombo Radyo ug Star FM Cebu sa Sinulog 2018 all set na; Mga contingents ng Sinulog Grand Mardigras andam na.txt
/Users/rl-14/Desktop/Celine-Thesis/all-data-reordered/all/Hands-on nga amahan.txt
/Users/rl-14/Desktop/Celine-Thesis/all-data-reordered/all/Handumanan sa usa ka awit.txt
/Users/rl-14/Desktop/Celine-Thesis/all-data-reordered/all/Hangyo ni Osmeña giisnab; dunay awhag.txt
/Users/rl-14/Desktop/Celine-Thesis/all-data-reordered/all/Hangyo sa mga drivers, operators .txt
/Users/rl-14/Desktop/Celine-Thesis/all-data-reordered/all/Hapee mosulod sa PBA.txt
/Users/rl-14/Desktop/Celine-Thesis/all-data-reordered/all/Hapilon, Omar Maute patay na.txt
/Users/rl-14/Desktop/Celine-Thesis/all-data-reordered/all/Hapit na ma-finalize .txt
/Users/rl-14/Desktop/Celine-Thesis/all-data-reordered/all/Hapon naghikog sa condo.txt
/Users/rl-14/Desktop/Celine-Thesis/all-data-reordered/all/Hapon priso sa extra service.txt
/Users/rl-14/Desktop/Celine-Thesis/all-data-reordered/all/Happiest birthday ni Mccoy de Leon .txt
/Users/rl-14/Desktop/Celine-Thesis/all-data-reordered/all/Happy B-day `King’ James.txt
/Users/rl-14/Desktop/Celine-Thesis/all-data-reordered/all/Happy Valentine’s Day para ugma!.txt
/Users/rl-14/Desktop/Celine-Thesis/all-data-reordered/all/Hara ug hari sa sinulog fun run.txt
/Users/rl-14/Desktop/Celine-Thesis/all-data-reordered/all/Harden mipirma og balik sa Houston; $118 M sa 4 ka tuig.txt
/Users/rl-14/Desktop/Celine-Thesis/all-data-reordered/all/Harden mipirmag pinakadako nga kontrata sa kasaysayan sa NBA.txt
/Users/rl-14/Desktop/Celine-Thesis/all-data-reordered/all/Harden mipupo'g 60 pts. sa iyang triple-double.txt
/Users/rl-14/Desktop/Celine-Thesis/all-data-reordered/all/Harden misaad og NBA title.txt
/Users/rl-14/Desktop/Celine-Thesis/all-data-reordered/all/Harden mituboy sa Houston Rockets.txt
/Users/rl-14/Desktop/Celine-Thesis/all-data-reordered/all/Harden mitugpo sa Rockets.txt
/Users/rl-14/Desktop/Celine-Thesis/all-data-reordered/all/Harden mopahuway na; Rockets fans nabalaka.txt
/Users/rl-14/Desktop/Celine-Thesis/all-data-reordered/all/Harden MVP contender.txt
/Users/rl-14/Desktop/Celine-Thesis/all-data-reordered/all/Harden pointguard na.txt
/Users/rl-14/Desktop/Celine-Thesis/all-data-reordered/all/Hari gihapon.txt
/Users/rl-14/Desktop/Celine-Thesis/all-data-reordered/all/Hari mibawos.txt
/Users/rl-14/Desktop/Celine-Thesis/all-data-reordered/all/Hatagan og bili ang kinabuhi: Palma.txt
/Users/rl-14/Desktop/Celine-Thesis/all-data-reordered/all/Hatton misimpatiya ni Pacman pero nagtuo nga Floyd modaog.txt
/Users/rl-14/Desktop/Celine-Thesis/all-data-reordered/all/Have faith in God: mensahi ni Milan.txt
/Users/rl-14/Desktop/Celine-Thesis/all-data-reordered/all/Hawks gipatugpa sa OKC Thunder.txt
/Users/rl-14/Desktop/Celine-Thesis/all-data-reordered/all/Hawks, no.5.txt
/Users/rl-14/Desktop/Celine-Thesis/all-data-reordered/all/Haya ni Vidal ibalhin sa Archdiocesan Shrine.txt
/Users/rl-14/Desktop/Celine-Thesis/all-data-reordered/all/Hayan putlag allowance.txt
/Users/rl-14/Desktop/Celine-Thesis/all-data-reordered/all/Hayan way madugang sa MCLO.txt
/Users/rl-14/Desktop/Celine-Thesis/all-data-reordered/all/Hayward motapon sa Boston.txt
/Users/rl-14/Desktop/Celine-Thesis/all-data-reordered/all/Haze alert gipagawas gumikan sa kabaga sa aso nga nitabon sa kasigbit nga lugar gumikan sa nasunog nga Metro Dept. Store.txt
/Users/rl-14/Desktop/Celine-Thesis/all-data-reordered/all/HBL finalists sa UP Science Journalism Awards.txt
/Users/rl-14/Desktop/Celine-Thesis/all-data-reordered/all/HCDC nanukad na sa Davraa .txt
/Users/rl-14/Desktop/Celine-Thesis/all-data-reordered/all/Head priest sa Prelature of Marawi buhi pa.txt
/Users/rl-14/Desktop/Celine-Thesis/all-data-reordered/all/Headcoach sa Thunder gitaktak.txt
/Users/rl-14/Desktop/Celine-Thesis/all-data-reordered/all/Health is wealth.txt
/Users/rl-14/Desktop/Celine-Thesis/all-data-reordered/all/Health office naghangyo di magpabuto sa Pasko .txt
/Users/rl-14/Desktop/Celine-Thesis/all-data-reordered/all/Health office: Kampanya kontra malnutrisyon gipakusog.txt
/Users/rl-14/Desktop/Celine-Thesis/all-data-reordered/all/Health run sa Lapu gibalik.txt
/Users/rl-14/Desktop/Celine-Thesis/all-data-reordered/all/HealthTech Challenge sa healthcare gilusad.txt
/Users/rl-14/Desktop/Celine-Thesis/all-data-reordered/all/Hearing sa P18B Kawit Project abli sa taga media.txt
/Users/rl-14/Desktop/Celine-Thesis/all-data-reordered/all/Hearing sa umento sa pletihan sa PUJ.txt
/Users/rl-14/Desktop/Celine-Thesis/all-data-reordered/all/Heart dili feel nga asawa og senador.txt
/Users/rl-14/Desktop/Celine-Thesis/all-data-reordered/all/Heart Evangelista wala gibawalan sa kissing scene.txt
/Users/rl-14/Desktop/Celine-Thesis/all-data-reordered/all/Heart gihilakan ang bashers kaniadto.txt
/Users/rl-14/Desktop/Celine-Thesis/all-data-reordered/all/Heart gihulagway si Pres. Duterte nga ‘sweet ug simple’.txt
/Users/rl-14/Desktop/Celine-Thesis/all-data-reordered/all/Heart may lain na sab nga obra.txt
/Users/rl-14/Desktop/Celine-Thesis/all-data-reordered/all/Heart nalipay sa pagkapilde ni Chiz?.txt
/Users/rl-14/Desktop/Celine-Thesis/all-data-reordered/all/Heart planong mabuntis sa Enero.txt
/Users/rl-14/Desktop/Celine-Thesis/all-data-reordered/all/Heart willing makatrabaho si Echo.txt
/Users/rl-14/Desktop/Celine-Thesis/all-data-reordered/all/Heart, Dennis swak ang chemistry!.txt
/Users/rl-14/Desktop/Celine-Thesis/all-data-reordered/all/Heartline: 'Tapulan'.txt
/Users/rl-14/Desktop/Celine-Thesis/all-data-reordered/all/Heartline: Annulment.txt
/Users/rl-14/Desktop/Celine-Thesis/all-data-reordered/all/Heartline: Buntis.txt
/Users/rl-14/Desktop/Celine-Thesis/all-data-reordered/all/Heartline: Dali ra matintal.txt
/Users/rl-14/Desktop/Celine-Thesis/all-data-reordered/all/Heartline: Di mosugot nga mo-abroad.txt
/Users/rl-14/Desktop/Celine-Thesis/all-data-reordered/all/Heartline: Di seryosohon.txt
/Users/rl-14/Desktop/Celine-Thesis/all-data-reordered/all/Heartline: Dili feel.txt
/Users/rl-14/Desktop/Celine-Thesis/all-data-reordered/all/Heartline: Dili love.txt
/Users/rl-14/Desktop/Celine-Thesis/all-data-reordered/all/Heartline: Dili na modulog ang kaipon.txt
/Users/rl-14/Desktop/Celine-Thesis/all-data-reordered/all/Heartline: Dili na sweet.txt
/Users/rl-14/Desktop/Celine-Thesis/all-data-reordered/all/Heartline: Dili seryoso.txt
/Users/rl-14/Desktop/Celine-Thesis/all-data-reordered/all/Heartline: Dili type.txt
/Users/rl-14/Desktop/Celine-Thesis/all-data-reordered/all/Heartline: Duha ang uyab.txt
/Users/rl-14/Desktop/Celine-Thesis/all-data-reordered/all/Heartline: Galibog kung kinsa.txt
/Users/rl-14/Desktop/Celine-Thesis/all-data-reordered/all/Heartline: Gi-deny sa uyab.txt
/Users/rl-14/Desktop/Celine-Thesis/all-data-reordered/all/Heartline: Gi-tsismis.txt
/Users/rl-14/Desktop/Celine-Thesis/all-data-reordered/all/Heartline: Gibalewala.txt
/Users/rl-14/Desktop/Celine-Thesis/all-data-reordered/all/Heartline: Gibiyaan sa nakapaburos.txt
/Users/rl-14/Desktop/Celine-Thesis/all-data-reordered/all/Heartline: Gidid-an mag-uyab-uyab.txt
/Users/rl-14/Desktop/Celine-Thesis/all-data-reordered/all/Heartline: Gihadlok sa ex-bf.txt
/Users/rl-14/Desktop/Celine-Thesis/all-data-reordered/all/Heartline: Gihimong gatasan sa kaipon.txt
/Users/rl-14/Desktop/Celine-Thesis/all-data-reordered/all/Heartline: Giilog ang bf.txt
/Users/rl-14/Desktop/Celine-Thesis/all-data-reordered/all/Heartline: Gikaulaw ang uyab.txt
/Users/rl-14/Desktop/Celine-Thesis/all-data-reordered/all/Heartline: Gikontra sa Lola.txt
/Users/rl-14/Desktop/Celine-Thesis/all-data-reordered/all/Heartline: Ginalibak.txt
/Users/rl-14/Desktop/Celine-Thesis/all-data-reordered/all/Heartline: Gipanguyaban og bagets.txt
/Users/rl-14/Desktop/Celine-Thesis/all-data-reordered/all/Heartline: Grabe ka-seloso.txt
/Users/rl-14/Desktop/Celine-Thesis/all-data-reordered/all/Heartline: Hadlok biyaan.txt
/Users/rl-14/Desktop/Celine-Thesis/all-data-reordered/all/Heartline: Hadlok magabaan.txt
/Users/rl-14/Desktop/Celine-Thesis/all-data-reordered/all/Heartline: Hadlok magpa-doctor.txt
/Users/rl-14/Desktop/Celine-Thesis/all-data-reordered/all/Heartline: Hadlok mahigugma.txt
/Users/rl-14/Desktop/Celine-Thesis/all-data-reordered/all/Heartline: Hadlok makasala.txt
/Users/rl-14/Desktop/Celine-Thesis/all-data-reordered/all/Heartline: Hadlok na nga ma-inlove.txt
/Users/rl-14/Desktop/Celine-Thesis/all-data-reordered/all/Heartline: Hilig sa barkada ang kaipon.txt
/Users/rl-14/Desktop/Celine-Thesis/all-data-reordered/all/Heartline: Istrikto ang ginikanan.txt
/Users/rl-14/Desktop/Celine-Thesis/all-data-reordered/all/Heartline: Kabit.txt
/Users/rl-14/Desktop/Celine-Thesis/all-data-reordered/all/Heartline: Kaipon ug ex may komunikasyon.txt
/Users/rl-14/Desktop/Celine-Thesis/all-data-reordered/all/Heartline: Kalit nga gibiyaan.txt
/Users/rl-14/Desktop/Celine-Thesis/all-data-reordered/all/Heartline: Kinsa ang pilion.txt
/Users/rl-14/Desktop/Celine-Thesis/all-data-reordered/all/Heartline: Layo sa uyab.txt
/Users/rl-14/Desktop/Celine-Thesis/all-data-reordered/all/Heartline: Long distance sa usag-usa.txt
/Users/rl-14/Desktop/Celine-Thesis/all-data-reordered/all/Heartline: Magabaan?.txt
/Users/rl-14/Desktop/Celine-Thesis/all-data-reordered/all/Heartline: Maghikog og bulagan.txt
/Users/rl-14/Desktop/Celine-Thesis/all-data-reordered/all/Heartline: Magminyo'g usab.txt
/Users/rl-14/Desktop/Celine-Thesis/all-data-reordered/all/Heartline: Makigbalik ang ex.txt
/Users/rl-14/Desktop/Celine-Thesis/all-data-reordered/all/Heartline: Makigbalik.txt
/Users/rl-14/Desktop/Celine-Thesis/all-data-reordered/all/Heartline: Mamun-og.txt
/Users/rl-14/Desktop/Celine-Thesis/all-data-reordered/all/Heartline: Manapat ang kaipon.txt
/Users/rl-14/Desktop/Celine-Thesis/all-data-reordered/all/Heartline: Manhid si crush.txt
/Users/rl-14/Desktop/Celine-Thesis/all-data-reordered/all/Heartline: Maoy ang kaipon.txt
/Users/rl-14/Desktop/Celine-Thesis/all-data-reordered/all/Heartline: Maoy perme mogasto sa date.txt
/Users/rl-14/Desktop/Celine-Thesis/all-data-reordered/all/Heartline: Maoy tigbayad.txt
/Users/rl-14/Desktop/Celine-Thesis/all-data-reordered/all/Heartline: May uyab ang bana.txt
/Users/rl-14/Desktop/Celine-Thesis/all-data-reordered/all/Heartline: Mosukol na ang asawa.txt
/Users/rl-14/Desktop/Celine-Thesis/all-data-reordered/all/Heartline: Na-depress kay nawad-ag trabaho.txt
/Users/rl-14/Desktop/Celine-Thesis/all-data-reordered/all/Heartline: Na-guilty.txt
/Users/rl-14/Desktop/Celine-Thesis/all-data-reordered/all/Heartline: Na-trauma.txt
/Users/rl-14/Desktop/Celine-Thesis/all-data-reordered/all/Heartline: Nabalaka.txt
/Users/rl-14/Desktop/Celine-Thesis/all-data-reordered/all/Heartline: Nabuntisan og minyo.txt
/Users/rl-14/Desktop/Celine-Thesis/all-data-reordered/all/Heartline: Nagduda sa karelasyon.txt
/Users/rl-14/Desktop/Celine-Thesis/all-data-reordered/all/Heartline: Naglagot sa ex-BF.txt
/Users/rl-14/Desktop/Celine-Thesis/all-data-reordered/all/Heartline: Naglibog sa uyab.txt
/Users/rl-14/Desktop/Celine-Thesis/all-data-reordered/all/Heartline: Naglibog.txt
/Users/rl-14/Desktop/Celine-Thesis/all-data-reordered/all/Heartline: Naglisod pag-move on.txt
/Users/rl-14/Desktop/Celine-Thesis/all-data-reordered/all/Heartline: Nagluib ang kaipon.txt
/Users/rl-14/Desktop/Celine-Thesis/all-data-reordered/all/Heartline: Nahadlok.txt
/Users/rl-14/Desktop/Celine-Thesis/all-data-reordered/all/Heartline: Nakauyab bisan minyo.txt
/Users/rl-14/Desktop/Celine-Thesis/all-data-reordered/all/Heartline: Nakig-ipon ang uyab.txt
/Users/rl-14/Desktop/Celine-Thesis/all-data-reordered/all/Heartline: Nausab ang uyab.txt
/Users/rl-14/Desktop/Celine-Thesis/all-data-reordered/all/Heartline: Nausab ngadto sa bana.txt
/Users/rl-14/Desktop/Celine-Thesis/all-data-reordered/all/Heartline: No boyfriend since birth.txt
/Users/rl-14/Desktop/Celine-Thesis/all-data-reordered/all/Heartline: Paasa.txt
/Users/rl-14/Desktop/Celine-Thesis/all-data-reordered/all/Heartline: Perme basted.txt
/Users/rl-14/Desktop/Celine-Thesis/all-data-reordered/all/Heartline: Saputon.txt
/Users/rl-14/Desktop/Celine-Thesis/all-data-reordered/all/Heartline: Sekretong nakigkita sa ex-bf.txt
/Users/rl-14/Desktop/Celine-Thesis/all-data-reordered/all/Heartline: Selosong uyab.txt
/Users/rl-14/Desktop/Celine-Thesis/all-data-reordered/all/Heartline: Sige og lalis.txt
/Users/rl-14/Desktop/Celine-Thesis/all-data-reordered/all/Heartline: Sige'g away.txt
/Users/rl-14/Desktop/Celine-Thesis/all-data-reordered/all/Heartline: Tomboy ang uyab.txt
/Users/rl-14/Desktop/Celine-Thesis/all-data-reordered/all/Heartline: Uyab di na kaayo mokontak.txt
/Users/rl-14/Desktop/Celine-Thesis/all-data-reordered/all/Heartline: Uyab nangluod.txt
/Users/rl-14/Desktop/Celine-Thesis/all-data-reordered/all/Heartline: Wa nay gana.txt
/Users/rl-14/Desktop/Celine-Thesis/all-data-reordered/all/Heartline: Wa pa kalimot.txt
/Users/rl-14/Desktop/Celine-Thesis/all-data-reordered/all/Heartline: Wa pa kamove-on.txt
/Users/rl-14/Desktop/Celine-Thesis/all-data-reordered/all/Heat gitipi sa Boston.txt
/Users/rl-14/Desktop/Celine-Thesis/all-data-reordered/all/Heat init pa.txt
/Users/rl-14/Desktop/Celine-Thesis/all-data-reordered/all/Heat init-init pa alang sa playoff.txt
/Users/rl-14/Desktop/Celine-Thesis/all-data-reordered/all/Heat miinit.txt
/Users/rl-14/Desktop/Celine-Thesis/all-data-reordered/all/Hedcor miabli’g P2.5-M school buildings sa Davao, Bukidnon.txt
/Users/rl-14/Desktop/Celine-Thesis/all-data-reordered/all/Helicopter nga gisakyan ni Mangudadatu gipabuthan sa BIFF.txt
/Users/rl-14/Desktop/Celine-Thesis/all-data-reordered/all/Helper giakusahan nga nangawat, gisunog ang balay sa amo.txt
/Users/rl-14/Desktop/Celine-Thesis/all-data-reordered/all/Helper gipatay human mitabang sa agalon nga gitulis.txt
/Users/rl-14/Desktop/Celine-Thesis/all-data-reordered/all/Helterbrand mituman sa gusto sa iyang mga anak.txt
/Users/rl-14/Desktop/Celine-Thesis/all-data-reordered/all/Helterbrand nausab ang hunahana; di pa moretiro.txt
/Users/rl-14/Desktop/Celine-Thesis/all-data-reordered/all/Hepe nagtuong drugas sa Tanke magpadayon bisan 2 napatay.txt
/Users/rl-14/Desktop/Celine-Thesis/all-data-reordered/all/Hepe sa AFP miangkon nga dili madali ang hingpit nga pagpuo sa Maute group.txt
/Users/rl-14/Desktop/Celine-Thesis/all-data-reordered/all/Hepe sa Carbon Police Station sa Cebu gi-relieve sa pwesto human nga nasikop ang iyang sakop nga nagpot session.txt
/Users/rl-14/Desktop/Celine-Thesis/all-data-reordered/all/Hepe sa CCPO temporaryong gihulipan.txt
/Users/rl-14/Desktop/Celine-Thesis/all-data-reordered/all/Hepe sa Consolacion gipahulipan sa mayor.txt
/Users/rl-14/Desktop/Celine-Thesis/all-data-reordered/all/Hepe sa kapulisan sa Talisay gihulipan.txt
/Users/rl-14/Desktop/Celine-Thesis/all-data-reordered/all/Hepe sa LTO namutos na.txt
/Users/rl-14/Desktop/Celine-Thesis/all-data-reordered/all/Hepe sa mga tanod gipusil, patay .txt
/Users/rl-14/Desktop/Celine-Thesis/all-data-reordered/all/Hepe sa Minglanilla gihulipan; taga PRO 7 bag-ong pangu.txt
/Users/rl-14/Desktop/Celine-Thesis/all-data-reordered/all/Hepe sa Penro padayong dunay hulga sa kinabuhi.txt
/Users/rl-14/Desktop/Celine-Thesis/all-data-reordered/all/Hepe sa pulis ipataral ni Duterte sa Kangaroo court sa NPA.txt
/Users/rl-14/Desktop/Celine-Thesis/all-data-reordered/all/Hepe sa pulis ug Task Force Davao gitaktak.txt
/Users/rl-14/Desktop/Celine-Thesis/all-data-reordered/all/Hepe sa rehiyon nibisita sa mga istasyon sa kapulisan.txt
/Users/rl-14/Desktop/Celine-Thesis/all-data-reordered/all/Hepe sa Veterinary sa Talisay hatagan og police escort.txt
/Users/rl-14/Desktop/Celine-Thesis/all-data-reordered/all/Herbal nga makatambal og 89 ka sakit.txt
/Users/rl-14/Desktop/Celine-Thesis/all-data-reordered/all/Hero's welcome alang kang Joy.txt
/Users/rl-14/Desktop/Celine-Thesis/all-data-reordered/all/Hero’s welcome gipasidungog kang Jerwin Ancajas.txt
/Users/rl-14/Desktop/Celine-Thesis/all-data-reordered/all/Heruela, Fajardo magkaubag balik?.txt
/Users/rl-14/Desktop/Celine-Thesis/all-data-reordered/all/Heruela, Fajardo posibli nga magkauban og balik.txt
/Users/rl-14/Desktop/Celine-Thesis/all-data-reordered/all/heyometriya sa hunahuna.txt
/Users/rl-14/Desktop/Celine-Thesis/all-data-reordered/all/Hidden wealth... hidden burial: VP Robredo.txt
/Users/rl-14/Desktop/Celine-Thesis/all-data-reordered/all/Hidilyn di tomboy.txt
/Users/rl-14/Desktop/Celine-Thesis/all-data-reordered/all/Hidilyn muanhe.txt
/Users/rl-14/Desktop/Celine-Thesis/all-data-reordered/all/Higante mapugngan.txt
/Users/rl-14/Desktop/Celine-Thesis/all-data-reordered/all/High powered nga armas, shabu nasakmit.txt
/Users/rl-14/Desktop/Celine-Thesis/all-data-reordered/all/High rise area sa Lapu susihon .txt
/Users/rl-14/Desktop/Celine-Thesis/all-data-reordered/all/High value target nasikop.txt
/Users/rl-14/Desktop/Celine-Thesis/all-data-reordered/all/High value target nga pusher patay .txt
/Users/rl-14/Desktop/Celine-Thesis/all-data-reordered/all/High value target, sikop sa buy-bust ops sa PDEA; P100K kantidad sa shabu, drug paraphernalia nakumpiska.txt
/Users/rl-14/Desktop/Celine-Thesis/all-data-reordered/all/High-valued targets sa droga giukoy sa pulis.txt
/Users/rl-14/Desktop/Celine-Thesis/all-data-reordered/all/Hijos del Nazareno aduna'y gimik atol sa prosesyon.txt
/Users/rl-14/Desktop/Celine-Thesis/all-data-reordered/all/Hilabihang kainit sa panahon makaapekto sa sa mga iro ug uban pang mga hayop – City Vet.txt
/Users/rl-14/Desktop/Celine-Thesis/all-data-reordered/all/Himsog nga pagkaon sa Green Bounty Kitchen.txt
/Users/rl-14/Desktop/Celine-Thesis/all-data-reordered/all/Himuon ang tanan uban sa pagmahal.txt
/Users/rl-14/Desktop/Celine-Thesis/all-data-reordered/all/Hinabang alang sa Sinulog 2018.txt
/Users/rl-14/Desktop/Celine-Thesis/all-data-reordered/all/Hinabang sa mga senior patas-an.txt
/Users/rl-14/Desktop/Celine-Thesis/all-data-reordered/all/Hinabang sa PWDs, seniors.txt
/Users/rl-14/Desktop/Celine-Thesis/all-data-reordered/all/Hinampakay sa Guv’s Cup ibalik.txt
/Users/rl-14/Desktop/Celine-Thesis/all-data-reordered/all/Hingpit nga kombati karon sa Diyandi Table Tennis Tournament .txt
/Users/rl-14/Desktop/Celine-Thesis/all-data-reordered/all/Hingpit nga tinagakay karon sa Inter-Public school basketball.txt
/Users/rl-14/Desktop/Celine-Thesis/all-data-reordered/all/Hinuklog 2016.txt
/Users/rl-14/Desktop/Celine-Thesis/all-data-reordered/all/Hinuklog 2017 sa Misamis Oriental gidagsa.txt
/Users/rl-14/Desktop/Celine-Thesis/all-data-reordered/all/Hinuktokan ang maayong ugma.txt
/Users/rl-14/Desktop/Celine-Thesis/all-data-reordered/all/Hinumdoman karon ang ika-25 ka tuig nga flashflood.txt
/Users/rl-14/Desktop/Celine-Thesis/all-data-reordered/all/Hired killer sa USTP prexy killing sa CdeO,gikasuhan na.txt
/Users/rl-14/Desktop/Celine-Thesis/all-data-reordered/all/Hirit: Basin pa sayop si Stalin.txt
/Users/rl-14/Desktop/Celine-Thesis/all-data-reordered/all/Hirit: Diin gikan ang simbolo.txt
/Users/rl-14/Desktop/Celine-Thesis/all-data-reordered/all/Hirit: Dugay ra unta kining nasulbad.txt
/Users/rl-14/Desktop/Celine-Thesis/all-data-reordered/all/Hirit: Gahom sa pag-ampo.txt
/Users/rl-14/Desktop/Celine-Thesis/all-data-reordered/all/Hirit: Higugma-a ang imong isig katawo.txt
/Users/rl-14/Desktop/Celine-Thesis/all-data-reordered/all/Hirit: Maestrong de prinsipyo.txt
/Users/rl-14/Desktop/Celine-Thesis/all-data-reordered/all/Hirit: Samsam matinabangon.txt
/Users/rl-14/Desktop/Celine-Thesis/all-data-reordered/all/Hirit: Usa ra ang kamatuoran.txt
/Users/rl-14/Desktop/Celine-Thesis/all-data-reordered/all/Hit squad sa NPA moataki: Sison.txt
/Users/rl-14/Desktop/Celine-Thesis/all-data-reordered/all/Hitabo sa convention sa DepEd di food poisoning.txt
/Users/rl-14/Desktop/Celine-Thesis/all-data-reordered/all/Hitman nadakpan sa Bukidnon.txt
/Users/rl-14/Desktop/Celine-Thesis/all-data-reordered/all/HMR milusad sa card.txt
/Users/rl-14/Desktop/Celine-Thesis/all-data-reordered/all/HMR Trading Haus miabli sa Sugbo.txt
/Users/rl-14/Desktop/Celine-Thesis/all-data-reordered/all/Holding centers alang sa minor offenders tukuron.txt
/Users/rl-14/Desktop/Celine-Thesis/all-data-reordered/all/Holiday alang sa kababayen-an.txt
/Users/rl-14/Desktop/Celine-Thesis/all-data-reordered/all/Holiday sa L.A. gipangan kang Kobe.txt
/Users/rl-14/Desktop/Celine-Thesis/all-data-reordered/all/Holy Child Reds nangandam sa pagdepensa og titulo.txt
/Users/rl-14/Desktop/Celine-Thesis/all-data-reordered/all/Holy week giselebrar nga malinawon.txt
/Users/rl-14/Desktop/Celine-Thesis/all-data-reordered/all/Home court advantage.txt
/Users/rl-14/Desktop/Celine-Thesis/all-data-reordered/all/Homecourt advantage sa MOGCHS.txt
/Users/rl-14/Desktop/Celine-Thesis/all-data-reordered/all/Homeowners, Muslim leaders sa Lapu gitigom.txt
/Users/rl-14/Desktop/Celine-Thesis/all-data-reordered/all/Honda Big Bike Showroom miabli.txt
/Users/rl-14/Desktop/Celine-Thesis/all-data-reordered/all/Honoraria sa BHWs sa Talisay miumento.txt
/Users/rl-14/Desktop/Celine-Thesis/all-data-reordered/all/Honorarium alang sa mga reservist gisupak ni Osmeña.txt
/Users/rl-14/Desktop/Celine-Thesis/all-data-reordered/all/Honorarium unahon ni Rupinta.txt
/Users/rl-14/Desktop/Celine-Thesis/all-data-reordered/all/Hontiveros di pa moretiro?.txt
/Users/rl-14/Desktop/Celine-Thesis/all-data-reordered/all/Hontiveros mibasol sa kaugalingon sa Game 2.txt
/Users/rl-14/Desktop/Celine-Thesis/all-data-reordered/all/Hontiveros misuporta sa DBTC jrs. .txt
/Users/rl-14/Desktop/Celine-Thesis/all-data-reordered/all/Hontiveros nasurprisa sa pagka Team Captain.txt
/Users/rl-14/Desktop/Celine-Thesis/all-data-reordered/all/Hontiveros sa Alab moduwa.txt
/Users/rl-14/Desktop/Celine-Thesis/all-data-reordered/all/Hontiveros sa groundbreaking sa P230 M Bogo City Hospital.txt
/Users/rl-14/Desktop/Celine-Thesis/all-data-reordered/all/Hontiveros-Alaska camp, Agusto 1.txt
/Users/rl-14/Desktop/Celine-Thesis/all-data-reordered/all/Hope Run ipahigayon karong Dec. 10.txt
/Users/rl-14/Desktop/Celine-Thesis/all-data-reordered/all/Hopkins nahug sa ring; wa na makasakag balik.txt
/Users/rl-14/Desktop/Celine-Thesis/all-data-reordered/all/Horn dili angay kompiyansaan.txt
/Users/rl-14/Desktop/Celine-Thesis/all-data-reordered/all/Horn dili na interesado moaway batok Crawford .txt
/Users/rl-14/Desktop/Celine-Thesis/all-data-reordered/all/Horn dunay gitagana nga makapakurat ni Crawford.txt
/Users/rl-14/Desktop/Celine-Thesis/all-data-reordered/all/Horn ma-knockout sud sa 6 ka rounds.txt
/Users/rl-14/Desktop/Celine-Thesis/all-data-reordered/all/Horn makig-away sab ni McGregor?.txt
/Users/rl-14/Desktop/Celine-Thesis/all-data-reordered/all/Horn maoy sunod kontra ni Pacman.txt
/Users/rl-14/Desktop/Celine-Thesis/all-data-reordered/all/Horn mibilib ni Amonsot.txt
/Users/rl-14/Desktop/Celine-Thesis/all-data-reordered/all/Horn misaad nga lupigon si Manny copy.txt
/Users/rl-14/Desktop/Celine-Thesis/all-data-reordered/all/Horn mopatak-om sa iyang mga kritiko.txt
/Users/rl-14/Desktop/Celine-Thesis/all-data-reordered/all/Horn mura'g Rocky: trainer .txt
/Users/rl-14/Desktop/Celine-Thesis/all-data-reordered/all/Horn nanghambog; Pacman tumbahon.txt
/Users/rl-14/Desktop/Celine-Thesis/all-data-reordered/all/Horn nasagmuyo.txt
/Users/rl-14/Desktop/Celine-Thesis/all-data-reordered/all/Horn overweight?.txt
/Users/rl-14/Desktop/Celine-Thesis/all-data-reordered/all/Horn, 7-5.txt
/Users/rl-14/Desktop/Celine-Thesis/all-data-reordered/all/Hornets gikitkit sa Raptors.txt
/Users/rl-14/Desktop/Celine-Thesis/all-data-reordered/all/Hornets, Trail Blazers manuktok sa 2nd round.txt
/Users/rl-14/Desktop/Celine-Thesis/all-data-reordered/all/Hose sa bombero 'di haum' sa fire hydrants: Osmeña.txt
/Users/rl-14/Desktop/Celine-Thesis/all-data-reordered/all/Hospital arrest sa kapitan gikwestyon.txt
/Users/rl-14/Desktop/Celine-Thesis/all-data-reordered/all/Hospital sa Pinamungajan gipalambo .txt
/Users/rl-14/Desktop/Celine-Thesis/all-data-reordered/all/Host CdeO daug kontra Macau.txt
/Users/rl-14/Desktop/Celine-Thesis/all-data-reordered/all/Hosting workshop alang sa mga batan-on sa coop.txt
/Users/rl-14/Desktop/Celine-Thesis/all-data-reordered/all/Hot pursuit operation sa laing 4 ka suspek nga nakaikyas sa shootout sa Polomolok, nagpadayon.txt
/Users/rl-14/Desktop/Celine-Thesis/all-data-reordered/all/Hotel gisunog.txt
/Users/rl-14/Desktop/Celine-Thesis/all-data-reordered/all/Hotel mohatag og P10 mil nga reward.txt
/Users/rl-14/Desktop/Celine-Thesis/all-data-reordered/all/Hotel, bar hayan silutan ni Osmeña kay `wa mopatuo’.txt
/Users/rl-14/Desktop/Celine-Thesis/all-data-reordered/all/Hotshot gipatay sa tres ni Lanete  SunStar.txt
/Users/rl-14/Desktop/Celine-Thesis/all-data-reordered/all/Hotshot out na; Magnolia ipuli.txt
/Users/rl-14/Desktop/Celine-Thesis/all-data-reordered/all/Hotshots batok Batang Pier: PBA.txt
/Users/rl-14/Desktop/Celine-Thesis/all-data-reordered/all/Hotshots gipintalan sa Elasto Painters .txt
/Users/rl-14/Desktop/Celine-Thesis/all-data-reordered/all/Hotshots miputol sa ilang 4 ka kapildihan.txt
/Users/rl-14/Desktop/Celine-Thesis/all-data-reordered/all/Hotshots nagbangis.txt
/Users/rl-14/Desktop/Celine-Thesis/all-data-reordered/all/Hotshots solong liderato ang target.txt
/Users/rl-14/Desktop/Celine-Thesis/all-data-reordered/all/Hotshots vs. Ka Tropa.txt
/Users/rl-14/Desktop/Celine-Thesis/all-data-reordered/all/Hotshots, Bolts mag-ilog sa solo nga liderato sa PBA Commissioner's Cup.txt
/Users/rl-14/Desktop/Celine-Thesis/all-data-reordered/all/House Speaker Alvarez gihimkak nga namahayag siya nga kalakip sa opposition si Mayor Sarah.txt
/Users/rl-14/Desktop/Celine-Thesis/all-data-reordered/all/House-to-house bakuna gipangunayan sa City Health Office ug sa mga opisyal sa barangay.txt
/Users/rl-14/Desktop/Celine-Thesis/all-data-reordered/all/How to be Yours, P10 million sa First Day.txt
/Users/rl-14/Desktop/Celine-Thesis/all-data-reordered/all/Howard nadasig sa tawag ni Jordan.txt
/Users/rl-14/Desktop/Celine-Thesis/all-data-reordered/all/HRMO: Plano gisumite na sa fire safety sa city hall.txt
/Users/rl-14/Desktop/Celine-Thesis/all-data-reordered/all/Huawei midonar og kapin sa 100 laptops sa programa.txt
/Users/rl-14/Desktop/Celine-Thesis/all-data-reordered/all/hubad sa balak ni Mark Strand.txt
/Users/rl-14/Desktop/Celine-Thesis/all-data-reordered/all/hubad sa balak ni Robert Bly.txt
/Users/rl-14/Desktop/Celine-Thesis/all-data-reordered/all/Hubo nga babaye gidabdaban.txt
/Users/rl-14/Desktop/Celine-Thesis/all-data-reordered/all/Hubo nga hulagway gipakatap copy.txt
/Users/rl-14/Desktop/Celine-Thesis/all-data-reordered/all/Hubog gikulata.txt
/Users/rl-14/Desktop/Celine-Thesis/all-data-reordered/all/Hubog giputla’g liog .txt
/Users/rl-14/Desktop/Celine-Thesis/all-data-reordered/all/Hubog gitigbas sa kauban, patay.txt
/Users/rl-14/Desktop/Celine-Thesis/all-data-reordered/all/Hubog nahulog-patay sa punuan sa lubi sa CdeO.txt
/Users/rl-14/Desktop/Celine-Thesis/all-data-reordered/all/Hubog nakiglayog sa halas.txt
/Users/rl-14/Desktop/Celine-Thesis/all-data-reordered/all/Hubog nga pulis `midapog, nanion’ sa mga binilanggo.txt
/Users/rl-14/Desktop/Celine-Thesis/all-data-reordered/all/hudas sa kasingkasing.txt
/Users/rl-14/Desktop/Celine-Thesis/all-data-reordered/all/Hudson River gilangoy ni Aquaman  SunStar.txt
/Users/rl-14/Desktop/Celine-Thesis/all-data-reordered/all/Hugaw, samok nga wires sa kuryente ipaayo.txt
/Users/rl-14/Desktop/Celine-Thesis/all-data-reordered/all/Hugot nga karambola karon Biyernes.txt
/Users/rl-14/Desktop/Celine-Thesis/all-data-reordered/all/Hugot nga police visibilty hinungdan sa pag-ubos sa Crime Rate sa Davao.txt
/Users/rl-14/Desktop/Celine-Thesis/all-data-reordered/all/Hugot nga segurdad gipatuman sa Davao del Sur alang sa nagpadayong mga proyekto sa gobyerno.txt
/Users/rl-14/Desktop/Celine-Thesis/all-data-reordered/all/Hugot nga seguridad gipatuman sa Cathedral.txt
/Users/rl-14/Desktop/Celine-Thesis/all-data-reordered/all/Hugot nga seguridad ipatuman sa kapistahan sa Cabadbaran City karong adlawa.txt
/Users/rl-14/Desktop/Celine-Thesis/all-data-reordered/all/Hugot nga seguridad sa Milolympics.txt
/Users/rl-14/Desktop/Celine-Thesis/all-data-reordered/all/Hugot pag-ampo, grabeng pagtuon ang gisaligan.txt
/Users/rl-14/Desktop/Celine-Thesis/all-data-reordered/all/Hugpong sa PAgbabago, suportado sa konseho.txt
/Users/rl-14/Desktop/Celine-Thesis/all-data-reordered/all/Hugpong wala pay napiling ihulip sa gibiyaang pwesto ni Al-ag.txt
/Users/rl-14/Desktop/Celine-Thesis/all-data-reordered/all/Hukom ni Radaza batok sa street cleaner gipaabot.txt
/Users/rl-14/Desktop/Celine-Thesis/all-data-reordered/all/HUKOM SA KAPANGULOHAN SA KONTROBERSIYAL NGA MGA SU.txt
/Users/rl-14/Desktop/Celine-Thesis/all-data-reordered/all/Hukom sa Kongreso gipaabot sa pagbalik sa ROTC: Sec. Evasco.txt
/Users/rl-14/Desktop/Celine-Thesis/all-data-reordered/all/Hulagway sa mga sundalong mi-rescue sa mga apektado sa Bagyong Basyang, mi-ani ug positibong reaksiyun.txt
/Users/rl-14/Desktop/Celine-Thesis/all-data-reordered/all/hulagway sa Persons of Interest sa Ungab case , gipagawas sa PNP.txt
/Users/rl-14/Desktop/Celine-Thesis/all-data-reordered/all/Hulagway sa terorista ipakatap sa Sugbo.txt
/Users/rl-14/Desktop/Celine-Thesis/all-data-reordered/all/Hulga nagpadayon: Davide.txt
/Users/rl-14/Desktop/Celine-Thesis/all-data-reordered/all/Hulga sa seguridad wala nakababag  SunStar.txt
/Users/rl-14/Desktop/Celine-Thesis/all-data-reordered/all/Human ni Yap, coach sa Star giilisan usab.txt
/Users/rl-14/Desktop/Celine-Thesis/all-data-reordered/all/Human ra gayud.txt
/Users/rl-14/Desktop/Celine-Thesis/all-data-reordered/all/Human Rights Summit ipahigayon sa dakbayan.txt
/Users/rl-14/Desktop/Celine-Thesis/all-data-reordered/all/Human sa 29 ka tuig, Darimbang mobiya na sa LTFRB.txt
/Users/rl-14/Desktop/Celine-Thesis/all-data-reordered/all/HUMAN SA TALISAYNONG PAGPANGADAGDAG.txt
/Users/rl-14/Desktop/Celine-Thesis/all-data-reordered/all/Humba de Oro Festival sa Cohara.txt
/Users/rl-14/Desktop/Celine-Thesis/all-data-reordered/all/Hunat mogamit na og timing chip.txt
/Users/rl-14/Desktop/Celine-Thesis/all-data-reordered/all/Hunat Sugbo balik sa Argao.txt
/Users/rl-14/Desktop/Celine-Thesis/all-data-reordered/all/Hunat Sugbo modani’g runners.txt
/Users/rl-14/Desktop/Celine-Thesis/all-data-reordered/all/Husay ni Boniel ibalhin sa Cebu.txt
/Users/rl-14/Desktop/Celine-Thesis/all-data-reordered/all/Hustisya ang singgit sa pamilya sa gipatay sa FM station technician ning syudad.txt
/Users/rl-14/Desktop/Celine-Thesis/all-data-reordered/all/Hustisya gisinggit alang kang Roxas.txt
/Users/rl-14/Desktop/Celine-Thesis/all-data-reordered/all/Hustisya panawagan sa pamilyang Unggab, pag-umangkon ni Atty Ungab mas naganahan pa nga mamahimong abogado taliwa sa nahitabo sa iyang uyu-an.txt
/Users/rl-14/Desktop/Celine-Thesis/all-data-reordered/all/Hustisya! milanog nga singgit atol sa paglubong ni Atty. Ungab sa Ronda.txt
/Users/rl-14/Desktop/Celine-Thesis/all-data-reordered/all/Hustisya, gisinggit sa pamilyang Rotoras.txt
/Users/rl-14/Desktop/Celine-Thesis/all-data-reordered/all/Hybrid train nadaut sa baha; giayo, moandar na: De la Peña.txt
/Users/rl-14/Desktop/Celine-Thesis/all-data-reordered/all/I Fix It nakaeskapo .txt
/Users/rl-14/Desktop/Celine-Thesis/all-data-reordered/all/I-ACT ipatuman sa DOTr sa Sugbo.txt
/Users/rl-14/Desktop/Celine-Thesis/all-data-reordered/all/I.D. sa Talisay gireklamo.txt
/Users/rl-14/Desktop/Celine-Thesis/all-data-reordered/all/Ian confident sa asawa.txt
/Users/rl-14/Desktop/Celine-Thesis/all-data-reordered/all/Ian King miladlad nga transwoman.txt
/Users/rl-14/Desktop/Celine-Thesis/all-data-reordered/all/ibabaw sa dagat, isla sa camiguin.txt
/Users/rl-14/Desktop/Celine-Thesis/all-data-reordered/all/Ibaka gi-trade ni Olapido.txt
/Users/rl-14/Desktop/Celine-Thesis/all-data-reordered/all/Ibalik ang kanindot sa Estero Parian .txt
/Users/rl-14/Desktop/Celine-Thesis/all-data-reordered/all/Ibalik ang pagsalig sa kapulisan: hepe sa pulis.txt
/Users/rl-14/Desktop/Celine-Thesis/all-data-reordered/all/Ibalik ang ‘mahika’.txt
/Users/rl-14/Desktop/Celine-Thesis/all-data-reordered/all/IBF mimando og mandatory defense ni Nietes sa Oct. 29 .txt
/Users/rl-14/Desktop/Celine-Thesis/all-data-reordered/all/IBP Cebu Chapter Olympics Fest sugdan .txt
/Users/rl-14/Desktop/Celine-Thesis/all-data-reordered/all/IBP Davao City Chapter mohatag ug libreng serbisyo sa mga OFW sa Singapore.txt
/Users/rl-14/Desktop/Celine-Thesis/all-data-reordered/all/IBP Davao nagkondena sa pagpangatake sa Lapanday .txt
/Users/rl-14/Desktop/Celine-Thesis/all-data-reordered/all/IBP nasagmuyo sa pagpamanhig patay ni Atty Jonnah John Ungab.txt
/Users/rl-14/Desktop/Celine-Thesis/all-data-reordered/all/IBP-Davao: Paglugway sa martial law makatarunganon.txt
/Users/rl-14/Desktop/Celine-Thesis/all-data-reordered/all/ID system alang sa mga drayber ipatuman sa Mandaue City .txt
/Users/rl-14/Desktop/Celine-Thesis/all-data-reordered/all/ID system hayan ipatuman sa Team.txt
/Users/rl-14/Desktop/Celine-Thesis/all-data-reordered/all/ID system sa drayber sa Mandaue gitun-an.txt
/Users/rl-14/Desktop/Celine-Thesis/all-data-reordered/all/ID system, uniporme hugot gipatuman sa CSBT.txt
/Users/rl-14/Desktop/Celine-Thesis/all-data-reordered/all/Idlas nga pusher sa Lapu nalit-ag.txt
/Users/rl-14/Desktop/Celine-Thesis/all-data-reordered/all/Ig-agaw ni Wade napusilan patay.txt
/Users/rl-14/Desktop/Celine-Thesis/all-data-reordered/all/Igsuon ni Barok, bata-bata patay.txt
/Users/rl-14/Desktop/Celine-Thesis/all-data-reordered/all/Igsuon sa pulis ipsot sa buy bust.txt
/Users/rl-14/Desktop/Celine-Thesis/all-data-reordered/all/Iguodala gipamulta .txt
/Users/rl-14/Desktop/Celine-Thesis/all-data-reordered/all/Iguwalis.txt
/Users/rl-14/Desktop/Celine-Thesis/all-data-reordered/all/Ihap sa kasi sa tipdas mikanaug na, apan ipadayon lamang gihapon sa CHO ang pagbakuna.txt
/Users/rl-14/Desktop/Celine-Thesis/all-data-reordered/all/Ihap sa kriminalidad sa Nabunturan miubos sa kampanya kontra druga .txt
/Users/rl-14/Desktop/Celine-Thesis/all-data-reordered/all/Ihap sa mga asawang gipang-abuso sa bana misaka.txt
/Users/rl-14/Desktop/Celine-Thesis/all-data-reordered/all/Ihap sa mga bakwit sa MisOr-CdeO misaka re Basyang.txt
/Users/rl-14/Desktop/Celine-Thesis/all-data-reordered/all/Ihap sa NPA surrenderee nag-anam ug kataas. EMC mitala na ug kapin sa 800.txt
/Users/rl-14/Desktop/Celine-Thesis/all-data-reordered/all/Ihap sa teenage pregnancy sa Northern Mindanao misaka.txt
/Users/rl-14/Desktop/Celine-Thesis/all-data-reordered/all/Ihawan sa Labogon sa Mandaue pasirad-an.txt
/Users/rl-14/Desktop/Celine-Thesis/all-data-reordered/all/Ihawan sa Talisay mopasaka sa ilang bayranan.txt
/Users/rl-14/Desktop/Celine-Thesis/all-data-reordered/all/Ihawan sa Talisay nabalik sa `AA’ accreditation.txt
/Users/rl-14/Desktop/Celine-Thesis/all-data-reordered/all/Iho mipadaplin sa baybayon, apan namatay.txt
/Users/rl-14/Desktop/Celine-Thesis/all-data-reordered/all/Ika-11 ka tuig na ang Carmen Market Sinulog Festival .txt
/Users/rl-14/Desktop/Celine-Thesis/all-data-reordered/all/Ika-13 nga biktima sa ATM skimming.txt
/Users/rl-14/Desktop/Celine-Thesis/all-data-reordered/all/Ika-13 nga Sinulog Festival sa Carmen saulogon.txt
/Users/rl-14/Desktop/Celine-Thesis/all-data-reordered/all/Ika-16 nga sagunson.txt
/Users/rl-14/Desktop/Celine-Thesis/all-data-reordered/all/Ika-18 nga Jollibee duol sa Cogon Public Market sa Oro gibuksan .txt
/Users/rl-14/Desktop/Celine-Thesis/all-data-reordered/all/Ika-20 ka tuig pagkahagsa sa Cebu Pacific flight 387 gihandom .txt
/Users/rl-14/Desktop/Celine-Thesis/all-data-reordered/all/Ika-29 na nga triple double.txt
/Users/rl-14/Desktop/Celine-Thesis/all-data-reordered/all/Ika-30 nga triple-double.txt
/Users/rl-14/Desktop/Celine-Thesis/all-data-reordered/all/Ika-40 diyas sa kamatayon sa mga biktima sa sunog sa NCCC mall, gihinumdom.txt
/Users/rl-14/Desktop/Celine-Thesis/all-data-reordered/all/Ika-40 na ni James.txt
/Users/rl-14/Desktop/Celine-Thesis/all-data-reordered/all/Ika-duhang adlaw sa curfew ‘zero’.txt
/Users/rl-14/Desktop/Celine-Thesis/all-data-reordered/all/Ika-duhang Miss Universe crown naangkon sa France .txt
/Users/rl-14/Desktop/Celine-Thesis/all-data-reordered/all/Ika-duhang satellite hospital buksan ugma.txt
/Users/rl-14/Desktop/Celine-Thesis/all-data-reordered/all/Ika-upat nga sunog ning Enero.txt
/Users/rl-14/Desktop/Celine-Thesis/all-data-reordered/all/Ikaduhang abogado nga gipusil sa sikyo mitaliwan na usab.txt
/Users/rl-14/Desktop/Celine-Thesis/all-data-reordered/all/ikaduhang pagbalik sa demonyo.txt
/Users/rl-14/Desktop/Celine-Thesis/all-data-reordered/all/Ikaduhang ‘killer’ ni Imok nasikop.txt
/Users/rl-14/Desktop/Celine-Thesis/all-data-reordered/all/Ikalimang sagunson.txt
/Users/rl-14/Desktop/Celine-Thesis/all-data-reordered/all/Ikapito ka adlaw nga Outbreak Response Immunization batok sa tipdas nagpadayon.txt
/Users/rl-14/Desktop/Celine-Thesis/all-data-reordered/all/Ikatulong sunog sa Lapu-Lapu miugdaw og 300 ka mga balay.txt
/Users/rl-14/Desktop/Celine-Thesis/all-data-reordered/all/Ildefonso naglibog.txt
/Users/rl-14/Desktop/Celine-Thesis/all-data-reordered/all/Ilegal nga druga sud sa mga prisuhan.txt
/Users/rl-14/Desktop/Celine-Thesis/all-data-reordered/all/Ilegal nga mga manindahay may maghuwat nga multa.txt
/Users/rl-14/Desktop/Celine-Thesis/all-data-reordered/all/Ilegal nga pabrika sa armas sa Danao gironda.txt
/Users/rl-14/Desktop/Celine-Thesis/all-data-reordered/all/Ilegal nga resorts sa Marilog gisusi.txt
/Users/rl-14/Desktop/Celine-Thesis/all-data-reordered/all/Ilegal nga sugal ipahunong sulod sa 15 ka adlaw.txt
/Users/rl-14/Desktop/Celine-Thesis/all-data-reordered/all/Ilha kinsa ang utok: Zafra sa pulis.txt
/Users/rl-14/Desktop/Celine-Thesis/all-data-reordered/all/Iligal nga droga,drug paraphernalia ug mga gadgets nakuha sa greyhound operation sa CPDRC.txt
/Users/rl-14/Desktop/Celine-Thesis/all-data-reordered/all/Iligan mayor,moduso’g kaso vs political opponents.txt
/Users/rl-14/Desktop/Celine-Thesis/all-data-reordered/all/Iligan National High School modepensa sa titulo.txt
/Users/rl-14/Desktop/Celine-Thesis/all-data-reordered/all/Iliganong Gradweyt sa Young Blood Writer Nagkulit.txt
/Users/rl-14/Desktop/Celine-Thesis/all-data-reordered/all/Ilimnon gi-ban sa Sinulog '18.txt
/Users/rl-14/Desktop/Celine-Thesis/all-data-reordered/all/Illegal drugs naa gihapon sa Sugbo; Duterte mibahad naay matumba.txt
/Users/rl-14/Desktop/Celine-Thesis/all-data-reordered/all/Illegal drugs sa CPDRC minos na.txt
/Users/rl-14/Desktop/Celine-Thesis/all-data-reordered/all/Illegal firecrackers gisakmit .txt
/Users/rl-14/Desktop/Celine-Thesis/all-data-reordered/all/Illegal nga mga Private Security Agencies padayon nga nag-operate sa Davao.txt
/Users/rl-14/Desktop/Celine-Thesis/all-data-reordered/all/Illegal nga tigbuhat og pagwapa naghitak.txt
/Users/rl-14/Desktop/Celine-Thesis/all-data-reordered/all/Illegal swertres wagtang na.txt
/Users/rl-14/Desktop/Celine-Thesis/all-data-reordered/all/Ilugon ang titulo, tinguha sa Alaska.txt
/Users/rl-14/Desktop/Celine-Thesis/all-data-reordered/all/Imahe sa Senyor Sto. Niño, nabalhin na sa National Shrine of St. Joseph Parish.txt
/Users/rl-14/Desktop/Celine-Thesis/all-data-reordered/all/Imbestigahon ug silotan: Estenzo.txt
/Users/rl-14/Desktop/Celine-Thesis/all-data-reordered/all/Imbestigasyon sa nahitabong sunog sa NCCC Mall, ipadayon karong adlawa.txt
/Users/rl-14/Desktop/Celine-Thesis/all-data-reordered/all/Imee Marcos uyon sa pederalismo.txt
/Users/rl-14/Desktop/Celine-Thesis/all-data-reordered/all/Impeachment hearing sa sendo batok kang sereno, objective lang- Senator Trillanes IV.txt
/Users/rl-14/Desktop/Celine-Thesis/all-data-reordered/all/Import di na banned for life.txt
/Users/rl-14/Desktop/Celine-Thesis/all-data-reordered/all/Import gipasaylo.txt
/Users/rl-14/Desktop/Celine-Thesis/all-data-reordered/all/Import gitrato nga daw `rock star’ sa Gins fans.txt
/Users/rl-14/Desktop/Celine-Thesis/all-data-reordered/all/Import nga gi-ban sa PBA gikuha sa Alab.txt
/Users/rl-14/Desktop/Celine-Thesis/all-data-reordered/all/Import sa Barangay Ginebra mubo apan sakit.txt
/Users/rl-14/Desktop/Celine-Thesis/all-data-reordered/all/Import sa Beermen ilisan?.txt
/Users/rl-14/Desktop/Celine-Thesis/all-data-reordered/all/Import sa Beermen naigo sab sa multa.txt
/Users/rl-14/Desktop/Celine-Thesis/all-data-reordered/all/Import sa Meralco mibilib ni Fajardo.txt
/Users/rl-14/Desktop/Celine-Thesis/all-data-reordered/all/Import sa TNT dakong problema sa Ginebra.txt
/Users/rl-14/Desktop/Celine-Thesis/all-data-reordered/all/Import sa TNT makigkita ni Narvasa.txt
/Users/rl-14/Desktop/Celine-Thesis/all-data-reordered/all/Importless Aces gipukan sa Elite.txt
/Users/rl-14/Desktop/Celine-Thesis/all-data-reordered/all/Imposible: Gelloani.txt
/Users/rl-14/Desktop/Celine-Thesis/all-data-reordered/all/Impresibo nga kadaugan: Nietes.txt
/Users/rl-14/Desktop/Celine-Thesis/all-data-reordered/all/Impresibo sa unang adlaw.txt
/Users/rl-14/Desktop/Celine-Thesis/all-data-reordered/all/Impresibong resulta sa Angelicum.txt
/Users/rl-14/Desktop/Celine-Thesis/all-data-reordered/all/Improvised bike nga masakyan og 4 ka tawo sa Agusan del Norte, nag-viral sa social media.txt
/Users/rl-14/Desktop/Celine-Thesis/all-data-reordered/all/Inah de Belen excited sa bag-ong serye.txt
/Users/rl-14/Desktop/Celine-Thesis/all-data-reordered/all/Inah de Belen pressure!.txt
/Users/rl-14/Desktop/Celine-Thesis/all-data-reordered/all/Inah de Belen ug Jake Vargas uyab na? .txt
/Users/rl-14/Desktop/Celine-Thesis/all-data-reordered/all/Inah happy ang heart with Jake.txt
/Users/rl-14/Desktop/Celine-Thesis/all-data-reordered/all/Inahan andam moatubang sa imbestigasyon.txt
/Users/rl-14/Desktop/Celine-Thesis/all-data-reordered/all/Inahan gitipi, gitulis pa sa anak .txt
/Users/rl-14/Desktop/Celine-Thesis/all-data-reordered/all/Inahan hustisya ang singgit para sa gi-rape nga anak.txt
/Users/rl-14/Desktop/Celine-Thesis/all-data-reordered/all/Inahan kasuhan parricide sa pagpatay sa anak sa Misamis Oriental.txt
/Users/rl-14/Desktop/Celine-Thesis/all-data-reordered/all/Inahan mireklamo kay gitaban ang anak.txt
/Users/rl-14/Desktop/Celine-Thesis/all-data-reordered/all/Inahan nangawat og gatas alang sa anak.txt
/Users/rl-14/Desktop/Celine-Thesis/all-data-reordered/all/Inahan napalita’g shabu .txt
/Users/rl-14/Desktop/Celine-Thesis/all-data-reordered/all/Inahan nga mipatay sa anak gikasohan na.txt
/Users/rl-14/Desktop/Celine-Thesis/all-data-reordered/all/Inahan ni Curry nagpasalamat sa mga Fil-Am.txt
/Users/rl-14/Desktop/Celine-Thesis/all-data-reordered/all/Inahan sa Oro naghikog kay walay nag-atiman.txt
/Users/rl-14/Desktop/Celine-Thesis/all-data-reordered/all/Inahan sa puyang gilabay nailhan na; lola nanawagan.txt
/Users/rl-14/Desktop/Celine-Thesis/all-data-reordered/all/Inahan sa UP Cebu Masscom Graduate nga gitoohang miyembro sa NPA nagtoo nga planted ang nahitabo sa iyang anak; Anakbayan ug uban pang aktibista gikondenar ang nahitabo ni Myles.txt
/Users/rl-14/Desktop/Celine-Thesis/all-data-reordered/all/Inahan, anak gipasanginlan nga nanagit.txt
/Users/rl-14/Desktop/Celine-Thesis/all-data-reordered/all/Inahan, anak naabo sa Oro.txt
/Users/rl-14/Desktop/Celine-Thesis/all-data-reordered/all/Inahan,kasuhan sa child abuse sa CdeO.txt
/Users/rl-14/Desktop/Celine-Thesis/all-data-reordered/all/Inato Lang ni Chef Tatung: Black pork sinigang.txt
/Users/rl-14/Desktop/Celine-Thesis/all-data-reordered/all/Inato Lang ni Chef Tatung: Choco-Banana Ref Cake.txt
/Users/rl-14/Desktop/Celine-Thesis/all-data-reordered/all/Inato Lang ni Chef Tatung: Herb roast chicken.txt
/Users/rl-14/Desktop/Celine-Thesis/all-data-reordered/all/Inato Lang ni Chef Tatung: Honey Balsamic Glazed Slow Roasted Pork with Squash Puree and Sauteed Long Beans.txt
/Users/rl-14/Desktop/Celine-Thesis/all-data-reordered/all/Inato Lang ni Chef Tatung: Lean pork ug sweet potato menudo.txt
/Users/rl-14/Desktop/Celine-Thesis/all-data-reordered/all/Inato lang ni Chef Tatung: Lechon belly roll.txt
/Users/rl-14/Desktop/Celine-Thesis/all-data-reordered/all/Inato Lang ni Chef Tatung: Monggo, nangka ug talbos sa kamote.txt
/Users/rl-14/Desktop/Celine-Thesis/all-data-reordered/all/Inato lang ni Chef Tatung: Pork Chops in Paprika Cream Sauce.txt
/Users/rl-14/Desktop/Celine-Thesis/all-data-reordered/all/Inato Lang ni Chef Tatung: Potato Omelet.txt
/Users/rl-14/Desktop/Celine-Thesis/all-data-reordered/all/Inato Lang ni Chef Tatung: Sweet and sour bolabola.txt
/Users/rl-14/Desktop/Celine-Thesis/all-data-reordered/all/Inato Lang ni Chef Tatung: Tocho bangus with kangkong.txt
/Users/rl-14/Desktop/Celine-Thesis/all-data-reordered/all/Inawayan Karate Ryu mibulsa og 7 bulawan.txt
/Users/rl-14/Desktop/Celine-Thesis/all-data-reordered/all/Inayawan landfill dili na maablihan pa: R. Garcia.txt
/Users/rl-14/Desktop/Celine-Thesis/all-data-reordered/all/INC nang-apod-apod og relief packs sa Marawi.txt
/Users/rl-14/Desktop/Celine-Thesis/all-data-reordered/all/Indahag lady Skyhawks, CCS Stingers nikampyon.txt
/Users/rl-14/Desktop/Celine-Thesis/all-data-reordered/all/Indahag NHS miangkon sa ikaduhang titulo .txt
/Users/rl-14/Desktop/Celine-Thesis/all-data-reordered/all/Indahag Skyhawks misalo na sa MOGCHS .txt
/Users/rl-14/Desktop/Celine-Thesis/all-data-reordered/all/Indahag, Mogchs sa finals na sab .txt
/Users/rl-14/Desktop/Celine-Thesis/all-data-reordered/all/Inday Sara dunay mensahe sa Misamisnon, Kagayanon .txt
/Users/rl-14/Desktop/Celine-Thesis/all-data-reordered/all/Indian citizen,sikop sa CdeO.txt
/Users/rl-14/Desktop/Celine-Thesis/all-data-reordered/all/Indian national napalgang patay .txt
/Users/rl-14/Desktop/Celine-Thesis/all-data-reordered/all/Indian nationals midonar P700-mil sa mga biktima sa Davao bombing.txt
/Users/rl-14/Desktop/Celine-Thesis/all-data-reordered/all/Indigenous sports mas hatagan pagtagad sa PSC .txt
/Users/rl-14/Desktop/Celine-Thesis/all-data-reordered/all/Infiesto nakapupo'g plata sa Alphaland Executive Chess.txt
/Users/rl-14/Desktop/Celine-Thesis/all-data-reordered/all/Informal settlers duol sa mga sapa ipahiluna sa relocation site: Del Mar.txt
/Users/rl-14/Desktop/Celine-Thesis/all-data-reordered/all/Informal settlers sa Ibo gipasaligan.txt
/Users/rl-14/Desktop/Celine-Thesis/all-data-reordered/all/Informatics Cebu mitanyag og baratong night school program.txt
/Users/rl-14/Desktop/Celine-Thesis/all-data-reordered/all/Information center ibutang sa Malacañang sa Sugbo.txt
/Users/rl-14/Desktop/Celine-Thesis/all-data-reordered/all/Inila nga chef nakasuway nga gibarang, gitambalan sa Siquijor .txt
/Users/rl-14/Desktop/Celine-Thesis/all-data-reordered/all/Inilog batok dark horse.txt
/Users/rl-14/Desktop/Celine-Thesis/all-data-reordered/all/Inilog kontra underdog sa semis.txt
/Users/rl-14/Desktop/Celine-Thesis/all-data-reordered/all/Init nga panahon sa Sugbo.txt
/Users/rl-14/Desktop/Celine-Thesis/all-data-reordered/all/Injury ni Fajardo puwede ra iduwa? .txt
/Users/rl-14/Desktop/Celine-Thesis/all-data-reordered/all/Innodata miabag sa DSWD 7.txt
/Users/rl-14/Desktop/Celine-Thesis/all-data-reordered/all/Inom sa convenience, sari-sari store idili unya sa Mandaue.txt
/Users/rl-14/Desktop/Celine-Thesis/all-data-reordered/all/Inosente ko: Liela.txt
/Users/rl-14/Desktop/Celine-Thesis/all-data-reordered/all/Insaktong pletihan ipatuman.txt
/Users/rl-14/Desktop/Celine-Thesis/all-data-reordered/all/Insentibo sa Cebu athletes giaprubahan sa konseho .txt
/Users/rl-14/Desktop/Celine-Thesis/all-data-reordered/all/Insentibo sa mga atleta.txt
/Users/rl-14/Desktop/Celine-Thesis/all-data-reordered/all/Insik interesado sa CICC.txt
/Users/rl-14/Desktop/Celine-Thesis/all-data-reordered/all/Inspirasyon sa mga bata.txt
/Users/rl-14/Desktop/Celine-Thesis/all-data-reordered/all/Insulto ni Pacquiao?.txt
/Users/rl-14/Desktop/Celine-Thesis/all-data-reordered/all/Insurance alang sa mga traysikol giduso.txt
/Users/rl-14/Desktop/Celine-Thesis/all-data-reordered/all/Insurance claim maoy ugat sa away.txt
/Users/rl-14/Desktop/Celine-Thesis/all-data-reordered/all/Intensyon ni LeBron nga agakon ang Cleveland padayon.txt
/Users/rl-14/Desktop/Celine-Thesis/all-data-reordered/all/Inter-commercial tournament sa Talisay City Mayor's Cup.txt
/Users/rl-14/Desktop/Celine-Thesis/all-data-reordered/all/Inter-public finals karon  SunStar.txt
/Users/rl-14/Desktop/Celine-Thesis/all-data-reordered/all/Inter-public finals karon.txt
/Users/rl-14/Desktop/Celine-Thesis/all-data-reordered/all/Inter-Public School Basketball League sugdan karong Sabado.txt
/Users/rl-14/Desktop/Celine-Thesis/all-data-reordered/all/Interesting basahon ang libro  ni Mark Bautista.txt
/Users/rl-14/Desktop/Celine-Thesis/all-data-reordered/all/Internal cleansing ipatuman sa BFP XI.txt
/Users/rl-14/Desktop/Celine-Thesis/all-data-reordered/all/Internal organs gipangkuha?.txt
/Users/rl-14/Desktop/Celine-Thesis/all-data-reordered/all/International career ni Kris hawsiao?.txt
/Users/rl-14/Desktop/Celine-Thesis/all-data-reordered/all/Internet cafe, gitulis.txt
/Users/rl-14/Desktop/Celine-Thesis/all-data-reordered/all/Intsik apil sa upat ka firecracker-related injuries pagsugat sa Caraga Region sa tuig 2018.txt
/Users/rl-14/Desktop/Celine-Thesis/all-data-reordered/all/Investigative report: Molampus kaha ang revolutionary government? (3 of 3).txt
/Users/rl-14/Desktop/Celine-Thesis/all-data-reordered/all/Investigative report: Molampus kaha ang revolutionary government?.txt
/Users/rl-14/Desktop/Celine-Thesis/all-data-reordered/all/Iñigo hands-off sa personal life ni Julia.txt
/Users/rl-14/Desktop/Celine-Thesis/all-data-reordered/all/Iñigo okay ra maka-uyab ang amahan.txt
/Users/rl-14/Desktop/Celine-Thesis/all-data-reordered/all/Iñigo ug Jake adunay bug-at nga panawagan.txt
/Users/rl-14/Desktop/Celine-Thesis/all-data-reordered/all/IP leaders sa Talaingod, Davao del Norte, milusad ug rally.txt
/Users/rl-14/Desktop/Celine-Thesis/all-data-reordered/all/IP miapil sa MCCT Family Camp.txt
/Users/rl-14/Desktop/Celine-Thesis/all-data-reordered/all/Ipaambit ang kamaya sa Pasko: Palma.txt
/Users/rl-14/Desktop/Celine-Thesis/all-data-reordered/all/ipasaka na karong adlawa ang kasong kriminal batok sa mga dunay tulubagon sa pagkasunog sa NCCC Mall.txt
/Users/rl-14/Desktop/Celine-Thesis/all-data-reordered/all/Ipaslak na unta sa prisohan nakuhaan og shabu.txt
/Users/rl-14/Desktop/Celine-Thesis/all-data-reordered/all/Ipatangtang ang pangu sa local housing.txt
/Users/rl-14/Desktop/Celine-Thesis/all-data-reordered/all/iPhone 6 gipasanginlan ni Bonner.txt
/Users/rl-14/Desktop/Celine-Thesis/all-data-reordered/all/Iponan A naghari .txt
/Users/rl-14/Desktop/Celine-Thesis/all-data-reordered/all/Iponan, Alzblas mag-abot na sab sa final.txt
/Users/rl-14/Desktop/Celine-Thesis/all-data-reordered/all/Iran coach kaging sa Gilas.txt
/Users/rl-14/Desktop/Celine-Thesis/all-data-reordered/all/Irma maoy reporter sa mga happening sa Aldub.txt
/Users/rl-14/Desktop/Celine-Thesis/all-data-reordered/all/Ironman di kaagi sa Talisay: Gullas.txt
/Users/rl-14/Desktop/Celine-Thesis/all-data-reordered/all/Ironman organizer midemanda og public apology ni Santillana.txt
/Users/rl-14/Desktop/Celine-Thesis/all-data-reordered/all/Ironman ‘17 mosikad na.txt
/Users/rl-14/Desktop/Celine-Thesis/all-data-reordered/all/Irrigation administrator nangurakot? .txt
/Users/rl-14/Desktop/Celine-Thesis/all-data-reordered/all/Irving andam na sa East finals series.txt
/Users/rl-14/Desktop/Celine-Thesis/all-data-reordered/all/Irving andam ng moduwa.txt
/Users/rl-14/Desktop/Celine-Thesis/all-data-reordered/all/Irving di mobalhin.txt
/Users/rl-14/Desktop/Celine-Thesis/all-data-reordered/all/Irving dili pa 100 percent.txt
/Users/rl-14/Desktop/Celine-Thesis/all-data-reordered/all/Irving miagak na sab sa Cavs.txt
/Users/rl-14/Desktop/Celine-Thesis/all-data-reordered/all/Irving miagak sa Cavs.txt
/Users/rl-14/Desktop/Celine-Thesis/all-data-reordered/all/Irving mibalik na’g praktis.txt
/Users/rl-14/Desktop/Celine-Thesis/all-data-reordered/all/Irving nanamilit sa Cavaliers, wa ni James.txt
/Users/rl-14/Desktop/Celine-Thesis/all-data-reordered/all/Irving out!.txt
/Users/rl-14/Desktop/Celine-Thesis/all-data-reordered/all/Irving padayon nga nagbangis.txt
/Users/rl-14/Desktop/Celine-Thesis/all-data-reordered/all/Irving, Celtics mitipi sa Hornets.txt
/Users/rl-14/Desktop/Celine-Thesis/all-data-reordered/all/Isabelle madayon ang kasal.txt
/Users/rl-14/Desktop/Celine-Thesis/all-data-reordered/all/Isabelle, Liz, Solenn ug Georgina mag-uban sa bag-ong show.txt
/Users/rl-14/Desktop/Celine-Thesis/all-data-reordered/all/Isaiah gisugat og kadaugan.txt
/Users/rl-14/Desktop/Celine-Thesis/all-data-reordered/all/ISIS gipanid-an sa militar, pulis.txt
/Users/rl-14/Desktop/Celine-Thesis/all-data-reordered/all/Isis video gipakita.txt
/Users/rl-14/Desktop/Celine-Thesis/all-data-reordered/all/Islamic kindergarten app gipalambo.txt
/Users/rl-14/Desktop/Celine-Thesis/all-data-reordered/all/Ismol Family, 1 year na!.txt
/Users/rl-14/Desktop/Celine-Thesis/all-data-reordered/all/Isnatser sa Tagum nasikop.txt
/Users/rl-14/Desktop/Celine-Thesis/all-data-reordered/all/Isports Idol: Davao chesser, swimmer misidlak .txt
/Users/rl-14/Desktop/Celine-Thesis/all-data-reordered/all/Isports Idol: Miciano pangandoy mahimong grandmaster .txt
/Users/rl-14/Desktop/Celine-Thesis/all-data-reordered/all/Isports Idol: Salvado nagpanikad.txt
/Users/rl-14/Desktop/Celine-Thesis/all-data-reordered/all/Istilo sa Grab, Uber ipatuman sa City Hall.txt
/Users/rl-14/Desktop/Celine-Thesis/all-data-reordered/all/Isyu sa pagretiro gigamit ni Floyd.txt
/Users/rl-14/Desktop/Celine-Thesis/all-data-reordered/all/Isyu sa PSC sulbaron.txt
/Users/rl-14/Desktop/Celine-Thesis/all-data-reordered/all/Isyu sa right-of-way nagpabiling problema sa NGCP .txt
/Users/rl-14/Desktop/Celine-Thesis/all-data-reordered/all/Isyu sa share sa syudad sa STL, padayong gidebatehan.txt
/Users/rl-14/Desktop/Celine-Thesis/all-data-reordered/all/IT midominar sa pinakadako nga sweldo - survey.txt
/Users/rl-14/Desktop/Celine-Thesis/all-data-reordered/all/IT mipatuyok sa ekonomiya.txt
/Users/rl-14/Desktop/Celine-Thesis/all-data-reordered/all/Italian GF ni James Yap, buntis.txt
/Users/rl-14/Desktop/Celine-Thesis/all-data-reordered/all/Iya mibabay sa 24 Oras.txt
/Users/rl-14/Desktop/Celine-Thesis/all-data-reordered/all/Iya ug Chynna mabdos!.txt
/Users/rl-14/Desktop/Celine-Thesis/all-data-reordered/all/Iya Villania excited sa pagmabdos.txt
/Users/rl-14/Desktop/Celine-Thesis/all-data-reordered/all/Iyabo ang Beer, tinguha sa Ginebra.txt
/Users/rl-14/Desktop/Celine-Thesis/all-data-reordered/all/Iza Calzado mobida sa My Candidate.txt
/Users/rl-14/Desktop/Celine-Thesis/all-data-reordered/all/Iza dunay breast exposure sa movie  SunStar.txt
/Users/rl-14/Desktop/Celine-Thesis/all-data-reordered/all/Iza dunay breast exposure sa movie.txt
/Users/rl-14/Desktop/Celine-Thesis/all-data-reordered/all/I’m back! - Curry.txt
/Users/rl-14/Desktop/Celine-Thesis/all-data-reordered/all/Jabiniao nilangkat og 2 gold sa grappling challenge.txt
/Users/rl-14/Desktop/Celine-Thesis/all-data-reordered/all/Jackson, Buss gabuwag.txt
/Users/rl-14/Desktop/Celine-Thesis/all-data-reordered/all/Jacky Chang, walay atik-atik nga kalampusan  .txt
/Users/rl-14/Desktop/Celine-Thesis/all-data-reordered/all/Jaclyn dismayado sa Kapamilya.txt
/Users/rl-14/Desktop/Celine-Thesis/all-data-reordered/all/Jaclyn mibilib kang Andi.txt
/Users/rl-14/Desktop/Celine-Thesis/all-data-reordered/all/Jaclyn midaog og best actress sa Cannes.txt
/Users/rl-14/Desktop/Celine-Thesis/all-data-reordered/all/Jadine dunay happiest moment sa Greece.txt
/Users/rl-14/Desktop/Celine-Thesis/all-data-reordered/all/JaDine friends lang gayud.txt
/Users/rl-14/Desktop/Celine-Thesis/all-data-reordered/all/JaDine gikataw-an lang ang mga bashers.txt
/Users/rl-14/Desktop/Celine-Thesis/all-data-reordered/all/Jadine mikatap online ang naghalok nga hulagway.txt
/Users/rl-14/Desktop/Celine-Thesis/all-data-reordered/all/Jael nanghawod .txt
/Users/rl-14/Desktop/Celine-Thesis/all-data-reordered/all/Jail officer tiklo sa drug bust.txt
/Users/rl-14/Desktop/Celine-Thesis/all-data-reordered/all/Jail official gi-ambush.txt
/Users/rl-14/Desktop/Celine-Thesis/all-data-reordered/all/Jake Cuenca mas mangtas nga Lizardo.txt
/Users/rl-14/Desktop/Celine-Thesis/all-data-reordered/all/Jake di mag-sorry ni Albie.txt
/Users/rl-14/Desktop/Celine-Thesis/all-data-reordered/all/Jake dili una mag-lovelife.txt
/Users/rl-14/Desktop/Celine-Thesis/all-data-reordered/all/Jake emosyonal kang Ellie.txt
/Users/rl-14/Desktop/Celine-Thesis/all-data-reordered/all/Jake nagpaka-amahan sa anak ni Andi.txt
/Users/rl-14/Desktop/Celine-Thesis/all-data-reordered/all/Jake pursigidong kasohan si Andi.txt
/Users/rl-14/Desktop/Celine-Thesis/all-data-reordered/all/Jake superb inlove sa uyab!.txt
/Users/rl-14/Desktop/Celine-Thesis/all-data-reordered/all/Jake Zyrus thankful sa suporta.txt
/Users/rl-14/Desktop/Celine-Thesis/all-data-reordered/all/Jake, i-career ang indie film.txt
/Users/rl-14/Desktop/Celine-Thesis/all-data-reordered/all/James aduna pa'y ikabuga.txt
/Users/rl-14/Desktop/Celine-Thesis/all-data-reordered/all/James anugonan kon Anthony mobiya sa Knicks.txt
/Users/rl-14/Desktop/Celine-Thesis/all-data-reordered/all/James dili makatupong ni Jordan: Wade.txt
/Users/rl-14/Desktop/Celine-Thesis/all-data-reordered/all/James dili na sab moduwa.txt
/Users/rl-14/Desktop/Celine-Thesis/all-data-reordered/all/James happy sa pag-atiman sa Kapuso kaniya.txt
/Users/rl-14/Desktop/Celine-Thesis/all-data-reordered/all/James love kaayo si Nadine.txt
/Users/rl-14/Desktop/Celine-Thesis/all-data-reordered/all/James maoy mibulgar?.txt
/Users/rl-14/Desktop/Celine-Thesis/all-data-reordered/all/James mi-aswat sa CAVS vs. 76ers.txt
/Users/rl-14/Desktop/Celine-Thesis/all-data-reordered/all/James miagak sa Cavaliers.txt
/Users/rl-14/Desktop/Celine-Thesis/all-data-reordered/all/James miagak sa Team Lebron.txt
/Users/rl-14/Desktop/Celine-Thesis/all-data-reordered/all/James miaswat sa Cavs, 86-84.txt
/Users/rl-14/Desktop/Celine-Thesis/all-data-reordered/all/James miindosar ni Hillary Clinton.txt
/Users/rl-14/Desktop/Celine-Thesis/all-data-reordered/all/James mipili ni Irving, Durant.txt
/Users/rl-14/Desktop/Celine-Thesis/all-data-reordered/all/James miulbo ang kaspa tungod sa sunodsunod nilang kapildihan.txt
/Users/rl-14/Desktop/Celine-Thesis/all-data-reordered/all/James nag-wild.txt
/Users/rl-14/Desktop/Celine-Thesis/all-data-reordered/all/James nagbangis.txt
/Users/rl-14/Desktop/Celine-Thesis/all-data-reordered/all/James naggukod sa kalampusan ni MJ.txt
/Users/rl-14/Desktop/Celine-Thesis/all-data-reordered/all/James posibli makaduwa na.txt
/Users/rl-14/Desktop/Celine-Thesis/all-data-reordered/all/James saludo ni Curry.txt
/Users/rl-14/Desktop/Celine-Thesis/all-data-reordered/all/James supak nga usbon ang format sa playoff.txt
/Users/rl-14/Desktop/Celine-Thesis/all-data-reordered/all/James wa gibasol.txt
/Users/rl-14/Desktop/Celine-Thesis/all-data-reordered/all/James Yap andam kon i-trade sa Star Hotshots.txt
/Users/rl-14/Desktop/Celine-Thesis/all-data-reordered/all/James, Blatt gi-intriga copy.txt
/Users/rl-14/Desktop/Celine-Thesis/all-data-reordered/all/James, Cavaliers determinado.txt
/Users/rl-14/Desktop/Celine-Thesis/all-data-reordered/all/James, Cavaliers gipikhan ni Green.txt
/Users/rl-14/Desktop/Celine-Thesis/all-data-reordered/all/James, Cavs gusto na’ng tiklupon ang East conference finals.txt
/Users/rl-14/Desktop/Celine-Thesis/all-data-reordered/all/James, Cavs milubong sa Magic sa pre-season.txt
/Users/rl-14/Desktop/Celine-Thesis/all-data-reordered/all/James, Cavs mohimo'g adjustments.txt
/Users/rl-14/Desktop/Celine-Thesis/all-data-reordered/all/James, Cavs nakabawos.txt
/Users/rl-14/Desktop/Celine-Thesis/all-data-reordered/all/James, Cavs namungot.txt
/Users/rl-14/Desktop/Celine-Thesis/all-data-reordered/all/James, Cavs nangharos.txt
/Users/rl-14/Desktop/Celine-Thesis/all-data-reordered/all/James, Curry nag-una MVPindex Power 100.txt
/Users/rl-14/Desktop/Celine-Thesis/all-data-reordered/all/James, Curry nag-una sa NBA All-Star voting.txt
/Users/rl-14/Desktop/Celine-Thesis/all-data-reordered/all/James, Curry nangulo.txt
/Users/rl-14/Desktop/Celine-Thesis/all-data-reordered/all/James, Durant nagka-initay.txt
/Users/rl-14/Desktop/Celine-Thesis/all-data-reordered/all/James, Irving mangulo sa East; Curry, Durant nag-una usab sa West.txt
/Users/rl-14/Desktop/Celine-Thesis/all-data-reordered/all/James, Jordan di angay  ikumpara --  Pippen.txt
/Users/rl-14/Desktop/Celine-Thesis/all-data-reordered/all/James, Smith nagkumboya.txt
/Users/rl-14/Desktop/Celine-Thesis/all-data-reordered/all/Janao nagbangis sa Assumption.txt
/Users/rl-14/Desktop/Celine-Thesis/all-data-reordered/all/Janapanese actress, nakadayeg  sa kabuotan ni Cesar.txt
/Users/rl-14/Desktop/Celine-Thesis/all-data-reordered/all/Jancor top 16 kompleto na.txt
/Users/rl-14/Desktop/Celine-Thesis/all-data-reordered/all/Jane ug Arjo wala nag-uyab    .txt
/Users/rl-14/Desktop/Celine-Thesis/all-data-reordered/all/Janella dream mahimong Broadway Star.txt
/Users/rl-14/Desktop/Celine-Thesis/all-data-reordered/all/Janella dream mo-eksena sa Miss Saigon.txt
/Users/rl-14/Desktop/Celine-Thesis/all-data-reordered/all/Janella gibatikos!.txt
/Users/rl-14/Desktop/Celine-Thesis/all-data-reordered/all/Janella gidepensahan si Elmo.txt
/Users/rl-14/Desktop/Celine-Thesis/all-data-reordered/all/Janella midako nga walay amahan.txt
/Users/rl-14/Desktop/Celine-Thesis/all-data-reordered/all/Janine giintrigang tungod ni Aljur nagkabulag ni Elmo.txt
/Users/rl-14/Desktop/Celine-Thesis/all-data-reordered/all/Janine gikilig kang Maine.txt
/Users/rl-14/Desktop/Celine-Thesis/all-data-reordered/all/Janine gikulbaan sa kissing scene!.txt
/Users/rl-14/Desktop/Celine-Thesis/all-data-reordered/all/Janine may panawagan sa mga botante.txt
/Users/rl-14/Desktop/Celine-Thesis/all-data-reordered/all/Janine mikumpirma sa breakup nila ni Elmo.txt
/Users/rl-14/Desktop/Celine-Thesis/all-data-reordered/all/Janine ug Elmo going strong ang relasyon.txt
/Users/rl-14/Desktop/Celine-Thesis/all-data-reordered/all/Janine ug Rayver na?.txt
/Users/rl-14/Desktop/Celine-Thesis/all-data-reordered/all/Janitor sa Davao Airport gipasidunggan sa pag-uli sa sling bag nga dunay P136 mil ka pesos.txt
/Users/rl-14/Desktop/Celine-Thesis/all-data-reordered/all/Japan coaches mitudlo sa Cebu players.txt
/Users/rl-14/Desktop/Celine-Thesis/all-data-reordered/all/Japanese boxer mipirma sa ALA.txt
/Users/rl-14/Desktop/Celine-Thesis/all-data-reordered/all/Japanese National sikop human nga nangmolestiya sa 15 anyos nga dalagita.txt
/Users/rl-14/Desktop/Celine-Thesis/all-data-reordered/all/Japeth nagpaalim.txt
/Users/rl-14/Desktop/Celine-Thesis/all-data-reordered/all/Jasaan nag-una na sa east.txt
/Users/rl-14/Desktop/Celine-Thesis/all-data-reordered/all/Jasmin Curtis mobida sa Mulawin? .txt
/Users/rl-14/Desktop/Celine-Thesis/all-data-reordered/all/Jasmine Curtis lakip sa Aldub movie.txt
/Users/rl-14/Desktop/Celine-Thesis/all-data-reordered/all/Jasmine Curtis mipasalig di pa magminyo.txt
/Users/rl-14/Desktop/Celine-Thesis/all-data-reordered/all/Jasmine dunay mensahe ni Anne.txt
/Users/rl-14/Desktop/Celine-Thesis/all-data-reordered/all/Jasmine gitandi ni Ritz.txt
/Users/rl-14/Desktop/Celine-Thesis/all-data-reordered/all/Jasmine mireak sa mga negatibong press!.txt
/Users/rl-14/Desktop/Celine-Thesis/all-data-reordered/all/Jasmine ‘family first’ kaysa trabaho.txt
/Users/rl-14/Desktop/Celine-Thesis/all-data-reordered/all/Jason Abalos pasok sa bag-ong GMA serye.txt
/Users/rl-14/Desktop/Celine-Thesis/all-data-reordered/all/Jawo, Mon nagkaabot sa SMB-Gins G4 semis.txt
/Users/rl-14/Desktop/Celine-Thesis/all-data-reordered/all/Jaworski midepensa ni Pacquiao.txt
/Users/rl-14/Desktop/Celine-Thesis/all-data-reordered/all/Jaworski mitambag sa Gin Kings.txt
/Users/rl-14/Desktop/Celine-Thesis/all-data-reordered/all/Jaya sa dos gikalipay ni Regine.txt
/Users/rl-14/Desktop/Celine-Thesis/all-data-reordered/all/Jazz giharos sa Warriors.txt
/Users/rl-14/Desktop/Celine-Thesis/all-data-reordered/all/JBL nagtinguha nga makigduwa sa PBA.txt
/Users/rl-14/Desktop/Celine-Thesis/all-data-reordered/all/JC gibaylo ang showbiz kaysa uyab.txt
/Users/rl-14/Desktop/Celine-Thesis/all-data-reordered/all/JC naglisod sa pagbinayot!.txt
/Users/rl-14/Desktop/Celine-Thesis/all-data-reordered/all/JC Santos naay uyab.txt
/Users/rl-14/Desktop/Celine-Thesis/all-data-reordered/all/Jean Garcia feel nga single.txt
/Users/rl-14/Desktop/Celine-Thesis/all-data-reordered/all/Jean Garcia nagsige og pakig-date.txt
/Users/rl-14/Desktop/Celine-Thesis/all-data-reordered/all/Jed Jared abante na sa semis.txt
/Users/rl-14/Desktop/Celine-Thesis/all-data-reordered/all/Jeff Horn modaog: Mugabi.txt
/Users/rl-14/Desktop/Celine-Thesis/all-data-reordered/all/Jeff Horn super excited .txt
/Users/rl-14/Desktop/Celine-Thesis/all-data-reordered/all/Jefferson suspendido.txt
/Users/rl-14/Desktop/Celine-Thesis/all-data-reordered/all/Jehramae nakahilak batok Mau Marcelo .txt
/Users/rl-14/Desktop/Celine-Thesis/all-data-reordered/all/Jehramae Trangia, bag-ong garbo sa Sugbo.txt
/Users/rl-14/Desktop/Celine-Thesis/all-data-reordered/all/Jehramae Trangia, midaug sa kasingkasing sa 'madlang pipol'.txt
/Users/rl-14/Desktop/Celine-Thesis/all-data-reordered/all/Jemar-Celjem kampiyon sa Contractors Sportsfest '17.txt
/Users/rl-14/Desktop/Celine-Thesis/all-data-reordered/all/Jennylyn bag-ong loveteam ni Alden?.txt
/Users/rl-14/Desktop/Celine-Thesis/all-data-reordered/all/Jennylyn dili pa andam mahigugma og usab.txt
/Users/rl-14/Desktop/Celine-Thesis/all-data-reordered/all/Jennylyn gidid-an si Patrick mahulam ilang anak?.txt
/Users/rl-14/Desktop/Celine-Thesis/all-data-reordered/all/Jennylyn gikumpirma ang Koreanovela remake.txt
/Users/rl-14/Desktop/Celine-Thesis/all-data-reordered/all/Jennylyn pressure sa bag-ong serye.txt
/Users/rl-14/Desktop/Celine-Thesis/all-data-reordered/all/Jennylyn walay paki sa Jessy-Luis romance.txt
/Users/rl-14/Desktop/Celine-Thesis/all-data-reordered/all/Jennylyn way movie ni Coco.txt
/Users/rl-14/Desktop/Celine-Thesis/all-data-reordered/all/Jennylyn-John Lloyd movie naisbog na ang playdate.txt
/Users/rl-14/Desktop/Celine-Thesis/all-data-reordered/all/Jersey ni Curry sa college di angay i-retiro: Davidson.txt
/Users/rl-14/Desktop/Celine-Thesis/all-data-reordered/all/Jessy andam maagbat si Angel sa show.txt
/Users/rl-14/Desktop/Celine-Thesis/all-data-reordered/all/Jessy di 'daw' mamatay kung di lakip sa FHM sexiest.txt
/Users/rl-14/Desktop/Celine-Thesis/all-data-reordered/all/Jessy dili na follower ni JM.txt
/Users/rl-14/Desktop/Celine-Thesis/all-data-reordered/all/Jessy gi-abogaran ni Lea.txt
/Users/rl-14/Desktop/Celine-Thesis/all-data-reordered/all/Jessy gidepensahan ni Luis .txt
/Users/rl-14/Desktop/Celine-Thesis/all-data-reordered/all/Jessy ginakilig kung tawgong 'Darna'.txt
/Users/rl-14/Desktop/Celine-Thesis/all-data-reordered/all/Jessy mirampa sa FHM victory party.txt
/Users/rl-14/Desktop/Celine-Thesis/all-data-reordered/all/Jessy miresbak sa basher .txt
/Users/rl-14/Desktop/Celine-Thesis/all-data-reordered/all/Jessy nagtrending sa pangbatikos.txt
/Users/rl-14/Desktop/Celine-Thesis/all-data-reordered/all/Jessy nakadawat og award sa Korea.txt
/Users/rl-14/Desktop/Celine-Thesis/all-data-reordered/all/Jessy ngadto ka Angel: Blooming naman siya ngayon.txt
/Users/rl-14/Desktop/Celine-Thesis/all-data-reordered/all/Jessy paminyuon na sa amahan.txt
/Users/rl-14/Desktop/Celine-Thesis/all-data-reordered/all/Jessy proud sa iyang body.txt
/Users/rl-14/Desktop/Celine-Thesis/all-data-reordered/all/Jessy ug Angel dunay silent war?.txt
/Users/rl-14/Desktop/Celine-Thesis/all-data-reordered/all/Jessy ug Luis gipatawag ni Ate Vi.txt
/Users/rl-14/Desktop/Celine-Thesis/all-data-reordered/all/Jessy ug Luis naghisgot na og kasal.txt
/Users/rl-14/Desktop/Celine-Thesis/all-data-reordered/all/Jessy ug Luis uyab  SunStar.txt
/Users/rl-14/Desktop/Celine-Thesis/all-data-reordered/all/Jessy ‘girlfriend material’.txt
/Users/rl-14/Desktop/Celine-Thesis/all-data-reordered/all/Jessy ‘third party’?.txt
/Users/rl-14/Desktop/Celine-Thesis/all-data-reordered/all/Jessy, 'type' si Luis.txt
/Users/rl-14/Desktop/Celine-Thesis/all-data-reordered/all/JG Summit suportahan sa Team Rama.txt
/Users/rl-14/Desktop/Celine-Thesis/all-data-reordered/all/Jimenez mi-knockout ni Salvador sa 2nd round.txt
/Users/rl-14/Desktop/Celine-Thesis/all-data-reordered/all/Jimenez pabiling wa pay pildi.txt
/Users/rl-14/Desktop/Celine-Thesis/all-data-reordered/all/Jimenez vs Igo sa Sawang.txt
/Users/rl-14/Desktop/Celine-Thesis/all-data-reordered/all/Jiro gibalik sa rehab.txt
/Users/rl-14/Desktop/Celine-Thesis/all-data-reordered/all/JM emotionally hurt - Yassi.txt
/Users/rl-14/Desktop/Celine-Thesis/all-data-reordered/all/JM giduphan sa kaubanan.txt
/Users/rl-14/Desktop/Celine-Thesis/all-data-reordered/all/JMC gipayukbo sa AdDU sa NBTC.txt
/Users/rl-14/Desktop/Celine-Thesis/all-data-reordered/all/JMC nagpabiling way pildi .txt
/Users/rl-14/Desktop/Celine-Thesis/all-data-reordered/all/JMM naa’y nabantayan sa inawayan ni Manny.txt
/Users/rl-14/Desktop/Celine-Thesis/all-data-reordered/all/JMM nagbalik lantaw sa dakong kadaugan.txt
/Users/rl-14/Desktop/Celine-Thesis/all-data-reordered/all/JMM wala’y interes.txt
/Users/rl-14/Desktop/Celine-Thesis/all-data-reordered/all/JO employee sa Mandaue nakuhaan og drugas.txt
/Users/rl-14/Desktop/Celine-Thesis/all-data-reordered/all/JO sa CPDRC drug pusher.txt
/Users/rl-14/Desktop/Celine-Thesis/all-data-reordered/all/JO sa Toledo Hospital makabalik na.txt
/Users/rl-14/Desktop/Celine-Thesis/all-data-reordered/all/Job fair sa Kapitolyo gidagsa.txt
/Users/rl-14/Desktop/Celine-Thesis/all-data-reordered/all/Job order employees sa Kapitolyo dili na kuhaan og tax .txt
/Users/rl-14/Desktop/Celine-Thesis/all-data-reordered/all/Jobs fair ipahigayon sa Pebrero 10 .txt
/Users/rl-14/Desktop/Celine-Thesis/all-data-reordered/all/Jodi miklaro nga wala nag-drugs.txt
/Users/rl-14/Desktop/Celine-Thesis/all-data-reordered/all/Jodi ug Pampi maayo na ang relasyon.txt
/Users/rl-14/Desktop/Celine-Thesis/all-data-reordered/all/Jodi wala midaog sa Best Actress Award.txt
/Users/rl-14/Desktop/Celine-Thesis/all-data-reordered/all/Joey nakurat sa desisyon ni Winwyn.txt
/Users/rl-14/Desktop/Celine-Thesis/all-data-reordered/all/John Lloyd best friend si Angelica.txt
/Users/rl-14/Desktop/Celine-Thesis/all-data-reordered/all/John Lloyd di gusto ikumpara ni Joshua.txt
/Users/rl-14/Desktop/Celine-Thesis/all-data-reordered/all/John Lloyd ug Angelica nagkita sa Hong Kong.txt
/Users/rl-14/Desktop/Celine-Thesis/all-data-reordered/all/John Lloyd, Ellen duna nay anak?.txt
/Users/rl-14/Desktop/Celine-Thesis/all-data-reordered/all/John nagtuo wa maka-abuso si Willie.txt
/Users/rl-14/Desktop/Celine-Thesis/all-data-reordered/all/John Roa, this is Home Concert.txt
/Users/rl-14/Desktop/Celine-Thesis/all-data-reordered/all/John-Jen ug Jadine movie gisabong? .txt
/Users/rl-14/Desktop/Celine-Thesis/all-data-reordered/all/Johndorf giila sa Pag-IBIG: ‘No. 2 Developer’ sa Vis-Min.txt
/Users/rl-14/Desktop/Celine-Thesis/all-data-reordered/all/Johndorf miabli og laing subdivision sa Mactan.txt
/Users/rl-14/Desktop/Celine-Thesis/all-data-reordered/all/Johndorf miambit sa `building a legacy’.txt
/Users/rl-14/Desktop/Celine-Thesis/all-data-reordered/all/Johndorf milusad sa Montierra.txt
/Users/rl-14/Desktop/Celine-Thesis/all-data-reordered/all/Johndorf mipailaila sa Tierra Nava sa Carcar City.txt
/Users/rl-14/Desktop/Celine-Thesis/all-data-reordered/all/Johndorf miugmad sa laing subdivision.txt
/Users/rl-14/Desktop/Celine-Thesis/all-data-reordered/all/Johndorf motunol na sa townhouses sa Navona.txt
/Users/rl-14/Desktop/Celine-Thesis/all-data-reordered/all/Johndorf nag-groundbreaking sa ‘Portville Prime’ sa Mactan.txt
/Users/rl-14/Desktop/Celine-Thesis/all-data-reordered/all/Johndorf-Navona sa Mactan.txt
/Users/rl-14/Desktop/Celine-Thesis/all-data-reordered/all/Johnson nangayo’g pasaylo.txt
/Users/rl-14/Desktop/Celine-Thesis/all-data-reordered/all/Jokic mikulit og record sa NBA.txt
/Users/rl-14/Desktop/Celine-Thesis/all-data-reordered/all/Jolina mibilib ni Melai  SunStar.txt
/Users/rl-14/Desktop/Celine-Thesis/all-data-reordered/all/Jolo dunay wish kang Jodi.txt
/Users/rl-14/Desktop/Celine-Thesis/all-data-reordered/all/Jolo ug Jodi nagbalik?.txt
/Users/rl-14/Desktop/Celine-Thesis/all-data-reordered/all/Jolo, na-trauma!.txt
/Users/rl-14/Desktop/Celine-Thesis/all-data-reordered/all/Jon Ramon Aboitiz: bag-ong chairman sa RAFI.txt
/Users/rl-14/Desktop/Celine-Thesis/all-data-reordered/all/Jones gidakop.txt
/Users/rl-14/Desktop/Celine-Thesis/all-data-reordered/all/Jones gipamulta, pero si James maoy mibayad.txt
/Users/rl-14/Desktop/Celine-Thesis/all-data-reordered/all/Jones gitangtangan sa iyang UFC title.txt
/Users/rl-14/Desktop/Celine-Thesis/all-data-reordered/all/Jones mikulata ni Cormier sa ilang UFC world title fight.txt
/Users/rl-14/Desktop/Celine-Thesis/all-data-reordered/all/Jonzlibz, kampeyon sa 'Araw' DACIBA.txt
/Users/rl-14/Desktop/Celine-Thesis/all-data-reordered/all/Jordan gustong malabwan ni LeBron.txt
/Users/rl-14/Desktop/Celine-Thesis/all-data-reordered/all/Jordan miawhag sa Warriors pagbuak sa 72-10 nga record.txt
/Users/rl-14/Desktop/Celine-Thesis/all-data-reordered/all/Jordan mobisita sa Manila .txt
/Users/rl-14/Desktop/Celine-Thesis/all-data-reordered/all/Jordan sa Mavericks mapunta?.txt
/Users/rl-14/Desktop/Celine-Thesis/all-data-reordered/all/Jordan, Clippers mitipi sa Celtics.txt
/Users/rl-14/Desktop/Celine-Thesis/all-data-reordered/all/Joross mikumpisal sa scandal.txt
/Users/rl-14/Desktop/Celine-Thesis/all-data-reordered/all/JOs, COS sa Mandaue City adunay gratuity pay.txt
/Users/rl-14/Desktop/Celine-Thesis/all-data-reordered/all/Jose dedma sa past ni Maria Ozawa.txt
/Users/rl-14/Desktop/Celine-Thesis/all-data-reordered/all/Joseph nakadayeg ni Maja.txt
/Users/rl-14/Desktop/Celine-Thesis/all-data-reordered/all/Journalists supak nga pakuyogon sa pulis; way problema basta mag-vest lang: opisyal.txt
/Users/rl-14/Desktop/Celine-Thesis/all-data-reordered/all/Jovie ganahan sab sa Luzon .txt
/Users/rl-14/Desktop/Celine-Thesis/all-data-reordered/all/Jovit nakauyab na og lain?.txt
/Users/rl-14/Desktop/Celine-Thesis/all-data-reordered/all/Jovit nihangyo og pagsabot.txt
/Users/rl-14/Desktop/Celine-Thesis/all-data-reordered/all/Jovit sakpan nga mikiringking sa lain.txt
/Users/rl-14/Desktop/Celine-Thesis/all-data-reordered/all/Joy mag-training sa bukid.txt
/Users/rl-14/Desktop/Celine-Thesis/all-data-reordered/all/Joy mibisita sa Bry. Guba.txt
/Users/rl-14/Desktop/Celine-Thesis/all-data-reordered/all/Joy mopakaging sa nasod: Team Tabal.txt
/Users/rl-14/Desktop/Celine-Thesis/all-data-reordered/all/Joy naa'y hangyo.txt
/Users/rl-14/Desktop/Celine-Thesis/all-data-reordered/all/Joy posible pa'ng mabalik RP team .txt
/Users/rl-14/Desktop/Celine-Thesis/all-data-reordered/all/Joy Tabal andam  nga mosakripisyo.txt
/Users/rl-14/Desktop/Celine-Thesis/all-data-reordered/all/Joy Viado mipanaw.txt
/Users/rl-14/Desktop/Celine-Thesis/all-data-reordered/all/Joy, Athlete of the Year.txt
/Users/rl-14/Desktop/Celine-Thesis/all-data-reordered/all/Jr. NBA coaching seminar ipahigayon karong hapon.txt
/Users/rl-14/Desktop/Celine-Thesis/all-data-reordered/all/JRG Gullas Tennis  Cup '17 ipahigayon sa Naga City.txt
/Users/rl-14/Desktop/Celine-Thesis/all-data-reordered/all/JRU high school varsity player namatay.txt
/Users/rl-14/Desktop/Celine-Thesis/all-data-reordered/all/Juarez himuon nga taytayan ni Donaire.txt
/Users/rl-14/Desktop/Celine-Thesis/all-data-reordered/all/Juday miapela og pagsabot kang Maine.txt
/Users/rl-14/Desktop/Celine-Thesis/all-data-reordered/all/Juday wa nanghilabot sa sweldo ni Ryan.txt
/Users/rl-14/Desktop/Celine-Thesis/all-data-reordered/all/Judge miawhag sa dinaliang pagsikop sa killers.txt
/Users/rl-14/Desktop/Celine-Thesis/all-data-reordered/all/Juico, Patafa moporma og appeal committee.txt
/Users/rl-14/Desktop/Celine-Thesis/all-data-reordered/all/Julia Barreto dunay surprise sa amahan.txt
/Users/rl-14/Desktop/Celine-Thesis/all-data-reordered/all/Julia feel si Coco ang mauban sa sunod sa serye.txt
/Users/rl-14/Desktop/Celine-Thesis/all-data-reordered/all/Julia hadlok mag-solo.txt
/Users/rl-14/Desktop/Celine-Thesis/all-data-reordered/all/Julia Montes mibiya sa Star Magic  .txt
/Users/rl-14/Desktop/Celine-Thesis/all-data-reordered/all/Julia Montez ug Coco Martin sekreto lang ang relasyon?.txt
/Users/rl-14/Desktop/Celine-Thesis/all-data-reordered/all/Julia ug Coco naay relasyon?.txt
/Users/rl-14/Desktop/Celine-Thesis/all-data-reordered/all/Julia ug Kathryn imbitado sa debut ni Gabbi   .txt
/Users/rl-14/Desktop/Celine-Thesis/all-data-reordered/all/Julie Anne di carry nga maghubo!.txt
/Users/rl-14/Desktop/Celine-Thesis/all-data-reordered/all/Julie Anne gibatikos tungod ni Benjamin.txt
/Users/rl-14/Desktop/Celine-Thesis/all-data-reordered/all/Julie Anne inspired kang Benjamin Alves.txt
/Users/rl-14/Desktop/Celine-Thesis/all-data-reordered/all/Julie Anne ipaila-ila na.txt
/Users/rl-14/Desktop/Celine-Thesis/all-data-reordered/all/Julie Anne ug Benjamin nagkalawom ang relasyon.txt
/Users/rl-14/Desktop/Celine-Thesis/all-data-reordered/all/Julie Anne, 10 years na sa showbiz.txt
/Users/rl-14/Desktop/Celine-Thesis/all-data-reordered/all/Julie nagmantinil og buyot nga bag.txt
/Users/rl-14/Desktop/Celine-Thesis/all-data-reordered/all/Jumamil Langit nanghawod Lanorteman Triathlon  SunStar.txt
/Users/rl-14/Desktop/Celine-Thesis/all-data-reordered/all/Jumamoy unang Kagay-anong Fiba referee .txt
/Users/rl-14/Desktop/Celine-Thesis/all-data-reordered/all/Jun Cortes giilang 'tatay' sa konseho sa Mandaue mitaliwan na.txt
/Users/rl-14/Desktop/Celine-Thesis/all-data-reordered/all/June Mar moduwa unta sa Gilas kon wa pa ma-injured.txt
/Users/rl-14/Desktop/Celine-Thesis/all-data-reordered/all/June Mar, Dondon mo-reinforce sa UC?.txt
/Users/rl-14/Desktop/Celine-Thesis/all-data-reordered/all/Junior NBA Basketball Camp karong Pebrero 11 libre.txt
/Users/rl-14/Desktop/Celine-Thesis/all-data-reordered/all/Justice League, same old storyline.txt
/Users/rl-14/Desktop/Celine-Thesis/all-data-reordered/all/K.O. ang tinguha.txt
/Users/rl-14/Desktop/Celine-Thesis/all-data-reordered/all/K.O. maoy misyon ni 'King' Arthur.txt
/Users/rl-14/Desktop/Celine-Thesis/all-data-reordered/all/K.O. tuyo sa Hapon.txt
/Users/rl-14/Desktop/Celine-Thesis/all-data-reordered/all/Ka Oris: Pagbuhi sa POW nalangan gumikan sa Somo .txt
/Users/rl-14/Desktop/Celine-Thesis/all-data-reordered/all/KAABAG mosaulog sa ika-11 nga sumad.txt
/Users/rl-14/Desktop/Celine-Thesis/all-data-reordered/all/Kaamulan Chess Tournament karon .txt
/Users/rl-14/Desktop/Celine-Thesis/all-data-reordered/all/Kaangayan ug kamatouran gipaabot sa Oro press club .txt
/Users/rl-14/Desktop/Celine-Thesis/all-data-reordered/all/Kababayen-an sa poultry business.txt
/Users/rl-14/Desktop/Celine-Thesis/all-data-reordered/all/Kabag-ohan sa Pista Senyor.txt
/Users/rl-14/Desktop/Celine-Thesis/all-data-reordered/all/Kabaho sa landfill gireklamo sa mga negusyante.txt
/Users/rl-14/Desktop/Celine-Thesis/all-data-reordered/all/Kabalayan alang sa nangaigo sa bagyong Yolanda gisubhan.txt
/Users/rl-14/Desktop/Celine-Thesis/all-data-reordered/all/Kabanay ni Mark Bautista,nakurat sa iyang expose sa CdeO.txt
/Users/rl-14/Desktop/Celine-Thesis/all-data-reordered/all/Kabanay sa OFW nga gikataho nga nagpakamatay sa Saudi, nagpatabang kang Pangulong Duterte; misinggit ug hustisya.txt
/Users/rl-14/Desktop/Celine-Thesis/all-data-reordered/all/Kabangis mibalik.txt
/Users/rl-14/Desktop/Celine-Thesis/all-data-reordered/all/Kabangis nahibalik.txt
/Users/rl-14/Desktop/Celine-Thesis/all-data-reordered/all/Kabarangayan sa Bantayan nakadawat og cash incentives .txt
/Users/rl-14/Desktop/Celine-Thesis/all-data-reordered/all/Kabataan nga nalambigit sa krimen giatiman sa Bahay Pag-Asa.txt
/Users/rl-14/Desktop/Celine-Thesis/all-data-reordered/all/Kabataan party-list suklan ‘diktadoryang’ Duterte.txt
/Users/rl-14/Desktop/Celine-Thesis/all-data-reordered/all/Kabatan-onan sa kalungsoran gibansay nga mahimong lider.txt
/Users/rl-14/Desktop/Celine-Thesis/all-data-reordered/all/Kabayo nakuyapan.txt
/Users/rl-14/Desktop/Celine-Thesis/all-data-reordered/all/Kabit sa asawa giluba sa bana.txt
/Users/rl-14/Desktop/Celine-Thesis/all-data-reordered/all/Kabit, asawa sapon nagdulog.txt
/Users/rl-14/Desktop/Celine-Thesis/all-data-reordered/all/Kabomberohan naglisod sa pagpawong sa sunog sa Metro Ayala Department Store gumikan sa kabaga sa aso.txt
/Users/rl-14/Desktop/Celine-Thesis/all-data-reordered/all/Kabtangan ni Franz gi-freeze.txt
/Users/rl-14/Desktop/Celine-Thesis/all-data-reordered/all/Kabus nga runners gitagaa’g singlets.txt
/Users/rl-14/Desktop/Celine-Thesis/all-data-reordered/all/Kada adlaw usa ka kriminal sikop sa Carcar.txt
/Users/rl-14/Desktop/Celine-Thesis/all-data-reordered/all/Kadaghanan sa mga asawa biktima sa economic abuse sa ilang mga bana.txt
/Users/rl-14/Desktop/Celine-Thesis/all-data-reordered/all/Kadasig hinagiban sa Green Lancers.txt
/Users/rl-14/Desktop/Celine-Thesis/all-data-reordered/all/Kadaugang emosyonal.txt
/Users/rl-14/Desktop/Celine-Thesis/all-data-reordered/all/Kadaut naghuwat sa mga motor nga gi-impound.txt
/Users/rl-14/Desktop/Celine-Thesis/all-data-reordered/all/Kadayawan himuong simple ang selebrasyon.txt
/Users/rl-14/Desktop/Celine-Thesis/all-data-reordered/all/Kadayawan Village sa mga Lumad, gidagsa sa mga lokal ug langyaw nga mga bloggers.txt
/Users/rl-14/Desktop/Celine-Thesis/all-data-reordered/all/Kadayawan: Kabahin sa kanindot sa Davao.txt
/Users/rl-14/Desktop/Celine-Thesis/all-data-reordered/all/Kadudahang grupo sa Talisay nabantayan.txt
/Users/rl-14/Desktop/Celine-Thesis/all-data-reordered/all/Kadudahang mga tawo midagsa sa Lapu-Lapu.txt
/Users/rl-14/Desktop/Celine-Thesis/all-data-reordered/all/Kagamhanang Lokal mipatiwala sa nanag-iya sa yuta ug sa mga illegal settlers sa Maa ning syudad.txt
/Users/rl-14/Desktop/Celine-Thesis/all-data-reordered/all/Kagawad Nacaya wala kauyon sa pamaagi sa kanhi partido.txt
/Users/rl-14/Desktop/Celine-Thesis/all-data-reordered/all/Kagawad nagpusil sa anak.txt
/Users/rl-14/Desktop/Celine-Thesis/all-data-reordered/all/Kagawad sa Davao Oriental gipusil .txt
/Users/rl-14/Desktop/Celine-Thesis/all-data-reordered/all/Kagawad sa lungsod misurender .txt
/Users/rl-14/Desktop/Celine-Thesis/all-data-reordered/all/Kagawad, bana ug anak dakpan sa drug operation.txt
/Users/rl-14/Desktop/Celine-Thesis/all-data-reordered/all/Kagay-anon molumba sa 3rd Lanorteman Triathlon .txt
/Users/rl-14/Desktop/Celine-Thesis/all-data-reordered/all/Kagay-anong Borling apil sa 3rd Lanorteman.txt
/Users/rl-14/Desktop/Celine-Thesis/all-data-reordered/all/Kagay-anong Jenefer Paloma mi-qualify sa Ironman world championship.txt
/Users/rl-14/Desktop/Celine-Thesis/all-data-reordered/all/Kagay-anong Jhon Patrick Curilan milanding sa ika-duha .txt
/Users/rl-14/Desktop/Celine-Thesis/all-data-reordered/all/Kagay-anong Paloma moapil sa Butuan .txt
/Users/rl-14/Desktop/Celine-Thesis/all-data-reordered/all/Kagay-anong PBA stars gapanikad na .txt
/Users/rl-14/Desktop/Celine-Thesis/all-data-reordered/all/Kagayanon, Jasaanon ipadala sa South Korea.txt
/Users/rl-14/Desktop/Celine-Thesis/all-data-reordered/all/Kagayanong Alcantara dismayado sa iyang kapildihan .txt
/Users/rl-14/Desktop/Celine-Thesis/all-data-reordered/all/Kagayanong Alcantara ug Indonesian partner andam na batok World rated.txt
/Users/rl-14/Desktop/Celine-Thesis/all-data-reordered/all/Kagayanong Alcantara ug Indonesian partner sa finals na! .txt
/Users/rl-14/Desktop/Celine-Thesis/all-data-reordered/all/Kagayanong Arsenal mihawod sa Chicago Open .txt
/Users/rl-14/Desktop/Celine-Thesis/all-data-reordered/all/Kagayanong Fernandez abante sa finals.txt
/Users/rl-14/Desktop/Celine-Thesis/all-data-reordered/all/Kagayanong Jabiniao gakampanya sa UFC.txt
/Users/rl-14/Desktop/Celine-Thesis/all-data-reordered/all/Kagayanong Malubay moaway sa TPG-5.txt
/Users/rl-14/Desktop/Celine-Thesis/all-data-reordered/all/Kagayanong Mercado nagpahugyaw sa Pacquiao tournament .txt
/Users/rl-14/Desktop/Celine-Thesis/all-data-reordered/all/Kagayanong Nambatac: 'Skwela sa una, haya basketball'.txt
/Users/rl-14/Desktop/Celine-Thesis/all-data-reordered/all/Kagayanong Paloma nanghawod na sab!.txt
/Users/rl-14/Desktop/Celine-Thesis/all-data-reordered/all/Kagayanong Paloma nikampyeon.txt
/Users/rl-14/Desktop/Celine-Thesis/all-data-reordered/all/Kaging! .txt
/Users/rl-14/Desktop/Celine-Thesis/all-data-reordered/all/Kagubot diriyot miulbo sa sungi sa yuta.txt
/Users/rl-14/Desktop/Celine-Thesis/all-data-reordered/all/Kagubot hinungdan sa pag-ubos sa nangapil sa Milo Olympics.txt
/Users/rl-14/Desktop/Celine-Thesis/all-data-reordered/all/Kahanas ni Curry ihurot na og buga.txt
/Users/rl-14/Desktop/Celine-Thesis/all-data-reordered/all/Kahigayunan gihatag sa Liloan sa mga durugista.txt
/Users/rl-14/Desktop/Celine-Thesis/all-data-reordered/all/Kainit sa Alab nagpadayon.txt
/Users/rl-14/Desktop/Celine-Thesis/all-data-reordered/all/Kainit sa Alab-Pilipinas nagpadayon.txt
/Users/rl-14/Desktop/Celine-Thesis/all-data-reordered/all/Kainit sa Metro Cebu grabe; ‘pamandong’.txt
/Users/rl-14/Desktop/Celine-Thesis/all-data-reordered/all/Kakahoyan  palambuon: Palma.txt
/Users/rl-14/Desktop/Celine-Thesis/all-data-reordered/all/Kakai mitubag sa mga bashers.txt
/Users/rl-14/Desktop/Celine-Thesis/all-data-reordered/all/Kalag Kalag sa Mandaue, Lapu malinawon.txt
/Users/rl-14/Desktop/Celine-Thesis/all-data-reordered/all/Kalag sa pari nagparamdam.txt
/Users/rl-14/Desktop/Celine-Thesis/all-data-reordered/all/Kalambigitan sa polis gikasubo.txt
/Users/rl-14/Desktop/Celine-Thesis/all-data-reordered/all/Kalamboan sa paglimpyo og sapa .txt
/Users/rl-14/Desktop/Celine-Thesis/all-data-reordered/all/Kalan-onon festival gikatakda sa Talisayan.txt
/Users/rl-14/Desktop/Celine-Thesis/all-data-reordered/all/Kalangay sa pagbakwit sa nasunogan gibasol sa kontraktor.txt
/Users/rl-14/Desktop/Celine-Thesis/all-data-reordered/all/Kalayaan Jobs Fair sa Cebu City Sports Complex.txt
/Users/rl-14/Desktop/Celine-Thesis/all-data-reordered/all/Kalbaryo napun-an.txt
/Users/rl-14/Desktop/Celine-Thesis/all-data-reordered/all/Kalbaryo sa Hotshots gisumpayan sa Alaska Aces .txt
/Users/rl-14/Desktop/Celine-Thesis/all-data-reordered/all/Kalibanga miigo sa Malabuyoc.txt
/Users/rl-14/Desktop/Celine-Thesis/all-data-reordered/all/Kalibutan ampingan.txt
/Users/rl-14/Desktop/Celine-Thesis/all-data-reordered/all/Kaligutgot.txt
/Users/rl-14/Desktop/Celine-Thesis/all-data-reordered/all/Kalihokan sa Chinese New Year sugdan karong Sabado.txt
/Users/rl-14/Desktop/Celine-Thesis/all-data-reordered/all/Kalihokan sa Higalaay Festival kasado na .txt
/Users/rl-14/Desktop/Celine-Thesis/all-data-reordered/all/Kalihokan sa Lapu City Hall wa matarog.txt
/Users/rl-14/Desktop/Celine-Thesis/all-data-reordered/all/Kalihukan, kalingawan sa Metro Cebu.txt
/Users/rl-14/Desktop/Celine-Thesis/all-data-reordered/all/Kalilangan 2018, gigahinan ug P4.5 milyon nga budget; Si Malakas at Si Maganda Doble Kara Singing Contest, ipahigayon sa Bombo Radyo.txt
/Users/rl-14/Desktop/Celine-Thesis/all-data-reordered/all/Kalimpiyo sa evacuation center sa nasunogan gitutokan sa RAFI.txt
/Users/rl-14/Desktop/Celine-Thesis/all-data-reordered/all/Kalinaw, nag unang pangandoy sa Chinese New Year 2018 sa CdeO.txt
/Users/rl-14/Desktop/Celine-Thesis/all-data-reordered/all/Kaliwaan scheme gipatuman sa NGCP.txt
/Users/rl-14/Desktop/Celine-Thesis/all-data-reordered/all/Kalma lang: Tumulak sa publiko; seguridad sa Sinulog pahugtan.txt
/Users/rl-14/Desktop/Celine-Thesis/all-data-reordered/all/Kalugak sa pagpatuman sa balaud gibasol.txt
/Users/rl-14/Desktop/Celine-Thesis/all-data-reordered/all/Kaluwasan sa victory party ni Duterte gipasalig sa pulis.txt
/Users/rl-14/Desktop/Celine-Thesis/all-data-reordered/all/Kamahal sa pag-hire og developer hagit sa mga negusyante.txt
/Users/rl-14/Desktop/Celine-Thesis/all-data-reordered/all/Kamatayon sa Korean national wa pa matino.txt
/Users/rl-14/Desktop/Celine-Thesis/all-data-reordered/all/Kamatayon sa SAF 44 gideklarar nga "Day of National Remembrance".txt
/Users/rl-14/Desktop/Celine-Thesis/all-data-reordered/all/Kamatayon sa SAF 44 gihinumdom.txt
/Users/rl-14/Desktop/Celine-Thesis/all-data-reordered/all/Kamay-ong ni Caguioa bida sab sa Gins fans day.txt
/Users/rl-14/Desktop/Celine-Thesis/all-data-reordered/all/Kampanya batok dengue gihimo.txt
/Users/rl-14/Desktop/Celine-Thesis/all-data-reordered/all/Kampanya batok dengue hingusgan.txt
/Users/rl-14/Desktop/Celine-Thesis/all-data-reordered/all/Kampanya batok dengue sa Lapu gihingusgan.txt
/Users/rl-14/Desktop/Celine-Thesis/all-data-reordered/all/Kampanya batok gidiling drugas apil sa budget ni Quisumbing sa 2017.txt
/Users/rl-14/Desktop/Celine-Thesis/all-data-reordered/all/Kampanya batok ilegal nga panagat gihigpitan .txt
/Users/rl-14/Desktop/Celine-Thesis/all-data-reordered/all/Kampanya batok kolurom pahugtan.txt
/Users/rl-14/Desktop/Celine-Thesis/all-data-reordered/all/Kampanya batok sa drugas sa Central Visayas hingusgan: Doria.txt
/Users/rl-14/Desktop/Celine-Thesis/all-data-reordered/all/Kampanya kontra sunog gipakusgan.txt
/Users/rl-14/Desktop/Celine-Thesis/all-data-reordered/all/Kampanya kontra tipdas gilugwayan pa.txt
/Users/rl-14/Desktop/Celine-Thesis/all-data-reordered/all/Kampanya nga pakauwaw sa mga durugista sa Pajo gisusi sa CHR: opisyal.txt
/Users/rl-14/Desktop/Celine-Thesis/all-data-reordered/all/Kampanya sa drugs mapiang?.txt
/Users/rl-14/Desktop/Celine-Thesis/all-data-reordered/all/Kampanya sa MCWD tungod sa huwaw.txt
/Users/rl-14/Desktop/Celine-Thesis/all-data-reordered/all/Kampanya sa pederalismo.txt
/Users/rl-14/Desktop/Celine-Thesis/all-data-reordered/all/Kampanya sa Pilipinas ipasusi.txt
/Users/rl-14/Desktop/Celine-Thesis/all-data-reordered/all/Kampeyon sa boxing mag-invest  .txt
/Users/rl-14/Desktop/Celine-Thesis/all-data-reordered/all/Kampo ni Duterte miawhag magbantay tikas sa eleksyon.txt
/Users/rl-14/Desktop/Celine-Thesis/all-data-reordered/all/Kampo ni Horn malaumon.txt
/Users/rl-14/Desktop/Celine-Thesis/all-data-reordered/all/Kampo ni Kerwin Espinosa , wala magkumpyansa bisan ug mibakwi na sa iyahang testimoniya ang usa sa mga witnesses batok kaniya.txt
/Users/rl-14/Desktop/Celine-Thesis/all-data-reordered/all/Kampo ni Miro miawhag sa RSOG.txt
/Users/rl-14/Desktop/Celine-Thesis/all-data-reordered/all/Kampo ni Pacquiao wa mabalaka sa mga kiha.txt
/Users/rl-14/Desktop/Celine-Thesis/all-data-reordered/all/Kampo sa militar sa North Cotabato gihasi .txt
/Users/rl-14/Desktop/Celine-Thesis/all-data-reordered/all/Kampong Tabal mopahigayon og victory party karong gabii.txt
/Users/rl-14/Desktop/Celine-Thesis/all-data-reordered/all/Kampyeon na gayud!.txt
/Users/rl-14/Desktop/Celine-Thesis/all-data-reordered/all/Kampyon sa Mr. Phyton.txt
/Users/rl-14/Desktop/Celine-Thesis/all-data-reordered/all/Kandidato gibanhigan; laing 3 kauban luwas sa kamatayon   .txt
/Users/rl-14/Desktop/Celine-Thesis/all-data-reordered/all/Kandidato pagka-mayor sa Balila, Bukidnon gipatay.txt
/Users/rl-14/Desktop/Celine-Thesis/all-data-reordered/all/Kandidato sa barangay elections ipa-drug test.txt
/Users/rl-14/Desktop/Celine-Thesis/all-data-reordered/all/Kandila miugdaw sa edipisyo.txt
/Users/rl-14/Desktop/Celine-Thesis/all-data-reordered/all/Kanhe SB Member sa Santiago, Agusan Del Norte, dakpan sa raid sa CIDG.txt
/Users/rl-14/Desktop/Celine-Thesis/all-data-reordered/all/Kanhi barangay konsehal sikop sa drug buy-bust .txt
/Users/rl-14/Desktop/Celine-Thesis/all-data-reordered/all/Kanhi bihag sa Maute sapong nagsuyop.txt
/Users/rl-14/Desktop/Celine-Thesis/all-data-reordered/all/Kanhi binilanggo napatay .txt
/Users/rl-14/Desktop/Celine-Thesis/all-data-reordered/all/Kanhi coach sa Lakers nasurprisa sa pagkataktak.txt
/Users/rl-14/Desktop/Celine-Thesis/all-data-reordered/all/Kanhi coach sa Pacers nakuha na sa Orlando.txt
/Users/rl-14/Desktop/Celine-Thesis/all-data-reordered/all/Kanhi empleyado sa mall, na aktuhan nga namaligya ug iligal nga droga.txt
/Users/rl-14/Desktop/Celine-Thesis/all-data-reordered/all/Kanhi house justice chairman Atty. Tupas, nabag-uhan sa pamaagi karon sa pag impeach kang Sereno.txt
/Users/rl-14/Desktop/Celine-Thesis/all-data-reordered/all/Kanhi hugaw nga kanal karon Koi pond na.txt
/Users/rl-14/Desktop/Celine-Thesis/all-data-reordered/all/Kanhi jail warden, laing 10 imbestigahon sa CODI.txt
/Users/rl-14/Desktop/Celine-Thesis/all-data-reordered/all/Kanhi kapitan gipatay.txt
/Users/rl-14/Desktop/Celine-Thesis/all-data-reordered/all/Kanhi kapitan sa Barangay Agus, Dakbayan sa Lapu-Lapu, gipusil, patay’.txt
/Users/rl-14/Desktop/Celine-Thesis/all-data-reordered/all/Kanhi konsehal sa lungsod sa MisOr, sikop.txt
/Users/rl-14/Desktop/Celine-Thesis/all-data-reordered/all/Kanhi mayor gidakop sa pulis, mipiyansa.txt
/Users/rl-14/Desktop/Celine-Thesis/all-data-reordered/all/Kanhi mayor midepensa sa iyang kaugalingon.txt
/Users/rl-14/Desktop/Celine-Thesis/all-data-reordered/all/Kanhi mayor nga naa sa listahan misurender.txt
/Users/rl-14/Desktop/Celine-Thesis/all-data-reordered/all/Kanhi mayor pasakaan og kaso.txt
/Users/rl-14/Desktop/Celine-Thesis/all-data-reordered/all/Kanhi Mayor sa Oro dili mosibog.txt
/Users/rl-14/Desktop/Celine-Thesis/all-data-reordered/all/Kanhi mayor, uban pa dakpon.txt
/Users/rl-14/Desktop/Celine-Thesis/all-data-reordered/all/Kanhi misis ni 'Tongol' nadakpan.txt
/Users/rl-14/Desktop/Celine-Thesis/all-data-reordered/all/Kanhi OFW sa Kuwait nagbalik-lantaw sa mapa-it nga kasinati-an; uyun sa OFW banning.txt
/Users/rl-14/Desktop/Celine-Thesis/all-data-reordered/all/Kanhi OFW, mitambag aron malikayan nga mabiktima sa illegal recruiter.txt
/Users/rl-14/Desktop/Celine-Thesis/all-data-reordered/all/Kanhi operations chief sa CCTO, naa na sa CSBT.txt
/Users/rl-14/Desktop/Celine-Thesis/all-data-reordered/all/Kanhi opisyal sa DAR gipatay .txt
/Users/rl-14/Desktop/Celine-Thesis/all-data-reordered/all/Kanhi opisyal sa NTC, gipasagdan ang broadcast industry sa rehiyon XI.txt
/Users/rl-14/Desktop/Celine-Thesis/all-data-reordered/all/Kanhi PBA player patay.txt
/Users/rl-14/Desktop/Celine-Thesis/all-data-reordered/all/Kanhi PDEA agent nasikop sa buy bust sa Pardo police.txt
/Users/rl-14/Desktop/Celine-Thesis/all-data-reordered/all/Kanhi PMA cadet gitipi.txt
/Users/rl-14/Desktop/Celine-Thesis/all-data-reordered/all/Kanhi presidente sa IBP giatake sa kasingkasing, patay.txt
/Users/rl-14/Desktop/Celine-Thesis/all-data-reordered/all/Kanhi priso gipusil patay.txt
/Users/rl-14/Desktop/Celine-Thesis/all-data-reordered/all/Kanhi priso nasikop .txt
/Users/rl-14/Desktop/Celine-Thesis/all-data-reordered/all/Kanhi pulis nadakpan sa PDEA 7.txt
/Users/rl-14/Desktop/Celine-Thesis/all-data-reordered/all/Kanhi pulis nasikop sa raid.txt
/Users/rl-14/Desktop/Celine-Thesis/all-data-reordered/all/Kanhi pulis nga suspek sa pagpatay sa 3 ka miyembro sa pamilya sa Caloocan City, nadakpan sa Butuan City.txt
/Users/rl-14/Desktop/Celine-Thesis/all-data-reordered/all/Kanhi pulis sikop.txt
/Users/rl-14/Desktop/Celine-Thesis/all-data-reordered/all/Kanhi pulis, gipusil patay; tigbantay sa buwangan nga miharang sa mga suspetsado gipusil usab.txt
/Users/rl-14/Desktop/Celine-Thesis/all-data-reordered/all/Kanhi Pulis, gipusil-Patay!.txt
/Users/rl-14/Desktop/Celine-Thesis/all-data-reordered/all/Kanhi sakop sa Golden State Warriors gikuha sa GlobalPort.txt
/Users/rl-14/Desktop/Celine-Thesis/all-data-reordered/all/Kanhi sarhentong sundalo gitodas.txt
/Users/rl-14/Desktop/Celine-Thesis/all-data-reordered/all/Kanhi sikyu nga `mipatay’ sa kustomer sa dept. store sikop.txt
/Users/rl-14/Desktop/Celine-Thesis/all-data-reordered/all/Kanhi sundalo lakip sa gidala sa Maute Group.txt
/Users/rl-14/Desktop/Celine-Thesis/all-data-reordered/all/Kanhi sundalo naghikog gamit ang granada gumikan sa grabe nga sakit.txt
/Users/rl-14/Desktop/Celine-Thesis/all-data-reordered/all/Kanhi sundalo sikop sa drug bust  SunStar.txt
/Users/rl-14/Desktop/Celine-Thesis/all-data-reordered/all/Kanhi sundawo nga bodyguard sa pulitiko nasikop.txt
/Users/rl-14/Desktop/Celine-Thesis/all-data-reordered/all/Kanhi URCC champ mag-cornerman sa TPG5.txt
/Users/rl-14/Desktop/Celine-Thesis/all-data-reordered/all/Kanhi Vice Mayor Paolo Duterte, nagpabiling taas ang trust rating sa gihimong survey.txt
/Users/rl-14/Desktop/Celine-Thesis/all-data-reordered/all/Kanimo Joy, Pit Senyor!.txt
/Users/rl-14/Desktop/Celine-Thesis/all-data-reordered/all/Kano nailad sa bayot mitiyabaw .txt
/Users/rl-14/Desktop/Celine-Thesis/all-data-reordered/all/Kanselado.txt
/Users/rl-14/Desktop/Celine-Thesis/all-data-reordered/all/Kaon ta! Blue Post gibuksan ang ika-tulong branch.txt
/Users/rl-14/Desktop/Celine-Thesis/all-data-reordered/all/Kap Gigi: Modagan si Paloma sa YMCA .txt
/Users/rl-14/Desktop/Celine-Thesis/all-data-reordered/all/Kapabilidad sa Mactan bridge gisusi alang sa solar panels.txt
/Users/rl-14/Desktop/Celine-Thesis/all-data-reordered/all/Kapamilya mapasalamaton ni Kris.txt
/Users/rl-14/Desktop/Celine-Thesis/all-data-reordered/all/Kapamilya Stars adunay tradisyon sa Holy Week.txt
/Users/rl-14/Desktop/Celine-Thesis/all-data-reordered/all/Kapestahan sa Shrine of the Holy Infant Jesus of Prague gidagsa na sa mga tawo.txt
/Users/rl-14/Desktop/Celine-Thesis/all-data-reordered/all/Kapikas ni Marwan ug 4 pa,sikop sa PNP-AFP ops sa Lanao Norte.txt
/Users/rl-14/Desktop/Celine-Thesis/all-data-reordered/all/Kapin 1 milyon na ang natokhang sa NorMin.txt
/Users/rl-14/Desktop/Celine-Thesis/all-data-reordered/all/Kapin 1,000 units sa pabalay alang sa PNP ug mga sundalo napasagdan na sa GenSan.txt
/Users/rl-14/Desktop/Celine-Thesis/all-data-reordered/all/Kapin 10 ka mga doktor ikiha.txt
/Users/rl-14/Desktop/Celine-Thesis/all-data-reordered/all/Kapin 100 ka tawo mitahan.txt
/Users/rl-14/Desktop/Celine-Thesis/all-data-reordered/all/Kapin 13 mil ka mga 4Ps benefeciaries sa Region 11 gitangtang sa listahan.txt
/Users/rl-14/Desktop/Celine-Thesis/all-data-reordered/all/Kapin 20 ka pamilya apektado sa baha sa GenSan.txt
/Users/rl-14/Desktop/Celine-Thesis/all-data-reordered/all/Kapin 20 mil nga mga tawo misaksi sa Sinulog sa Kabataan sa Lalawigan.txt
/Users/rl-14/Desktop/Celine-Thesis/all-data-reordered/all/Kapin 40 ka athleta sa Butuan City, misalmot sa Batang Pinoy sa Oroquita City, Misamis Occidental.txt
/Users/rl-14/Desktop/Celine-Thesis/all-data-reordered/all/Kapin 8,000 miapil sa Bulawan Fun Run.txt
/Users/rl-14/Desktop/Celine-Thesis/all-data-reordered/all/Kapin 80-milyones pesos nga shabu, nakumpiska sa kapulisan ning rehiyon sa duha ka tuig nga operasyon.txt
/Users/rl-14/Desktop/Celine-Thesis/all-data-reordered/all/kapin 90 mil ka mga bata naka-benepisyo sa feeding program sa DSWD latas sa rehiyon.txt
/Users/rl-14/Desktop/Celine-Thesis/all-data-reordered/all/Kapin P200 mil nga druga nasakmit.txt
/Users/rl-14/Desktop/Celine-Thesis/all-data-reordered/all/Kapin P21 mil nga bayrunon gisibatan.txt
/Users/rl-14/Desktop/Celine-Thesis/all-data-reordered/all/Kapin pito ka libo ka business permits, napagawas sa GenSan BPLD One Stop Shop.txt
/Users/rl-14/Desktop/Celine-Thesis/all-data-reordered/all/Kapin sa 100 ka pulis bantay sa mga kalihukan sa Birhen.txt
/Users/rl-14/Desktop/Celine-Thesis/all-data-reordered/all/Kapin sa 100 ka TNVS mi-apply.txt
/Users/rl-14/Desktop/Celine-Thesis/all-data-reordered/all/Kapin sa 500 ka mga pulis sa Caraga Region, na-promote.txt
/Users/rl-14/Desktop/Celine-Thesis/all-data-reordered/all/Kapin sa libo ka pulis ipakatap karong adlawa.txt
/Users/rl-14/Desktop/Celine-Thesis/all-data-reordered/all/Kapin sa P1M gigahin sa SM2SM Run.txt
/Users/rl-14/Desktop/Celine-Thesis/all-data-reordered/all/Kapin usa ka gatus ka kanhe rebelde sa Caraga, kasamtangang gisuroy sa kauluhan lakip na sa Malacañang.txt
/Users/rl-14/Desktop/Celine-Thesis/all-data-reordered/all/Kapin usa ka libo ka empleyado sa mining company sa Agusan del Norte, apektado sa 3 ka buwang suspension of work.txt
/Users/rl-14/Desktop/Celine-Thesis/all-data-reordered/all/Kapistahan sa Black Nazarene malinawon  SunStar.txt
/Users/rl-14/Desktop/Celine-Thesis/all-data-reordered/all/Kapitan 'namalit' og boto sikop.txt
/Users/rl-14/Desktop/Celine-Thesis/all-data-reordered/all/Kapitan Babaran gidala na sa city jail.txt
/Users/rl-14/Desktop/Celine-Thesis/all-data-reordered/all/Kapitan gi-ambush, patay .txt
/Users/rl-14/Desktop/Celine-Thesis/all-data-reordered/all/Kapitan midepensa sa refilling station?.txt
/Users/rl-14/Desktop/Celine-Thesis/all-data-reordered/all/Kapitan mipakita og sex organ?.txt
/Users/rl-14/Desktop/Celine-Thesis/all-data-reordered/all/Kapitan nagdala'g mga armas, shabu giposasan.txt
/Users/rl-14/Desktop/Celine-Thesis/all-data-reordered/all/Kapitan nahagbong sa gisakyan nga ambulansiya, patay.txt
/Users/rl-14/Desktop/Celine-Thesis/all-data-reordered/all/Kapitan nasikop human namalit og boto.txt
/Users/rl-14/Desktop/Celine-Thesis/all-data-reordered/all/Kapitan nasikop sa PIB.txt
/Users/rl-14/Desktop/Celine-Thesis/all-data-reordered/all/Kapitan nasikop sa raid.txt
/Users/rl-14/Desktop/Celine-Thesis/all-data-reordered/all/Kapitan Navarro namatay.txt
/Users/rl-14/Desktop/Celine-Thesis/all-data-reordered/all/Kapitan nga babaye wa mahadlok sa pushers.txt
/Users/rl-14/Desktop/Celine-Thesis/all-data-reordered/all/Kapitan padung sabong, gipatay  .txt
/Users/rl-14/Desktop/Celine-Thesis/all-data-reordered/all/Kapitan positibo sa drug test: Noble.txt
/Users/rl-14/Desktop/Celine-Thesis/all-data-reordered/all/Kapitan sa barko gipatay sa Oro.txt
/Users/rl-14/Desktop/Celine-Thesis/all-data-reordered/all/Kapitan sa Cubacub nangayo og pasaylo: Quisumbing.txt
/Users/rl-14/Desktop/Celine-Thesis/all-data-reordered/all/Kapitan sa Pajo biktima sab sa skimming sa ATM card.txt
/Users/rl-14/Desktop/Celine-Thesis/all-data-reordered/all/Kapitan sa Toledo nasikop sa PDEA.txt
/Users/rl-14/Desktop/Celine-Thesis/all-data-reordered/all/Kapitan sikop sulod sa hospital.txt
/Users/rl-14/Desktop/Celine-Thesis/all-data-reordered/all/Kapitan, tanod namusil og warden.txt
/Users/rl-14/Desktop/Celine-Thesis/all-data-reordered/all/Kapitolyo miabag sa pagpanglimpyo sa dakbayan.txt
/Users/rl-14/Desktop/Celine-Thesis/all-data-reordered/all/Kapitolyo mikita og P3.5 billion.txt
/Users/rl-14/Desktop/Celine-Thesis/all-data-reordered/all/Kapitolyo mikontak sa US embassy.txt
/Users/rl-14/Desktop/Celine-Thesis/all-data-reordered/all/Kapitolyo mipalit og 8 ka sakyanan.txt
/Users/rl-14/Desktop/Celine-Thesis/all-data-reordered/all/Kapitolyo mitubag sa COA bahin sa pagsuspenso sa Suroy-Suroy.txt
/Users/rl-14/Desktop/Celine-Thesis/all-data-reordered/all/Kapitolyo sa 4th  Serbisyo Karaban alang sa Oslob.txt
/Users/rl-14/Desktop/Celine-Thesis/all-data-reordered/all/Kapitolyo, LDS naghiusa sa wheelchairs project.txt
/Users/rl-14/Desktop/Celine-Thesis/all-data-reordered/all/Kapolisan aduna na’y lead sa killer sa USTP president.txt
/Users/rl-14/Desktop/Celine-Thesis/all-data-reordered/all/Kapolisan alert level 3 sa Asean Summit .txt
/Users/rl-14/Desktop/Celine-Thesis/all-data-reordered/all/Kapolisan alerto sa Bag-ong Tuig .txt
/Users/rl-14/Desktop/Celine-Thesis/all-data-reordered/all/Kapolisan alerto sa hulga sa pagpamomba.txt
/Users/rl-14/Desktop/Celine-Thesis/all-data-reordered/all/Kapolisan dunay bag-ong bersyon sa Oplan Tokhang  SunStar.txt
/Users/rl-14/Desktop/Celine-Thesis/all-data-reordered/all/Kapolisan gialerto atol sa Development Forum sa Davao  .txt
/Users/rl-14/Desktop/Celine-Thesis/all-data-reordered/all/Kapolisan gikinahanglan sa giyera kontra druga .txt
/Users/rl-14/Desktop/Celine-Thesis/all-data-reordered/all/Kapolisan mipasabot sa State of Lawlessness.txt
/Users/rl-14/Desktop/Celine-Thesis/all-data-reordered/all/Kapolisan mipasalig sa seguridad .txt
/Users/rl-14/Desktop/Celine-Thesis/all-data-reordered/all/Kapolisan nanawagan ihunong ang paglambigit sa druga.txt
/Users/rl-14/Desktop/Celine-Thesis/all-data-reordered/all/Kapolisan nasubo sa pagkalambigit ni Nobleza sa Abu Sayyaf.txt
/Users/rl-14/Desktop/Celine-Thesis/all-data-reordered/all/Kapolisan sa Cocpo nagnegatibo sa drug test.txt
/Users/rl-14/Desktop/Celine-Thesis/all-data-reordered/all/Kapolisan sa Northern Mindanao dili mohunong .txt
/Users/rl-14/Desktop/Celine-Thesis/all-data-reordered/all/Kapolisan sa Northern Mindanao naka-full alert.txt
/Users/rl-14/Desktop/Celine-Thesis/all-data-reordered/all/Kapolisan sa Oro alerto.txt
/Users/rl-14/Desktop/Celine-Thesis/all-data-reordered/all/Kapolisan, nanganti sa pagsikop sa daghan pang bigtime shabu operators sa syudad.txt
/Users/rl-14/Desktop/Celine-Thesis/all-data-reordered/all/Kapolisan: Walay kidnapping  .txt
/Users/rl-14/Desktop/Celine-Thesis/all-data-reordered/all/Kapulisan aduna nay suspek sa kidnap ni Larrazabal.txt
/Users/rl-14/Desktop/Celine-Thesis/all-data-reordered/all/Kapulisan alerto nunot sa pagkakanselar sa peace talk.txt
/Users/rl-14/Desktop/Celine-Thesis/all-data-reordered/all/Kapulisan alerto sa presensya sa Sayyaf.txt
/Users/rl-14/Desktop/Celine-Thesis/all-data-reordered/all/Kapulisan andam na sa 2 ka adlaw nga simulation exercise.txt
/Users/rl-14/Desktop/Celine-Thesis/all-data-reordered/all/Kapulisan andam na sa pagbukas sa Sinulog.txt
/Users/rl-14/Desktop/Celine-Thesis/all-data-reordered/all/Kapulisan andam na sa protesta sa militante.txt
/Users/rl-14/Desktop/Celine-Thesis/all-data-reordered/all/Kapulisan bansayon paggamit sa armas .txt
/Users/rl-14/Desktop/Celine-Thesis/all-data-reordered/all/Kapulisan gialerto; mga opisyal nahasubo sa hitabo.txt
/Users/rl-14/Desktop/Celine-Thesis/all-data-reordered/all/Kapulisan gitutukan ang pagkuyanap sa party drugs karong Sinulog Festival.txt
/Users/rl-14/Desktop/Celine-Thesis/all-data-reordered/all/Kapulisan mag-roving sa kausalogan sa Chinese New Year.txt
/Users/rl-14/Desktop/Celine-Thesis/all-data-reordered/all/Kapulisan mihimo ug parallel investigation sa pagkahagsda sa bunkhouse sa J.E Abraham Lee Construction and development.txt
/Users/rl-14/Desktop/Celine-Thesis/all-data-reordered/all/Kapulisan mireak sa taho’ng way engkwentrong nahitabo.txt
/Users/rl-14/Desktop/Celine-Thesis/all-data-reordered/all/Kapulisan moapil sa pagsusi kon duna bay mga kalapasan.txt
/Users/rl-14/Desktop/Celine-Thesis/all-data-reordered/all/Kapulisan naa sa labing taas nga alert level kay may hulga.txt
/Users/rl-14/Desktop/Celine-Thesis/all-data-reordered/all/Kapulisan nag-monitor .txt
/Users/rl-14/Desktop/Celine-Thesis/all-data-reordered/all/Kapulisan nagpahimangno ning panahon sa Pasko.txt
/Users/rl-14/Desktop/Celine-Thesis/all-data-reordered/all/Kapulisan nakigpinusilay .txt
/Users/rl-14/Desktop/Celine-Thesis/all-data-reordered/all/Kapulisan nangandam alang sa Misa de Gallo.txt
/Users/rl-14/Desktop/Celine-Thesis/all-data-reordered/all/Kapulisan nanghangyo sa publiko magbinantayon batok fake news.txt
/Users/rl-14/Desktop/Celine-Thesis/all-data-reordered/all/Kapulisan sa Davao mas alerto sa Terror Alert Level 3.txt
/Users/rl-14/Desktop/Celine-Thesis/all-data-reordered/all/Kapulisan sa Davao nagbahad kontra scammers.txt
/Users/rl-14/Desktop/Celine-Thesis/all-data-reordered/all/Kapulisan sa Davao naglisud paggukod sa NPA.txt
/Users/rl-14/Desktop/Celine-Thesis/all-data-reordered/all/Kapulisan sa Talisay nawagtangan og paglaum sa pagtahan sa suspek.txt
/Users/rl-14/Desktop/Celine-Thesis/all-data-reordered/all/Kapulisan wala pay matudlong suspect sa kamatayon ni Atty Ungab; mga nakuhang ebedensya padayon pang giverify.txt
/Users/rl-14/Desktop/Celine-Thesis/all-data-reordered/all/Kapulisan way ebidensiya batok kang Osmeña: Tolentin.txt
/Users/rl-14/Desktop/Celine-Thesis/all-data-reordered/all/Kapulisan: Bantayan ang indiscriminate firing sa Bag-ong Tuig.txt
/Users/rl-14/Desktop/Celine-Thesis/all-data-reordered/all/Kapulisan: I-video ang magpabuto'g pusil sa Pasko.txt
/Users/rl-14/Desktop/Celine-Thesis/all-data-reordered/all/Kapuso stars makigduyog sa Kadayawan Festival.txt
/Users/rl-14/Desktop/Celine-Thesis/all-data-reordered/all/Kapuso stars sa Cebu.txt
/Users/rl-14/Desktop/Celine-Thesis/all-data-reordered/all/Kapuso stars sa Peñafrancia Festival sa Naga.txt
/Users/rl-14/Desktop/Celine-Thesis/all-data-reordered/all/Kapuso Stars, asa mag Holy Week? .txt
/Users/rl-14/Desktop/Celine-Thesis/all-data-reordered/all/Kapuyo sa 'drug lord' nasikop sa buy bust sa PDEA 7.txt
/Users/rl-14/Desktop/Celine-Thesis/all-data-reordered/all/Karaang abilidad ni Kobe Bryant nahibalik.txt
/Users/rl-14/Desktop/Celine-Thesis/all-data-reordered/all/Karaang barko magpabilin pa: Marina.txt
/Users/rl-14/Desktop/Celine-Thesis/all-data-reordered/all/Karaang kuwarta gilugwayan .txt
/Users/rl-14/Desktop/Celine-Thesis/all-data-reordered/all/Karaang Mactan bridge butangan og solar panels.txt
/Users/rl-14/Desktop/Celine-Thesis/all-data-reordered/all/Karapatan SMR nanghimakak nga chairperson sa Anak Pawis ang mitahan sa kasundalohan.txt
/Users/rl-14/Desktop/Celine-Thesis/all-data-reordered/all/Karel miregalo og P4 milyon nga sakyanan sa iyang bana    .txt
/Users/rl-14/Desktop/Celine-Thesis/all-data-reordered/all/Karen Davila ‘biased’ ni Duterte?.txt
/Users/rl-14/Desktop/Celine-Thesis/all-data-reordered/all/Karen Davila, nag-litanya!.txt
/Users/rl-14/Desktop/Celine-Thesis/all-data-reordered/all/Kargador nadakpan sa buy bust; shabu nakuha.txt
/Users/rl-14/Desktop/Celine-Thesis/all-data-reordered/all/Karisma ni Romeo mikatap sa Asya.txt
/Users/rl-14/Desktop/Celine-Thesis/all-data-reordered/all/Karne alang sa iro ug sa tawo nagsagol.txt
/Users/rl-14/Desktop/Celine-Thesis/all-data-reordered/all/Karne sa manok gikan sa Luzon gi-monitor .txt
/Users/rl-14/Desktop/Celine-Thesis/all-data-reordered/all/Karong 2018: Miho, magtuon og English.txt
/Users/rl-14/Desktop/Celine-Thesis/all-data-reordered/all/Karsada dugay na napasagdan.txt
/Users/rl-14/Desktop/Celine-Thesis/all-data-reordered/all/Kasabotan sa tree planting.txt
/Users/rl-14/Desktop/Celine-Thesis/all-data-reordered/all/Kasabutan tali Hawaii ug China pamatuod lamang nga higala sa tanan ang syudad sa Dabaw: Inday Sara.txt
/Users/rl-14/Desktop/Celine-Thesis/all-data-reordered/all/Kasaulugan! .txt
/Users/rl-14/Desktop/Celine-Thesis/all-data-reordered/all/Kasayoran sa Globe Broadband connection.txt
/Users/rl-14/Desktop/Celine-Thesis/all-data-reordered/all/Kasaysayan nakulit.txt
/Users/rl-14/Desktop/Celine-Thesis/all-data-reordered/all/Kasaysayan tuyo sa SMB.txt
/Users/rl-14/Desktop/Celine-Thesis/all-data-reordered/all/Kasikas sa Las Vegas: Pacquiao danghag: Floyd Sr..txt
/Users/rl-14/Desktop/Celine-Thesis/all-data-reordered/all/Kasikas sa Las Vegas: Split decision: Mayol.txt
/Users/rl-14/Desktop/Celine-Thesis/all-data-reordered/all/Kasingkasing ni Clarkson nagpabiling duol sa Gilas.txt
/Users/rl-14/Desktop/Celine-Thesis/all-data-reordered/all/Kasingkasing Sa Anak Sa Dagat.txt
/Users/rl-14/Desktop/Celine-Thesis/all-data-reordered/all/Kasipat ni Alex Gonzaga nag-trending.txt
/Users/rl-14/Desktop/Celine-Thesis/all-data-reordered/all/Kaso batok ni Davide gibasura.txt
/Users/rl-14/Desktop/Celine-Thesis/all-data-reordered/all/Kaso batok ni Pacquiao huyang: combat sports expert.txt
/Users/rl-14/Desktop/Celine-Thesis/all-data-reordered/all/Kaso batok nila ni Rama, Garganera, Zafra gibasura.txt
/Users/rl-14/Desktop/Celine-Thesis/all-data-reordered/all/Kaso batok sa mga nadakpang drug suspek kagabii, gihikay na.txt
/Users/rl-14/Desktop/Celine-Thesis/all-data-reordered/all/Kaso ni 'Kian' di mahitabo sa Sugbo: Doria.txt
/Users/rl-14/Desktop/Celine-Thesis/all-data-reordered/all/Kaso ni Cedric vs. Vina gibasura.txt
/Users/rl-14/Desktop/Celine-Thesis/all-data-reordered/all/Kaso ni Peter Lim, Espinosa gibasura.txt
/Users/rl-14/Desktop/Celine-Thesis/all-data-reordered/all/Kaso ni Rama, uban pa labot sa calamity fund gibasura.txt
/Users/rl-14/Desktop/Celine-Thesis/all-data-reordered/all/Kaso ni Regencia gibasura sa korte .txt
/Users/rl-14/Desktop/Celine-Thesis/all-data-reordered/all/Kaso ni Regencia gipabasura sa DOJ.txt
/Users/rl-14/Desktop/Celine-Thesis/all-data-reordered/all/Kaso sa 'gang rape' wa gidayon.txt
/Users/rl-14/Desktop/Celine-Thesis/all-data-reordered/all/Kaso sa accountant sa Kapitolyo gibasura.txt
/Users/rl-14/Desktop/Celine-Thesis/all-data-reordered/all/Kaso sa dengue fever human sa Dengvaxia.txt
/Users/rl-14/Desktop/Celine-Thesis/all-data-reordered/all/Kaso sa dengue mikunhod.txt
/Users/rl-14/Desktop/Celine-Thesis/all-data-reordered/all/Kaso sa dengue sa Talisay City mikunhod .txt
/Users/rl-14/Desktop/Celine-Thesis/all-data-reordered/all/Kaso sa maestra nga nangabuso ug usa ka pupil, wala pa naka-abot sa DepEd XI.txt
/Users/rl-14/Desktop/Celine-Thesis/all-data-reordered/all/Kaso sa nagpositibo sa HIV sa GenSan, miusbaw pa.txt
/Users/rl-14/Desktop/Celine-Thesis/all-data-reordered/all/Kaso sa teenage prenancy sa Caraga, nagpabiling taas.txt
/Users/rl-14/Desktop/Celine-Thesis/all-data-reordered/all/Kaso sa tipdas sa dakbayan sa Davao, misaka.txt
/Users/rl-14/Desktop/Celine-Thesis/all-data-reordered/all/Kaso vs Richard gibasura.txt
/Users/rl-14/Desktop/Celine-Thesis/all-data-reordered/all/Kasong parricide, murder giandam sa Pardo police.txt
/Users/rl-14/Desktop/Celine-Thesis/all-data-reordered/all/Kasong rape with homicide gipasaka.txt
/Users/rl-14/Desktop/Celine-Thesis/all-data-reordered/all/Kastigo.txt
/Users/rl-14/Desktop/Celine-Thesis/all-data-reordered/all/Kasundalohan nadismaya sa mga bakwit.txt
/Users/rl-14/Desktop/Celine-Thesis/all-data-reordered/all/Kat may mensahe sa bashers.txt
/Users/rl-14/Desktop/Celine-Thesis/all-data-reordered/all/Katapusang abot sa korte.txt
/Users/rl-14/Desktop/Celine-Thesis/all-data-reordered/all/Katapusang away ni Marquez sa Mexico.txt
/Users/rl-14/Desktop/Celine-Thesis/all-data-reordered/all/Katapusang away.txt
/Users/rl-14/Desktop/Celine-Thesis/all-data-reordered/all/Katapusang paglaom sa nasod mokombati.txt
/Users/rl-14/Desktop/Celine-Thesis/all-data-reordered/all/Katapusang RP athlete sa Rio pakyas.txt
/Users/rl-14/Desktop/Celine-Thesis/all-data-reordered/all/Katarina Rodriguez dili buhian ang korona.txt
/Users/rl-14/Desktop/Celine-Thesis/all-data-reordered/all/Katawhan giawhag nga di mataranta.txt
/Users/rl-14/Desktop/Celine-Thesis/all-data-reordered/all/Katawhan gibaharan batok illegal nga kalihokan.txt
/Users/rl-14/Desktop/Celine-Thesis/all-data-reordered/all/Katawhan naalarma sa linog.txt
/Users/rl-14/Desktop/Celine-Thesis/all-data-reordered/all/Katawhan nga gihasi sa NPA, hatagang hugot nga seguridad sa Bukidnon.txt
/Users/rl-14/Desktop/Celine-Thesis/all-data-reordered/all/Katawhan sa Matina crossing ug mga ahensya sa kinaiyahan, nanghinlo sa view deck sa Shrine Hills.txt
/Users/rl-14/Desktop/Celine-Thesis/all-data-reordered/all/Kathniel adunay gibulgar sa bag-ong pelikula.txt
/Users/rl-14/Desktop/Celine-Thesis/all-data-reordered/all/KathNiel giabswelto sa Comelec.txt
/Users/rl-14/Desktop/Celine-Thesis/all-data-reordered/all/Kathniel mas nilig-on ang relasyon.txt
/Users/rl-14/Desktop/Celine-Thesis/all-data-reordered/all/Kathniel mideklarar og ‘exclusively dating’.txt
/Users/rl-14/Desktop/Celine-Thesis/all-data-reordered/all/Kathniel nabusy og pangampanya.txt
/Users/rl-14/Desktop/Celine-Thesis/all-data-reordered/all/KathNiel namingwit og awards sa Vietnam.txt
/Users/rl-14/Desktop/Celine-Thesis/all-data-reordered/all/Kathryn Bernardo gituldukan ang mga insecurities.txt
/Users/rl-14/Desktop/Celine-Thesis/all-data-reordered/all/Kathryn gidayeg si Daniel.txt
/Users/rl-14/Desktop/Celine-Thesis/all-data-reordered/all/Kathryn giregalohan og pitaka ni Daniel.txt
/Users/rl-14/Desktop/Celine-Thesis/all-data-reordered/all/Kathryn gisaway ni Xander kay bakang?.txt
/Users/rl-14/Desktop/Celine-Thesis/all-data-reordered/all/Kathryn mosuporta sa Daniel-Sarah team up.txt
/Users/rl-14/Desktop/Celine-Thesis/all-data-reordered/all/Kathryn natakdan sa ka-sweet ni Daniel.txt
/Users/rl-14/Desktop/Celine-Thesis/all-data-reordered/all/Kathryn selosa nga girlfriend ni Daniel.txt
/Users/rl-14/Desktop/Celine-Thesis/all-data-reordered/all/Katrina Acaylar, Miss CdeO 2017.txt
/Users/rl-14/Desktop/Celine-Thesis/all-data-reordered/all/Katrina di feel ang gulang niya?.txt
/Users/rl-14/Desktop/Celine-Thesis/all-data-reordered/all/Katrina dili apektado sa `na-ano lang’ joke.txt
/Users/rl-14/Desktop/Celine-Thesis/all-data-reordered/all/Katrina walay plano makigrelasyon.txt
/Users/rl-14/Desktop/Celine-Thesis/all-data-reordered/all/KaTropa batok Alaska.txt
/Users/rl-14/Desktop/Celine-Thesis/all-data-reordered/all/Katropa mibawos.txt
/Users/rl-14/Desktop/Celine-Thesis/all-data-reordered/all/KaTropa nakatabla sa Beermen.txt
/Users/rl-14/Desktop/Celine-Thesis/all-data-reordered/all/Katropa nakauna .txt
/Users/rl-14/Desktop/Celine-Thesis/all-data-reordered/all/KaTropa pagsud sa finals ang tinguha.txt
/Users/rl-14/Desktop/Celine-Thesis/all-data-reordered/all/KaTropa vs. Gins sa semis  SunStar.txt
/Users/rl-14/Desktop/Celine-Thesis/all-data-reordered/all/KaTropa vs. Mahindra .txt
/Users/rl-14/Desktop/Celine-Thesis/all-data-reordered/all/KaTropa, Hotshots nakauna.txt
/Users/rl-14/Desktop/Celine-Thesis/all-data-reordered/all/Katukuran sa P380 million mega jail tubag sa naghuot nga prisuhan. 80% sa mga inmates dunay kaso sa druga.txt
/Users/rl-14/Desktop/Celine-Thesis/all-data-reordered/all/Katumanan sa LRT hayag na.txt
/Users/rl-14/Desktop/Celine-Thesis/all-data-reordered/all/Katunga sa Osmeña Blvd. sirhan sa Sinulog sa Lalawigan.txt
/Users/rl-14/Desktop/Celine-Thesis/all-data-reordered/all/Kaugmaon ni Viloria planuhan.txt
/Users/rl-14/Desktop/Celine-Thesis/all-data-reordered/all/Kaupat Tumbaha.txt
/Users/rl-14/Desktop/Celine-Thesis/all-data-reordered/all/Kausaban miabot na.txt
/Users/rl-14/Desktop/Celine-Thesis/all-data-reordered/all/Kausaban tungod sa Zumba .txt
/Users/rl-14/Desktop/Celine-Thesis/all-data-reordered/all/Kausaban.txt
/Users/rl-14/Desktop/Celine-Thesis/all-data-reordered/all/kawad-on.txt
/Users/rl-14/Desktop/Celine-Thesis/all-data-reordered/all/Kawani gibalhin tungod sa pulitika?.txt
/Users/rl-14/Desktop/Celine-Thesis/all-data-reordered/all/Kawani miuli sa P59T.txt
/Users/rl-14/Desktop/Celine-Thesis/all-data-reordered/all/Kawani sa 4P sa Naga miangkon nga mamugos ngadto sa mga miyembro.txt
/Users/rl-14/Desktop/Celine-Thesis/all-data-reordered/all/Kawani sa City Hall nga mag positibo sa illegal drugs, ipa rehab sa CdeO.txt
/Users/rl-14/Desktop/Celine-Thesis/all-data-reordered/all/Kawat misiaw.txt
/Users/rl-14/Desktop/Celine-Thesis/all-data-reordered/all/Kawatan og motor sapon sa CCTV tiklo.txt
/Users/rl-14/Desktop/Celine-Thesis/all-data-reordered/all/Kawatan sulod sa simbahan tiklo.txt
/Users/rl-14/Desktop/Celine-Thesis/all-data-reordered/all/Kawhi di kaduwa sa Game 2 karon.txt
/Users/rl-14/Desktop/Celine-Thesis/all-data-reordered/all/Kawhi gisugat og kapildihan.txt
/Users/rl-14/Desktop/Celine-Thesis/all-data-reordered/all/Kawhi midaog na sab isip defensive player.txt
/Users/rl-14/Desktop/Celine-Thesis/all-data-reordered/all/Kawhi wa kapugngi.txt
/Users/rl-14/Desktop/Celine-Thesis/all-data-reordered/all/Kawhi wa kapungi.txt
/Users/rl-14/Desktop/Celine-Thesis/all-data-reordered/all/Kaya Natin, MSD miabli search for LGUs.txt
/Users/rl-14/Desktop/Celine-Thesis/all-data-reordered/all/Kaya ra ni: Nietes.txt
/Users/rl-14/Desktop/Celine-Thesis/all-data-reordered/all/Kaye ug Paul Jake engaged na!.txt
/Users/rl-14/Desktop/Celine-Thesis/all-data-reordered/all/KC beastmode batok sa China.txt
/Users/rl-14/Desktop/Celine-Thesis/all-data-reordered/all/KC giintrigang buros!.txt
/Users/rl-14/Desktop/Celine-Thesis/all-data-reordered/all/KC mas excited kang Piolo, kesa kang Shawie!.txt
/Users/rl-14/Desktop/Celine-Thesis/all-data-reordered/all/KC nakig-date sa Askal Player.txt
/Users/rl-14/Desktop/Celine-Thesis/all-data-reordered/all/KC supportive girlfriend.txt
/Users/rl-14/Desktop/Celine-Thesis/all-data-reordered/all/KD haom sa Warriors.txt
/Users/rl-14/Desktop/Celine-Thesis/all-data-reordered/all/KD miluwas sa Warriors.txt
/Users/rl-14/Desktop/Celine-Thesis/all-data-reordered/all/KD misalbar sa Warriors.txt
/Users/rl-14/Desktop/Celine-Thesis/all-data-reordered/all/KD mobawos kang James.txt
/Users/rl-14/Desktop/Celine-Thesis/all-data-reordered/all/KD, Curry naka-63.txt
/Users/rl-14/Desktop/Celine-Thesis/all-data-reordered/all/Kean ug Chynna gitago ang anak?.txt
/Users/rl-14/Desktop/Celine-Thesis/all-data-reordered/all/Keana nag-sorry nga nakig-sex sa TV Host  .txt
/Users/rl-14/Desktop/Celine-Thesis/all-data-reordered/all/Keempee na-depress after gipalayas sa EB.txt
/Users/rl-14/Desktop/Celine-Thesis/all-data-reordered/all/Keith Ferolino Maquiling, Zumba Dance in Pink October .txt
/Users/rl-14/Desktop/Celine-Thesis/all-data-reordered/all/Kendo sport gitudlo sa USC-Talamban.txt
/Users/rl-14/Desktop/Celine-Thesis/all-data-reordered/all/Kendo sport gitudlo sa USC.txt
/Users/rl-14/Desktop/Celine-Thesis/all-data-reordered/all/Kenyans maoy midominar sa CCM.txt
/Users/rl-14/Desktop/Celine-Thesis/all-data-reordered/all/Kerr di pa makabalik: GSW.txt
/Users/rl-14/Desktop/Celine-Thesis/all-data-reordered/all/Kerr mikulit ug rekord.txt
/Users/rl-14/Desktop/Celine-Thesis/all-data-reordered/all/Kerr naglagot.txt
/Users/rl-14/Desktop/Celine-Thesis/all-data-reordered/all/Kerwin gikombikto sa kalapasan sa gun ban.txt
/Users/rl-14/Desktop/Celine-Thesis/all-data-reordered/all/Kerwin mibakwi?.txt
/Users/rl-14/Desktop/Celine-Thesis/all-data-reordered/all/Kerwin moatubang sa Senado sunod semana.txt
/Users/rl-14/Desktop/Celine-Thesis/all-data-reordered/all/Kerwin nangayog pasaylo .txt
/Users/rl-14/Desktop/Celine-Thesis/all-data-reordered/all/Kerwin nasikop sa Abu Dhabi.txt
/Users/rl-14/Desktop/Celine-Thesis/all-data-reordered/all/Kerwin patestigohon pinaagi 'Skype' imposible .txt
/Users/rl-14/Desktop/Celine-Thesis/all-data-reordered/all/Kevin Durant finals MVP.txt
/Users/rl-14/Desktop/Celine-Thesis/all-data-reordered/all/Khan andam batok ni Pacquiao.txt
/Users/rl-14/Desktop/Celine-Thesis/all-data-reordered/all/Khan gitambagan ni Freddie Roach.txt
/Users/rl-14/Desktop/Celine-Thesis/all-data-reordered/all/Khan gusto moaway ni Pacquiao.txt
/Users/rl-14/Desktop/Celine-Thesis/all-data-reordered/all/Khan gustong moaway sa Pambansang Kamao.txt
/Users/rl-14/Desktop/Celine-Thesis/all-data-reordered/all/Khan mamilegro kon mo-bell-to-bell ni Pacquiao.txt
/Users/rl-14/Desktop/Celine-Thesis/all-data-reordered/all/Khan mikompirmar.txt
/Users/rl-14/Desktop/Celine-Thesis/all-data-reordered/all/Khan misurender na.txt
/Users/rl-14/Desktop/Celine-Thesis/all-data-reordered/all/Khan naa’y ipamatuod.txt
/Users/rl-14/Desktop/Celine-Thesis/all-data-reordered/all/Khan nagtuo nga modaog si Mayweather.txt
/Users/rl-14/Desktop/Celine-Thesis/all-data-reordered/all/Khan o Crawford posibleng sunod kontra ni Pacquiao.txt
/Users/rl-14/Desktop/Celine-Thesis/all-data-reordered/all/Khan padayon gihapong naglaom.txt
/Users/rl-14/Desktop/Celine-Thesis/all-data-reordered/all/Khan vs. Floyd hapit na?.txt
/Users/rl-14/Desktop/Celine-Thesis/all-data-reordered/all/Khan wa na’y interes.txt
/Users/rl-14/Desktop/Celine-Thesis/all-data-reordered/all/Kia gikastigo sa Brgy. Ginebra.txt
/Users/rl-14/Desktop/Celine-Thesis/all-data-reordered/all/Kialegnon Festival giplastar na sa lokal nga gobyerno.txt
/Users/rl-14/Desktop/Celine-Thesis/all-data-reordered/all/Kiamco gusto malakip sa sa RP team sa SEA Games.txt
/Users/rl-14/Desktop/Celine-Thesis/all-data-reordered/all/Kiana Valenciano ug Sam nagdate?.txt
/Users/rl-14/Desktop/Celine-Thesis/all-data-reordered/all/Kibuntod Heights sa Talisayan laing atraksyon.txt
/Users/rl-14/Desktop/Celine-Thesis/all-data-reordered/all/Kick boxer Lozada ug Fernandez nakalarga na.txt
/Users/rl-14/Desktop/Celine-Thesis/all-data-reordered/all/Kickboxing sa Dumlog, Talisay karong Nob. 25.txt
/Users/rl-14/Desktop/Celine-Thesis/all-data-reordered/all/Kidnap victim gi-abanduna sa nerbyoso nga kidnapper.txt
/Users/rl-14/Desktop/Celine-Thesis/all-data-reordered/all/Kiefer nagbasol sa iyang pag-iring-iring.txt
/Users/rl-14/Desktop/Celine-Thesis/all-data-reordered/all/Kiha batok sa 4 ka pulis sa Talisay panghasi: opisyal.txt
/Users/rl-14/Desktop/Celine-Thesis/all-data-reordered/all/Kiko single daw, no comment kang Barbie.txt
/Users/rl-14/Desktop/Celine-Thesis/all-data-reordered/all/Killer ni Imok nasikop.txt
/Users/rl-14/Desktop/Celine-Thesis/all-data-reordered/all/Killer ni Llaguno hitman sa drug lord.txt
/Users/rl-14/Desktop/Celine-Thesis/all-data-reordered/all/Killer ni Ungab natipi diay?.txt
/Users/rl-14/Desktop/Celine-Thesis/all-data-reordered/all/Killer sa hepe sa Catmon gusto nga mo-surrender.txt
/Users/rl-14/Desktop/Celine-Thesis/all-data-reordered/all/Killer trending sa Facebook .txt
/Users/rl-14/Desktop/Celine-Thesis/all-data-reordered/all/Killers mipaila nga 'death squad'.txt
/Users/rl-14/Desktop/Celine-Thesis/all-data-reordered/all/kilometro zero.txt
/Users/rl-14/Desktop/Celine-Thesis/all-data-reordered/all/Kim Chiu mag-comedy kauban si Ryan Bang.txt
/Users/rl-14/Desktop/Celine-Thesis/all-data-reordered/all/Kim Domingo bag-ong pantasya .txt
/Users/rl-14/Desktop/Celine-Thesis/all-data-reordered/all/Kim Domingo FHM cover gikwestyon?.txt
/Users/rl-14/Desktop/Celine-Thesis/all-data-reordered/all/Kim Domingo malipayon sa No.2 Spot.txt
/Users/rl-14/Desktop/Celine-Thesis/all-data-reordered/all/Kim Domingo, gibawalan iyang bf sa pag-post sa social media.txt
/Users/rl-14/Desktop/Celine-Thesis/all-data-reordered/all/Kim dream partner si Vic Sotto.txt
/Users/rl-14/Desktop/Celine-Thesis/all-data-reordered/all/Kim dunay life goals .txt
/Users/rl-14/Desktop/Celine-Thesis/all-data-reordered/all/Kim may kondisyon sa pakig-balik kang Gerald.txt
/Users/rl-14/Desktop/Celine-Thesis/all-data-reordered/all/Kim miklaro walay project nila Gerald.txt
/Users/rl-14/Desktop/Celine-Thesis/all-data-reordered/all/Kim super proud kang Xian.txt
/Users/rl-14/Desktop/Celine-Thesis/all-data-reordered/all/Kim suportado ang paglayas ni Xian.txt
/Users/rl-14/Desktop/Celine-Thesis/all-data-reordered/all/Kim ug Gerald basin magbalik  .txt
/Users/rl-14/Desktop/Celine-Thesis/all-data-reordered/all/Kim ug Matteo, Proud gihapon nga mga Bisdak.txt
/Users/rl-14/Desktop/Celine-Thesis/all-data-reordered/all/Kimerald napugos  SunStar.txt
/Users/rl-14/Desktop/Celine-Thesis/all-data-reordered/all/KimXi teleserye tapuson.txt
/Users/rl-14/Desktop/Celine-Thesis/all-data-reordered/all/Kinahanglan pa ba nga mobasa ta og balasahong pape.txt
/Users/rl-14/Desktop/Celine-Thesis/all-data-reordered/all/Kinakusgang Unos.txt
/Users/rl-14/Desktop/Celine-Thesis/all-data-reordered/all/Kinatawo sa 9-anyos nga batang lalaki, gihaso-haso sa construction worker.txt
/Users/rl-14/Desktop/Celine-Thesis/all-data-reordered/all/Kinawat nga motorsiklo pabayloan og druga.txt
/Users/rl-14/Desktop/Celine-Thesis/all-data-reordered/all/Kinawatay matud pa ug mga ligid sa City Engineers Office, gipaimbestigahan.txt
/Users/rl-14/Desktop/Celine-Thesis/all-data-reordered/all/King & Queen sa triathlon.txt
/Users/rl-14/Desktop/Celine-Thesis/all-data-reordered/all/King and Queen sa MTB Duathlon.txt
/Users/rl-14/Desktop/Celine-Thesis/all-data-reordered/all/King Arthur gipasurender.txt
/Users/rl-14/Desktop/Celine-Thesis/all-data-reordered/all/King Arthur gusto og knockout nga kadaugan.txt
/Users/rl-14/Desktop/Celine-Thesis/all-data-reordered/all/King Arthur nagpanikad.txt
/Users/rl-14/Desktop/Celine-Thesis/all-data-reordered/all/King Arthur niabot na sa UK, masaligon.txt
/Users/rl-14/Desktop/Celine-Thesis/all-data-reordered/all/King James II.txt
/Users/rl-14/Desktop/Celine-Thesis/all-data-reordered/all/King James nanghasi.txt
/Users/rl-14/Desktop/Celine-Thesis/all-data-reordered/all/King James wa matarug.txt
/Users/rl-14/Desktop/Celine-Thesis/all-data-reordered/all/King James!.txt
/Users/rl-14/Desktop/Celine-Thesis/all-data-reordered/all/King og Wolves.txt
/Users/rl-14/Desktop/Celine-Thesis/all-data-reordered/all/Kings mipahigayon og fans Day.txt
/Users/rl-14/Desktop/Celine-Thesis/all-data-reordered/all/Kings mipukan sa Elite; TNT midaog vs. NLEX.txt
/Users/rl-14/Desktop/Celine-Thesis/all-data-reordered/all/Kings mitipi sa Batang Pier.txt
/Users/rl-14/Desktop/Celine-Thesis/all-data-reordered/all/Kings nagtinalawan, batbat ni DeMarcus.txt
/Users/rl-14/Desktop/Celine-Thesis/all-data-reordered/all/Kinhason 'pantalya', shabu diay baligya.txt
/Users/rl-14/Desktop/Celine-Thesis/all-data-reordered/all/Kining Panulat nga Bisaya.txt
/Users/rl-14/Desktop/Celine-Thesis/all-data-reordered/all/Kinitaan sa mga merkado ug teminal, paimbestiran ning syudad.txt
/Users/rl-14/Desktop/Celine-Thesis/all-data-reordered/all/Kinsa ang Hermano, Hermana karon?.txt
/Users/rl-14/Desktop/Celine-Thesis/all-data-reordered/all/Kinsa ang killer sa The Good Son? .txt
/Users/rl-14/Desktop/Celine-Thesis/all-data-reordered/all/Kinsa kaha ang mosunod kang Tumulak og biya?.txt
/Users/rl-14/Desktop/Celine-Thesis/all-data-reordered/all/Kinsa maghari karon?.txt
/Users/rl-14/Desktop/Celine-Thesis/all-data-reordered/all/Kinsay gitagbo ni Osmeña sa Team Rama?.txt
/Users/rl-14/Desktop/Celine-Thesis/all-data-reordered/all/Kinsay hatagan kaha sa reward?.txt
/Users/rl-14/Desktop/Celine-Thesis/all-data-reordered/all/Kinsay ma-submit karong gabii?.txt
/Users/rl-14/Desktop/Celine-Thesis/all-data-reordered/all/Kinsay makatudlo sa caller nga mihulga gantihan ni Osmeña.txt
/Users/rl-14/Desktop/Celine-Thesis/all-data-reordered/all/Kinsay mastermind sa pagtipi ni Imok?.txt
/Users/rl-14/Desktop/Celine-Thesis/all-data-reordered/all/Kinsay mo-coach sa All Star Game?.txt
/Users/rl-14/Desktop/Celine-Thesis/all-data-reordered/all/Kinsay No. 1 sa MMFF? .txt
/Users/rl-14/Desktop/Celine-Thesis/all-data-reordered/all/Kinsa’y modaog?.txt
/Users/rl-14/Desktop/Celine-Thesis/all-data-reordered/all/Kiray, confident sa iyang ka-gwapa.txt
/Users/rl-14/Desktop/Celine-Thesis/all-data-reordered/all/Kirkland gi-knocked out ni Alvarez sa 3rd round.txt
/Users/rl-14/Desktop/Celine-Thesis/all-data-reordered/all/Kita sa Kapitolyo miabot og P914M sa unang quarter.txt
/Users/rl-14/Desktop/Celine-Thesis/all-data-reordered/all/Kita sa mga ospital sa kagamhanan sa lalawigan.txt
/Users/rl-14/Desktop/Celine-Thesis/all-data-reordered/all/Kita sa ospital sa lalawigan mitubo og 30.57%.txt
/Users/rl-14/Desktop/Celine-Thesis/all-data-reordered/all/Klase sa dakbayan sa Dabaw suspendido gumikan sa bayong Basyang.txt
/Users/rl-14/Desktop/Celine-Thesis/all-data-reordered/all/Klase sa mga eskwelahan nga himuong billeting quarter sa SRAA meet 2018, gipanigurong dili maapektuhan – DepEd SotCot.txt
/Users/rl-14/Desktop/Celine-Thesis/all-data-reordered/all/klase sa tanang level sa Comval suspendido gumikan sa pagbaha.txt
/Users/rl-14/Desktop/Celine-Thesis/all-data-reordered/all/Klase sa tibuok lalawigan sa Sugbo gikanselar ni Davide.txt
/Users/rl-14/Desktop/Celine-Thesis/all-data-reordered/all/Klase sa tibuok Surigao del Norte ning adlawa, suspendido tungod kang TS ‘Basyang’.txt
/Users/rl-14/Desktop/Celine-Thesis/all-data-reordered/all/Klase sa Tubod, Lanao del Norte suspendido.txt
/Users/rl-14/Desktop/Celine-Thesis/all-data-reordered/all/Klay okay?.txt
/Users/rl-14/Desktop/Celine-Thesis/all-data-reordered/all/Klea Pineda gusto mag-beauty queen.txt
/Users/rl-14/Desktop/Celine-Thesis/all-data-reordered/all/Klitshcko v. Joshua nakatakda sa Abril.txt
/Users/rl-14/Desktop/Celine-Thesis/all-data-reordered/all/KMP: Ihunong operasyon sa mga komunidad sa sibilyan.txt
/Users/rl-14/Desktop/Celine-Thesis/all-data-reordered/all/Knicks giirok.txt
/Users/rl-14/Desktop/Celine-Thesis/all-data-reordered/all/Knicks nagkalig-on.txt
/Users/rl-14/Desktop/Celine-Thesis/all-data-reordered/all/Knicks nangita’g ikatulo nga team aron ma-trade si Anthony.txt
/Users/rl-14/Desktop/Celine-Thesis/all-data-reordered/all/Knights abante na sa City Meet.txt
/Users/rl-14/Desktop/Celine-Thesis/all-data-reordered/all/Knights mohatag og eksplosibong suprisa.txt
/Users/rl-14/Desktop/Celine-Thesis/all-data-reordered/all/Knockout 100%.txt
/Users/rl-14/Desktop/Celine-Thesis/all-data-reordered/all/Knockout ang PPV.txt
/Users/rl-14/Desktop/Celine-Thesis/all-data-reordered/all/Knockout ang tuyo.txt
/Users/rl-14/Desktop/Celine-Thesis/all-data-reordered/all/Knockout mahitabo.txt
/Users/rl-14/Desktop/Celine-Thesis/all-data-reordered/all/Knockout target ni Pacquiao.txt
/Users/rl-14/Desktop/Celine-Thesis/all-data-reordered/all/Knockout.txt
/Users/rl-14/Desktop/Celine-Thesis/all-data-reordered/all/Kobe Bryant moretiro na.txt
/Users/rl-14/Desktop/Celine-Thesis/all-data-reordered/all/Kobe Bryant nagmangtas.txt
/Users/rl-14/Desktop/Celine-Thesis/all-data-reordered/all/Kobe ganahan moduwa sa Rio Olympics apan... .txt
/Users/rl-14/Desktop/Celine-Thesis/all-data-reordered/all/Kobe gusto moduwa sa RP Gilas.txt
/Users/rl-14/Desktop/Celine-Thesis/all-data-reordered/all/Kobe interesado nga moduwa sa RP Gilas .txt
/Users/rl-14/Desktop/Celine-Thesis/all-data-reordered/all/Kobe manug-retiro.txt
/Users/rl-14/Desktop/Celine-Thesis/all-data-reordered/all/Kobe mas bilib ni Russel kay ni Durant.txt
/Users/rl-14/Desktop/Celine-Thesis/all-data-reordered/all/Kobe Paras gikahingawa ang paghimamat sa iyang idolo.txt
/Users/rl-14/Desktop/Celine-Thesis/all-data-reordered/all/Kobe Paras gusto nang moduwa sa pro league.txt
/Users/rl-14/Desktop/Celine-Thesis/all-data-reordered/all/Kobe Paras sa Creighton U moduwa.txt
/Users/rl-14/Desktop/Celine-Thesis/all-data-reordered/all/Kobe wa kaluy-i ni Kevin Durant.txt
/Users/rl-14/Desktop/Celine-Thesis/all-data-reordered/all/Kolehiyala gilugos sa upat ka lalaki .txt
/Users/rl-14/Desktop/Celine-Thesis/all-data-reordered/all/Koleksyon sa business permit sa Mandaue misaka.txt
/Users/rl-14/Desktop/Celine-Thesis/all-data-reordered/all/Kolektahon ang mga basura sud sa 24 oras .txt
/Users/rl-14/Desktop/Celine-Thesis/all-data-reordered/all/Kolektor gipusil sa amo.txt
/Users/rl-14/Desktop/Celine-Thesis/all-data-reordered/all/Kolurom nga mga traysikol panakpon.txt
/Users/rl-14/Desktop/Celine-Thesis/all-data-reordered/all/Kombate sa sakit.txt
/Users/rl-14/Desktop/Celine-Thesis/all-data-reordered/all/Kombati na mga Pinoy! .txt
/Users/rl-14/Desktop/Celine-Thesis/all-data-reordered/all/Kombati na!.txt
/Users/rl-14/Desktop/Celine-Thesis/all-data-reordered/all/Kombati pormal nga sugdan na.txt
/Users/rl-14/Desktop/Celine-Thesis/all-data-reordered/all/Kombati sa mga higante.txt
/Users/rl-14/Desktop/Celine-Thesis/all-data-reordered/all/Kombati sa PBA mobalik karon.txt
/Users/rl-14/Desktop/Celine-Thesis/all-data-reordered/all/Kombati!.txt
/Users/rl-14/Desktop/Celine-Thesis/all-data-reordered/all/Kombensiyon sa Saksi ni Jehova 2017.txt
/Users/rl-14/Desktop/Celine-Thesis/all-data-reordered/all/Komite sa lokal nga hinabing pangkalinaw gimugna.txt
/Users/rl-14/Desktop/Celine-Thesis/all-data-reordered/all/Kompaniya gireklamo sa mga lumolupyo kay `nakasamok’.txt
/Users/rl-14/Desktop/Celine-Thesis/all-data-reordered/all/Kompiyansa tungod sa Pantawid sa Pamilya.txt
/Users/rl-14/Desktop/Celine-Thesis/all-data-reordered/all/Kompleto na sa crossover!.txt
/Users/rl-14/Desktop/Celine-Thesis/all-data-reordered/all/Kompositor sa `Hahahasula’ ug pulitiko wala magkasinabot.txt
/Users/rl-14/Desktop/Celine-Thesis/all-data-reordered/all/kon ang matuod mao ra karon.txt
/Users/rl-14/Desktop/Celine-Thesis/all-data-reordered/all/Kon di mohunong ang uwan mobakwit dayon  .txt
/Users/rl-14/Desktop/Celine-Thesis/all-data-reordered/all/kon swertihon ko.txt
/Users/rl-14/Desktop/Celine-Thesis/all-data-reordered/all/Kon wa’y bulawan, wala’y kasaulogan.txt
/Users/rl-14/Desktop/Celine-Thesis/all-data-reordered/all/Kon ‘Same-sex’ di kini matawag og kaminyuon: Palma.txt
/Users/rl-14/Desktop/Celine-Thesis/all-data-reordered/all/Koncz nasayop og tubag sa pre-fight questions.txt
/Users/rl-14/Desktop/Celine-Thesis/all-data-reordered/all/Konduktor miluwas sa mga pasahero .txt
/Users/rl-14/Desktop/Celine-Thesis/all-data-reordered/all/Koneksiyon sa Chinatown sa Manila.txt
/Users/rl-14/Desktop/Celine-Thesis/all-data-reordered/all/Kongreso sa CHED:’E-uli ang P40-B nga alang sa SUCs’.txt
/Users/rl-14/Desktop/Celine-Thesis/all-data-reordered/all/Konsalada sa Pilipinas motabang sa pamilya sa 7 ka Fil-Am nga patay sa aksidente sa Southern Cebu.txt
/Users/rl-14/Desktop/Celine-Thesis/all-data-reordered/all/Konsehal 'nangayo og kwarta' sa negusyante bugti sa permit.txt
/Users/rl-14/Desktop/Celine-Thesis/all-data-reordered/all/Konsehal Bernard Al-ag, hingpit nang nanumpa isip bag-ong bise mayor sa Davao.txt
/Users/rl-14/Desktop/Celine-Thesis/all-data-reordered/all/Konsehal nakuhaan og 'shabu' sulod sa terminal.txt
/Users/rl-14/Desktop/Celine-Thesis/all-data-reordered/all/Konsehal nga hayan mataktak .txt
/Users/rl-14/Desktop/Celine-Thesis/all-data-reordered/all/Konsehal Radaza gipasidunggan sa SMI .txt
/Users/rl-14/Desktop/Celine-Thesis/all-data-reordered/all/Konsehal sa Cordova nakagawas sa prisuhan.txt
/Users/rl-14/Desktop/Celine-Thesis/all-data-reordered/all/Konsehal sa Dumanjug nanumpa.txt
/Users/rl-14/Desktop/Celine-Thesis/all-data-reordered/all/Konsehal sa San Fernando gipatay.txt
/Users/rl-14/Desktop/Celine-Thesis/all-data-reordered/all/Konsehal sa San Fernando gipatay_o.txt
/Users/rl-14/Desktop/Celine-Thesis/all-data-reordered/all/Konsehal, gipanawagan sa kapulisan ang pag-aksyon batok sa mga slot machines sa GenSan.txt
/Users/rl-14/Desktop/Celine-Thesis/all-data-reordered/all/Konsehala gibunala’g tubo sa mga hubog.txt
/Users/rl-14/Desktop/Celine-Thesis/all-data-reordered/all/Konseho niawhag ni Tomas nga ihatag ang P10 milyones sa Ormoc City.txt
/Users/rl-14/Desktop/Celine-Thesis/all-data-reordered/all/Konseho,mosusi sa tattoo industry sa CdeO.txt
/Users/rl-14/Desktop/Celine-Thesis/all-data-reordered/all/Konseho:’Pipeline sa Rio Verde,naigo sa linog’.txt
/Users/rl-14/Desktop/Celine-Thesis/all-data-reordered/all/Konsiyerto malampuson.txt
/Users/rl-14/Desktop/Celine-Thesis/all-data-reordered/all/Konsultaha ang publiko: Mayor Radaza.txt
/Users/rl-14/Desktop/Celine-Thesis/all-data-reordered/all/Konsultasyon sa landfill gipasalig sa gobernador.txt
/Users/rl-14/Desktop/Celine-Thesis/all-data-reordered/all/Konsuwelo.txt
/Users/rl-14/Desktop/Celine-Thesis/all-data-reordered/all/Kontamindado nga pagkaon hinungdan sa pagka-hilo sa mga delegado sa DAVRAA: CHO.txt
/Users/rl-14/Desktop/Celine-Thesis/all-data-reordered/all/Kontra ni Magsayo moretiro kon pildi.txt
/Users/rl-14/Desktop/Celine-Thesis/all-data-reordered/all/Kontra ni Tepora miabot gahapon.txt
/Users/rl-14/Desktop/Celine-Thesis/all-data-reordered/all/Kontra ni Viloria di mokompiyansa.txt
/Users/rl-14/Desktop/Celine-Thesis/all-data-reordered/all/Kontraktor gibanhigan, tipi.txt
/Users/rl-14/Desktop/Celine-Thesis/all-data-reordered/all/Kontraktor pahatagon og dokumento.txt
/Users/rl-14/Desktop/Celine-Thesis/all-data-reordered/all/Kontrang Magsayo gustong makigsangka ni Pagara.txt
/Users/rl-14/Desktop/Celine-Thesis/all-data-reordered/all/Kontrata ni Manny sa HBO gikanselar?.txt
/Users/rl-14/Desktop/Celine-Thesis/all-data-reordered/all/Kontrata tali sa tighakot, di sa Siyudad.txt
/Users/rl-14/Desktop/Celine-Thesis/all-data-reordered/all/Kontribusyon sa mga kababainhan sa katilingban og kalibutan angayang ilhon-City Population.txt
/Users/rl-14/Desktop/Celine-Thesis/all-data-reordered/all/Kontrobersiyal nga kanhi barangay kapitan sa Agus, Lapu-Lapu gipusil, patay.txt
/Users/rl-14/Desktop/Celine-Thesis/all-data-reordered/all/Kontrobersyal nga resulta sa Duathlon female open .txt
/Users/rl-14/Desktop/Celine-Thesis/all-data-reordered/all/Koordinasyon kuwang sa pag-atiman, monitor sa drug surrenderers.txt
/Users/rl-14/Desktop/Celine-Thesis/all-data-reordered/all/Korean Consul General sa Cebu nagpakitabang sa PNP alang sa paspas nga imbestigasyon sa kaso sa Koreanong negosyante nga gibanhigan patay.txt
/Users/rl-14/Desktop/Celine-Thesis/all-data-reordered/all/Koreano , gidunggab patay sa iyahang driver.txt
/Users/rl-14/Desktop/Celine-Thesis/all-data-reordered/all/Koreano gi-ambush.txt
/Users/rl-14/Desktop/Celine-Thesis/all-data-reordered/all/Koreans nga gikiha 'gipapauli' .txt
/Users/rl-14/Desktop/Celine-Thesis/all-data-reordered/all/Korona ilugan og upat.txt
/Users/rl-14/Desktop/Celine-Thesis/all-data-reordered/all/Korte Suprema mihukom pabor sa Psalm Corp..txt
/Users/rl-14/Desktop/Celine-Thesis/all-data-reordered/all/Korver nanginit.txt
/Users/rl-14/Desktop/Celine-Thesis/all-data-reordered/all/Kovalev bag-ong WBO king.txt
/Users/rl-14/Desktop/Celine-Thesis/all-data-reordered/all/Kraken batok El Presidente.txt
/Users/rl-14/Desktop/Celine-Thesis/all-data-reordered/all/Krimen sa Lapu mikunhod: Paz.txt
/Users/rl-14/Desktop/Celine-Thesis/all-data-reordered/all/Kriminalidad, druga batokan.txt
/Users/rl-14/Desktop/Celine-Thesis/all-data-reordered/all/Kris Aquino samot gilabhan sa bashers.txt
/Users/rl-14/Desktop/Celine-Thesis/all-data-reordered/all/Kris Aquino, nagyawyaw!.txt
/Users/rl-14/Desktop/Celine-Thesis/all-data-reordered/all/Kris Bernal di na molayas sa Siyete.txt
/Users/rl-14/Desktop/Celine-Thesis/all-data-reordered/all/Kris Bernal nag-dream makaharbat og acting award.txt
/Users/rl-14/Desktop/Celine-Thesis/all-data-reordered/all/Kris Bernal pabiling Kapuso.txt
/Users/rl-14/Desktop/Celine-Thesis/all-data-reordered/all/Kris dunay mystery suitor  .txt
/Users/rl-14/Desktop/Celine-Thesis/all-data-reordered/all/Kris giangkon ang relasyon nila Herbert.txt
/Users/rl-14/Desktop/Celine-Thesis/all-data-reordered/all/Kris hadlok mawad-an og proyekto.txt
/Users/rl-14/Desktop/Celine-Thesis/all-data-reordered/all/Kris late reaksyon sa bag-ong anak ni James.txt
/Users/rl-14/Desktop/Celine-Thesis/all-data-reordered/all/Kris miapela og respeto sa pagbalhin sa Kapuso.txt
/Users/rl-14/Desktop/Celine-Thesis/all-data-reordered/all/Kris mibisita ni James Yap.txt
/Users/rl-14/Desktop/Celine-Thesis/all-data-reordered/all/Kris milimod nga apil sa Premium Taxi Service.txt
/Users/rl-14/Desktop/Celine-Thesis/all-data-reordered/all/Kris mireak sa isyu nga gisul-ob ang necklace ni Imelda Marcos.txt
/Users/rl-14/Desktop/Celine-Thesis/all-data-reordered/all/Kris opisyal na nga mibiya sa ABS-CBN.txt
/Users/rl-14/Desktop/Celine-Thesis/all-data-reordered/all/Kris pang-digital na lang ang beauty?.txt
/Users/rl-14/Desktop/Celine-Thesis/all-data-reordered/all/Kris vs. Mocha, fake news.txt
/Users/rl-14/Desktop/Celine-Thesis/all-data-reordered/all/Kris wa mangita og adunahang keks.txt
/Users/rl-14/Desktop/Celine-Thesis/all-data-reordered/all/Kris wala gibabagan sa GMA.txt
/Users/rl-14/Desktop/Celine-Thesis/all-data-reordered/all/Kris, aminadong tiguwang na!.txt
/Users/rl-14/Desktop/Celine-Thesis/all-data-reordered/all/Krisis sa tubig sa BBRC.txt
/Users/rl-14/Desktop/Celine-Thesis/all-data-reordered/all/Kristine Hermosa nay sweet message ni Oyo  .txt
/Users/rl-14/Desktop/Celine-Thesis/all-data-reordered/all/Krusyal nga duwa.txt
/Users/rl-14/Desktop/Celine-Thesis/all-data-reordered/all/Krusyal nga inilogay karon.txt
/Users/rl-14/Desktop/Celine-Thesis/all-data-reordered/all/Krusyal nga panagsangka.txt
/Users/rl-14/Desktop/Celine-Thesis/all-data-reordered/all/Krusyal nga sangka: GlobalPort vs. TNT.txt
/Users/rl-14/Desktop/Celine-Thesis/all-data-reordered/all/Krystal abli sa kritisismo.txt
/Users/rl-14/Desktop/Celine-Thesis/all-data-reordered/all/KTV bar gipadlock sa BIR.txt
/Users/rl-14/Desktop/Celine-Thesis/all-data-reordered/all/KTV Bar ug Coffee gipadlock sa BIR.txt
/Users/rl-14/Desktop/Celine-Thesis/all-data-reordered/all/Kuhaan og hulagway kong walay ID.txt
/Users/rl-14/Desktop/Celine-Thesis/all-data-reordered/all/Kulang sa seminar sa balaod trapiko sa kadalanan, sagad sa nalambigit sa vehicular accident- TMU GenSan.txt
/Users/rl-14/Desktop/Celine-Thesis/all-data-reordered/all/Kulba nga kadaugan.txt
/Users/rl-14/Desktop/Celine-Thesis/all-data-reordered/all/Kulbahinam nga crossover karon.txt
/Users/rl-14/Desktop/Celine-Thesis/all-data-reordered/all/Kulbahinam nga finals karon  SunStar.txt
/Users/rl-14/Desktop/Celine-Thesis/all-data-reordered/all/Kulbahinam nga semis sa Flyovers batok MOGCHS .txt
/Users/rl-14/Desktop/Celine-Thesis/all-data-reordered/all/Kulbahinam nga semis sa NBTC .txt
/Users/rl-14/Desktop/Celine-Thesis/all-data-reordered/all/Kulbahinam nga series.txt
/Users/rl-14/Desktop/Celine-Thesis/all-data-reordered/all/Kulbahinam nga tinagakay karon.txt
/Users/rl-14/Desktop/Celine-Thesis/all-data-reordered/all/Kulbahinam nga tinagakay.txt
/Users/rl-14/Desktop/Celine-Thesis/all-data-reordered/all/Kumo ni Marquez sun-on ni Horn.txt
/Users/rl-14/Desktop/Celine-Thesis/all-data-reordered/all/Kumpisal ni Joshua: Julia, grabe ka moody.txt
/Users/rl-14/Desktop/Celine-Thesis/all-data-reordered/all/Kumusta na si Mr. Pastillas?.txt
/Users/rl-14/Desktop/Celine-Thesis/all-data-reordered/all/Kurat: Higanteng bukya nakit-an.txt
/Users/rl-14/Desktop/Celine-Thesis/all-data-reordered/all/Kurat: Lalake naadik sa pagpamalit og boxer shorts.txt
/Users/rl-14/Desktop/Celine-Thesis/all-data-reordered/all/Kurat: Sawa naglukot sud sa kahon sa cornflakes.txt
/Users/rl-14/Desktop/Celine-Thesis/all-data-reordered/all/Kusina ni Joy Young.txt
/Users/rl-14/Desktop/Celine-Thesis/all-data-reordered/all/Kusina sa dakong ospital nasunog.txt
/Users/rl-14/Desktop/Celine-Thesis/all-data-reordered/all/Kusog ang halin sa tiket sa Horn batok Pacquiao.txt
/Users/rl-14/Desktop/Celine-Thesis/all-data-reordered/all/Kusog nga bagyo hayan moigo: Pagasa.txt
/Users/rl-14/Desktop/Celine-Thesis/all-data-reordered/all/Kusog nga kontesyon sa tulo ka Kagay-anon.txt
/Users/rl-14/Desktop/Celine-Thesis/all-data-reordered/all/Kusog nga kontesyon sa tulo ka Kagayanon .txt
/Users/rl-14/Desktop/Celine-Thesis/all-data-reordered/all/Kustudiya sa amahan ug anak nga miyembro sa NPA nga na-aresto sa Agusan Del Sur, gitago sa PRO-13.txt
/Users/rl-14/Desktop/Celine-Thesis/all-data-reordered/all/Kutas nga kadaugan.txt
/Users/rl-14/Desktop/Celine-Thesis/all-data-reordered/all/Kutob hawak nga tubig-baha miigo sa Iligan City.txt
/Users/rl-14/Desktop/Celine-Thesis/all-data-reordered/all/Kuwait, nag-una sa listahan sa OWWA-10 nga daghang Pinay domestic helper ang gimaltrato.txt
/Users/rl-14/Desktop/Celine-Thesis/all-data-reordered/all/Kuwait-based OFW:800 ka Pinoy workers,nagsugod na’g uli sa RP.txt
/Users/rl-14/Desktop/Celine-Thesis/all-data-reordered/all/Kuwang P9 milyunes na lang.txt
/Users/rl-14/Desktop/Celine-Thesis/all-data-reordered/all/Kuwang sa preparasyon?.txt
/Users/rl-14/Desktop/Celine-Thesis/all-data-reordered/all/Kuwarta, armas sa Davao City Jail .txt
/Users/rl-14/Desktop/Celine-Thesis/all-data-reordered/all/Kuwarta, shabu ug mga armas nasakmit.txt
/Users/rl-14/Desktop/Celine-Thesis/all-data-reordered/all/Kwalipikasyon sa mokandidato sa eleksyon gikinahanglan nga bag-uhon-kanhi Senador Pimentel.txt
/Users/rl-14/Desktop/Celine-Thesis/all-data-reordered/all/Kwarta mahiuli ra: BSP.txt
/Users/rl-14/Desktop/Celine-Thesis/all-data-reordered/all/Kwarta mobaha sa 2019 elections?.txt
/Users/rl-14/Desktop/Celine-Thesis/all-data-reordered/all/Kylie andam na sa showbiz career.txt
/Users/rl-14/Desktop/Celine-Thesis/all-data-reordered/all/Kylie dedma lang sa itom nga ilok!.txt
/Users/rl-14/Desktop/Celine-Thesis/all-data-reordered/all/Kylie di patyon sa Encantadia.txt
/Users/rl-14/Desktop/Celine-Thesis/all-data-reordered/all/Kylie malipayon nipahibalo sa iyang pagmabdos.txt
/Users/rl-14/Desktop/Celine-Thesis/all-data-reordered/all/Kylie Padilla buntis?.txt
/Users/rl-14/Desktop/Celine-Thesis/all-data-reordered/all/Kylie touched kang Mariel.txt
/Users/rl-14/Desktop/Celine-Thesis/all-data-reordered/all/Kylie Versoza gikoronahan nga Miss International 2016.txt
/Users/rl-14/Desktop/Celine-Thesis/all-data-reordered/all/Kylie Verzosa, daug sa Miss International 2016.txt
/Users/rl-14/Desktop/Celine-Thesis/all-data-reordered/all/Kylie, gikauwaw ang pagsabak?.txt
/Users/rl-14/Desktop/Celine-Thesis/all-data-reordered/all/Kyrie gusto nga mobiya.txt
/Users/rl-14/Desktop/Celine-Thesis/all-data-reordered/all/Kyrie naangol.txt
/Users/rl-14/Desktop/Celine-Thesis/all-data-reordered/all/KZ gipalayas na's 'The Singer'.txt
/Users/rl-14/Desktop/Celine-Thesis/all-data-reordered/all/KZ gipapha ang idol nga si Jessie.txt
/Users/rl-14/Desktop/Celine-Thesis/all-data-reordered/all/KZ i-launch ang album sa Singapore.txt
/Users/rl-14/Desktop/Celine-Thesis/all-data-reordered/all/KZ ibalik sa “Singer 18”?.txt
/Users/rl-14/Desktop/Celine-Thesis/all-data-reordered/all/KZ Tandingan sikat sa China.txt
/Users/rl-14/Desktop/Celine-Thesis/all-data-reordered/all/L.A. Clippers dili mabungkag: Rivers.txt
/Users/rl-14/Desktop/Celine-Thesis/all-data-reordered/all/L.A. Clippers, 9-1.txt
/Users/rl-14/Desktop/Celine-Thesis/all-data-reordered/all/L.A. Lakers gapanikad.txt
/Users/rl-14/Desktop/Celine-Thesis/all-data-reordered/all/L.A. Lakers kampiyon sa Summer League.txt
/Users/rl-14/Desktop/Celine-Thesis/all-data-reordered/all/LA Lakers Fil-Am guard lisod makaduwa sa RP .txt
/Users/rl-14/Desktop/Celine-Thesis/all-data-reordered/all/LA LAKERS MIDAOG NA GYUD.txt
/Users/rl-14/Desktop/Celine-Thesis/all-data-reordered/all/La Niña hayan dili masinati: Padua .txt
/Users/rl-14/Desktop/Celine-Thesis/all-data-reordered/all/La Salle back-to-back champion sa UAAP womens volleyball.txt
/Users/rl-14/Desktop/Celine-Thesis/all-data-reordered/all/LA Sparks kampiyon sa WNBA.txt
/Users/rl-14/Desktop/Celine-Thesis/all-data-reordered/all/Labaw sa tapad .txt
/Users/rl-14/Desktop/Celine-Thesis/all-data-reordered/all/Labella 'bogus president': Tomas .txt
/Users/rl-14/Desktop/Celine-Thesis/all-data-reordered/all/Labella gitudlo nga presidente sa PDP Laban Cebu City Chapter .txt
/Users/rl-14/Desktop/Celine-Thesis/all-data-reordered/all/Labella mao nay mangu sa PDP Laban Cebu City.txt
/Users/rl-14/Desktop/Celine-Thesis/all-data-reordered/all/Labella mihangyo sa PNP nga Osmeña hatagan og bodyguards.txt
/Users/rl-14/Desktop/Celine-Thesis/all-data-reordered/all/Labella nakadayeg sa LTO 7.txt
/Users/rl-14/Desktop/Celine-Thesis/all-data-reordered/all/Labella, kaubanan i-recall ni Tommy.txt
/Users/rl-14/Desktop/Celine-Thesis/all-data-reordered/all/Labing dako og sweldo mipirma.txt
/Users/rl-14/Desktop/Celine-Thesis/all-data-reordered/all/Labing estriktong Sinulog masinati: mayor.txt
/Users/rl-14/Desktop/Celine-Thesis/all-data-reordered/all/Labing unang hearing sa bag-ong aplikasyon sa STL sa siyudad, ipahigayon ugma.txt
/Users/rl-14/Desktop/Celine-Thesis/all-data-reordered/all/Labing unang presidential debate sa Oro .txt
/Users/rl-14/Desktop/Celine-Thesis/all-data-reordered/all/Labor secretary nagbahad batok opisyales sa barangay .txt
/Users/rl-14/Desktop/Celine-Thesis/all-data-reordered/all/Laborer giihaw sa magsuon.txt
/Users/rl-14/Desktop/Celine-Thesis/all-data-reordered/all/Laborer gipatay sa riding-in-tandem  .txt
/Users/rl-14/Desktop/Celine-Thesis/all-data-reordered/all/Laborer napatay sa foreman.txt
/Users/rl-14/Desktop/Celine-Thesis/all-data-reordered/all/Laborer ngadto sa pagka-pulis.txt
/Users/rl-14/Desktop/Celine-Thesis/all-data-reordered/all/Laborer tiklo sa drug bust.txt
/Users/rl-14/Desktop/Celine-Thesis/all-data-reordered/all/Ladies basketball league sa Sugbo .txt
/Users/rl-14/Desktop/Celine-Thesis/all-data-reordered/all/Ladon mikulata sa Mexicanong no. 1 seed.txt
/Users/rl-14/Desktop/Celine-Thesis/all-data-reordered/all/Lady Angels mikampyon.txt
/Users/rl-14/Desktop/Celine-Thesis/all-data-reordered/all/Lady Bulldogs tryout karon sa Sacred Heart School.txt
/Users/rl-14/Desktop/Celine-Thesis/all-data-reordered/all/Lady Knights gileksyon sa MOGCHS.txt
/Users/rl-14/Desktop/Celine-Thesis/all-data-reordered/all/Lady Knights nadepensahan ang titulo.txt
/Users/rl-14/Desktop/Celine-Thesis/all-data-reordered/all/Lady Skyhawks daog batok Agusan NHS.txt
/Users/rl-14/Desktop/Celine-Thesis/all-data-reordered/all/Lagda itakda alang sa mga tourist destination.txt
/Users/rl-14/Desktop/Celine-Thesis/all-data-reordered/all/Lagda Sa Espeling.txt
/Users/rl-14/Desktop/Celine-Thesis/all-data-reordered/all/Lagda Sa Paggamit Sa U ug O.txt
/Users/rl-14/Desktop/Celine-Thesis/all-data-reordered/all/Lagda sa trapiko hugot nga ipatuman ni Luigi.txt
/Users/rl-14/Desktop/Celine-Thesis/all-data-reordered/all/Lagon di pa kalingkod bisan TRO mapupos.txt
/Users/rl-14/Desktop/Celine-Thesis/all-data-reordered/all/Lagon mosang-at og injunction sa Comelec.txt
/Users/rl-14/Desktop/Celine-Thesis/all-data-reordered/all/Lagot na ang hari .txt
/Users/rl-14/Desktop/Celine-Thesis/all-data-reordered/all/Laguindingan Airport andam sa international flights.txt
/Users/rl-14/Desktop/Celine-Thesis/all-data-reordered/all/Lahi na karon.txt
/Users/rl-14/Desktop/Celine-Thesis/all-data-reordered/all/Lahi'ng bida.txt
/Users/rl-14/Desktop/Celine-Thesis/all-data-reordered/all/Lahi-lahing reaksyon sa pagdeklara ni Duterte og martial law.txt
/Users/rl-14/Desktop/Celine-Thesis/all-data-reordered/all/Lahing Judy Ann Santos sa “Dalawang Mrs. Reyes”.txt
/Users/rl-14/Desktop/Celine-Thesis/all-data-reordered/all/Lahug, Cogon Pardo di moapil sa parade.txt
/Users/rl-14/Desktop/Celine-Thesis/all-data-reordered/all/Lain na sab ang patay sa SRP; ‘speed limit angay ipatuman’.txt
/Users/rl-14/Desktop/Celine-Thesis/all-data-reordered/all/Lain nga hagit.txt
/Users/rl-14/Desktop/Celine-Thesis/all-data-reordered/all/Lain pang kapin 90 ka mga delegado sa DAVRAA gikan Tagum city biktima usab sa food poisoning.txt
/Users/rl-14/Desktop/Celine-Thesis/all-data-reordered/all/Laing 132 nasikop sa Team.txt
/Users/rl-14/Desktop/Celine-Thesis/all-data-reordered/all/Laing 241 kanhi NPA biyahe na sa Manila; makigtagbo ni Duterte.txt
/Users/rl-14/Desktop/Celine-Thesis/all-data-reordered/all/Laing 4 ka buhatan sa LTO moimprinta og license cards.txt
/Users/rl-14/Desktop/Celine-Thesis/all-data-reordered/all/Laing anak ni Dolphy na-stroke.txt
/Users/rl-14/Desktop/Celine-Thesis/all-data-reordered/all/Laing barangay konsehal gitipi.txt
/Users/rl-14/Desktop/Celine-Thesis/all-data-reordered/all/Laing BMO ang nag-solicit?.txt
/Users/rl-14/Desktop/Celine-Thesis/all-data-reordered/all/Laing CESAFI Player gi-ban.txt
/Users/rl-14/Desktop/Celine-Thesis/all-data-reordered/all/Laing Curry ang mihimo og kasikas.txt
/Users/rl-14/Desktop/Celine-Thesis/all-data-reordered/all/Laing dakong opisyal sa NPA, nadakpan sa Talacogon, Agusan Del Sur.txt
/Users/rl-14/Desktop/Celine-Thesis/all-data-reordered/all/Laing dismissal order atubangon ni Moreno.txt
/Users/rl-14/Desktop/Celine-Thesis/all-data-reordered/all/Laing gidakop tungod sa bomb joke.txt
/Users/rl-14/Desktop/Celine-Thesis/all-data-reordered/all/Laing gold sa billiard.txt
/Users/rl-14/Desktop/Celine-Thesis/all-data-reordered/all/Laing haponanon mipirma sa ALA.txt
/Users/rl-14/Desktop/Celine-Thesis/all-data-reordered/all/Laing Hawks na-injured; di na sad katawas sa playoffs.txt
/Users/rl-14/Desktop/Celine-Thesis/all-data-reordered/all/Laing hugna sa One Time Bigtime Operation sa Region 12, lauman.txt
/Users/rl-14/Desktop/Celine-Thesis/all-data-reordered/all/Laing kasaysayan?.txt
/Users/rl-14/Desktop/Celine-Thesis/all-data-reordered/all/Laing miyembro sa NPA, mitahan sa Alabel.txt
/Users/rl-14/Desktop/Celine-Thesis/all-data-reordered/all/Laing pulis sa Lapu positibo sa drug test; mihimakak nga user .txt
/Users/rl-14/Desktop/Celine-Thesis/all-data-reordered/all/Laing railway company makigkita ni Luigi.txt
/Users/rl-14/Desktop/Celine-Thesis/all-data-reordered/all/Laing record sa megafight.txt
/Users/rl-14/Desktop/Celine-Thesis/all-data-reordered/all/Laing suspek pagpayuhot gidiling druga gitumba.txt
/Users/rl-14/Desktop/Celine-Thesis/all-data-reordered/all/laing talan-awon bantang sa dughan.txt
/Users/rl-14/Desktop/Celine-Thesis/all-data-reordered/all/Laing titulo ni Donaire?.txt
/Users/rl-14/Desktop/Celine-Thesis/all-data-reordered/all/Laing world title fight ni Casimero, Dec. 18.txt
/Users/rl-14/Desktop/Celine-Thesis/all-data-reordered/all/Laing ‘spotter’ nakita sud sa korte.txt
/Users/rl-14/Desktop/Celine-Thesis/all-data-reordered/all/Laing-laing langyaw gika-sparring.txt
/Users/rl-14/Desktop/Celine-Thesis/all-data-reordered/all/Lakad Tokhang himoun.txt
/Users/rl-14/Desktop/Celine-Thesis/all-data-reordered/all/Lakad Tokhang sa PNP gilusad sa pinaagi sa march rally.txt
/Users/rl-14/Desktop/Celine-Thesis/all-data-reordered/all/Lakang ni Pang. Duterte nga repatriation sa mga OFWs sa Kuwait nga gustong muoli sa nasud gidayeg.txt
/Users/rl-14/Desktop/Celine-Thesis/all-data-reordered/all/Lakang pag-ubos sa edad sa criminal responsibility .txt
/Users/rl-14/Desktop/Celine-Thesis/all-data-reordered/all/Lakang sa NTC nga pagpasira sa mga radio stations nga dili motuman sa broadcasting standards gisuportahan sa CBAP.txt
/Users/rl-14/Desktop/Celine-Thesis/all-data-reordered/all/Lakers agakon.txt
/Users/rl-14/Desktop/Celine-Thesis/all-data-reordered/all/Lakers gilubong og 48 puntos sa Jazz.txt
/Users/rl-14/Desktop/Celine-Thesis/all-data-reordered/all/Lakers gipahubsan sa Cavs; Spurs mipakaratil sa Bulls.txt
/Users/rl-14/Desktop/Celine-Thesis/all-data-reordered/all/Lakers giusban sa Golden State.txt
/Users/rl-14/Desktop/Celine-Thesis/all-data-reordered/all/Lakers mipukan sa Mavericks; sud sa finals sa NBA Summer League.txt
/Users/rl-14/Desktop/Celine-Thesis/all-data-reordered/all/Lakers nabungog sa Thunder, 118-78; Bryant wa moduwa.txt
/Users/rl-14/Desktop/Celine-Thesis/all-data-reordered/all/Lakers wala pa’y starting five.txt
/Users/rl-14/Desktop/Celine-Thesis/all-data-reordered/all/Lakers wa’y imik bahin ni Clarkson.txt
/Users/rl-14/Desktop/Celine-Thesis/all-data-reordered/all/Lalake gipusil sa ginang.txt
/Users/rl-14/Desktop/Celine-Thesis/all-data-reordered/all/Lalake gitabangan ug kulata; patay sa CdeO.txt
/Users/rl-14/Desktop/Celine-Thesis/all-data-reordered/all/Lalake mi-hostage sa uyab.txt
/Users/rl-14/Desktop/Celine-Thesis/all-data-reordered/all/Lalake milukso sa pangpang.txt
/Users/rl-14/Desktop/Celine-Thesis/all-data-reordered/all/Lalake nabitik, tipi.txt
/Users/rl-14/Desktop/Celine-Thesis/all-data-reordered/all/Lalake naghikog kay P500 nga gihuwaman napildi sa mahjong .txt
/Users/rl-14/Desktop/Celine-Thesis/all-data-reordered/all/Lalake nalatayan sa trak, patay .txt
/Users/rl-14/Desktop/Celine-Thesis/all-data-reordered/all/Lalake nga buot maghikog gumikan sa gugma na rescue.txt
/Users/rl-14/Desktop/Celine-Thesis/all-data-reordered/all/Lalake nga nagluto `gikulata’ sa 4 ka  pulis sa Moalboal.txt
/Users/rl-14/Desktop/Celine-Thesis/all-data-reordered/all/Lalake ‘namuso’ napriso.txt
/Users/rl-14/Desktop/Celine-Thesis/all-data-reordered/all/Lalakeng ga-awto gipatay sa nagmotor.txt
/Users/rl-14/Desktop/Celine-Thesis/all-data-reordered/all/Lalaki , balik prisuhan human madakpan nga nagpalusot og kontrabando sa rehabilitation center.txt
/Users/rl-14/Desktop/Celine-Thesis/all-data-reordered/all/Lalaki dakpan sa buy-bust.txt
/Users/rl-14/Desktop/Celine-Thesis/all-data-reordered/all/Lalaki gi-hit and run, patay.txt
/Users/rl-14/Desktop/Celine-Thesis/all-data-reordered/all/Lalaki gidala sa punerarya nga buhi.txt
/Users/rl-14/Desktop/Celine-Thesis/all-data-reordered/all/Lalaki gidunggab patay sa kainom.txt
/Users/rl-14/Desktop/Celine-Thesis/all-data-reordered/all/Lalaki gidunggab sa ex sa uyab.txt
/Users/rl-14/Desktop/Celine-Thesis/all-data-reordered/all/Lalaki gidunggab, patay.txt
/Users/rl-14/Desktop/Celine-Thesis/all-data-reordered/all/Lalaki gihapak og botelya kay gipalong ang kandila .txt
/Users/rl-14/Desktop/Celine-Thesis/all-data-reordered/all/Lalaki giihaw sa bayaw.txt
/Users/rl-14/Desktop/Celine-Thesis/all-data-reordered/all/Lalaki giihaw sa magsuon.txt
/Users/rl-14/Desktop/Celine-Thesis/all-data-reordered/all/Lalaki gikawatan sa sex worker.txt
/Users/rl-14/Desktop/Celine-Thesis/all-data-reordered/all/Lalaki giluba 15 ka higayon.txt
/Users/rl-14/Desktop/Celine-Thesis/all-data-reordered/all/Lalaki giluba patay sa silingan.txt
/Users/rl-14/Desktop/Celine-Thesis/all-data-reordered/all/Lalaki gipusil patay sa kainom.txt
/Users/rl-14/Desktop/Celine-Thesis/all-data-reordered/all/Lalaki gipusil patay samtang nag-videoke.txt
/Users/rl-14/Desktop/Celine-Thesis/all-data-reordered/all/Lalaki gipusil patay, 6-anyos nga anak napagan.txt
/Users/rl-14/Desktop/Celine-Thesis/all-data-reordered/all/Lalaki gipusil sa mga carnapper.txt
/Users/rl-14/Desktop/Celine-Thesis/all-data-reordered/all/Lalaki gipusil samtang nanglaag.txt
/Users/rl-14/Desktop/Celine-Thesis/all-data-reordered/all/Lalaki gipusil samtang natulog.txt
/Users/rl-14/Desktop/Celine-Thesis/all-data-reordered/all/Lalaki gipusil, motorsiklo gikawat.txt
/Users/rl-14/Desktop/Celine-Thesis/all-data-reordered/all/Lalaki giputla’g ubol-ubol.txt
/Users/rl-14/Desktop/Celine-Thesis/all-data-reordered/all/Lalaki gitigbas, giluba.txt
/Users/rl-14/Desktop/Celine-Thesis/all-data-reordered/all/Lalaki gitoohang naligsan, patay .txt
/Users/rl-14/Desktop/Celine-Thesis/all-data-reordered/all/Lalaki mi-ambak sa barkong gikan sa Surigao City padulong unta sa Cebu City.txt
/Users/rl-14/Desktop/Celine-Thesis/all-data-reordered/all/Lalaki mi-ambak sa dagat sa Oro, patay.txt
/Users/rl-14/Desktop/Celine-Thesis/all-data-reordered/all/Lalaki miagulo sa pag-sex gidunggab .txt
/Users/rl-14/Desktop/Celine-Thesis/all-data-reordered/all/Lalaki mireklamo kay giingnan og liwat sa iro.txt
/Users/rl-14/Desktop/Celine-Thesis/all-data-reordered/all/Lalaki missinggit og 'bomba' sikop.txt
/Users/rl-14/Desktop/Celine-Thesis/all-data-reordered/all/Lalaki na-ospital human tabangi ug dunggab sa gikasugat nga gang.txt
/Users/rl-14/Desktop/Celine-Thesis/all-data-reordered/all/Lalaki nabangga sa military truck, patay.txt
/Users/rl-14/Desktop/Celine-Thesis/all-data-reordered/all/Lalaki nabanggaan, naligsan patay.txt
/Users/rl-14/Desktop/Celine-Thesis/all-data-reordered/all/Lalaki nag-check in, naglasong namatay.txt
/Users/rl-14/Desktop/Celine-Thesis/all-data-reordered/all/Lalaki nagda'g armas, shabu misukol gitipi.txt
/Users/rl-14/Desktop/Celine-Thesis/all-data-reordered/all/Lalaki naghikog atol sa Valentine's Day.txt
/Users/rl-14/Desktop/Celine-Thesis/all-data-reordered/all/Lalaki naglasong sa haya napatay sa pulis.txt
/Users/rl-14/Desktop/Celine-Thesis/all-data-reordered/all/Lalaki naglasong, napatay sa kapolisan.txt
/Users/rl-14/Desktop/Celine-Thesis/all-data-reordered/all/Lalaki nagpa-Last 2 nasakpan, gisikop .txt
/Users/rl-14/Desktop/Celine-Thesis/all-data-reordered/all/Lalaki nagpaligis sa mixer truck.txt
/Users/rl-14/Desktop/Celine-Thesis/all-data-reordered/all/Lalaki nahagbungan og hook block sa tower crane, nabali-nabali ang lawas patay.txt
/Users/rl-14/Desktop/Celine-Thesis/all-data-reordered/all/Lalaki naigo sa saag nga bala, patay.txt
/Users/rl-14/Desktop/Celine-Thesis/all-data-reordered/all/Lalaki nakadaug og sabong gipatay .txt
/Users/rl-14/Desktop/Celine-Thesis/all-data-reordered/all/Lalaki nakuhaan og improvised shotgun.txt
/Users/rl-14/Desktop/Celine-Thesis/all-data-reordered/all/Lalaki nakuhaan og shabu, improvised pistol .txt
/Users/rl-14/Desktop/Celine-Thesis/all-data-reordered/all/Lalaki nalabay, naligsan.txt
/Users/rl-14/Desktop/Celine-Thesis/all-data-reordered/all/Lalaki nalatayan sa boom truck, patay.txt
/Users/rl-14/Desktop/Celine-Thesis/all-data-reordered/all/Lalaki naligsan, ulo mibuto.txt
/Users/rl-14/Desktop/Celine-Thesis/all-data-reordered/all/Lalaki namatay sa bun-og.txt
/Users/rl-14/Desktop/Celine-Thesis/all-data-reordered/all/Lalaki namusil sa anak, nakapatay .txt
/Users/rl-14/Desktop/Celine-Thesis/all-data-reordered/all/Lalaki nanghostage sa iyang kaugalingon.txt
/Users/rl-14/Desktop/Celine-Thesis/all-data-reordered/all/Lalaki nangilad nagpatuong taga LTO.txt
/Users/rl-14/Desktop/Celine-Thesis/all-data-reordered/all/Lalaki nanguha og saging, 'gikulata'.txt
/Users/rl-14/Desktop/Celine-Thesis/all-data-reordered/all/Lalaki napalgang patay wala pa maila.txt
/Users/rl-14/Desktop/Celine-Thesis/all-data-reordered/all/Lalaki nasumhan sa kaipon gimumo.txt
/Users/rl-14/Desktop/Celine-Thesis/all-data-reordered/all/Lalaki nga 3 ka adlaw nga ‘high’ sa drugs natipi .txt
/Users/rl-14/Desktop/Celine-Thesis/all-data-reordered/all/Lalaki nga gidaro sa sakyanan patay na.txt
/Users/rl-14/Desktop/Celine-Thesis/all-data-reordered/all/Lalaki nga gikan nag-lodge patay sulod sa mini-cell sa CdeO.txt
/Users/rl-14/Desktop/Celine-Thesis/all-data-reordered/all/Lalaki nga gikan sa casino, gipusil-patay.txt
/Users/rl-14/Desktop/Celine-Thesis/all-data-reordered/all/Lalaki nga giputla'g kinatawo unang gitulis.txt
/Users/rl-14/Desktop/Celine-Thesis/all-data-reordered/all/Lalaki nga manglabnihay nasikop gikulata  SunStar.txt
/Users/rl-14/Desktop/Celine-Thesis/all-data-reordered/all/Lalaki nga missing napalgan, bukog na.txt
/Users/rl-14/Desktop/Celine-Thesis/all-data-reordered/all/Lalaki nga missing napalgang bukog na.txt
/Users/rl-14/Desktop/Celine-Thesis/all-data-reordered/all/Lalaki nga namaligya ug iligal nga droga, hingpit nang nakasohan.txt
/Users/rl-14/Desktop/Celine-Thesis/all-data-reordered/all/Lalaki patay human nahulog ang motorsiklo sa kanal.txt
/Users/rl-14/Desktop/Celine-Thesis/all-data-reordered/all/Lalaki patay sa pagpanunggab sa CdeO.txt
/Users/rl-14/Desktop/Celine-Thesis/all-data-reordered/all/Lalaki sa Agusan Del Sur, patay sa dihang aksidenteng mibuto ang dalang shotgun.txt
/Users/rl-14/Desktop/Celine-Thesis/all-data-reordered/all/Lalaki sa Surigao del Norte, gitigbas-patay sa iyang ugangan.txt
/Users/rl-14/Desktop/Celine-Thesis/all-data-reordered/all/Lalaki sikop sa drug bust .txt
/Users/rl-14/Desktop/Celine-Thesis/all-data-reordered/all/Lalaki tiklo sa kasong rape.txt
/Users/rl-14/Desktop/Celine-Thesis/all-data-reordered/all/Lalaki tiklo sa Tokhang.txt
/Users/rl-14/Desktop/Celine-Thesis/all-data-reordered/all/Lalaki tingkagol human gisuot ang purol sa namatay.txt
/Users/rl-14/Desktop/Celine-Thesis/all-data-reordered/all/Lalaki wala gipahilam sa 'boobs' nanukmag.txt
/Users/rl-14/Desktop/Celine-Thesis/all-data-reordered/all/Lalaki wala nagplete gisikop.txt
/Users/rl-14/Desktop/Celine-Thesis/all-data-reordered/all/Lalaki ‘wala maka-move on’ sa ex nangluba.txt
/Users/rl-14/Desktop/Celine-Thesis/all-data-reordered/all/Lalaki, gipusil-patay sa kainom sa CdeO.txt
/Users/rl-14/Desktop/Celine-Thesis/all-data-reordered/all/Lalaki, lain na sab nga biktima sa riding in tandem.txt
/Users/rl-14/Desktop/Celine-Thesis/all-data-reordered/all/Lalaki, sikop sa pagsulay’g lugos sa iyang bestfriend sa CdeO.txt
/Users/rl-14/Desktop/Celine-Thesis/all-data-reordered/all/Lalaking torpe, naghikot sa liog-patay ning syudad.txt
/Users/rl-14/Desktop/Celine-Thesis/all-data-reordered/all/Lalawigan sa Sugbo mohatag og P1 M sa dakbayan sa Ormoc.txt
/Users/rl-14/Desktop/Celine-Thesis/all-data-reordered/all/Lalis hinungdan sa pagpatay sa 2.txt
/Users/rl-14/Desktop/Celine-Thesis/all-data-reordered/all/Lamb of God Juniors mikampeyon.txt
/Users/rl-14/Desktop/Celine-Thesis/all-data-reordered/all/Lamiang kape, tea sa Oxford Brewing Co.  .txt
/Users/rl-14/Desktop/Celine-Thesis/all-data-reordered/all/Lana, gas sa Alegria pang-commercial: DOE.txt
/Users/rl-14/Desktop/Celine-Thesis/all-data-reordered/all/Lanao Sur vice guv mihangyo dili mogamit og mortars.txt
/Users/rl-14/Desktop/Celine-Thesis/all-data-reordered/all/Lancers miabante; Jaguars pilde.txt
/Users/rl-14/Desktop/Celine-Thesis/all-data-reordered/all/Lancers nakasugat og dili maayo nga pagtratar sa host?.txt
/Users/rl-14/Desktop/Celine-Thesis/all-data-reordered/all/Lancers napildi.txt
/Users/rl-14/Desktop/Celine-Thesis/all-data-reordered/all/Land claimant, gipusil ang ig-agaw tungod sa bangi sa yuta.txt
/Users/rl-14/Desktop/Celine-Thesis/all-data-reordered/all/Landfill di pasirhan ni Osmeña bisan sa rekomendasyon sa DOH.txt
/Users/rl-14/Desktop/Celine-Thesis/all-data-reordered/all/Landslide area ipadeklara nga danger zone .txt
/Users/rl-14/Desktop/Celine-Thesis/all-data-reordered/all/Landslide sa Misamis Oriental nakabalda sa trapiko.txt
/Users/rl-14/Desktop/Celine-Thesis/all-data-reordered/all/Landslide sa Sirao migrabe.txt
/Users/rl-14/Desktop/Celine-Thesis/all-data-reordered/all/Langay nga delivery sa CRAM uniform sa Butuan City athletic delegation, imbestigahan sa Sangguniang Panlungsod.txt
/Users/rl-14/Desktop/Celine-Thesis/all-data-reordered/all/Langyaw naangol sa San Fernando.txt
/Users/rl-14/Desktop/Celine-Thesis/all-data-reordered/all/Langyaw napadpad sa Naawan sakay sa iyang dakung sakayan.txt
/Users/rl-14/Desktop/Celine-Thesis/all-data-reordered/all/Langyaw ‘mi-rape’ sa 2 ka dalagita.txt
/Users/rl-14/Desktop/Celine-Thesis/all-data-reordered/all/Lanog ang suporta  sa habalhabal.txt
/Users/rl-14/Desktop/Celine-Thesis/all-data-reordered/all/Laoag, Cagayan interesado mo-host sa Milo marathon.txt
/Users/rl-14/Desktop/Celine-Thesis/all-data-reordered/all/Lapanday nalugi sa $120 mil tungod protesta sa Marbai.txt
/Users/rl-14/Desktop/Celine-Thesis/all-data-reordered/all/Lapasan mosulay og harus .txt
/Users/rl-14/Desktop/Celine-Thesis/all-data-reordered/all/Lapasan NHS, Lady Skywalks duha ka daog na.txt
/Users/rl-14/Desktop/Celine-Thesis/all-data-reordered/all/Lapasan Summer League buksan karong adlawa.txt
/Users/rl-14/Desktop/Celine-Thesis/all-data-reordered/all/Lapasan wala gitugtan moharus.txt
/Users/rl-14/Desktop/Celine-Thesis/all-data-reordered/all/Laplapan scenes, Regine may restrictions na.txt
/Users/rl-14/Desktop/Celine-Thesis/all-data-reordered/all/Laplapan with a girl di keri ni Sheena.txt
/Users/rl-14/Desktop/Celine-Thesis/all-data-reordered/all/Lapu gipasidunggan sa DILG sa ilang maayo nga pagdumalang pinansyal.txt
/Users/rl-14/Desktop/Celine-Thesis/all-data-reordered/all/Lapu Inter-barangay summer league pormal nga gisugdan.txt
/Users/rl-14/Desktop/Celine-Thesis/all-data-reordered/all/Lapu police  nag-amot-amot alang sa kauban nga na- ICU atol sa Ironman.txt
/Users/rl-14/Desktop/Celine-Thesis/all-data-reordered/all/Lapu police gi-monitor sa pushers?.txt
/Users/rl-14/Desktop/Celine-Thesis/all-data-reordered/all/Lapu, Mandaue mopasikop sa counterflow.txt
/Users/rl-14/Desktop/Celine-Thesis/all-data-reordered/all/Lapu, Talisay adunay bag-ong police chiefs.txt
/Users/rl-14/Desktop/Celine-Thesis/all-data-reordered/all/Lapu-Lapu City councilor namatay sa komplikasyon sa operasyon.txt
/Users/rl-14/Desktop/Celine-Thesis/all-data-reordered/all/Lapu-Lapu City nagkinahanglan og hiniusa, malangkubong solusyon sa baha: Berame.txt
/Users/rl-14/Desktop/Celine-Thesis/all-data-reordered/all/Lapu-Lapu gibaha sa unang adlaw sa ASEAN meeting.txt
/Users/rl-14/Desktop/Celine-Thesis/all-data-reordered/all/Lapu-Lapu mopalit og speed boat.txt
/Users/rl-14/Desktop/Celine-Thesis/all-data-reordered/all/Lapu-Lapu police nag ala Kupido.txt
/Users/rl-14/Desktop/Celine-Thesis/all-data-reordered/all/Largo ‘nabisto’ sa CCTV.txt
/Users/rl-14/Desktop/Celine-Thesis/all-data-reordered/all/Lariosa: Batang Jesus, Tupas ug Legaspi.txt
/Users/rl-14/Desktop/Celine-Thesis/all-data-reordered/all/Lariosa: Carcar, sa palwa sa kadaugan.txt
/Users/rl-14/Desktop/Celine-Thesis/all-data-reordered/all/Lariosa: ConAss o ConCon.txt
/Users/rl-14/Desktop/Celine-Thesis/all-data-reordered/all/Lariosa: Da nangilog sa NFA?.txt
/Users/rl-14/Desktop/Celine-Thesis/all-data-reordered/all/Lariosa: Dalan ni Mel Baclay.txt
/Users/rl-14/Desktop/Celine-Thesis/all-data-reordered/all/Lariosa: Dayon, 2018!.txt
/Users/rl-14/Desktop/Celine-Thesis/all-data-reordered/all/Lariosa: Digong ma-impeach?.txt
/Users/rl-14/Desktop/Celine-Thesis/all-data-reordered/all/Lariosa: Federalismo makaayo sa Pilipinas?.txt
/Users/rl-14/Desktop/Celine-Thesis/all-data-reordered/all/Lariosa: Grass fire.txt
/Users/rl-14/Desktop/Celine-Thesis/all-data-reordered/all/Lariosa: Kamatayon sa maayong tawo.txt
/Users/rl-14/Desktop/Celine-Thesis/all-data-reordered/all/Lariosa: Kinsay kasab-an ni Duterte?.txt
/Users/rl-14/Desktop/Celine-Thesis/all-data-reordered/all/Lariosa: Maninigbas sa suwab sa mga pulong.txt
/Users/rl-14/Desktop/Celine-Thesis/all-data-reordered/all/Lariosa: Pagsabot kang Digong.txt
/Users/rl-14/Desktop/Celine-Thesis/all-data-reordered/all/Lariosa: Palad ni Leila.txt
/Users/rl-14/Desktop/Celine-Thesis/all-data-reordered/all/Lariosa: Protesta sa mga tinun-an.txt
/Users/rl-14/Desktop/Celine-Thesis/all-data-reordered/all/Lariosa: Pulitikanhong sipyat.txt
/Users/rl-14/Desktop/Celine-Thesis/all-data-reordered/all/Lariosa: Tahuron ang soberanyang katungod?.txt
/Users/rl-14/Desktop/Celine-Thesis/all-data-reordered/all/Lariosa: Tuli.txt
/Users/rl-14/Desktop/Celine-Thesis/all-data-reordered/all/Lariosa: Ug misayaw ang krusipiho.txt
/Users/rl-14/Desktop/Celine-Thesis/all-data-reordered/all/Lariosa: Wanted: Mga bayani .txt
/Users/rl-14/Desktop/Celine-Thesis/all-data-reordered/all/Lascañas, Matobato di makita.txt
/Users/rl-14/Desktop/Celine-Thesis/all-data-reordered/all/Lassiter nagmahay nga wala maapil sa PBA All-Star Game.txt
/Users/rl-14/Desktop/Celine-Thesis/all-data-reordered/all/Last Chance.txt
/Users/rl-14/Desktop/Celine-Thesis/all-data-reordered/all/Lastimosa gibag-ohag kontrata.txt
/Users/rl-14/Desktop/Celine-Thesis/all-data-reordered/all/latas sa utlanan.txt
/Users/rl-14/Desktop/Celine-Thesis/all-data-reordered/all/Latest beauty and wellness technology ania na sa Davao  .txt
/Users/rl-14/Desktop/Celine-Thesis/all-data-reordered/all/LaVine kahibalo’g sign language.txt
/Users/rl-14/Desktop/Celine-Thesis/all-data-reordered/all/Laviña: Daghang babaye pilion sa gabinete ni Duterte.txt
/Users/rl-14/Desktop/Celine-Thesis/all-data-reordered/all/Law office ni Villarante sa Tabunok gilungkab.txt
/Users/rl-14/Desktop/Celine-Thesis/all-data-reordered/all/Lawas ni Msgr. Camomot ugkaton karong Enero 3.txt
/Users/rl-14/Desktop/Celine-Thesis/all-data-reordered/all/Lawas ni Msgr. Camomot ugkaton.txt
/Users/rl-14/Desktop/Celine-Thesis/all-data-reordered/all/Lawas sa puya naputol, hayan gikaon sa iro.txt
/Users/rl-14/Desktop/Celine-Thesis/all-data-reordered/all/Lawas sa tinun-an gi-autopsy aron namatyan mahibaw-an.txt
/Users/rl-14/Desktop/Celine-Thesis/all-data-reordered/all/lawas.txt
/Users/rl-14/Desktop/Celine-Thesis/all-data-reordered/all/Lawas: Dili ko drug protector.txt
/Users/rl-14/Desktop/Celine-Thesis/all-data-reordered/all/Laya mibayani sa CdeO-MisOr.txt
/Users/rl-14/Desktop/Celine-Thesis/all-data-reordered/all/LBC, agri supply gitulis sa susama nga suspek.txt
/Users/rl-14/Desktop/Celine-Thesis/all-data-reordered/all/LBJ Finals MVP na sab.txt
/Users/rl-14/Desktop/Celine-Thesis/all-data-reordered/all/LBJ gidayeg ni Kyrie .txt
/Users/rl-14/Desktop/Celine-Thesis/all-data-reordered/all/LBJ mileksiyon sa LA Lakers.txt
/Users/rl-14/Desktop/Celine-Thesis/all-data-reordered/all/LBJ mobisita na sab sa Pilipinas.txt
/Users/rl-14/Desktop/Celine-Thesis/all-data-reordered/all/Lea itugyan sa polis ang pagkasikop sa igsuon.txt
/Users/rl-14/Desktop/Celine-Thesis/all-data-reordered/all/Lea nag-beastmode sa fans.txt
/Users/rl-14/Desktop/Celine-Thesis/all-data-reordered/all/Lea pabor mag-interpreter si Maxine.txt
/Users/rl-14/Desktop/Celine-Thesis/all-data-reordered/all/Lea Salonga gibirahan ang ABS-CBN.txt
/Users/rl-14/Desktop/Celine-Thesis/all-data-reordered/all/Lebanon vs. Gilas.txt
/Users/rl-14/Desktop/Celine-Thesis/all-data-reordered/all/Lebron gisaway ni Phil.txt
/Users/rl-14/Desktop/Celine-Thesis/all-data-reordered/all/LeBron James mibangis.txt
/Users/rl-14/Desktop/Celine-Thesis/all-data-reordered/all/LeBron James mibuak sa record ni Michael Jordan.txt
/Users/rl-14/Desktop/Celine-Thesis/all-data-reordered/all/LeBron James midasig sa iyang mga kauban.txt
/Users/rl-14/Desktop/Celine-Thesis/all-data-reordered/all/Lebron mihimakak nga aduna siya'y listahan sa posible niyang balhinan.txt
/Users/rl-14/Desktop/Celine-Thesis/all-data-reordered/all/Lebron mikulit og kasaysayan.txt
/Users/rl-14/Desktop/Celine-Thesis/all-data-reordered/all/LeBron mipirma na’g bag-ong kontrata .txt
/Users/rl-14/Desktop/Celine-Thesis/all-data-reordered/all/Lebron mitali og 30,000 pts..txt
/Users/rl-14/Desktop/Celine-Thesis/all-data-reordered/all/LeBron molikay sa social media.txt
/Users/rl-14/Desktop/Celine-Thesis/all-data-reordered/all/LeBron nakauyon.txt
/Users/rl-14/Desktop/Celine-Thesis/all-data-reordered/all/LeBron nakurat sa pagtrato sa Heat kang Bosh.txt
/Users/rl-14/Desktop/Celine-Thesis/all-data-reordered/all/LeBron napili na sab.txt
/Users/rl-14/Desktop/Celine-Thesis/all-data-reordered/all/LeBron nasubhan og pilde sa pagbalik niya og duwa.txt
/Users/rl-14/Desktop/Celine-Thesis/all-data-reordered/all/LeBron nasubo.txt
/Users/rl-14/Desktop/Celine-Thesis/all-data-reordered/all/LeBron padayon nga misaka sa NBA All-time scoring list.txt
/Users/rl-14/Desktop/Celine-Thesis/all-data-reordered/all/Lebron wa gihapon mopraktis.txt
/Users/rl-14/Desktop/Celine-Thesis/all-data-reordered/all/LeBron wala pa’y desisyon.txt
/Users/rl-14/Desktop/Celine-Thesis/all-data-reordered/all/Lebron way kalabutan sa pagpalagpot ni Blatt.txt
/Users/rl-14/Desktop/Celine-Thesis/all-data-reordered/all/LeBron, Cavs nangita og solusyon.txt
/Users/rl-14/Desktop/Celine-Thesis/all-data-reordered/all/LeBron, Nike mag-uban hangtod sa kahangturan.txt
/Users/rl-14/Desktop/Celine-Thesis/all-data-reordered/all/Lechon sa Carcar gireklamo .txt
/Users/rl-14/Desktop/Celine-Thesis/all-data-reordered/all/LED screen ibutang sa Mandaue City Hall.txt
/Users/rl-14/Desktop/Celine-Thesis/all-data-reordered/all/Lee andam gihapon moduwa sa Game 4.txt
/Users/rl-14/Desktop/Celine-Thesis/all-data-reordered/all/Lee buhian sa Golden State.txt
/Users/rl-14/Desktop/Celine-Thesis/all-data-reordered/all/Lee di na moapil.txt
/Users/rl-14/Desktop/Celine-Thesis/all-data-reordered/all/Lee di pa kaapil sa RP training.txt
/Users/rl-14/Desktop/Celine-Thesis/all-data-reordered/all/Lee hatagan na'g playing time: Kerr.txt
/Users/rl-14/Desktop/Celine-Thesis/all-data-reordered/all/Lee maoy napiling Player of the Week sa Accel-PBA Press Corps.txt
/Users/rl-14/Desktop/Celine-Thesis/all-data-reordered/all/Lee mibasol sa iyang kaugalingon.txt
/Users/rl-14/Desktop/Celine-Thesis/all-data-reordered/all/Lee mobalik na.txt
/Users/rl-14/Desktop/Celine-Thesis/all-data-reordered/all/Lee mopraktis sa Gilas Pilipinas bisa'g di pa 100% ang kondisyon.txt
/Users/rl-14/Desktop/Celine-Thesis/all-data-reordered/all/Lee, Magnolia andam mobawos sa SMB.txt
/Users/rl-14/Desktop/Celine-Thesis/all-data-reordered/all/Legario: Ang kapa sa pagkamatarong.txt
/Users/rl-14/Desktop/Celine-Thesis/all-data-reordered/all/Legario: Ang pangdihog nga lana.txt
/Users/rl-14/Desktop/Celine-Thesis/all-data-reordered/all/Legario: Bulak, gugma, ug kamatayon?.txt
/Users/rl-14/Desktop/Celine-Thesis/all-data-reordered/all/Legario: Butanganan sa pito ka mga suga.txt
/Users/rl-14/Desktop/Celine-Thesis/all-data-reordered/all/Legario: Hubo nga mga tiil.txt
/Users/rl-14/Desktop/Celine-Thesis/all-data-reordered/all/Legario: Pagkabalaan ngadto sa Diyos.txt
/Users/rl-14/Desktop/Celine-Thesis/all-data-reordered/all/Legario: Pagkamaayo sa Tawo.txt
/Users/rl-14/Desktop/Celine-Thesis/all-data-reordered/all/Legario: Paglaum alang sa mga kugihan.txt
/Users/rl-14/Desktop/Celine-Thesis/all-data-reordered/all/Legario: Pakigsulti ngadto sa Diyos.txt
/Users/rl-14/Desktop/Celine-Thesis/all-data-reordered/all/Legario: Panahon alang sa Diyos.txt
/Users/rl-14/Desktop/Celine-Thesis/all-data-reordered/all/Legario: Unsa pay wala sa bag-ong yuta?.txt
/Users/rl-14/Desktop/Celine-Thesis/all-data-reordered/all/Legendary singer nga si Prince namatay.txt
/Users/rl-14/Desktop/Celine-Thesis/all-data-reordered/all/Lehitimo ang operasyon batok sa Umpad brothers.txt
/Users/rl-14/Desktop/Celine-Thesis/all-data-reordered/all/Lennox supak sa pro boxing sa Olympics.txt
/Users/rl-14/Desktop/Celine-Thesis/all-data-reordered/all/Leonard Cohen namatay na.txt
/Users/rl-14/Desktop/Celine-Thesis/all-data-reordered/all/Leonard, best defensive player.txt
/Users/rl-14/Desktop/Celine-Thesis/all-data-reordered/all/Leonard, Parker mituboy sa Spurs.txt
/Users/rl-14/Desktop/Celine-Thesis/all-data-reordered/all/Leylam wa maglaom og dako sa F5WC  .txt
/Users/rl-14/Desktop/Celine-Thesis/all-data-reordered/all/LGBT cologne commercial adunay impact.txt
/Users/rl-14/Desktop/Celine-Thesis/all-data-reordered/all/LGBT dako’g tabang sa komunidad: Inopiquez.txt
/Users/rl-14/Desktop/Celine-Thesis/all-data-reordered/all/LGU angayan mo-regulate sa pabuto: Ubial.txt
/Users/rl-14/Desktop/Celine-Thesis/all-data-reordered/all/LGU Gensan, maghatag ug laing P100K sa mga centernarians sa siyudad.txt
/Users/rl-14/Desktop/Celine-Thesis/all-data-reordered/all/LGU modumala sa operasyon sa kuryente sa Samal.txt
/Users/rl-14/Desktop/Celine-Thesis/all-data-reordered/all/LGU nanawagan sa mga nanag-iya ug sakyanan nga sulayan ang Diodiesel fuel.txt
/Users/rl-14/Desktop/Celine-Thesis/all-data-reordered/all/LGU, dili manginlabot sa kaso nga atubangon sa City Building Officials kalabot sa NCCC mall fire incident.txt
/Users/rl-14/Desktop/Celine-Thesis/all-data-reordered/all/LGU-GenSan, hugot ang pagpangandam alang sa posibleng pagdungog kalabot sa P8.7 B road right of way project controversy.txt
/Users/rl-14/Desktop/Celine-Thesis/all-data-reordered/all/Lianga Bay, pabiling positibo sa red tide toxins.txt
/Users/rl-14/Desktop/Celine-Thesis/all-data-reordered/all/Libel case ni Bobby Nalzaro gibali sa DOJ.txt
/Users/rl-14/Desktop/Celine-Thesis/all-data-reordered/all/Liberal Party miharos sa Misamis Oriental .txt
/Users/rl-14/Desktop/Celine-Thesis/all-data-reordered/all/Libertad abante na sa men and women’s final.txt
/Users/rl-14/Desktop/Celine-Thesis/all-data-reordered/all/Libo-an ka mga paddlers sa dragon boat festival  SunStar.txt
/Users/rl-14/Desktop/Celine-Thesis/all-data-reordered/all/Liboan ka mga aplikante, naserbisyuhan sa Passport On Wheels.txt
/Users/rl-14/Desktop/Celine-Thesis/all-data-reordered/all/Liboan ka mga volunteers sa Cebu Marathon.txt
/Users/rl-14/Desktop/Celine-Thesis/all-data-reordered/all/Liboan ka miyembro sa Padayon Pilipino nagtigom alang sa Sportsfest.txt
/Users/rl-14/Desktop/Celine-Thesis/all-data-reordered/all/Liboan ka runners naglumba sa  World Vision run '17.txt
/Users/rl-14/Desktop/Celine-Thesis/all-data-reordered/all/Liboan midagsa atol sa Kalag-kalag.txt
/Users/rl-14/Desktop/Celine-Thesis/all-data-reordered/all/Liboan nakaparehistro na sa SM2SM.txt
/Users/rl-14/Desktop/Celine-Thesis/all-data-reordered/all/Libraries gibutang sud sa sentro sa mga bata sa Mandaue City.txt
/Users/rl-14/Desktop/Celine-Thesis/all-data-reordered/all/Libre na ang emergency services sa VSMMC.txt
/Users/rl-14/Desktop/Celine-Thesis/all-data-reordered/all/Libre nga Summer Sports training sa CCSC sugdan Abril 9.txt
/Users/rl-14/Desktop/Celine-Thesis/all-data-reordered/all/Libre o dili, nakakita’g paagi motan-aw .txt
/Users/rl-14/Desktop/Celine-Thesis/all-data-reordered/all/Libreng arnis clinic alang sa publikong tulonghaan.txt
/Users/rl-14/Desktop/Celine-Thesis/all-data-reordered/all/Libreng bakuna sa Lapu-Lapu alang  sa binuhong hayop.txt
/Users/rl-14/Desktop/Celine-Thesis/all-data-reordered/all/Libreng balsamar sa Adlaw sa mga Kalag .txt
/Users/rl-14/Desktop/Celine-Thesis/all-data-reordered/all/Libreng edukasyon sa gobiyerno.txt
/Users/rl-14/Desktop/Celine-Thesis/all-data-reordered/all/Libreng Facebook gikan sa Globe.txt
/Users/rl-14/Desktop/Celine-Thesis/all-data-reordered/all/Libreng internet sa palibot sa Kapitolyo gilusad.txt
/Users/rl-14/Desktop/Celine-Thesis/all-data-reordered/all/Libreng ospital sa 10-anyos; gi-dengue di sa bakuna: DOH.txt
/Users/rl-14/Desktop/Celine-Thesis/all-data-reordered/all/Libreng pakals sa Araw ng Dabaw.txt
/Users/rl-14/Desktop/Celine-Thesis/all-data-reordered/all/Libreng sakay .txt
/Users/rl-14/Desktop/Celine-Thesis/all-data-reordered/all/Libreng sakay gitanyag atol sa transport strike.txt
/Users/rl-14/Desktop/Celine-Thesis/all-data-reordered/all/Libreng sports clinic sa Centrio.txt
/Users/rl-14/Desktop/Celine-Thesis/all-data-reordered/all/Libreng tubig sa biktima sa sunog sa Mambaling.txt
/Users/rl-14/Desktop/Celine-Thesis/all-data-reordered/all/Libreng tubig sa MCWD.txt
/Users/rl-14/Desktop/Celine-Thesis/all-data-reordered/all/Libreng tubig sa nasunogan .txt
/Users/rl-14/Desktop/Celine-Thesis/all-data-reordered/all/Libreng tubig sa nasunogan sa Lahug gikan sa MCWD.txt
/Users/rl-14/Desktop/Celine-Thesis/all-data-reordered/all/Libreng tuition ug Miscellaneous fee sa mga state universities and colleges, sugdan na karung Hunyo.txt
/Users/rl-14/Desktop/Celine-Thesis/all-data-reordered/all/Libring summer training sa CCSC.txt
/Users/rl-14/Desktop/Celine-Thesis/all-data-reordered/all/Libro bahin ni Leon Kilat ilusad sa Abril 3.txt
/Users/rl-14/Desktop/Celine-Thesis/all-data-reordered/all/Liceo Titans kampeyon!.txt
/Users/rl-14/Desktop/Celine-Thesis/all-data-reordered/all/Liceo, SPC magsangka sa finals .txt
/Users/rl-14/Desktop/Celine-Thesis/all-data-reordered/all/Liceo, SPC na sab sa final.txt
/Users/rl-14/Desktop/Celine-Thesis/all-data-reordered/all/Lider sa Abu Sayyaf tipi.txt
/Users/rl-14/Desktop/Celine-Thesis/all-data-reordered/all/Lider sa Anak Pawis misurender sa militar human subling nagbahad si Pangulong Duterte.txt
/Users/rl-14/Desktop/Celine-Thesis/all-data-reordered/all/Lider sa Anakpawis misurender.txt
/Users/rl-14/Desktop/Celine-Thesis/all-data-reordered/all/Lider sa NegOr nanumpa sa PDP.txt
/Users/rl-14/Desktop/Celine-Thesis/all-data-reordered/all/Liderato maoy ilogan sa Alaska ug San Miguel.txt
/Users/rl-14/Desktop/Celine-Thesis/all-data-reordered/all/LifeDance sa Mandaue.txt
/Users/rl-14/Desktop/Celine-Thesis/all-data-reordered/all/Lig-on ang kaso batok sa 2 ka tanod: pulis.txt
/Users/rl-14/Desktop/Celine-Thesis/all-data-reordered/all/Lig-on ang pambato sa Bohol sa Bb. Pilipinas.txt
/Users/rl-14/Desktop/Celine-Thesis/all-data-reordered/all/Lig-on nga kampo sa BIFF nailog sa kasundalohan sa Maguindanao.txt
/Users/rl-14/Desktop/Celine-Thesis/all-data-reordered/all/Lighter hinungdan sa sunog sa Oro .txt
/Users/rl-14/Desktop/Celine-Thesis/all-data-reordered/all/Likay sa Ouano Avenue sa Mandaue.txt
/Users/rl-14/Desktop/Celine-Thesis/all-data-reordered/all/Lillard nalakip sa finalists alang sa US Olympic team.txt
/Users/rl-14/Desktop/Celine-Thesis/all-data-reordered/all/Lillard nangandoy nga ikauban si KD.txt
/Users/rl-14/Desktop/Celine-Thesis/all-data-reordered/all/Liloan dunay bag-ong SWAT team: Frasco.txt
/Users/rl-14/Desktop/Celine-Thesis/all-data-reordered/all/Liloan mipatuman sa plastic ban .txt
/Users/rl-14/Desktop/Celine-Thesis/all-data-reordered/all/Liloc suportado sa Motor Ace-Kawasaki.txt
/Users/rl-14/Desktop/Celine-Thesis/all-data-reordered/all/Lim gikiha sa pulis og 'reckless imprudence'.txt
/Users/rl-14/Desktop/Celine-Thesis/all-data-reordered/all/Lim gipa-target ni Duterte sa PNP .txt
/Users/rl-14/Desktop/Celine-Thesis/all-data-reordered/all/Lim gustong makig-areglo sa mga pamilya ni Pogoy.txt
/Users/rl-14/Desktop/Celine-Thesis/all-data-reordered/all/Lim miarang-arang na ang kahimtang.txt
/Users/rl-14/Desktop/Celine-Thesis/all-data-reordered/all/Lim mitahan sa PRO 7, gikiha.txt
/Users/rl-14/Desktop/Celine-Thesis/all-data-reordered/all/Lim motahan.txt
/Users/rl-14/Desktop/Celine-Thesis/all-data-reordered/all/Lim nia sa Sugbo, wa sa abroad.txt
/Users/rl-14/Desktop/Celine-Thesis/all-data-reordered/all/Lim, Loot ginganlan ni Kerwin.txt
/Users/rl-14/Desktop/Celine-Thesis/all-data-reordered/all/Limpyo nga tubig.txt
/Users/rl-14/Desktop/Celine-Thesis/all-data-reordered/all/Limpyohi ang imong pangalan: Paz.txt
/Users/rl-14/Desktop/Celine-Thesis/all-data-reordered/all/Lineman nahulog, natumbahan og poste patay .txt
/Users/rl-14/Desktop/Celine-Thesis/all-data-reordered/all/Lineup sa Gilas kompletohon na?.txt
/Users/rl-14/Desktop/Celine-Thesis/all-data-reordered/all/Lingap program sa dakbayan, dugangan ug P30M matag bulan ni Pangulong Duterte.txt
/Users/rl-14/Desktop/Celine-Thesis/all-data-reordered/all/LinGaP sa Masa miabag sa mga kabus.txt
/Users/rl-14/Desktop/Celine-Thesis/all-data-reordered/all/Liog gigulgol sa tanod  .txt
/Users/rl-14/Desktop/Celine-Thesis/all-data-reordered/all/Liog sa ginang gigulgol.txt
/Users/rl-14/Desktop/Celine-Thesis/all-data-reordered/all/Lipa gisuspenso ni Narvasa.txt
/Users/rl-14/Desktop/Celine-Thesis/all-data-reordered/all/Lipa suspendido gihapon.txt
/Users/rl-14/Desktop/Celine-Thesis/all-data-reordered/all/Liqour ban higpit ipatuman atol sa Sinulog 2018.txt
/Users/rl-14/Desktop/Celine-Thesis/all-data-reordered/all/Liquor ban palapdan sa Sinulog 2019.txt
/Users/rl-14/Desktop/Celine-Thesis/all-data-reordered/all/Liquor ban sa Davao nakatabang aron dili makasulod ang ‘party drugs’.txt
/Users/rl-14/Desktop/Celine-Thesis/all-data-reordered/all/Lisod masubay ang tinubdan sa fake rice sa Lapu: Radaza.txt
/Users/rl-14/Desktop/Celine-Thesis/all-data-reordered/all/Lisod matangtang sa listahan sa drug watchlist.txt
/Users/rl-14/Desktop/Celine-Thesis/all-data-reordered/all/Lisod nga tahas alang sa Gilas.txt
/Users/rl-14/Desktop/Celine-Thesis/all-data-reordered/all/Listahan andam na.txt
/Users/rl-14/Desktop/Celine-Thesis/all-data-reordered/all/Listahan ni Meneses sa mga mamuntosay.txt
/Users/rl-14/Desktop/Celine-Thesis/all-data-reordered/all/Listahan sa mga adik giduso na.txt
/Users/rl-14/Desktop/Celine-Thesis/all-data-reordered/all/Listahan sa mga botante sa Brgy & SK elections ning tuiga, ilugwa na.txt
/Users/rl-14/Desktop/Celine-Thesis/all-data-reordered/all/Liv Superclub apektado.txt
/Users/rl-14/Desktop/Celine-Thesis/all-data-reordered/all/Liza andam sa bisan unsang costume sa Darna.txt
/Users/rl-14/Desktop/Celine-Thesis/all-data-reordered/all/Liza aprobado sa mommy ni Enrique.txt
/Users/rl-14/Desktop/Celine-Thesis/all-data-reordered/all/Liza daghang offer apan gibalibaran.txt
/Users/rl-14/Desktop/Celine-Thesis/all-data-reordered/all/Liza dunay advice ni Sue .txt
/Users/rl-14/Desktop/Celine-Thesis/all-data-reordered/all/Liza gibatikos kay gihilakan ang bag?.txt
/Users/rl-14/Desktop/Celine-Thesis/all-data-reordered/all/Liza gihinol ni Enrique?.txt
/Users/rl-14/Desktop/Celine-Thesis/all-data-reordered/all/Liza giistorya si Piolo.txt
/Users/rl-14/Desktop/Celine-Thesis/all-data-reordered/all/Liza gipahuwat og taman si Enrique.txt
/Users/rl-14/Desktop/Celine-Thesis/all-data-reordered/all/Liza gitawag og ‘love’ ni Enrique.txt
/Users/rl-14/Desktop/Celine-Thesis/all-data-reordered/all/Liza malipayon nga delayed ang pelikula  SunStar.txt
/Users/rl-14/Desktop/Celine-Thesis/all-data-reordered/all/Liza mas komportable ni Enrique.txt
/Users/rl-14/Desktop/Celine-Thesis/all-data-reordered/all/Liza miklaro dili uyab si Enrique.txt
/Users/rl-14/Desktop/Celine-Thesis/all-data-reordered/all/Liza mosulod sa beauty pageant.txt
/Users/rl-14/Desktop/Celine-Thesis/all-data-reordered/all/Liza pressured sa iyang ka-gwapa.txt
/Users/rl-14/Desktop/Celine-Thesis/all-data-reordered/all/Liza pwede na manguyab.txt
/Users/rl-14/Desktop/Celine-Thesis/all-data-reordered/all/Liza sa Spider Man, not true.txt
/Users/rl-14/Desktop/Celine-Thesis/all-data-reordered/all/Liza Seguerra excited ug scared sa bag-ong tahas.txt
/Users/rl-14/Desktop/Celine-Thesis/all-data-reordered/all/Liza Soberano ang Darna?.txt
/Users/rl-14/Desktop/Celine-Thesis/all-data-reordered/all/Liza Soberano bout himoan og wedding gown ni Libiran.txt
/Users/rl-14/Desktop/Celine-Thesis/all-data-reordered/all/Liza ug Aiza mopaubos og in vitro fertilization.txt
/Users/rl-14/Desktop/Celine-Thesis/all-data-reordered/all/Liza ug Janice gipangulbaan sa ilang love scene.txt
/Users/rl-14/Desktop/Celine-Thesis/all-data-reordered/all/Liza way interes mag-beauty queen.txt
/Users/rl-14/Desktop/Celine-Thesis/all-data-reordered/all/LizQuen biyaheng Korea   SunStar.txt
/Users/rl-14/Desktop/Celine-Thesis/all-data-reordered/all/LizQuen dunay ibulgar.txt
/Users/rl-14/Desktop/Celine-Thesis/all-data-reordered/all/LizQuen magka-movie.txt
/Users/rl-14/Desktop/Celine-Thesis/all-data-reordered/all/LJ dina buhian ni Paulo.txt
/Users/rl-14/Desktop/Celine-Thesis/all-data-reordered/all/LJ Reyes babay sa pagpaseksi?.txt
/Users/rl-14/Desktop/Celine-Thesis/all-data-reordered/all/LJ Reyes suportado ang single moms.txt
/Users/rl-14/Desktop/Celine-Thesis/all-data-reordered/all/Llerin midaog na sab sa Press Freedom Run.txt
/Users/rl-14/Desktop/Celine-Thesis/all-data-reordered/all/Lloydie gi-deny ni Ellen.txt
/Users/rl-14/Desktop/Celine-Thesis/all-data-reordered/all/LnB sa Mandaue City nasagmuyo sa PRO 7.txt
/Users/rl-14/Desktop/Celine-Thesis/all-data-reordered/all/Loaders, tanod wa nay honorarium.txt
/Users/rl-14/Desktop/Celine-Thesis/all-data-reordered/all/Local Government Code ‘angay amendahon’, di Constitution.txt
/Users/rl-14/Desktop/Celine-Thesis/all-data-reordered/all/Local gov’t nangandam, linog posibleng mahitabo.txt
/Users/rl-14/Desktop/Celine-Thesis/all-data-reordered/all/Localized peace talks sa NPA gikansela.txt
/Users/rl-14/Desktop/Celine-Thesis/all-data-reordered/all/Loisa gisayangan ni Joshua? .txt
/Users/rl-14/Desktop/Celine-Thesis/all-data-reordered/all/Loisa ug Ronnie loveteam nagkakusog.txt
/Users/rl-14/Desktop/Celine-Thesis/all-data-reordered/all/Lokal Kasikas: 'Best Cakes' sa Bakery Fair 2018.txt
/Users/rl-14/Desktop/Celine-Thesis/all-data-reordered/all/Lokal Kasikas: 'Best deal ever' gilusad sa Smart.txt
/Users/rl-14/Desktop/Celine-Thesis/all-data-reordered/all/Lokal Kasikas: 'Mutya ng Davao 2018' .txt
/Users/rl-14/Desktop/Celine-Thesis/all-data-reordered/all/Lokal Kasikas: 'The Clash' exciting nga singing competition sa GMA.txt
/Users/rl-14/Desktop/Celine-Thesis/all-data-reordered/all/Lokal Kasikas: 'Tree to bar experience' sa Chocolate Museum.txt
/Users/rl-14/Desktop/Celine-Thesis/all-data-reordered/all/Lokal Kasikas: Ang musika ni James.txt
/Users/rl-14/Desktop/Celine-Thesis/all-data-reordered/all/Lokal kasikas: Biyahe ngadto sa pangandoy.txt
/Users/rl-14/Desktop/Celine-Thesis/all-data-reordered/all/Lokal Kasikas: Boardwalk Silversaya sa Davao.txt
/Users/rl-14/Desktop/Celine-Thesis/all-data-reordered/all/Lokal Kasikas: Durian recipe gipatilaw ni Chef Donita.txt
/Users/rl-14/Desktop/Celine-Thesis/all-data-reordered/all/Lokal Kasikas: Encantadia moduaw sa Davao karon.txt
/Users/rl-14/Desktop/Celine-Thesis/all-data-reordered/all/Lokal Kasikas: Fabulous birthday bash!.txt
/Users/rl-14/Desktop/Celine-Thesis/all-data-reordered/all/Lokal Kasikas: Good grooming, tradisyun sa pamilya.txt
/Users/rl-14/Desktop/Celine-Thesis/all-data-reordered/all/Lokal Kasikas: Jehza sa Bb. Pilipinas 2018.txt
/Users/rl-14/Desktop/Celine-Thesis/all-data-reordered/all/Lokal Kasikas: Jen ug Tom, inspired sa ilang mga palalabs.txt
/Users/rl-14/Desktop/Celine-Thesis/all-data-reordered/all/Lokal Kasikas: Kapuso stars maki-Araw ng Dabaw.txt
/Users/rl-14/Desktop/Celine-Thesis/all-data-reordered/all/Lokal Kasikas: Kapuso Stars makigduyog sa Araw ng Dabaw  .txt
/Users/rl-14/Desktop/Celine-Thesis/all-data-reordered/all/Lokal Kasikas: MagTV Na, 9-years na!.txt
/Users/rl-14/Desktop/Celine-Thesis/all-data-reordered/all/Lokal Kasikas: Miss Love Radio 2018.txt
/Users/rl-14/Desktop/Celine-Thesis/all-data-reordered/all/Lokal Kasikas: Pambansang Bae Alden, moanhi sa Davao City.txt
/Users/rl-14/Desktop/Celine-Thesis/all-data-reordered/all/Lokal Kasikas: Richard & Sarah giselyuhan ang newest endorsement .txt
/Users/rl-14/Desktop/Celine-Thesis/all-data-reordered/all/Lokal Kasikas: Serye sa voice workshop himuon sa Mindanao.txt
/Users/rl-14/Desktop/Celine-Thesis/all-data-reordered/all/Lokal Kasikas: Si Super Woman.txt
/Users/rl-14/Desktop/Celine-Thesis/all-data-reordered/all/Lokal Kasikas: Wesley Tyrone Yap: Ang presidente nga tindero.txt
/Users/rl-14/Desktop/Celine-Thesis/all-data-reordered/all/Lokal Kasikas: “I Heart Davao” .txt
/Users/rl-14/Desktop/Celine-Thesis/all-data-reordered/all/Lokal nga kagamhanan mipasalig nga manubag ang responsable sa pagkalanag sa mga delegado sa DAVRAA 2018.txt
/Users/rl-14/Desktop/Celine-Thesis/all-data-reordered/all/Lokal nga kagamhanan mopahigayon ug passport on wheels.txt
/Users/rl-14/Desktop/Celine-Thesis/all-data-reordered/all/Lokal nga peace talks gitinguha ni Mayor Sara Duterte-Carpio.txt
/Users/rl-14/Desktop/Celine-Thesis/all-data-reordered/all/Lokal Transport Route Plan hapit nang maaprubahan.txt
/Users/rl-14/Desktop/Celine-Thesis/all-data-reordered/all/Lola gipusil, patay; 4 anyos nga apo kritikal.txt
/Users/rl-14/Desktop/Celine-Thesis/all-data-reordered/all/Lola napalgang patay duol sa baka.txt
/Users/rl-14/Desktop/Celine-Thesis/all-data-reordered/all/Lola nga naa sa watchlist sa LLPO, nadakpan.txt
/Users/rl-14/Desktop/Celine-Thesis/all-data-reordered/all/Lola nga nangita ug pabawon sa apo, sikop sa buybust operation.txt
/Users/rl-14/Desktop/Celine-Thesis/all-data-reordered/all/Lola patay, bana kritikal sa pag-atake sa suspected drug adddict sa El Salvador City.txt
/Users/rl-14/Desktop/Celine-Thesis/all-data-reordered/all/Lola sa bagong gihimugso nga masuso nga gilabay sa dagat, nagpakilooy nga ibalik kaniya ang iyang apo.txt
/Users/rl-14/Desktop/Celine-Thesis/all-data-reordered/all/Lola, 100, nakadawat og P100,000.txt
/Users/rl-14/Desktop/Celine-Thesis/all-data-reordered/all/Lola, lolo ninyo paminawa: Pope ngadto sa batan-on.txt
/Users/rl-14/Desktop/Celine-Thesis/all-data-reordered/all/Lolo banggaan, patay.txt
/Users/rl-14/Desktop/Celine-Thesis/all-data-reordered/all/Lolo gihimo og suyopanan ang balay.txt
/Users/rl-14/Desktop/Celine-Thesis/all-data-reordered/all/Lolo gimolestiya ang duha ka apo; nangayo’g pasaylo.txt
/Users/rl-14/Desktop/Celine-Thesis/all-data-reordered/all/Lolo gipatay; apo kuyog, nagtan-aw sa hitabo.txt
/Users/rl-14/Desktop/Celine-Thesis/all-data-reordered/all/Lolo gitabangan og kulata.txt
/Users/rl-14/Desktop/Celine-Thesis/all-data-reordered/all/Lolo nabanggaan kaduha, patay.txt
/Users/rl-14/Desktop/Celine-Thesis/all-data-reordered/all/Lolo naghikog human gibadlong sa asawa nga di na mag inom.txt
/Users/rl-14/Desktop/Celine-Thesis/all-data-reordered/all/Lolo napalgang patay sa humayan.txt
/Users/rl-14/Desktop/Celine-Thesis/all-data-reordered/all/Lolo patay sa sunog.txt
/Users/rl-14/Desktop/Celine-Thesis/all-data-reordered/all/Lolo, 69, nanglugos.txt
/Users/rl-14/Desktop/Celine-Thesis/all-data-reordered/all/Lolo, giihaw, giluto, gikaon  .txt
/Users/rl-14/Desktop/Celine-Thesis/all-data-reordered/all/Lomachenko angay ikontra ni Pacquiao.txt
/Users/rl-14/Desktop/Celine-Thesis/all-data-reordered/all/Lomachenko gusto moaway ni Salido.txt
/Users/rl-14/Desktop/Celine-Thesis/all-data-reordered/all/Lomachenko gustong moaway ni Pacquiao.txt
/Users/rl-14/Desktop/Celine-Thesis/all-data-reordered/all/Lomachenko vs. Pacquiao gisabutan na.txt
/Users/rl-14/Desktop/Celine-Thesis/all-data-reordered/all/Lomachenko, bag-ong WBO king.txt
/Users/rl-14/Desktop/Celine-Thesis/all-data-reordered/all/Long distance relationship.txt
/Users/rl-14/Desktop/Celine-Thesis/all-data-reordered/all/Lonzon: Ang pagbalik ni Tokhang.txt
/Users/rl-14/Desktop/Celine-Thesis/all-data-reordered/all/Lonzon: Bise mayor Ungab nahisgutan ni Duterte?.txt
/Users/rl-14/Desktop/Celine-Thesis/all-data-reordered/all/Lonzon: Dawaton ang kapildihan ni Pacquiao.txt
/Users/rl-14/Desktop/Celine-Thesis/all-data-reordered/all/Lonzon: DILG mosuspenso kaha ni Radaza? .txt
/Users/rl-14/Desktop/Celine-Thesis/all-data-reordered/all/Lonzon: Gidaot.txt
/Users/rl-14/Desktop/Celine-Thesis/all-data-reordered/all/Lonzon: Gigi ug Gwen nindot nga away .txt
/Users/rl-14/Desktop/Celine-Thesis/all-data-reordered/all/Lonzon: Gobernador, mayor ug Duterte.txt
/Users/rl-14/Desktop/Celine-Thesis/all-data-reordered/all/Lonzon: Gugma mopatay ug magpakamatay!.txt
/Users/rl-14/Desktop/Celine-Thesis/all-data-reordered/all/Lonzon: Insulto sa presidente.txt
/Users/rl-14/Desktop/Celine-Thesis/all-data-reordered/all/Lonzon: Kawatan sa Sinulog.txt
/Users/rl-14/Desktop/Celine-Thesis/all-data-reordered/all/Lonzon: Klase na .txt
/Users/rl-14/Desktop/Celine-Thesis/all-data-reordered/all/Lonzon: Klase na.txt
/Users/rl-14/Desktop/Celine-Thesis/all-data-reordered/all/Lonzon: Lipat lipat sa kapulisan? .txt
/Users/rl-14/Desktop/Celine-Thesis/all-data-reordered/all/Lonzon: Madato ang Sugbo tungod sa lana.txt
/Users/rl-14/Desktop/Celine-Thesis/all-data-reordered/all/Lonzon: Matapos na ang kalibotan? .txt
/Users/rl-14/Desktop/Celine-Thesis/all-data-reordered/all/Lonzon: Mayor ipapatay ni Duterte? .txt
/Users/rl-14/Desktop/Celine-Thesis/all-data-reordered/all/Lonzon: Modagan aron modaog .txt
/Users/rl-14/Desktop/Celine-Thesis/all-data-reordered/all/Lonzon: Off-air ang Bantay Radyo .txt
/Users/rl-14/Desktop/Celine-Thesis/all-data-reordered/all/Lonzon: Pasangil nga way basihanan.txt
/Users/rl-14/Desktop/Celine-Thesis/all-data-reordered/all/Lonzon: Patay ang pobre nga trabahante.txt
/Users/rl-14/Desktop/Celine-Thesis/all-data-reordered/all/Lonzon: Presidente magdiktador?.txt
/Users/rl-14/Desktop/Celine-Thesis/all-data-reordered/all/Lonzon: Pulis sa Pinamungajan luyo sa drugas?.txt
/Users/rl-14/Desktop/Celine-Thesis/all-data-reordered/all/Lonzon: Pulitika ang hinungdan.txt
/Users/rl-14/Desktop/Celine-Thesis/all-data-reordered/all/Lonzon: Pulitika ang pagsuspenso .txt
/Users/rl-14/Desktop/Celine-Thesis/all-data-reordered/all/Lonzon: Pulitika, drugas o babaye?.txt
/Users/rl-14/Desktop/Celine-Thesis/all-data-reordered/all/Lonzon: Sayop sa presidente?.txt
/Users/rl-14/Desktop/Celine-Thesis/all-data-reordered/all/Lonzon: Sugod na og hisgot og politika .txt
/Users/rl-14/Desktop/Celine-Thesis/all-data-reordered/all/Lonzon: Tuig 2018 gisugat sa bagyo.txt
/Users/rl-14/Desktop/Celine-Thesis/all-data-reordered/all/Loot buot personal nga makighinabi ni Duterte.txt
/Users/rl-14/Desktop/Celine-Thesis/all-data-reordered/all/Loot gustong maimbestigar aron ngan malimpyohan.txt
/Users/rl-14/Desktop/Celine-Thesis/all-data-reordered/all/Loot ipaimbestigar sa pagpatay sa pulis.txt
/Users/rl-14/Desktop/Celine-Thesis/all-data-reordered/all/Loot mitahan sa 13 ka armas ngadto sa Daanbantayan police.txt
/Users/rl-14/Desktop/Celine-Thesis/all-data-reordered/all/Loot naapil na sab sa lista ni Duterte.txt
/Users/rl-14/Desktop/Celine-Thesis/all-data-reordered/all/Loot supak sa immunity ni Kerwin.txt
/Users/rl-14/Desktop/Celine-Thesis/all-data-reordered/all/Loot, konsehal gikiha.txt
/Users/rl-14/Desktop/Celine-Thesis/all-data-reordered/all/Lopez hara sa Dipolog Triathlon.txt
/Users/rl-14/Desktop/Celine-Thesis/all-data-reordered/all/Lopez miawhag kang Utlang nga mag-sorry .txt
/Users/rl-14/Desktop/Celine-Thesis/all-data-reordered/all/Lopez moduaw sa Butuanon, Umapad dumpsite.txt
/Users/rl-14/Desktop/Celine-Thesis/all-data-reordered/all/Loreto mobalik og saka sa ring.txt
/Users/rl-14/Desktop/Celine-Thesis/all-data-reordered/all/Lotlot di manghilabot sa lovelife sa anak.txt
/Users/rl-14/Desktop/Celine-Thesis/all-data-reordered/all/Louise gikabisihan ang laag?.txt
/Users/rl-14/Desktop/Celine-Thesis/all-data-reordered/all/Louise gusto og pribado ang lovelife.txt
/Users/rl-14/Desktop/Celine-Thesis/all-data-reordered/all/Louise miangkong na-hurt human wala gi-bida og serye.txt
/Users/rl-14/Desktop/Celine-Thesis/all-data-reordered/all/Lourdes Parish mibukas sa compound alang sa motorista.txt
/Users/rl-14/Desktop/Celine-Thesis/all-data-reordered/all/Lourdes, SPC magbangi aron makalikay sa XU.txt
/Users/rl-14/Desktop/Celine-Thesis/all-data-reordered/all/Lourdes, SPC na sa finals .txt
/Users/rl-14/Desktop/Celine-Thesis/all-data-reordered/all/Love Express 2018, gilusad sa Butuan City Post Office ning Valentines Day.txt
/Users/rl-14/Desktop/Celine-Thesis/all-data-reordered/all/Love gihimong sentro sa Cavs.txt
/Users/rl-14/Desktop/Celine-Thesis/all-data-reordered/all/Love is free.txt
/Users/rl-14/Desktop/Celine-Thesis/all-data-reordered/all/Love magpa-examine balik sa iyang tuhod.txt
/Users/rl-14/Desktop/Celine-Thesis/all-data-reordered/all/Love miaswat sa Cleveland.txt
/Users/rl-14/Desktop/Celine-Thesis/all-data-reordered/all/Love taudtaod nga dili makaduwa.txt
/Users/rl-14/Desktop/Celine-Thesis/all-data-reordered/all/Love-less Cavs mitipi sa Heat.txt
/Users/rl-14/Desktop/Celine-Thesis/all-data-reordered/all/Lovi excited sa iyang Grade 11 nga ka-date.txt
/Users/rl-14/Desktop/Celine-Thesis/all-data-reordered/all/Lovi inspired sa bag-ong teleserye  SunStar.txt
/Users/rl-14/Desktop/Celine-Thesis/all-data-reordered/all/Lovi Poe dunay bag-ong ka date?.txt
/Users/rl-14/Desktop/Celine-Thesis/all-data-reordered/all/Lovi Poe gibasol sa break-up  .txt
/Users/rl-14/Desktop/Celine-Thesis/all-data-reordered/all/Lovi Poe sa iyang bag-ong balay.txt
/Users/rl-14/Desktop/Celine-Thesis/all-data-reordered/all/Lovi Poe, Dennis Trillo, paseksihay ang show.txt
/Users/rl-14/Desktop/Celine-Thesis/all-data-reordered/all/Lovi ug Rocco nagbalik sab? .txt
/Users/rl-14/Desktop/Celine-Thesis/all-data-reordered/all/Lovi wala pa kita og Mr. Right .txt
/Users/rl-14/Desktop/Celine-Thesis/all-data-reordered/all/Low frequency hinungdan sa pagkawala sa kuryente.txt
/Users/rl-14/Desktop/Celine-Thesis/all-data-reordered/all/Lowry mibida sa Toronto.txt
/Users/rl-14/Desktop/Celine-Thesis/all-data-reordered/all/Lowry posibling mobiya sa Raptors.txt
/Users/rl-14/Desktop/Celine-Thesis/all-data-reordered/all/Loyola case, amiga accessory sa krimen.txt
/Users/rl-14/Desktop/Celine-Thesis/all-data-reordered/all/Loyola Cup 'Sweet 16' 18U sugdan karon.txt
/Users/rl-14/Desktop/Celine-Thesis/all-data-reordered/all/Loyzaga mipanaw.txt
/Users/rl-14/Desktop/Celine-Thesis/all-data-reordered/all/Lozada, Polosan nidala’g dungog.txt
/Users/rl-14/Desktop/Celine-Thesis/all-data-reordered/all/LPA nahilis ra: Pagasa.txt
/Users/rl-14/Desktop/Celine-Thesis/all-data-reordered/all/LTE data traffic sa Smart network mi-triple matag tuig.txt
/Users/rl-14/Desktop/Celine-Thesis/all-data-reordered/all/LTE, 3G sa Metro Cebu milambo na.txt
/Users/rl-14/Desktop/Celine-Thesis/all-data-reordered/all/LTFRB 7 manawat na og aplikasyon alang sa TNVS, apan limitado lang.txt
/Users/rl-14/Desktop/Celine-Thesis/all-data-reordered/all/LTFRB 7 mikanselar sa prangkisa sa Inner J Tourist.txt
/Users/rl-14/Desktop/Celine-Thesis/all-data-reordered/all/LTFRB 7 mopagawas og bag-ong pletihan sa PUJs sa Talisay, Tabunok.txt
/Users/rl-14/Desktop/Celine-Thesis/all-data-reordered/all/LTFRB 7 moresulbar sa petisyon sa di pa mohimo og recalibration sa taxi meters .txt
/Users/rl-14/Desktop/Celine-Thesis/all-data-reordered/all/LTFRB 7 wala molampos sa pagkombinser ni Gullas.txt
/Users/rl-14/Desktop/Celine-Thesis/all-data-reordered/all/LTFRB director bukas sa pagsusi sa iyang bank account, lifestyle check.txt
/Users/rl-14/Desktop/Celine-Thesis/all-data-reordered/all/LTFRB manghatag na og prangkisa sa TNVS.txt
/Users/rl-14/Desktop/Celine-Thesis/all-data-reordered/all/LTFRB midakop sa Uber, Grab nga way permit: Cuizon.txt
/Users/rl-14/Desktop/Celine-Thesis/all-data-reordered/all/LTFRB mipahimangno batok sa mga taxi driver nga mosapakay ug mga kaila bisan naa nay pasahero.txt
/Users/rl-14/Desktop/Celine-Thesis/all-data-reordered/all/LTFRB miuswag sa pagpangdawat og aplikasyon sa TNVS ngadto sa Marso 5.txt
/Users/rl-14/Desktop/Celine-Thesis/all-data-reordered/all/LTFRB wa pa kapalit og yuta.txt
/Users/rl-14/Desktop/Celine-Thesis/all-data-reordered/all/LTFRB-10 sa STAREX-Piston:”Dili damayon ang legitimate PUV operators”.txt
/Users/rl-14/Desktop/Celine-Thesis/all-data-reordered/all/LTFRB-10,mibahad vs PUJ operators-drivers nga mo-protesta.txt
/Users/rl-14/Desktop/Celine-Thesis/all-data-reordered/all/LTFRB-10,ralihan re PUJ vintage.txt
/Users/rl-14/Desktop/Celine-Thesis/all-data-reordered/all/LTO di pa manakop sa misupak sa Anti-Distracted Driving Act .txt
/Users/rl-14/Desktop/Celine-Thesis/all-data-reordered/all/LTO extension office, gibalhin na sa Brgy Agusan ning syudad.txt
/Users/rl-14/Desktop/Celine-Thesis/all-data-reordered/all/LTO Mandaue ibalhin sa J. Center Mall.txt
/Users/rl-14/Desktop/Celine-Thesis/all-data-reordered/all/LTO Mandaue miabli sa JCenter Mall, serbisyo gipaabot nga mopaspas na.txt
/Users/rl-14/Desktop/Celine-Thesis/all-data-reordered/all/LTO milusad og ‘itawag mo kay RD’.txt
/Users/rl-14/Desktop/Celine-Thesis/all-data-reordered/all/LTO mipatawag sa drayber nga nakiglalis  .txt
/Users/rl-14/Desktop/Celine-Thesis/all-data-reordered/all/LTO misusi sa mga sakyanan.txt
/Users/rl-14/Desktop/Celine-Thesis/all-data-reordered/all/LTO mitabang sa trapik.txt
/Users/rl-14/Desktop/Celine-Thesis/all-data-reordered/all/LTO Office gibalhin na.txt
/Users/rl-14/Desktop/Celine-Thesis/all-data-reordered/all/LTO office, andam nang ibalhin sunod semana ning syudad.txt
/Users/rl-14/Desktop/Celine-Thesis/all-data-reordered/all/LTO wa mohatag og penalty sa pag-renew lisensya .txt
/Users/rl-14/Desktop/Celine-Thesis/all-data-reordered/all/LTO XI mipasalig nga ma release na ang natanggog nga mga plaka.txt
/Users/rl-14/Desktop/Celine-Thesis/all-data-reordered/all/LTO-10, may bahad sa mga ga-illegal parking sa highway.txt
/Users/rl-14/Desktop/Celine-Thesis/all-data-reordered/all/LTO-10, molakag vs vintage PUVs.txt
/Users/rl-14/Desktop/Celine-Thesis/all-data-reordered/all/LTO-10, pakigbatukan ang illegal parkings ning syudad.txt
/Users/rl-14/Desktop/Celine-Thesis/all-data-reordered/all/LTO-10,giangkon ang daw ba-o nga DL release.txt
/Users/rl-14/Desktop/Celine-Thesis/all-data-reordered/all/LTO-10,ralihan sa katawhan sa CdeO.txt
/Users/rl-14/Desktop/Celine-Thesis/all-data-reordered/all/Lubog tubig sa Bansalan Water District gialmahan.txt
/Users/rl-14/Desktop/Celine-Thesis/all-data-reordered/all/Lubong nasusamag political rally.txt
/Users/rl-14/Desktop/Celine-Thesis/all-data-reordered/all/Lubong ni Camomot ugkaton sa Enero: Palma.txt
/Users/rl-14/Desktop/Celine-Thesis/all-data-reordered/all/Lubong ni Vidal holiday.txt
/Users/rl-14/Desktop/Celine-Thesis/all-data-reordered/all/Lucy imbiyerna sa isyu nga drug protector si Richard.txt
/Users/rl-14/Desktop/Celine-Thesis/all-data-reordered/all/Luczon Kagubot sa COWD ka hasol sa katawhan  SunStar.txt
/Users/rl-14/Desktop/Celine-Thesis/all-data-reordered/all/Luczon: Gugma, wa’ ka kuyapi?.txt
/Users/rl-14/Desktop/Celine-Thesis/all-data-reordered/all/Luczon: Kagubot sa COWD, ka hasol sa katawhan.txt
/Users/rl-14/Desktop/Celine-Thesis/all-data-reordered/all/Luczon: Kombati kontra droga sa lahi nga pamaagi.txt
/Users/rl-14/Desktop/Celine-Thesis/all-data-reordered/all/Lue mipirma’g lima ka tuig nga kontrata.txt
/Users/rl-14/Desktop/Celine-Thesis/all-data-reordered/all/Lugar sa Lifestyle, entertainment gusto i-rezoning ni Quisumbing.txt
/Users/rl-14/Desktop/Celine-Thesis/all-data-reordered/all/Lugos napakyas kay suspek nailad  SunStar.txt
/Users/rl-14/Desktop/Celine-Thesis/all-data-reordered/all/Lugway sa martial law miani og nagkadaiyang reaksyon.txt
/Users/rl-14/Desktop/Celine-Thesis/all-data-reordered/all/Luigi makighimamat sa mga kapitan, tanod.txt
/Users/rl-14/Desktop/Celine-Thesis/all-data-reordered/all/Luigi mipasidaan sa employee’s DTR.txt
/Users/rl-14/Desktop/Celine-Thesis/all-data-reordered/all/Luigi mipatawag og emergency meeting tungod sa bagyo.txt
/Users/rl-14/Desktop/Celine-Thesis/all-data-reordered/all/Luigi mitudlo og manager sa Recla, motutok sa suliran sa basura.txt
/Users/rl-14/Desktop/Celine-Thesis/all-data-reordered/all/Luigi mohatag og service firearms.txt
/Users/rl-14/Desktop/Celine-Thesis/all-data-reordered/all/Luigi motanyag og reward.txt
/Users/rl-14/Desktop/Celine-Thesis/all-data-reordered/all/Luigi naalarma na sa kaso sa dengue sa Mandaue City.txt
/Users/rl-14/Desktop/Celine-Thesis/all-data-reordered/all/Luigi nangusog nga ibalik ang basura sa South Korea.txt
/Users/rl-14/Desktop/Celine-Thesis/all-data-reordered/all/Luigi supak ibalhin ang LTO licensing office sa Subangdaku.txt
/Users/rl-14/Desktop/Celine-Thesis/all-data-reordered/all/Luigi uyon ibalik sa PNP ang kampanya .txt
/Users/rl-14/Desktop/Celine-Thesis/all-data-reordered/all/Luigi uyon sa plano nga i-uswag ang SK, barangay elections.txt
/Users/rl-14/Desktop/Celine-Thesis/all-data-reordered/all/Luis gidayeg si Nadine?.txt
/Users/rl-14/Desktop/Celine-Thesis/all-data-reordered/all/Luis hilom sa pagka-link kang Jessy.txt
/Users/rl-14/Desktop/Celine-Thesis/all-data-reordered/all/Luis naay chance sa FHM Sexiest nga si Jessy.txt
/Users/rl-14/Desktop/Celine-Thesis/all-data-reordered/all/Lumad sa Mandaue lang dawaton sa Mandaue City College.txt
/Users/rl-14/Desktop/Celine-Thesis/all-data-reordered/all/Lumad, gipusil patay sa Surigao del Norte.txt
/Users/rl-14/Desktop/Celine-Thesis/all-data-reordered/all/Lumapay sa Tagum mihakot og 10 medalya.txt
/Users/rl-14/Desktop/Celine-Thesis/all-data-reordered/all/Lumay kampyon sa Bike Festival.txt
/Users/rl-14/Desktop/Celine-Thesis/all-data-reordered/all/Lumba para ni Nilo.txt
/Users/rl-14/Desktop/Celine-Thesis/all-data-reordered/all/Lumbaay sa finals.txt
/Users/rl-14/Desktop/Celine-Thesis/all-data-reordered/all/Lumbia mikampyon.txt
/Users/rl-14/Desktop/Celine-Thesis/all-data-reordered/all/Luna sa Capitol Site ipakoral ni Osmeña.txt
/Users/rl-14/Desktop/Celine-Thesis/all-data-reordered/all/Lungon, patay naanod.txt
/Users/rl-14/Desktop/Celine-Thesis/all-data-reordered/all/Lupiba gihatagan og hero’s welcome.txt
/Users/rl-14/Desktop/Celine-Thesis/all-data-reordered/all/Lutong Macau.txt
/Users/rl-14/Desktop/Celine-Thesis/all-data-reordered/all/Lutz mibalhin sa Bolts.txt
/Users/rl-14/Desktop/Celine-Thesis/all-data-reordered/all/Luwas ang pagpuyo sa komunidad sa Johndorf sa Lapu.txt
/Users/rl-14/Desktop/Celine-Thesis/all-data-reordered/all/Luwas imnon ang tubig sa MCWD.txt
/Users/rl-14/Desktop/Celine-Thesis/all-data-reordered/all/Luwas na si Brazil, suspek ipasikop ni Mayor Radaza.txt
/Users/rl-14/Desktop/Celine-Thesis/all-data-reordered/all/Luya pagsulbad sa PASUC president killing sa CdeO,gi-depensa.txt
/Users/rl-14/Desktop/Celine-Thesis/all-data-reordered/all/Luyo sa masub-anong panagway sa Our Lady of Immaculate Concepcion.txt
/Users/rl-14/Desktop/Celine-Thesis/all-data-reordered/all/Lyca Gairanod, asenso na .txt
/Users/rl-14/Desktop/Celine-Thesis/all-data-reordered/all/Lynx mibawos sa Sparks; series 2-2 na.txt
/Users/rl-14/Desktop/Celine-Thesis/all-data-reordered/all/Lynx nakatabla sa Sparks sa WNBA finals.txt
/Users/rl-14/Desktop/Celine-Thesis/all-data-reordered/all/M.Lhuillier line-up hapit na mahulma.txt
/Users/rl-14/Desktop/Celine-Thesis/all-data-reordered/all/Ma-sweep kaha?.txt
/Users/rl-14/Desktop/Celine-Thesis/all-data-reordered/all/Maayo ang training ni Joy.txt
/Users/rl-14/Desktop/Celine-Thesis/all-data-reordered/all/Maayog attitude, utokan moduwa maoy nakita ni Ildefonso ni Sotto.txt
/Users/rl-14/Desktop/Celine-Thesis/all-data-reordered/all/Maayong real estate market sa Visayas ug Mindanao.txt
/Users/rl-14/Desktop/Celine-Thesis/all-data-reordered/all/Mabao manimalos kang Solana sa USFC 1 sa Butuan .txt
/Users/rl-14/Desktop/Celine-Thesis/all-data-reordered/all/Mabdos 'nangawat' sa simbahan.txt
/Users/rl-14/Desktop/Celine-Thesis/all-data-reordered/all/Mabdos positibo sa Zika virus.txt
/Users/rl-14/Desktop/Celine-Thesis/all-data-reordered/all/Mabdos,lakip sa pasahero sa nabalintong nga PUJ sa CdeO.txt
/Users/rl-14/Desktop/Celine-Thesis/all-data-reordered/all/Mabulokong away.txt
/Users/rl-14/Desktop/Celine-Thesis/all-data-reordered/all/Mabulokong season sa Warriors hingpiton ugma.txt
/Users/rl-14/Desktop/Celine-Thesis/all-data-reordered/all/Mactan airport control tower walay nadawat nga taho bahin sa UFO.txt
/Users/rl-14/Desktop/Celine-Thesis/all-data-reordered/all/Mactan Channel sirhan og 5 ka oras.txt
/Users/rl-14/Desktop/Celine-Thesis/all-data-reordered/all/Madayon sa Rio!.txt
/Users/rl-14/Desktop/Celine-Thesis/all-data-reordered/all/Madayon: Roach.txt
/Users/rl-14/Desktop/Celine-Thesis/all-data-reordered/all/Madyong.txt
/Users/rl-14/Desktop/Celine-Thesis/all-data-reordered/all/Maestra gidakop.txt
/Users/rl-14/Desktop/Celine-Thesis/all-data-reordered/all/Maestra gihulga kay grado sa anak migamay.txt
/Users/rl-14/Desktop/Celine-Thesis/all-data-reordered/all/Maestra naghikog patay.txt
/Users/rl-14/Desktop/Celine-Thesis/all-data-reordered/all/Maestra natumbahan sa lubi.txt
/Users/rl-14/Desktop/Celine-Thesis/all-data-reordered/all/Maestra patay, 14 angol sa bangga.txt
/Users/rl-14/Desktop/Celine-Thesis/all-data-reordered/all/Maestro dakpan sa buy bust.txt
/Users/rl-14/Desktop/Celine-Thesis/all-data-reordered/all/Maestro naghikog sulod sa prayer room .txt
/Users/rl-14/Desktop/Celine-Thesis/all-data-reordered/all/Maestro nakuhaag sex video.txt
/Users/rl-14/Desktop/Celine-Thesis/all-data-reordered/all/Maestro nga hubog nanagpa og RTA  SunStar.txt
/Users/rl-14/Desktop/Celine-Thesis/all-data-reordered/all/Maestro sa Butuan City, dakpan sa buybust operation.txt
/Users/rl-14/Desktop/Celine-Thesis/all-data-reordered/all/Maestro ‘nanghinol’ sa estudyante, priso.txt
/Users/rl-14/Desktop/Celine-Thesis/all-data-reordered/all/Mag live-in gipusil, patay.txt
/Users/rl-14/Desktop/Celine-Thesis/all-data-reordered/all/Mag tinun-ang Muslim , dili food poisoning ang hinungdan sa pagkalandig sa tambalanan.txt
/Users/rl-14/Desktop/Celine-Thesis/all-data-reordered/all/Mag-agaw nga pusher sikop sa motel.txt
/Users/rl-14/Desktop/Celine-Thesis/all-data-reordered/all/Mag-amahang tribal leaders gipamatay.txt
/Users/rl-14/Desktop/Celine-Thesis/all-data-reordered/all/Mag-amping pagkuhag sikyu .txt
/Users/rl-14/Desktop/Celine-Thesis/all-data-reordered/all/Mag-bonnet, taptap kon magmotor dakpon.txt
/Users/rl-14/Desktop/Celine-Thesis/all-data-reordered/all/Mag-inom sa dalan dakpon.txt
/Users/rl-14/Desktop/Celine-Thesis/all-data-reordered/all/Mag-inom sa Sinulog panakpon.txt
/Users/rl-14/Desktop/Celine-Thesis/all-data-reordered/all/Mag-joke og ‘bomba’ dakpon .txt
/Users/rl-14/Desktop/Celine-Thesis/all-data-reordered/all/Mag-live in nakuhaan og P1M nga shabu .txt
/Users/rl-14/Desktop/Celine-Thesis/all-data-reordered/all/Mag-live in partner nakaingon sa sunog nadakpan, idemanda .txt
/Users/rl-14/Desktop/Celine-Thesis/all-data-reordered/all/Mag-live in partner sikop sa drug bust.txt
/Users/rl-14/Desktop/Celine-Thesis/all-data-reordered/all/Mag-uuma 15 ka higayon nanglugos, dakpan.txt
/Users/rl-14/Desktop/Celine-Thesis/all-data-reordered/all/Mag-uuma gisungay sa kabaw, namatay.txt
/Users/rl-14/Desktop/Celine-Thesis/all-data-reordered/all/Mag-uuma sikop sa buy-bust, marijuana nakumpiska.txt
/Users/rl-14/Desktop/Celine-Thesis/all-data-reordered/all/Mag-uuma, nakuhaan ug 5 gramu sa mariwana, mga tanum sa mariwana gipanglarot!.txt
/Users/rl-14/Desktop/Celine-Thesis/all-data-reordered/all/Mag-uyab migradwar nga magna cum laude ug cum laude.txt
/Users/rl-14/Desktop/Celine-Thesis/all-data-reordered/all/Mag-uyab nag-date sa selda.txt
/Users/rl-14/Desktop/Celine-Thesis/all-data-reordered/all/Mag-uyab nakuhaan og ‘shabu’ sa Iligan.txt
/Users/rl-14/Desktop/Celine-Thesis/all-data-reordered/all/Magbag-o kita alang sa paghiusa: Palma.txt
/Users/rl-14/Desktop/Celine-Thesis/all-data-reordered/all/Magbantay sa fake ticket: Arum.txt
/Users/rl-14/Desktop/Celine-Thesis/all-data-reordered/all/Magbanua, Marcojos nanguna sa tigi sa chess, walkathon.txt
/Users/rl-14/Desktop/Celine-Thesis/all-data-reordered/all/Magbaton sa blueprint sa kamatuoran: Fr. Ebisa.txt
/Users/rl-14/Desktop/Celine-Thesis/all-data-reordered/all/Magbuwag Ta Kay.txt
/Users/rl-14/Desktop/Celine-Thesis/all-data-reordered/all/Magduwa og Pokemon Go pamultahon.txt
/Users/rl-14/Desktop/Celine-Thesis/all-data-reordered/all/Maggie gihinumdum ang kalisud sa Amazing Race.txt
/Users/rl-14/Desktop/Celine-Thesis/all-data-reordered/all/Maghiusa isip komunidad: Palma.txt
/Users/rl-14/Desktop/Celine-Thesis/all-data-reordered/all/Magic 8 sa MMFF kinsay mag-No. 1?.txt
/Users/rl-14/Desktop/Celine-Thesis/all-data-reordered/all/Magkabibo!.txt
/Users/rl-14/Desktop/Celine-Thesis/all-data-reordered/all/Magkat-on pagsakay og motorsiklo.txt
/Users/rl-14/Desktop/Celine-Thesis/all-data-reordered/all/Magnitude 5.2 nga linog mitay-og sa Maasim, Sarangani;GenSan, Alabel, intensity 4 nga linog ang nasinatian.txt
/Users/rl-14/Desktop/Celine-Thesis/all-data-reordered/all/Magnolia 2-0 ang tinguha.txt
/Users/rl-14/Desktop/Celine-Thesis/all-data-reordered/all/Magnolia inilog batok NLEX: PBA.txt
/Users/rl-14/Desktop/Celine-Thesis/all-data-reordered/all/Magnolia motapos sa series; NLEX di mosugot.txt
/Users/rl-14/Desktop/Celine-Thesis/all-data-reordered/all/Magnolia subhan.txt
/Users/rl-14/Desktop/Celine-Thesis/all-data-reordered/all/Magnum Menzie, radio reporter ug inahan .txt
/Users/rl-14/Desktop/Celine-Thesis/all-data-reordered/all/Magpa-book aron malikay sa peke nga tiket.txt
/Users/rl-14/Desktop/Celine-Thesis/all-data-reordered/all/Magpaduol sa top four.txt
/Users/rl-14/Desktop/Celine-Thesis/all-data-reordered/all/Magpakilimos sa Mandaue dakpon .txt
/Users/rl-14/Desktop/Celine-Thesis/all-data-reordered/all/Magpale nagduda sa katuyoan sa bag-ong mobile app nga Pangga.txt
/Users/rl-14/Desktop/Celine-Thesis/all-data-reordered/all/Magpale, Costas nagkauli sa buot.txt
/Users/rl-14/Desktop/Celine-Thesis/all-data-reordered/all/Magpataka og pabuto dakpon: pulis.txt
/Users/rl-14/Desktop/Celine-Thesis/all-data-reordered/all/Magpili pa.txt
/Users/rl-14/Desktop/Celine-Thesis/all-data-reordered/all/Magprotesta kon pribado ang modumala.txt
/Users/rl-14/Desktop/Celine-Thesis/all-data-reordered/all/Magsayo batok Avalos labing kulbahinam.txt
/Users/rl-14/Desktop/Celine-Thesis/all-data-reordered/all/Magsayo di ikatandi ni Pacquiao: Ala.txt
/Users/rl-14/Desktop/Celine-Thesis/all-data-reordered/all/Magsayo di pa angay sa title fight copy.txt
/Users/rl-14/Desktop/Celine-Thesis/all-data-reordered/all/Magsayo di pa ihagad .txt
/Users/rl-14/Desktop/Celine-Thesis/all-data-reordered/all/Magsayo labnihan sa titulo.txt
/Users/rl-14/Desktop/Celine-Thesis/all-data-reordered/all/Magsayo nag-ensayo sa Wild Card gym ni Roach.txt
/Users/rl-14/Desktop/Celine-Thesis/all-data-reordered/all/Magsayo nagpanikad.txt
/Users/rl-14/Desktop/Celine-Thesis/all-data-reordered/all/Magsayo undercard sa away ni Donaire.txt
/Users/rl-14/Desktop/Celine-Thesis/all-data-reordered/all/Magsaysay Sr. Trial Run, Marso 17.txt
/Users/rl-14/Desktop/Celine-Thesis/all-data-reordered/all/Magsisibya gidus-a'g 'libel'.txt
/Users/rl-14/Desktop/Celine-Thesis/all-data-reordered/all/Magsoong Rotoras,dismayado ang SITG-Rotoras.txt
/Users/rl-14/Desktop/Celine-Thesis/all-data-reordered/all/Magsuon gidagit sa Davao del Norte, gipangita .txt
/Users/rl-14/Desktop/Celine-Thesis/all-data-reordered/all/Magsuon gipusil, patay.txt
/Users/rl-14/Desktop/Celine-Thesis/all-data-reordered/all/Magsuon naka-ikyas sa selda sa kapulisan.txt
/Users/rl-14/Desktop/Celine-Thesis/all-data-reordered/all/Magsuon napatay, 3 signit sa drug raid.txt
/Users/rl-14/Desktop/Celine-Thesis/all-data-reordered/all/Magsuong Canino, Andres nienganyo sa Rosevale.txt
/Users/rl-14/Desktop/Celine-Thesis/all-data-reordered/all/Magsuong mananagat kampyon sa Sinulog Baroto.txt
/Users/rl-14/Desktop/Celine-Thesis/all-data-reordered/all/Magsuong natokhang, nasakmitan og shabu, armas, bala.txt
/Users/rl-14/Desktop/Celine-Thesis/all-data-reordered/all/Magsuong sakop sa MILF gipangbahigan, 1 patay.txt
/Users/rl-14/Desktop/Celine-Thesis/all-data-reordered/all/Magsuong Siso mihawod.txt
/Users/rl-14/Desktop/Celine-Thesis/all-data-reordered/all/Magsuong Tancontian nanghawod.txt
/Users/rl-14/Desktop/Celine-Thesis/all-data-reordered/all/Magti-ayon patay samtang 2 nila ka anak angol sa aksidente sa Surigao City.txt
/Users/rl-14/Desktop/Celine-Thesis/all-data-reordered/all/Magti-ayong recruiter matud pa sa NPA, dakpan sa Kitcharao, Agusan Del Norte.txt
/Users/rl-14/Desktop/Celine-Thesis/all-data-reordered/all/Magtiayon gibugha.txt
/Users/rl-14/Desktop/Celine-Thesis/all-data-reordered/all/Magtiayon giihaw.txt
/Users/rl-14/Desktop/Celine-Thesis/all-data-reordered/all/Magtiayon gipamusil patay sulod sa ilang balay.txt
/Users/rl-14/Desktop/Celine-Thesis/all-data-reordered/all/Magtiayon gipamusil, gipanigbas.txt
/Users/rl-14/Desktop/Celine-Thesis/all-data-reordered/all/Magtiayon gipanigbas patay.txt
/Users/rl-14/Desktop/Celine-Thesis/all-data-reordered/all/Magtiayon gipatay sa ‘ukoy?’.txt
/Users/rl-14/Desktop/Celine-Thesis/all-data-reordered/all/Magtiayon mi-andam sa ilang lungon .txt
/Users/rl-14/Desktop/Celine-Thesis/all-data-reordered/all/Magtiayon mihulma og mga talento sa Musika.txt
/Users/rl-14/Desktop/Celine-Thesis/all-data-reordered/all/Magtiayon naligsan; bana patay.txt
/Users/rl-14/Desktop/Celine-Thesis/all-data-reordered/all/Magtiayon nga NPA recruiter nadakpan sa Agusan del Norte.txt
/Users/rl-14/Desktop/Celine-Thesis/all-data-reordered/all/Magtiayon sikop sa buy bust.txt
/Users/rl-14/Desktop/Celine-Thesis/all-data-reordered/all/Magtiayon sikop.txt
/Users/rl-14/Desktop/Celine-Thesis/all-data-reordered/all/Magtiayon,gipangtigbas sa MisOr.txt
/Users/rl-14/Desktop/Celine-Thesis/all-data-reordered/all/Magtiayong drug pusher dakpan sa kapulisan.txt
/Users/rl-14/Desktop/Celine-Thesis/all-data-reordered/all/Magtiayong Isis miari sa Cebu.txt
/Users/rl-14/Desktop/Celine-Thesis/all-data-reordered/all/Magtiayong NPA member nga parehong team leader, sikop.txt
/Users/rl-14/Desktop/Celine-Thesis/all-data-reordered/all/Magtiayong Richard & Maricar gikampanya si Duterte.txt
/Users/rl-14/Desktop/Celine-Thesis/all-data-reordered/all/Magtiayong senior citizens,gimasaker patay sa MisOr.txt
/Users/rl-14/Desktop/Celine-Thesis/all-data-reordered/all/Magtinagakay .txt
/Users/rl-14/Desktop/Celine-Thesis/all-data-reordered/all/Magtutudlo sa Butuan City nga napalitan og shabu, posibleng matangtang sa serbisyo.txt
/Users/rl-14/Desktop/Celine-Thesis/all-data-reordered/all/Magulang gitigbas sa manghud sa panag-ilog ug yuta.txt
/Users/rl-14/Desktop/Celine-Thesis/all-data-reordered/all/Magulang napatay sa manghud.txt
/Users/rl-14/Desktop/Celine-Thesis/all-data-reordered/all/Maguwang aksidente nga napusil sa manghod.txt
/Users/rl-14/Desktop/Celine-Thesis/all-data-reordered/all/Maguwang sa milunggog ulo nag-amok sab, priso.txt
/Users/rl-14/Desktop/Celine-Thesis/all-data-reordered/all/Mahindra adunay bag-ong coach.txt
/Users/rl-14/Desktop/Celine-Thesis/all-data-reordered/all/Mahindra batok Rain or Shine.txt
/Users/rl-14/Desktop/Celine-Thesis/all-data-reordered/all/Mahindra coach, laing lima ka mga Enforcers gipamulta.txt
/Users/rl-14/Desktop/Celine-Thesis/all-data-reordered/all/Mahindra gibuntog sa Phoenix.txt
/Users/rl-14/Desktop/Celine-Thesis/all-data-reordered/all/Mahindra napukan sa Elite; GlobalPort mipildi sa Gins.txt
/Users/rl-14/Desktop/Celine-Thesis/all-data-reordered/all/Maine gibatikos ang bashers ni Alden.txt
/Users/rl-14/Desktop/Celine-Thesis/all-data-reordered/all/Maine nagrason nganong nag-deactivate sa Twitter.txt
/Users/rl-14/Desktop/Celine-Thesis/all-data-reordered/all/Maine nalingaw ni Alden sa pagsorpresa kaniya.txt
/Users/rl-14/Desktop/Celine-Thesis/all-data-reordered/all/Maine walay giligsan sa iyang blog post.txt
/Users/rl-14/Desktop/Celine-Thesis/all-data-reordered/all/Maine walay kausaban bisan og sikat!.txt
/Users/rl-14/Desktop/Celine-Thesis/all-data-reordered/all/Maine ‘destiny’ si Alden.txt
/Users/rl-14/Desktop/Celine-Thesis/all-data-reordered/all/Maine, Sef nabuking ang sikretong relasyon?.txt
/Users/rl-14/Desktop/Celine-Thesis/all-data-reordered/all/Mainit nga pagdawat ni ‘Tawing’ karon.txt
/Users/rl-14/Desktop/Celine-Thesis/all-data-reordered/all/Mainit nga pagsalubong sa mga Kagay-anong fans kang Valdez.txt
/Users/rl-14/Desktop/Celine-Thesis/all-data-reordered/all/Mainit nga pagsugod .txt
/Users/rl-14/Desktop/Celine-Thesis/all-data-reordered/all/Maja deboto ni Sto. Nino.txt
/Users/rl-14/Desktop/Celine-Thesis/all-data-reordered/all/Maja kang Gerald, civil lang.txt
/Users/rl-14/Desktop/Celine-Thesis/all-data-reordered/all/Maja mibiya sa “Ang Probinsyano”.txt
/Users/rl-14/Desktop/Celine-Thesis/all-data-reordered/all/Maja pabiling bestfriend sa showbiz guys.txt
/Users/rl-14/Desktop/Celine-Thesis/all-data-reordered/all/Maja ug John Lloyd never nag-uyab    .txt
/Users/rl-14/Desktop/Celine-Thesis/all-data-reordered/all/Makadani sa bata.txt
/Users/rl-14/Desktop/Celine-Thesis/all-data-reordered/all/Makadawat og ganting salapi nga makadakop og opisyal, kawani sa Lapu.txt
/Users/rl-14/Desktop/Celine-Thesis/all-data-reordered/all/Makahilak pa nga mahinumdom sa gubat sa Marawi.txt
/Users/rl-14/Desktop/Celine-Thesis/all-data-reordered/all/Makalingaw nga Dominggo sa mga batang dunay kabilinggan .txt
/Users/rl-14/Desktop/Celine-Thesis/all-data-reordered/all/Makanunayong pagkabana.txt
/Users/rl-14/Desktop/Celine-Thesis/all-data-reordered/all/Makapabata.txt
/Users/rl-14/Desktop/Celine-Thesis/all-data-reordered/all/Makapakaging nga kadaugan.txt
/Users/rl-14/Desktop/Celine-Thesis/all-data-reordered/all/Makasaysayong all-star game.txt
/Users/rl-14/Desktop/Celine-Thesis/all-data-reordered/all/Makatrabaho na bisan pilay edad.txt
/Users/rl-14/Desktop/Celine-Thesis/all-data-reordered/all/Makig-friend ang ex-gf.txt
/Users/rl-14/Desktop/Celine-Thesis/all-data-reordered/all/Makurat kon anak mapukan.txt
/Users/rl-14/Desktop/Celine-Thesis/all-data-reordered/all/Malacanang mihangop sa paghost sa Pilipinas sa 2023 FIBA World Cup.txt
/Users/rl-14/Desktop/Celine-Thesis/all-data-reordered/all/Malacanang mipahalipay ni Donaire, Nietes.txt
/Users/rl-14/Desktop/Celine-Thesis/all-data-reordered/all/Malacanang,gipadali ang pagsulbad sa Rotoras case sa CdeO.txt
/Users/rl-14/Desktop/Celine-Thesis/all-data-reordered/all/Malacanang:’Marawi’s main battle area,dili pa abli sa publiko’.txt
/Users/rl-14/Desktop/Celine-Thesis/all-data-reordered/all/Malacañang midayeg sa RP national teams.txt
/Users/rl-14/Desktop/Celine-Thesis/all-data-reordered/all/Malacañang mipahalipay.txt
/Users/rl-14/Desktop/Celine-Thesis/all-data-reordered/all/Malampusong pag-abli sa lady Skyhawks.txt
/Users/rl-14/Desktop/Celine-Thesis/all-data-reordered/all/Malampusong pag-abri sa SPC.txt
/Users/rl-14/Desktop/Celine-Thesis/all-data-reordered/all/Malampusong pagbalik ni Michael Pabillore .txt
/Users/rl-14/Desktop/Celine-Thesis/all-data-reordered/all/Malasakit Center sa dakbayan sa Sugbo gilusad.txt
/Users/rl-14/Desktop/Celine-Thesis/all-data-reordered/all/Malaumon gihapon.txt
/Users/rl-14/Desktop/Celine-Thesis/all-data-reordered/all/Malaysia vs. Bogo.txt
/Users/rl-14/Desktop/Celine-Thesis/all-data-reordered/all/Malaysian consul mubisita sa Gensan alayon sa Kalilangan 2018.txt
/Users/rl-14/Desktop/Celine-Thesis/all-data-reordered/all/Malinawon ang adlaw sa minatay .txt
/Users/rl-14/Desktop/Celine-Thesis/all-data-reordered/all/Malinawon ang ASEAN Summit .txt
/Users/rl-14/Desktop/Celine-Thesis/all-data-reordered/all/Malinawon ang protesta batok SONA sa Sugbo .txt
/Users/rl-14/Desktop/Celine-Thesis/all-data-reordered/all/Malinawon pagsugat sa Bag-ong Tuig.txt
/Users/rl-14/Desktop/Celine-Thesis/all-data-reordered/all/Malisod nga dalan sa Ateneo sa NBTC.txt
/Users/rl-14/Desktop/Celine-Thesis/all-data-reordered/all/Malisod nga tahas James  SunStar.txt
/Users/rl-14/Desktop/Celine-Thesis/all-data-reordered/all/Malisod nga tahas ni Pagara sa U.S..txt
/Users/rl-14/Desktop/Celine-Thesis/all-data-reordered/all/Malisod nga tahas sa Gilas.txt
/Users/rl-14/Desktop/Celine-Thesis/all-data-reordered/all/Malisod nga tahas.txt
/Users/rl-14/Desktop/Celine-Thesis/all-data-reordered/all/Mall may hulga?.txt
/Users/rl-14/Desktop/Celine-Thesis/all-data-reordered/all/Malnutrition miubos, obesity mitaas sa dakabayan sa Mandaue: Dr. Seno .txt
/Users/rl-14/Desktop/Celine-Thesis/all-data-reordered/all/Mama ang utok: anak, uyab.txt
/Users/rl-14/Desktop/Celine-Thesis/all-data-reordered/all/Mama gahubo, apil ang 2 ka anak.txt
/Users/rl-14/Desktop/Celine-Thesis/all-data-reordered/all/Mama ni Barok ipa-paraffin test si anhing Medz.txt
/Users/rl-14/Desktop/Celine-Thesis/all-data-reordered/all/Mama ni Barok miadto sa CHR.txt
/Users/rl-14/Desktop/Celine-Thesis/all-data-reordered/all/Mama, anak lakip sa 20 nga nasikop.txt
/Users/rl-14/Desktop/Celine-Thesis/all-data-reordered/all/Mamaligyaay og kandila sikop sa drug bust.txt
/Users/rl-14/Desktop/Celine-Thesis/all-data-reordered/all/Mamaligyaay sa merkado sa Mandaue City mihangyo.txt
/Users/rl-14/Desktop/Celine-Thesis/all-data-reordered/all/Manag-agaw midominar sa 7th physique men’s competition.txt
/Users/rl-14/Desktop/Celine-Thesis/all-data-reordered/all/Manag-uyab nag-sex, mananggiti mipuli .txt
/Users/rl-14/Desktop/Celine-Thesis/all-data-reordered/all/Manager Dunkin: Rios wa moretiro .txt
/Users/rl-14/Desktop/Celine-Thesis/all-data-reordered/all/Manager ni Horn nasuko ni Hurtman.txt
/Users/rl-14/Desktop/Celine-Thesis/all-data-reordered/all/Managlahing reaksyon sa pagsibog sa Barangay, SK eleksyon.txt
/Users/rl-14/Desktop/Celine-Thesis/all-data-reordered/all/Managribal sa gugma.txt
/Users/rl-14/Desktop/Celine-Thesis/all-data-reordered/all/Managsuon nga squad leaders ug miyembro sa NPA, mi-surrender sa kasundaluhan.txt
/Users/rl-14/Desktop/Celine-Thesis/all-data-reordered/all/Mananga Bridge ayuhon, sirhan.txt
/Users/rl-14/Desktop/Celine-Thesis/all-data-reordered/all/Mananga bridge sa Abril na ayuhon .txt
/Users/rl-14/Desktop/Celine-Thesis/all-data-reordered/all/mananom ko og mga bituon.txt
/Users/rl-14/Desktop/Celine-Thesis/all-data-reordered/all/Manatad supak nga piniliay sa Oktubre iuswag na sab.txt
/Users/rl-14/Desktop/Celine-Thesis/all-data-reordered/all/Manay Lolit nabiktima sa pangilad .txt
/Users/rl-14/Desktop/Celine-Thesis/all-data-reordered/all/Mandaue alerto sa dengue.txt
/Users/rl-14/Desktop/Celine-Thesis/all-data-reordered/all/Mandaue andam na sa Traslacion.txt
/Users/rl-14/Desktop/Celine-Thesis/all-data-reordered/all/Mandaue City Govt. mitunol og hinabang alang sa Marawi .txt
/Users/rl-14/Desktop/Celine-Thesis/all-data-reordered/all/Mandaue City Hall adunay bag-ong protocol sa pagbisita.txt
/Users/rl-14/Desktop/Celine-Thesis/all-data-reordered/all/Mandaue dunay Singles Express Lane.txt
/Users/rl-14/Desktop/Celine-Thesis/all-data-reordered/all/Mandaue entertainment zone buksan.txt
/Users/rl-14/Desktop/Celine-Thesis/all-data-reordered/all/Mandaue himuon nga congressional district.txt
/Users/rl-14/Desktop/Celine-Thesis/all-data-reordered/all/Mandaue jail `gi-raid'; way shabu nakuha.txt
/Users/rl-14/Desktop/Celine-Thesis/all-data-reordered/all/Mandaue mag-bomb drill.txt
/Users/rl-14/Desktop/Celine-Thesis/all-data-reordered/all/Mandaue misalmot sa tigom sa Japan.txt
/Users/rl-14/Desktop/Celine-Thesis/all-data-reordered/all/Mandaue mogamit og vans, coasters.txt
/Users/rl-14/Desktop/Celine-Thesis/all-data-reordered/all/Mandaue mohigpit bahin sa jaywalking.txt
/Users/rl-14/Desktop/Celine-Thesis/all-data-reordered/all/Mandaue molimpyo sa sapa sa Butuanon.txt
/Users/rl-14/Desktop/Celine-Thesis/all-data-reordered/all/Mandaue mopalit og 14 ka sakyanan.txt
/Users/rl-14/Desktop/Celine-Thesis/all-data-reordered/all/Mandaue mopalit og 20 ka motorsiklo.txt
/Users/rl-14/Desktop/Celine-Thesis/all-data-reordered/all/Mandaue nabalaka sa pagdagsa sa mga makililimos sa karsada.txt
/Users/rl-14/Desktop/Celine-Thesis/all-data-reordered/all/Mandaue nagtukod motorcycle reaction unit.txt
/Users/rl-14/Desktop/Celine-Thesis/all-data-reordered/all/Mandaue naka downpayment nag P200M sa CICC.txt
/Users/rl-14/Desktop/Celine-Thesis/all-data-reordered/all/Mandaue napili sa LCTM program.txt
/Users/rl-14/Desktop/Celine-Thesis/all-data-reordered/all/Mandaue, Ayabe maglagda og sisterhood.txt
/Users/rl-14/Desktop/Celine-Thesis/all-data-reordered/all/Mandaue, Lapu mohingusog batok panigarilyo.txt
/Users/rl-14/Desktop/Celine-Thesis/all-data-reordered/all/Mandaue, Lapu-Lapu andam sa PUJ STRIKE.txt
/Users/rl-14/Desktop/Celine-Thesis/all-data-reordered/all/Mandaue-Mactan bridge sirad-an atol sa fluvial.txt
/Users/rl-14/Desktop/Celine-Thesis/all-data-reordered/all/Mangingihaw pakuhaon og lisensya.txt
/Users/rl-14/Desktop/Celine-Thesis/all-data-reordered/all/Mangingisda pabiling missing human nag palawud kagabie.txt
/Users/rl-14/Desktop/Celine-Thesis/all-data-reordered/all/Manila based contractor,hataga’g seguridad re:USTP controversy.txt
/Users/rl-14/Desktop/Celine-Thesis/all-data-reordered/all/Manila vs. CdeO gitutokan sa Game of the Generals.txt
/Users/rl-14/Desktop/Celine-Thesis/all-data-reordered/all/Manimbahay sa Katoliko miubos?.txt
/Users/rl-14/Desktop/Celine-Thesis/all-data-reordered/all/Manindahay libot sa Basilica gihan-ay.txt
/Users/rl-14/Desktop/Celine-Thesis/all-data-reordered/all/Manindahay og isda nasikop sa buy bust sa Talisay City .txt
/Users/rl-14/Desktop/Celine-Thesis/all-data-reordered/all/Manindahay sa merkado misupak sa pagpabalik sa illegal vendors.txt
/Users/rl-14/Desktop/Celine-Thesis/all-data-reordered/all/Manipis road di pa maagian tungod sa pagdahili sa yuta.txt
/Users/rl-14/Desktop/Celine-Thesis/all-data-reordered/all/Manny 80-90% na’ng naalim  .txt
/Users/rl-14/Desktop/Celine-Thesis/all-data-reordered/all/Manny andam moretiro.txt
/Users/rl-14/Desktop/Celine-Thesis/all-data-reordered/all/Manny andam sa rematch.txt
/Users/rl-14/Desktop/Celine-Thesis/all-data-reordered/all/Manny busy pa.txt
/Users/rl-14/Desktop/Celine-Thesis/all-data-reordered/all/Manny coach gihapon.txt
/Users/rl-14/Desktop/Celine-Thesis/all-data-reordered/all/Manny dapig sa GSW .txt
/Users/rl-14/Desktop/Celine-Thesis/all-data-reordered/all/Manny di angay basulon.txt
/Users/rl-14/Desktop/Celine-Thesis/all-data-reordered/all/Manny emusyonal.txt
/Users/rl-14/Desktop/Celine-Thesis/all-data-reordered/all/Manny gapanikad.txt
/Users/rl-14/Desktop/Celine-Thesis/all-data-reordered/all/Manny gipasingitan.txt
/Users/rl-14/Desktop/Celine-Thesis/all-data-reordered/all/Manny gisaway.txt
/Users/rl-14/Desktop/Celine-Thesis/all-data-reordered/all/Manny gitambagan.txt
/Users/rl-14/Desktop/Celine-Thesis/all-data-reordered/all/Manny kinahanglan og K.O..txt
/Users/rl-14/Desktop/Celine-Thesis/all-data-reordered/all/Manny kinasingkasing ang suporta kang Digong.txt
/Users/rl-14/Desktop/Celine-Thesis/all-data-reordered/all/Manny kuyog sa Japan.txt
/Users/rl-14/Desktop/Celine-Thesis/all-data-reordered/all/Manny ma-presidente.txt
/Users/rl-14/Desktop/Celine-Thesis/all-data-reordered/all/Manny mipasabot nganong wa na siya maka-KO.txt
/Users/rl-14/Desktop/Celine-Thesis/all-data-reordered/all/Manny mobalik ra sa pag-away.txt
/Users/rl-14/Desktop/Celine-Thesis/all-data-reordered/all/Manny modaog: Cotto.txt
/Users/rl-14/Desktop/Celine-Thesis/all-data-reordered/all/Manny motabang sa RP basketball.txt
/Users/rl-14/Desktop/Celine-Thesis/all-data-reordered/all/Manny nag-shooting.txt
/Users/rl-14/Desktop/Celine-Thesis/all-data-reordered/all/Manny nagpraktis na.txt
/Users/rl-14/Desktop/Celine-Thesis/all-data-reordered/all/Manny naka-FG na.txt
/Users/rl-14/Desktop/Celine-Thesis/all-data-reordered/all/Manny nangumusta ra.txt
/Users/rl-14/Desktop/Celine-Thesis/all-data-reordered/all/Manny Pacquiao mikompirmar nga andam motabang.txt
/Users/rl-14/Desktop/Celine-Thesis/all-data-reordered/all/Manny Pacquiao moretiro?.txt
/Users/rl-14/Desktop/Celine-Thesis/all-data-reordered/all/Manny vs. Bradley gihikay na.txt
/Users/rl-14/Desktop/Celine-Thesis/all-data-reordered/all/Manny wa nay money? Pacman nahikatawa ra.txt
/Users/rl-14/Desktop/Celine-Thesis/all-data-reordered/all/Manny wa na’y cramp.txt
/Users/rl-14/Desktop/Celine-Thesis/all-data-reordered/all/Manny wa pa’y tiket para sa iyang pamilya .txt
/Users/rl-14/Desktop/Celine-Thesis/all-data-reordered/all/Manny wa’y planong mobiya sa Mahindra.txt
/Users/rl-14/Desktop/Celine-Thesis/all-data-reordered/all/Manny-Floyd 2 posible.txt
/Users/rl-14/Desktop/Celine-Thesis/all-data-reordered/all/Manny-Floyd II 75% madayon-- Arum.txt
/Users/rl-14/Desktop/Celine-Thesis/all-data-reordered/all/Manny-Floyd II mokita ra gihapon: Schaefer.txt
/Users/rl-14/Desktop/Celine-Thesis/all-data-reordered/all/Mansion ni Pacman sa Forbes may state-of-the art nga kusina.txt
/Users/rl-14/Desktop/Celine-Thesis/all-data-reordered/all/Manti-Anak.txt
/Users/rl-14/Desktop/Celine-Thesis/all-data-reordered/all/Manulife misuporta sa medical mission .txt
/Users/rl-14/Desktop/Celine-Thesis/all-data-reordered/all/Manzo mibalik sa UV, pero dili pa makaduwa sa Cesafi.txt
/Users/rl-14/Desktop/Celine-Thesis/all-data-reordered/all/mao ra gihapon.txt
/Users/rl-14/Desktop/Celine-Thesis/all-data-reordered/all/Mapahiubsanon: Mensahe ni Palma.txt
/Users/rl-14/Desktop/Celine-Thesis/all-data-reordered/all/Mapua, Malaysia apil sa Cebu City Mayor’s Cup ‘15.txt
/Users/rl-14/Desktop/Celine-Thesis/all-data-reordered/all/Mapuslanon nga bakasyon.txt
/Users/rl-14/Desktop/Celine-Thesis/all-data-reordered/all/Maragusan official nanghunaw sa nahitabong landslide nga mikalas ug upat.txt
/Users/rl-14/Desktop/Celine-Thesis/all-data-reordered/all/Maranao-Muslim leaders,nagmahay sa Marawi City rehab?.txt
/Users/rl-14/Desktop/Celine-Thesis/all-data-reordered/all/Marawi evacuee,sikop sa shabu selling sa CdeO.txt
/Users/rl-14/Desktop/Celine-Thesis/all-data-reordered/all/Marawi gawasnon na gikan sa terorista: Duterte.txt
/Users/rl-14/Desktop/Celine-Thesis/all-data-reordered/all/marawi.txt
/Users/rl-14/Desktop/Celine-Thesis/all-data-reordered/all/Marawo City, giingong luwas na batok armadong grupo.txt
/Users/rl-14/Desktop/Celine-Thesis/all-data-reordered/all/Marcial mi-TKO sa kontra sa 2nd round.txt
/Users/rl-14/Desktop/Celine-Thesis/all-data-reordered/all/Marco type ang mala-amazona nga babaye.txt
/Users/rl-14/Desktop/Celine-Thesis/all-data-reordered/all/Marcos ilubong nga samag bayani.txt
/Users/rl-14/Desktop/Celine-Thesis/all-data-reordered/all/Maria Ozawa nagpa-abort kaniadto.txt
/Users/rl-14/Desktop/Celine-Thesis/all-data-reordered/all/Marian balik primetime!.txt
/Users/rl-14/Desktop/Celine-Thesis/all-data-reordered/all/Marian close friend si Maine .txt
/Users/rl-14/Desktop/Celine-Thesis/all-data-reordered/all/Marian makig-tsikahan with Ai-Ai.txt
/Users/rl-14/Desktop/Celine-Thesis/all-data-reordered/all/Marian nag-inusarang nanag-iya sa bag ni Princess Diana.txt
/Users/rl-14/Desktop/Celine-Thesis/all-data-reordered/all/Marian Rivera: ‘walang kinatakutan at palaban’.txt
/Users/rl-14/Desktop/Celine-Thesis/all-data-reordered/all/Marian sexy gihapon bisan nanganak.txt
/Users/rl-14/Desktop/Celine-Thesis/all-data-reordered/all/Marian suportado ang pelikula ni Angelica ug Dingdong.txt
/Users/rl-14/Desktop/Celine-Thesis/all-data-reordered/all/Marian wala nay bulak nga madawat gikan ni Dingdong.txt
/Users/rl-14/Desktop/Celine-Thesis/all-data-reordered/all/Maribago Bluewater Resort sa Lapu-Lapu gisidunggan sa Asean.txt
/Users/rl-14/Desktop/Celine-Thesis/all-data-reordered/all/Maricel gi-bash tungod sa iyang score ni Anne.txt
/Users/rl-14/Desktop/Celine-Thesis/all-data-reordered/all/Maricris Mulat 'kutob ra sa Abril'  SunStar.txt
/Users/rl-14/Desktop/Celine-Thesis/all-data-reordered/all/Mariel manganak sa US  .txt
/Users/rl-14/Desktop/Celine-Thesis/all-data-reordered/all/Mariel nahospital human nagbakasyon.txt
/Users/rl-14/Desktop/Celine-Thesis/all-data-reordered/all/Mariel nanganak na.txt
/Users/rl-14/Desktop/Celine-Thesis/all-data-reordered/all/Mariel suportado ni Christopher.txt
/Users/rl-14/Desktop/Celine-Thesis/all-data-reordered/all/Mariel wa miangay sa kinaiya ni Aiza .txt
/Users/rl-14/Desktop/Celine-Thesis/all-data-reordered/all/Mariel wagas ang kaon alang sa breast milk.txt
/Users/rl-14/Desktop/Celine-Thesis/all-data-reordered/all/Marielle inosente sa mga pasangil.txt
/Users/rl-14/Desktop/Celine-Thesis/all-data-reordered/all/Marijuana nga naibot sa may Brgy. Tagbao Cebu City, mukabat sa 300,000 ang kantidad.txt
/Users/rl-14/Desktop/Celine-Thesis/all-data-reordered/all/Marijuana plantation gipang-ibot.txt
/Users/rl-14/Desktop/Celine-Thesis/all-data-reordered/all/Marina 7 nipahimangno sa publiko; 2 pay nananghid sa pagsaka sa plite.txt
/Users/rl-14/Desktop/Celine-Thesis/all-data-reordered/all/MARINA-10:”Duterte,naigo sa fake news?”.txt
/Users/rl-14/Desktop/Celine-Thesis/all-data-reordered/all/Mark naa’y surpresa.txt
/Users/rl-14/Desktop/Celine-Thesis/all-data-reordered/all/Mark Neumann sa A Million Thanks.txt
/Users/rl-14/Desktop/Celine-Thesis/all-data-reordered/all/Market official OIC sa Ermita.txt
/Users/rl-14/Desktop/Celine-Thesis/all-data-reordered/all/Marlon naghuwat sa Christmas gift from Pia.txt
/Users/rl-14/Desktop/Celine-Thesis/all-data-reordered/all/Marquez andam na mobalik?.txt
/Users/rl-14/Desktop/Celine-Thesis/all-data-reordered/all/Marquez di na gyud moaway ni Pacman.txt
/Users/rl-14/Desktop/Celine-Thesis/all-data-reordered/all/Marquez kuli nang mobalik og away.txt
/Users/rl-14/Desktop/Celine-Thesis/all-data-reordered/all/Marquez nag-ensayo’g balik.txt
/Users/rl-14/Desktop/Celine-Thesis/all-data-reordered/all/Marquez nagtinguha’g rematch kontra Floyd.txt
/Users/rl-14/Desktop/Celine-Thesis/all-data-reordered/all/Marquez nanghinaot nga makabalik og away.txt
/Users/rl-14/Desktop/Celine-Thesis/all-data-reordered/all/Marriaga misurender sa 7th round batok Lomachencko.txt
/Users/rl-14/Desktop/Celine-Thesis/all-data-reordered/all/Marso 19, gi-deklara isip usa ka special non-working holiday sa dakbayan.txt
/Users/rl-14/Desktop/Celine-Thesis/all-data-reordered/all/Martial Law gi-extend.txt
/Users/rl-14/Desktop/Celine-Thesis/all-data-reordered/all/Martial Law legal: Supreme Court.txt
/Users/rl-14/Desktop/Celine-Thesis/all-data-reordered/all/Martin 'type' si Kylie.txt
/Users/rl-14/Desktop/Celine-Thesis/all-data-reordered/all/Martin way labad sa HIV positive nga role.txt
/Users/rl-14/Desktop/Celine-Thesis/all-data-reordered/all/Martin: `AlDub, Aldub’ na lang ba?.txt
/Users/rl-14/Desktop/Celine-Thesis/all-data-reordered/all/Martin: `Camp Sawi’ hubogay ang show.txt
/Users/rl-14/Desktop/Celine-Thesis/all-data-reordered/all/Martin: `This is my best film so far’-- Vice Ganda.txt
/Users/rl-14/Desktop/Celine-Thesis/all-data-reordered/all/Martin: Air Supply concert kanselado.txt
/Users/rl-14/Desktop/Celine-Thesis/all-data-reordered/all/Martin: AlDub tsugi sa Mayo, Probinsyano puol na.txt
/Users/rl-14/Desktop/Celine-Thesis/all-data-reordered/all/Martin: Ang gahum sa social media.txt
/Users/rl-14/Desktop/Celine-Thesis/all-data-reordered/all/Martin: Archie mihilak sa iyang lifestory.txt
/Users/rl-14/Desktop/Celine-Thesis/all-data-reordered/all/Martin: ASAP, Showtime sa Cebu.txt
/Users/rl-14/Desktop/Celine-Thesis/all-data-reordered/all/Martin: Blakdyak nadaut ni Mayweather? .txt
/Users/rl-14/Desktop/Celine-Thesis/all-data-reordered/all/Martin: Coleen buotan nga medyo bastos.txt
/Users/rl-14/Desktop/Celine-Thesis/all-data-reordered/all/Martin: Coleen interview via Skype.txt
/Users/rl-14/Desktop/Celine-Thesis/all-data-reordered/all/Martin: Concert ni Vice sa Cebu tensiyonado.txt
/Users/rl-14/Desktop/Celine-Thesis/all-data-reordered/all/Martin: Derek, Shaina mangabot.txt
/Users/rl-14/Desktop/Celine-Thesis/all-data-reordered/all/Martin: Di gyud matag-an ang kinabuhi.txt
/Users/rl-14/Desktop/Celine-Thesis/all-data-reordered/all/Martin: Di matag-an ang kinabuhi  .txt
/Users/rl-14/Desktop/Celine-Thesis/all-data-reordered/all/Martin: Direk Paul mobisita sa Sugbo.txt
/Users/rl-14/Desktop/Celine-Thesis/all-data-reordered/all/Martin: Ex-PBB moabot alang sa ML Express, M-Talent.txt
/Users/rl-14/Desktop/Celine-Thesis/all-data-reordered/all/Martin: Hain na si Andrea Brillantes?.txt
/Users/rl-14/Desktop/Celine-Thesis/all-data-reordered/all/Martin: Happy Hearts Day, Cebu!.txt
/Users/rl-14/Desktop/Celine-Thesis/all-data-reordered/all/Martin: High-tech nga recording.txt
/Users/rl-14/Desktop/Celine-Thesis/all-data-reordered/all/Martin: Ikaduhang PiliPinas Debate sa Cebu.txt
/Users/rl-14/Desktop/Celine-Thesis/all-data-reordered/all/Martin: Isabel Granada nag-sorry  .txt
/Users/rl-14/Desktop/Celine-Thesis/all-data-reordered/all/Martin: Jadine fans nagwala sa sinehan.txt
/Users/rl-14/Desktop/Celine-Thesis/all-data-reordered/all/Martin: Jericho wala kailag Aldub.txt
/Users/rl-14/Desktop/Celine-Thesis/all-data-reordered/all/Martin: John Lloyd, Jennylyn may mall tour sa Cebu.txt
/Users/rl-14/Desktop/Celine-Thesis/all-data-reordered/all/Martin: Kim ug Iza ray mangabot.txt
/Users/rl-14/Desktop/Celine-Thesis/all-data-reordered/all/Martin: Kinsay bet ninyo sa Tawag ng Tanghalan?.txt
/Users/rl-14/Desktop/Celine-Thesis/all-data-reordered/all/Martin: Malipayong Bag-ong Tuig!.txt
/Users/rl-14/Desktop/Celine-Thesis/all-data-reordered/all/Martin: Marielle vs. Pauline sa TNT grand finals.txt
/Users/rl-14/Desktop/Celine-Thesis/all-data-reordered/all/Martin: Mas talented nga PBB 737 .txt
/Users/rl-14/Desktop/Celine-Thesis/all-data-reordered/all/Martin: Mga artista nagbaha sa opening.txt
/Users/rl-14/Desktop/Celine-Thesis/all-data-reordered/all/Martin: Mga hang-over sa eleksyon.txt
/Users/rl-14/Desktop/Celine-Thesis/all-data-reordered/all/Martin: Mga isyung Jadine, Aldub, Baron, LedZep.txt
/Users/rl-14/Desktop/Celine-Thesis/all-data-reordered/all/Martin: MyTV gilusad sa Sky Cable.txt
/Users/rl-14/Desktop/Celine-Thesis/all-data-reordered/all/Martin: Nagda’g alegre sa Mother’s Day.txt
/Users/rl-14/Desktop/Celine-Thesis/all-data-reordered/all/Martin: Nganong giinitan sa BIR?.txt
/Users/rl-14/Desktop/Celine-Thesis/all-data-reordered/all/Martin: Nibalik na sad ang sakit.txt
/Users/rl-14/Desktop/Celine-Thesis/all-data-reordered/all/Martin: Pacman, Avengers, GMA….txt
/Users/rl-14/Desktop/Celine-Thesis/all-data-reordered/all/Martin: Palpak ang soundsystem.txt
/Users/rl-14/Desktop/Celine-Thesis/all-data-reordered/all/Martin: Patti Austin da best gihapon.txt
/Users/rl-14/Desktop/Celine-Thesis/all-data-reordered/all/Martin: PGT nakaamgo sa sayup.txt
/Users/rl-14/Desktop/Celine-Thesis/all-data-reordered/all/Martin: Regine concert jampacked.txt
/Users/rl-14/Desktop/Celine-Thesis/all-data-reordered/all/Martin: Selina Sevilla ug Lalen naa sa Cebu .txt
/Users/rl-14/Desktop/Celine-Thesis/all-data-reordered/all/Martin: Tawag ng Tanghalan nagkainit.txt
/Users/rl-14/Desktop/Celine-Thesis/all-data-reordered/all/Martin: The Raes walay rason nga masubo.txt
/Users/rl-14/Desktop/Celine-Thesis/all-data-reordered/all/Martin: The Third Party alegre.txt
/Users/rl-14/Desktop/Celine-Thesis/all-data-reordered/all/Martin: The Walk, Gerald, Mr. Pastillas….txt
/Users/rl-14/Desktop/Celine-Thesis/all-data-reordered/all/Martin: Traffic dire, traffic didto.txt
/Users/rl-14/Desktop/Celine-Thesis/all-data-reordered/all/Martin: Tuig sa Lechon Manok.txt
/Users/rl-14/Desktop/Celine-Thesis/all-data-reordered/all/Martin: ‘No definite date yet’-- Direk Paul.txt
/Users/rl-14/Desktop/Celine-Thesis/all-data-reordered/all/Martinez sa Germany na usab mosuway.txt
/Users/rl-14/Desktop/Celine-Thesis/all-data-reordered/all/Martinez-Gonzales 2-0 na sa CCBI.txt
/Users/rl-14/Desktop/Celine-Thesis/all-data-reordered/all/Martinez-Gonzales Brokers 5-0 sa CCBI-Cebu basketball.txt
/Users/rl-14/Desktop/Celine-Thesis/all-data-reordered/all/Martinez-Gonzales Brokers, Agentes sa CCBI finals.txt
/Users/rl-14/Desktop/Celine-Thesis/all-data-reordered/all/Martinez-Gonzales team nangharos.txt
/Users/rl-14/Desktop/Celine-Thesis/all-data-reordered/all/Martinez-Gonzales team wa pay pildi.txt
/Users/rl-14/Desktop/Celine-Thesis/all-data-reordered/all/Marvin, back to school.txt
/Users/rl-14/Desktop/Celine-Thesis/all-data-reordered/all/Marwan’s wife ug 4 pa gikasuhan na sa Lanao del Norte.txt
/Users/rl-14/Desktop/Celine-Thesis/all-data-reordered/all/Mary Joy pakyas.txt
/Users/rl-14/Desktop/Celine-Thesis/all-data-reordered/all/Mas bug-at nga silot alang sa SWU player.txt
/Users/rl-14/Desktop/Celine-Thesis/all-data-reordered/all/Mas dakong premyo sa Kidapawan chess.txt
/Users/rl-14/Desktop/Celine-Thesis/all-data-reordered/all/Mas kulbahinam.txt
/Users/rl-14/Desktop/Celine-Thesis/all-data-reordered/all/Mas lig-on nga Gilas.txt
/Users/rl-14/Desktop/Celine-Thesis/all-data-reordered/all/Mas lisod kontrahon si Canelo kay ni Floyd.txt
/Users/rl-14/Desktop/Celine-Thesis/all-data-reordered/all/Mas ubos og P300 M ang budget sa Mandaue sa 2017.txt
/Users/rl-14/Desktop/Celine-Thesis/all-data-reordered/all/Masahista nga nawad-an og mga anak.txt
/Users/rl-14/Desktop/Celine-Thesis/all-data-reordered/all/Masaker!.txt
/Users/rl-14/Desktop/Celine-Thesis/all-data-reordered/all/Masakit nga kalampusan.txt
/Users/rl-14/Desktop/Celine-Thesis/all-data-reordered/all/Masaligon ang mga langyaw.txt
/Users/rl-14/Desktop/Celine-Thesis/all-data-reordered/all/Masaligon sa delegasyon sa Batang Pinoy.txt
/Users/rl-14/Desktop/Celine-Thesis/all-data-reordered/all/Masangkay daug sa split decision vs Lanaza .txt
/Users/rl-14/Desktop/Celine-Thesis/all-data-reordered/all/Masbateño apil sa pelikulang ‘Seklusyon’ .txt
/Users/rl-14/Desktop/Celine-Thesis/all-data-reordered/all/Mask, bonnet sa magmotor i-ban sa Lapu-Lapu City.txt
/Users/rl-14/Desktop/Celine-Thesis/all-data-reordered/all/Mass wedding sa Carcar.txt
/Users/rl-14/Desktop/Celine-Thesis/all-data-reordered/all/Master Ekin Hall of Famer.txt
/Users/rl-14/Desktop/Celine-Thesis/all-data-reordered/all/Masuso gi-autopsy.txt
/Users/rl-14/Desktop/Celine-Thesis/all-data-reordered/all/Masuso gibilin sa parking area naligsan sa sakyanan, namatay.txt
/Users/rl-14/Desktop/Celine-Thesis/all-data-reordered/all/Masuso nakalas sa landslide.txt
/Users/rl-14/Desktop/Celine-Thesis/all-data-reordered/all/Masuso nga bata apil sa aksidente sa ospital.txt
/Users/rl-14/Desktop/Celine-Thesis/all-data-reordered/all/Masuso nga gilabay i-release na sa ospital.txt
/Users/rl-14/Desktop/Celine-Thesis/all-data-reordered/all/Masuso ‘gikawat’ sa amiga sa inahan.txt
/Users/rl-14/Desktop/Celine-Thesis/all-data-reordered/all/Masuso, gidagit; mama nag cr.txt
/Users/rl-14/Desktop/Celine-Thesis/all-data-reordered/all/Matapos na kaha?.txt
/Users/rl-14/Desktop/Celine-Thesis/all-data-reordered/all/Mataragnon midominar sa San Remegio Triathlon.txt
/Users/rl-14/Desktop/Celine-Thesis/all-data-reordered/all/matching type.txt
/Users/rl-14/Desktop/Celine-Thesis/all-data-reordered/all/Matobato wala pa makapiyansa sa kaso.txt
/Users/rl-14/Desktop/Celine-Thesis/all-data-reordered/all/Matod ni Kerr, pagkawa ni Green di rason sa ilang kapildihan.txt
/Users/rl-14/Desktop/Celine-Thesis/all-data-reordered/all/Matteo dako'g respeto sa parents ni Sarah.txt
/Users/rl-14/Desktop/Celine-Thesis/all-data-reordered/all/Matteo Lorenzo, bag-ong bf ni Erich?.txt
/Users/rl-14/Desktop/Celine-Thesis/all-data-reordered/all/Matteo suwayan ang music industry.txt
/Users/rl-14/Desktop/Celine-Thesis/all-data-reordered/all/Matteo ug Sarah wala nag cool-off!.txt
/Users/rl-14/Desktop/Celine-Thesis/all-data-reordered/all/Matthysee sunod kontra ni Pacman?.txt
/Users/rl-14/Desktop/Celine-Thesis/all-data-reordered/all/Matthysse padayon nga naghandom ni Pacquiao  SunStar.txt
/Users/rl-14/Desktop/Celine-Thesis/all-data-reordered/all/Mausoleum nga gilubngan ni Vidal buksan.txt
/Users/rl-14/Desktop/Celine-Thesis/all-data-reordered/all/Maute group gitumbok nga maoy namomba .txt
/Users/rl-14/Desktop/Celine-Thesis/all-data-reordered/all/Maute group mihulga pagpamomba .txt
/Users/rl-14/Desktop/Celine-Thesis/all-data-reordered/all/Maute-ISIS supporters nga mipatay sa 3 MisOr residents,sikop sa Lanao Sur.txt
/Users/rl-14/Desktop/Celine-Thesis/all-data-reordered/all/Mavs gikastigo sa San Antonio.txt
/Users/rl-14/Desktop/Celine-Thesis/all-data-reordered/all/Mavs gikitkit sa Raptors.txt
/Users/rl-14/Desktop/Celine-Thesis/all-data-reordered/all/Mavs gipatay sa tres ni Curry.txt
/Users/rl-14/Desktop/Celine-Thesis/all-data-reordered/all/Mavs sulod sa playoffs.txt
/Users/rl-14/Desktop/Celine-Thesis/all-data-reordered/all/Max Collins 3 years na nga uyab ni Pancho Magno   .txt
/Users/rl-14/Desktop/Celine-Thesis/all-data-reordered/all/Max Collins di close ni Carla.txt
/Users/rl-14/Desktop/Celine-Thesis/all-data-reordered/all/Max Collins ngano kalit nagpakasal?.txt
/Users/rl-14/Desktop/Celine-Thesis/all-data-reordered/all/Maxine engaged na!.txt
/Users/rl-14/Desktop/Celine-Thesis/all-data-reordered/all/Maxine gibatikos sa iyang iningles.txt
/Users/rl-14/Desktop/Celine-Thesis/all-data-reordered/all/Maxine Medina pressured sa Miss Universe.txt
/Users/rl-14/Desktop/Celine-Thesis/all-data-reordered/all/Maxine nanggahot sa Q and A portion.txt
/Users/rl-14/Desktop/Celine-Thesis/all-data-reordered/all/Maxine posibleng runner-up lang?.txt
/Users/rl-14/Desktop/Celine-Thesis/all-data-reordered/all/May Cebuana kaha nga ma-rayna?.txt
/Users/rl-14/Desktop/Celine-Thesis/all-data-reordered/all/May discount ang Consolacion.txt
/Users/rl-14/Desktop/Celine-Thesis/all-data-reordered/all/May kausaban sa Walk with Mary: Espino.txt
/Users/rl-14/Desktop/Celine-Thesis/all-data-reordered/all/May misuway sa pagpangilad sa Lingap Masa.txt
/Users/rl-14/Desktop/Celine-Thesis/all-data-reordered/all/May mogamit og drugas: Gullas .txt
/Users/rl-14/Desktop/Celine-Thesis/all-data-reordered/all/May proyekto ang tanang brgy: Gullas.txt
/Users/rl-14/Desktop/Celine-Thesis/all-data-reordered/all/May warrant gipangsikop .txt
/Users/rl-14/Desktop/Celine-Thesis/all-data-reordered/all/Maymay Entrata gideklarang PBB Big Winner.txt
/Users/rl-14/Desktop/Celine-Thesis/all-data-reordered/all/Mayor Apura Cup sugdan Nob. 4.txt
/Users/rl-14/Desktop/Celine-Thesis/all-data-reordered/all/Mayor Binghay boxing Extravangza andam na.txt
/Users/rl-14/Desktop/Celine-Thesis/all-data-reordered/all/Mayor Boniel buhi pa?.txt
/Users/rl-14/Desktop/Celine-Thesis/all-data-reordered/all/Mayor buot ilisan pipila ka mga pulis.txt
/Users/rl-14/Desktop/Celine-Thesis/all-data-reordered/all/Mayor Cho mipaambit sa kalamposan.txt
/Users/rl-14/Desktop/Celine-Thesis/all-data-reordered/all/Mayor Chonse way kontak ni Cynthia.txt
/Users/rl-14/Desktop/Celine-Thesis/all-data-reordered/all/Mayor Duterte-Carpio gipagukod mga fixers sa city hall.txt
/Users/rl-14/Desktop/Celine-Thesis/all-data-reordered/all/Mayor Garcia mibahad sa nanghilo.txt
/Users/rl-14/Desktop/Celine-Thesis/all-data-reordered/all/Mayor Gica miapelar sa CA.txt
/Users/rl-14/Desktop/Celine-Thesis/all-data-reordered/all/Mayor Gica sa Dumanjug gitaktak .txt
/Users/rl-14/Desktop/Celine-Thesis/all-data-reordered/all/Mayor gikuhaag gahom sa pulis.txt
/Users/rl-14/Desktop/Celine-Thesis/all-data-reordered/all/Mayor gipatay; bana ang suspek.txt
/Users/rl-14/Desktop/Celine-Thesis/all-data-reordered/all/Mayor Herbert may mensahe kang Kris.txt
/Users/rl-14/Desktop/Celine-Thesis/all-data-reordered/all/Mayor Inday gi-isa isa ang hinungdan sa away nila ni Speaker Alvarez; gitin-aw nga dili sila higala sa House Speaker.txt
/Users/rl-14/Desktop/Celine-Thesis/all-data-reordered/all/Mayor Inday giawhag ang mga kongresista nga mutingog batok kang House Speaker Alvarez; dakong pasabog atngan ugmang adlawa.txt
/Users/rl-14/Desktop/Celine-Thesis/all-data-reordered/all/Mayor Inday Sara Duterte-Carpio, na promote isip Colonel sa Reserve Force sa AFP.txt
/Users/rl-14/Desktop/Celine-Thesis/all-data-reordered/all/Mayor Inday Sara Duterte-Carpio, wala mipakita ug interes sa pagdagan pagka-senador.txt
/Users/rl-14/Desktop/Celine-Thesis/all-data-reordered/all/Mayor Inday Sara giManduan ang mga barangay nga mosalmot sa anti terror drills.txt
/Users/rl-14/Desktop/Celine-Thesis/all-data-reordered/all/Mayor Inday Sara nakigkita sa mga OFW sa Macau.txt
/Users/rl-14/Desktop/Celine-Thesis/all-data-reordered/all/Mayor Inday Sara, gi-rekomenda sa DepEd ug sa Mati LGU imbestigahan ang food poisoning sa mga delegado sa DAVRAA.txt
/Users/rl-14/Desktop/Celine-Thesis/all-data-reordered/all/Mayor Inday Sara, gipasabot nganong wala mahatagi ug financial assistance ang apektado sa demolisyon.txt
/Users/rl-14/Desktop/Celine-Thesis/all-data-reordered/all/Mayor Inday Sara, mihangyo sa CENRO sa padayong pagsuporta sa mga aktbidad sa dakbayan.txt
/Users/rl-14/Desktop/Celine-Thesis/all-data-reordered/all/Mayor Inday Sara, mitubag sa nahimong batikos ni House Speaker Pantaleon Alvarez.txt
/Users/rl-14/Desktop/Celine-Thesis/all-data-reordered/all/Mayor mihulga nga mga basura ilabay sa SRP?.txt
/Users/rl-14/Desktop/Celine-Thesis/all-data-reordered/all/Mayor Moreno gipasakaan og kasong graft ngadto sa Sandiganbayan.txt
/Users/rl-14/Desktop/Celine-Thesis/all-data-reordered/all/Mayor Moreno nanghinaot og makahuloganon nga fiesta karon.txt
/Users/rl-14/Desktop/Celine-Thesis/all-data-reordered/all/Mayor Moreno ug Governor Emano nipaabot og pahasubo sa Davao City.txt
/Users/rl-14/Desktop/Celine-Thesis/all-data-reordered/all/Mayor Moreno ug Vice Mayor Kikang Uy, nagsumpaki sa isyu sa budget insertion ning syudad.txt
/Users/rl-14/Desktop/Celine-Thesis/all-data-reordered/all/Mayor nag-motor, nagpainit sa adlaw.txt
/Users/rl-14/Desktop/Celine-Thesis/all-data-reordered/all/Mayor Norbert Pagaspas sa Buenavista, Agusan Del Norte, suspindido na.txt
/Users/rl-14/Desktop/Celine-Thesis/all-data-reordered/all/Mayor Osmeña dunay incentives sa mga bombero.txt
/Users/rl-14/Desktop/Celine-Thesis/all-data-reordered/all/Mayor Osmeña supak sa estriktong pagpatuman.txt
/Users/rl-14/Desktop/Celine-Thesis/all-data-reordered/all/Mayor Osmeña, konsehal Alcover nauli na ang maayong kabubut-on?.txt
/Users/rl-14/Desktop/Celine-Thesis/all-data-reordered/all/Mayor Paz Radaza ex-girlfriend ni Edu?.txt
/Users/rl-14/Desktop/Celine-Thesis/all-data-reordered/all/Mayor Peñas, kada adlaw modawat og mga mosurender.txt
/Users/rl-14/Desktop/Celine-Thesis/all-data-reordered/all/Mayor Radaza nangutana sa  DPWH 7 bahin sa diversion road?.txt
/Users/rl-14/Desktop/Celine-Thesis/all-data-reordered/all/Mayor Regencia ipadala na sa kauluhan.txt
/Users/rl-14/Desktop/Celine-Thesis/all-data-reordered/all/Mayor sa Buenavista, Agusan del Norte, subling gipasuspenso sa Ombudsman.txt
/Users/rl-14/Desktop/Celine-Thesis/all-data-reordered/all/Mayor sa Marawi gi-ambush.txt
/Users/rl-14/Desktop/Celine-Thesis/all-data-reordered/all/Mayor sa Surigao nagpasalamat ni Osmeña.txt
/Users/rl-14/Desktop/Celine-Thesis/all-data-reordered/all/Mayor sa Tuburan andam moatubang.txt
/Users/rl-14/Desktop/Celine-Thesis/all-data-reordered/all/Mayor Salic mipalag paglakip sa iyang pangalan sa listahan.txt
/Users/rl-14/Desktop/Celine-Thesis/all-data-reordered/all/Mayor Sara andam motambong sa senado kung ipa-subpeona.txt
/Users/rl-14/Desktop/Celine-Thesis/all-data-reordered/all/Mayor Sara di mokiha ni Senador Trillanes.txt
/Users/rl-14/Desktop/Celine-Thesis/all-data-reordered/all/Mayor Sara Duterte-Carpio nanganak na .txt
/Users/rl-14/Desktop/Celine-Thesis/all-data-reordered/all/Mayor Sara gitimbaya tanang amahan.txt
/Users/rl-14/Desktop/Celine-Thesis/all-data-reordered/all/Mayor Sara may bahad sa 'Yellowtards'.txt
/Users/rl-14/Desktop/Celine-Thesis/all-data-reordered/all/Mayor Sara mitubag sa pasangil ni Sen. Trillanes.txt
/Users/rl-14/Desktop/Celine-Thesis/all-data-reordered/all/Mayor Sara nag-awhag sa Dabawenyo nga mag-ampo alang sa kalinaw.txt
/Users/rl-14/Desktop/Celine-Thesis/all-data-reordered/all/Mayor Sara nagmando ihatag dayon suweldo sa mga empleyado .txt
/Users/rl-14/Desktop/Celine-Thesis/all-data-reordered/all/Mayor Sara nakuhaan .txt
/Users/rl-14/Desktop/Celine-Thesis/all-data-reordered/all/Mayor Sara sugot makig-istorya sa NPA .txt
/Users/rl-14/Desktop/Celine-Thesis/all-data-reordered/all/Mayor Sara: Sunod Araw mas paninduton.txt
/Users/rl-14/Desktop/Celine-Thesis/all-data-reordered/all/Mayor supak sa gun ban; dunay sugyot sa PNP.txt
/Users/rl-14/Desktop/Celine-Thesis/all-data-reordered/all/Mayor ‘Marimar’ high value target ni Duterte, sikop.txt
/Users/rl-14/Desktop/Celine-Thesis/all-data-reordered/all/Mayor, bise-mayor sa prisohan gibartolina.txt
/Users/rl-14/Desktop/Celine-Thesis/all-data-reordered/all/Mayor, igsuon mi-surrender.txt
/Users/rl-14/Desktop/Celine-Thesis/all-data-reordered/all/Mayor, kaubanan gisuspenso sa Ombud.txt
/Users/rl-14/Desktop/Celine-Thesis/all-data-reordered/all/Mayor: Gender bias.txt
/Users/rl-14/Desktop/Celine-Thesis/all-data-reordered/all/Mayores gihagit manguna sa drug test sa DavOcc .txt
/Users/rl-14/Desktop/Celine-Thesis/all-data-reordered/all/Mayor’s Cup sa Carcar sugdan Nobiyembre 4.txt
/Users/rl-14/Desktop/Celine-Thesis/all-data-reordered/all/Mayor’s Invitational Cup sugdan na.txt
/Users/rl-14/Desktop/Celine-Thesis/all-data-reordered/all/Mayweather andam  nga makig-away ni McGregor.txt
/Users/rl-14/Desktop/Celine-Thesis/all-data-reordered/all/Mayweather andam motudlo ni Ronda.txt
/Users/rl-14/Desktop/Celine-Thesis/all-data-reordered/all/Mayweather gihagit sa MMA fighter.txt
/Users/rl-14/Desktop/Celine-Thesis/all-data-reordered/all/Mayweather gipikhan og maayo ni dela Hoya.txt
/Users/rl-14/Desktop/Celine-Thesis/all-data-reordered/all/Mayweather gisaway ni boxing great Mancini.txt
/Users/rl-14/Desktop/Celine-Thesis/all-data-reordered/all/Mayweather gitanyaga’g dakong kantidad.txt
/Users/rl-14/Desktop/Celine-Thesis/all-data-reordered/all/Mayweather interesado makig-away ni McGregor.txt
/Users/rl-14/Desktop/Celine-Thesis/all-data-reordered/all/Mayweather Jr. gihagit ni Horn.txt
/Users/rl-14/Desktop/Celine-Thesis/all-data-reordered/all/Mayweather kursonada.txt
/Users/rl-14/Desktop/Celine-Thesis/all-data-reordered/all/Mayweather mibisita sa Wild Card ug ni Roach.txt
/Users/rl-14/Desktop/Celine-Thesis/all-data-reordered/all/Mayweather midaog sa pusta-anay.txt
/Users/rl-14/Desktop/Celine-Thesis/all-data-reordered/all/Mayweather posibling mobalik og away.txt
/Users/rl-14/Desktop/Celine-Thesis/all-data-reordered/all/Mayweather vs. MMA fighter?.txt
/Users/rl-14/Desktop/Celine-Thesis/all-data-reordered/all/Mayweather wa maapil sa mahisguti ni Arum.txt
/Users/rl-14/Desktop/Celine-Thesis/all-data-reordered/all/Mayweather wa na’y kahinam sa boksing.txt
/Users/rl-14/Desktop/Celine-Thesis/all-data-reordered/all/Mayweather, Berto nag-abot sa final presscon kagahapon.txt
/Users/rl-14/Desktop/Celine-Thesis/all-data-reordered/all/Mayweather-Berto fight dili makita sa free TV.txt
/Users/rl-14/Desktop/Celine-Thesis/all-data-reordered/all/Mbala andam moduwa sa Cameeron national pool.txt
/Users/rl-14/Desktop/Celine-Thesis/all-data-reordered/all/Mbala maoy unang Player of the Week  sa UAAP basketball.txt
/Users/rl-14/Desktop/Celine-Thesis/all-data-reordered/all/Mbala moduwa sa Sinulog Cup?.txt
/Users/rl-14/Desktop/Celine-Thesis/all-data-reordered/all/Mbala wa ka pugngi; La Salle milubong sa Ateneo.txt
/Users/rl-14/Desktop/Celine-Thesis/all-data-reordered/all/MCC ubos ni Cañete andam modawat sa mga estudyante.txt
/Users/rl-14/Desktop/Celine-Thesis/all-data-reordered/all/McCaw luwas ra human sa grabi nga pagkatagak.txt
/Users/rl-14/Desktop/Celine-Thesis/all-data-reordered/all/MCCI mihangop sa plano ni Luigi.txt
/Users/rl-14/Desktop/Celine-Thesis/all-data-reordered/all/McCollum, Blazers mitipi ni LBJ, Cavs.txt
/Users/rl-14/Desktop/Celine-Thesis/all-data-reordered/all/McGregor bintaha sa tapad: Floyd Jr..txt
/Users/rl-14/Desktop/Celine-Thesis/all-data-reordered/all/McGregor gitambagan ni UFC president White.txt
/Users/rl-14/Desktop/Celine-Thesis/all-data-reordered/all/McGregor hugaw nga moaway?.txt
/Users/rl-14/Desktop/Celine-Thesis/all-data-reordered/all/McGregor ipuli ni Pacquiao.txt
/Users/rl-14/Desktop/Celine-Thesis/all-data-reordered/all/McGregor makigkita kang Mayweather .txt
/Users/rl-14/Desktop/Celine-Thesis/all-data-reordered/all/McGregor may ikabuga.txt
/Users/rl-14/Desktop/Celine-Thesis/all-data-reordered/all/McGregor mihagit og mga boksidor nga makig-away kaniya sa MMA event .txt
/Users/rl-14/Desktop/Celine-Thesis/all-data-reordered/all/McGregor mihimakak siya moretiro na; pero di pa makaaway.txt
/Users/rl-14/Desktop/Celine-Thesis/all-data-reordered/all/McGregor mikulit og kasaysayan sa UFC.txt
/Users/rl-14/Desktop/Celine-Thesis/all-data-reordered/all/McGregor mopahuway sulod sa 10 ka buwan.txt
/Users/rl-14/Desktop/Celine-Thesis/all-data-reordered/all/McGregor, UFC president White nagkasabot na.txt
/Users/rl-14/Desktop/Celine-Thesis/all-data-reordered/all/MCPO mihatag og seminar sa mga tinun-an.txt
/Users/rl-14/Desktop/Celine-Thesis/all-data-reordered/all/MCPO mopadayon sa operasyon batok sa gidiling drugas.txt
/Users/rl-14/Desktop/Celine-Thesis/all-data-reordered/all/MCPO nag-una sa Oplan Tokhang.txt
/Users/rl-14/Desktop/Celine-Thesis/all-data-reordered/all/MCPO nakadawat og 6 ka bag-ong patrol car.txt
/Users/rl-14/Desktop/Celine-Thesis/all-data-reordered/all/MCWD mibutang og 13 drinking stations.txt
/Users/rl-14/Desktop/Celine-Thesis/all-data-reordered/all/MCWD mihangyo sa Mandaue nga mogamit og luna.txt
/Users/rl-14/Desktop/Celine-Thesis/all-data-reordered/all/MCWD mipasabot sa reklamo ni Radaza.txt
/Users/rl-14/Desktop/Celine-Thesis/all-data-reordered/all/MCWD misaulog sa Earth Day.txt
/Users/rl-14/Desktop/Celine-Thesis/all-data-reordered/all/MCWD misaulog sa Youth Day kauban ang mga UNESCO club.txt
/Users/rl-14/Desktop/Celine-Thesis/all-data-reordered/all/Media coverage, angayang himuon sa ConAss sa proseso sa cha-cha, sigon ni kanhi Senate President Nene Pimentel.txt
/Users/rl-14/Desktop/Celine-Thesis/all-data-reordered/all/Medical intern gidagit, gibilin.txt
/Users/rl-14/Desktop/Celine-Thesis/all-data-reordered/all/Medical mission sa Pinamungajan.txt
/Users/rl-14/Desktop/Celine-Thesis/all-data-reordered/all/Medical missions sa Jaycees.txt
/Users/rl-14/Desktop/Celine-Thesis/all-data-reordered/all/Meditalk:  Gusto'g alternatibong tambal sa depresyon (4).txt
/Users/rl-14/Desktop/Celine-Thesis/all-data-reordered/all/Meditalk: 50 na ug gusto pa makaanak (4) .txt
/Users/rl-14/Desktop/Celine-Thesis/all-data-reordered/all/Meditalk: 50-anyos na ug gusto pa nga makaanak (2) .txt
/Users/rl-14/Desktop/Celine-Thesis/all-data-reordered/all/Meditalk: 60 anyos na, apan gusto pa og init nga sex life (Part 4).txt
/Users/rl-14/Desktop/Celine-Thesis/all-data-reordered/all/Meditalk: 60 na, apan gusto pa og init nga sex life (6).txt
/Users/rl-14/Desktop/Celine-Thesis/all-data-reordered/all/Meditalk: 60 na, gusto pa og init nga sex life.txt
/Users/rl-14/Desktop/Celine-Thesis/all-data-reordered/all/Meditalk: Anak nga 5-anyos nag-masturbate.txt
/Users/rl-14/Desktop/Celine-Thesis/all-data-reordered/all/Meditalk: Ang mga kosmetiko ba nga 'hypoallergenic' mas maayo? (2).txt
/Users/rl-14/Desktop/Celine-Thesis/all-data-reordered/all/Meditalk: Ang mga kosmetiko ba nga “hypoallergenic” mas maayo?.txt
/Users/rl-14/Desktop/Celine-Thesis/all-data-reordered/all/Meditalk: Angay masayran bag-ohon sa kinabuhi sa problema sa Endometriosis (6).txt
/Users/rl-14/Desktop/Celine-Thesis/all-data-reordered/all/Meditalk: Buot makahibalo sa dagan sa HIV-Aids sa nasud (Part 3).txt
/Users/rl-14/Desktop/Celine-Thesis/all-data-reordered/all/Meditalk: Dili magkasinabot kapila mag-sex.txt
/Users/rl-14/Desktop/Celine-Thesis/all-data-reordered/all/Meditalk: Dili magkasinabot kon kapila (Part 2) .txt
/Users/rl-14/Desktop/Celine-Thesis/all-data-reordered/all/Meditalk: Duna bay mga butang nga wa gidahom  makadaut sa kasing-kasing (Part 3).txt
/Users/rl-14/Desktop/Celine-Thesis/all-data-reordered/all/Meditalk: Duna bay mga butang nga wa gidahom makadaut sa kasingkasing (Part 6).txt
/Users/rl-14/Desktop/Celine-Thesis/all-data-reordered/all/Meditalk: Gaugang orgasm ug gapanit-panit nga kinatawo (2).txt
/Users/rl-14/Desktop/Celine-Thesis/all-data-reordered/all/Meditalk: Gaugang orgasm, gapanit-panit nga kinatawo (4).txt
/Users/rl-14/Desktop/Celine-Thesis/all-data-reordered/all/Meditalk: Gaugang orgasm, gapanit-panit nga kinatawo (part 6).txt
/Users/rl-14/Desktop/Celine-Thesis/all-data-reordered/all/Meditalk: Gaugang orgasm, gapanit-panit nga kinatawo (part 7).txt
/Users/rl-14/Desktop/Celine-Thesis/all-data-reordered/all/Meditalk: Gusto magpa-tattoo (Part 2).txt
/Users/rl-14/Desktop/Celine-Thesis/all-data-reordered/all/Meditalk: Gusto Magpa-Tattoo.txt
/Users/rl-14/Desktop/Celine-Thesis/all-data-reordered/all/Meditalk: Gusto mahibaw-an ang hinungdan ug tambal sa Alzheimer's Disease (Part 6).txt
/Users/rl-14/Desktop/Celine-Thesis/all-data-reordered/all/Meditalk: Gusto mahibaw-an ang sintomas sa kanser (Part 2).txt
/Users/rl-14/Desktop/Celine-Thesis/all-data-reordered/all/Meditalk: Gusto mahibaw-an kung unsa ang makaaghat pagbuto sa aneurysm.txt
/Users/rl-14/Desktop/Celine-Thesis/all-data-reordered/all/Meditalk: Gusto mahibaw-an kung unsa ang makaaghat sa pagbuto sa aneurysm (2).txt
/Users/rl-14/Desktop/Celine-Thesis/all-data-reordered/all/Meditalk: Gusto mahibaw-an mga sintomas sa kanser (6).txt
/Users/rl-14/Desktop/Celine-Thesis/all-data-reordered/all/Meditalk: Gusto mahibaw-an mga sintomas sa kanser (Part 4).txt
/Users/rl-14/Desktop/Celine-Thesis/all-data-reordered/all/Meditalk: Gusto mahibaw-an mga sintomas sa kanser (part 5).txt
/Users/rl-14/Desktop/Celine-Thesis/all-data-reordered/all/Meditalk: Gusto mahibaw-an mga sintomas sa kanser.txt
/Users/rl-14/Desktop/Celine-Thesis/all-data-reordered/all/Meditalk: Gusto mahibaw-an unsa ang makaaghat sa pagbuto sa aneurysm (Part 3).txt
/Users/rl-14/Desktop/Celine-Thesis/all-data-reordered/all/Meditalk: Gusto makabalo unsa ang diyeta nga ubos sa uric acid (2).txt
/Users/rl-14/Desktop/Celine-Thesis/all-data-reordered/all/Meditalk: Gusto malikayan problema sa paggahi.txt
/Users/rl-14/Desktop/Celine-Thesis/all-data-reordered/all/Meditalk: Gusto mawala ang dysmenorrhea sa natural nga pamaagi (2).txt
/Users/rl-14/Desktop/Celine-Thesis/all-data-reordered/all/Meditalk: Gusto mawala ang dysmenorrhea sa natural nga pamaagi (Part 5).txt
/Users/rl-14/Desktop/Celine-Thesis/all-data-reordered/all/Meditalk: Gusto modako ang kinatawo (4).txt
/Users/rl-14/Desktop/Celine-Thesis/all-data-reordered/all/Meditalk: Gusto modako ang kinatawo (6) .txt
/Users/rl-14/Desktop/Celine-Thesis/all-data-reordered/all/Meditalk: Gusto modako ang kinatawo (part 5) .txt
/Users/rl-14/Desktop/Celine-Thesis/all-data-reordered/all/Meditalk: Gusto modako ang kinatawo .txt
/Users/rl-14/Desktop/Celine-Thesis/all-data-reordered/all/Meditalk: Gusto mogamit og natural nga progesterone cream (7).txt
/Users/rl-14/Desktop/Celine-Thesis/all-data-reordered/all/Meditalk: Gusto mogamit og natural nga progesterone cream (8).txt
/Users/rl-14/Desktop/Celine-Thesis/all-data-reordered/all/Meditalk: Gusto sa apo maalibyohan pagpanakit sa lawas sa iyang Lolo Jose (4).txt
/Users/rl-14/Desktop/Celine-Thesis/all-data-reordered/all/Meditalk: Gusto sa apo maalibyohan pagpanakit sa lawas sa iyang Lolo Jose .txt
/Users/rl-14/Desktop/Celine-Thesis/all-data-reordered/all/Meditalk: Gusto'g natural nga tambal sa pagpaminhod sa kamot, tiil (6).txt
/Users/rl-14/Desktop/Celine-Thesis/all-data-reordered/all/Meditalk: Gustong masayran hinungdan ug tambal sa Alzheimer's disease (4).txt
/Users/rl-14/Desktop/Celine-Thesis/all-data-reordered/all/Meditalk: Interesado sa rambutan sa kinatawo.txt
/Users/rl-14/Desktop/Celine-Thesis/all-data-reordered/all/Meditalk: Kung maluibon ba, hangtud sa hangtud maluibon? (Part 4).txt
/Users/rl-14/Desktop/Celine-Thesis/all-data-reordered/all/Meditalk: Kung maluibon ba, maluibon na sa hangtud sa hangtud? (2).txt
/Users/rl-14/Desktop/Celine-Thesis/all-data-reordered/all/Meditalk: Kung maluibon ba, maluibon na sa hangtud sa hangtud? (3).txt
/Users/rl-14/Desktop/Celine-Thesis/all-data-reordered/all/Meditalk: Magdugo si misis human sa sex (2).txt
/Users/rl-14/Desktop/Celine-Thesis/all-data-reordered/all/Meditalk: Makataas ba sa presyur sa dugo ang pagpa-sauna?.txt
/Users/rl-14/Desktop/Celine-Thesis/all-data-reordered/all/Meditalk: Makataba ba ang mga artipisyal nga pampatam-is? (Part 4).txt
/Users/rl-14/Desktop/Celine-Thesis/all-data-reordered/all/Meditalk: Makataba ba ang mga artipisyal pampatam-si?.txt
/Users/rl-14/Desktop/Celine-Thesis/all-data-reordered/all/Meditalk: Makatabang ba ang mga artipisyal nga pampatam-is? (Part 3).txt
/Users/rl-14/Desktop/Celine-Thesis/all-data-reordered/all/Meditalk: Mamahimo ba nga masahe-on ang nanghupong mga tiil, bukong-bukong (3).txt
/Users/rl-14/Desktop/Celine-Thesis/all-data-reordered/all/Meditalk: Mga angay bag-uhon sa kinabuhi sa problema sa Endometriosis (2).txt
/Users/rl-14/Desktop/Celine-Thesis/all-data-reordered/all/Meditalk: Mga angay bag-uhon sa kinabuhi sa problema sa Endometriosis (3).txt
/Users/rl-14/Desktop/Celine-Thesis/all-data-reordered/all/Meditalk: Mga butang nga wa gidahom makadaut sa kasing-kasing (Part 4) .txt
/Users/rl-14/Desktop/Celine-Thesis/all-data-reordered/all/Meditalk: Mga butang wala nato gidahom makadaut sa kasingkasing .txt
/Users/rl-14/Desktop/Celine-Thesis/all-data-reordered/all/Meditalk: Mga suga sa dakbayan makapausbaw sa risgo sa kanser sa suso?.txt
/Users/rl-14/Desktop/Celine-Thesis/all-data-reordered/all/Meditalk: Mga suga sa siyudad makapausbaw sa risgo sa kanser sa suso? (3).txt
/Users/rl-14/Desktop/Celine-Thesis/all-data-reordered/all/Meditalk: Mora'g bear brand powder ang mogawas sa kinatawo (3).txt
/Users/rl-14/Desktop/Celine-Thesis/all-data-reordered/all/Meditalk: Mora'g bear brand powder ang nigawas sa kinatawo (4).txt
/Users/rl-14/Desktop/Celine-Thesis/all-data-reordered/all/Meditalk: Naay PCOS gusto nga momabdos 2.txt
/Users/rl-14/Desktop/Celine-Thesis/all-data-reordered/all/Meditalk: Nag-problema sa bukol sa suso (3).txt
/Users/rl-14/Desktop/Celine-Thesis/all-data-reordered/all/Meditalk: Nag-problema sa bukol sa suso.txt
/Users/rl-14/Desktop/Celine-Thesis/all-data-reordered/all/Meditalk: Nag-problema sa dysmenorrhea (3).txt
/Users/rl-14/Desktop/Celine-Thesis/all-data-reordered/all/Meditalk: Nag-problema sa dysmenorrhea (6).txt
/Users/rl-14/Desktop/Celine-Thesis/all-data-reordered/all/Meditalk: Nag-problema sa kunot sa nawong (3).txt
/Users/rl-14/Desktop/Celine-Thesis/all-data-reordered/all/Meditalk: Nag-problema sa kunot sa nawong (4).txt
/Users/rl-14/Desktop/Celine-Thesis/all-data-reordered/all/Meditalk: Nag-problema sa kunot sa nawong (6).txt
/Users/rl-14/Desktop/Celine-Thesis/all-data-reordered/all/Meditalk: Nag-problema sa kunot sa nawong (7) .txt
/Users/rl-14/Desktop/Celine-Thesis/all-data-reordered/all/Meditalk: Nag-problema sa kunot sa nawong.txt
/Users/rl-14/Desktop/Celine-Thesis/all-data-reordered/all/Meditalk: Nag-problema sa migraine.txt
/Users/rl-14/Desktop/Celine-Thesis/all-data-reordered/all/Meditalk: Nag-problema sa regla (10) .txt
/Users/rl-14/Desktop/Celine-Thesis/all-data-reordered/all/Meditalk: Nag-problema sa regla (11) .txt
/Users/rl-14/Desktop/Celine-Thesis/all-data-reordered/all/Meditalk: Nag-problema sa regla (2) .txt
/Users/rl-14/Desktop/Celine-Thesis/all-data-reordered/all/Meditalk: Nag-problema sa regla (7).txt
/Users/rl-14/Desktop/Celine-Thesis/all-data-reordered/all/Meditalk: Nag-uga ang orgasm ug namanit ang kinatawo (Part 3).txt
/Users/rl-14/Desktop/Celine-Thesis/all-data-reordered/all/Meditalk: Nagabagting ang dalunggan (3).txt
/Users/rl-14/Desktop/Celine-Thesis/all-data-reordered/all/Meditalk: Nagabagting ang dalunggan (part 2).txt
/Users/rl-14/Desktop/Celine-Thesis/all-data-reordered/all/Meditalk: Nagahian nga way palung-palong (Part 3).txt
/Users/rl-14/Desktop/Celine-Thesis/all-data-reordered/all/Meditalk: Nagakatol ang lubot (Part 3).txt
/Users/rl-14/Desktop/Celine-Thesis/all-data-reordered/all/Meditalk: Nagakatol ang lubot (Part 5).txt
/Users/rl-14/Desktop/Celine-Thesis/all-data-reordered/all/Meditalk: Nagaproblema sa dysmenorrhea (part 2).txt
/Users/rl-14/Desktop/Celine-Thesis/all-data-reordered/all/Meditalk: Naglibog kon ngano walay gana sa sex si mister (2).txt
/Users/rl-14/Desktop/Celine-Thesis/all-data-reordered/all/Meditalk: Naglibog kon ngano way gana sa sex (3).txt
/Users/rl-14/Desktop/Celine-Thesis/all-data-reordered/all/Meditalk: Naglibog kung adik ba sa sex (2).txt
/Users/rl-14/Desktop/Celine-Thesis/all-data-reordered/all/Meditalk: Naglibog kung ngano nagbinhod ang nawong (part 2).txt
/Users/rl-14/Desktop/Celine-Thesis/all-data-reordered/all/Meditalk: Naglibog kung ngano nagbinhod ang nawong (part 3).txt
/Users/rl-14/Desktop/Celine-Thesis/all-data-reordered/all/Meditalk: Naglibog kung ok lang ba ang 'sexting' (Part 1).txt
/Users/rl-14/Desktop/Celine-Thesis/all-data-reordered/all/Meditalk: Naglibog kung okay lang ba ang 'sexting' (Part 2).txt
/Users/rl-14/Desktop/Celine-Thesis/all-data-reordered/all/Meditalk: Naglibog kung unsa ang angay ug di angay buhaton human sa sex (4).txt
/Users/rl-14/Desktop/Celine-Thesis/all-data-reordered/all/Meditalk: Naglibog kung unsay angay ug di angay buhaton human sa sex.txt
/Users/rl-14/Desktop/Celine-Thesis/all-data-reordered/all/Meditalk: Naglibog sa pakite sa mga make up (3) .txt
/Users/rl-14/Desktop/Celine-Thesis/all-data-reordered/all/Meditalk: Naglibog sa pakite sa mga make up (Part 2).txt
/Users/rl-14/Desktop/Celine-Thesis/all-data-reordered/all/Meditalk: Naglibog sa pakite sa mga make up .txt
/Users/rl-14/Desktop/Celine-Thesis/all-data-reordered/all/Meditalk: Naglibog sa sakit sa kilid panahon sa pag-jogging.txt
/Users/rl-14/Desktop/Celine-Thesis/all-data-reordered/all/Meditalk: Naglibog unsaon madumala ang kasuko  bisan sa kapalpakan (Part 4) .txt
/Users/rl-14/Desktop/Celine-Thesis/all-data-reordered/all/Meditalk: Naglibog unsaon madumala kasuko bisan pa man sa mga kapalpakan.txt
/Users/rl-14/Desktop/Celine-Thesis/all-data-reordered/all/Meditalk: Naglibog unsay makabaog sa mga lalaki (2).txt
/Users/rl-14/Desktop/Celine-Thesis/all-data-reordered/all/Meditalk: Naglisud og katulog.txt
/Users/rl-14/Desktop/Celine-Thesis/all-data-reordered/all/Meditalk: Naglisud si misis nga magawasan.txt
/Users/rl-14/Desktop/Celine-Thesis/all-data-reordered/all/Meditalk: Naglisud si misis nga magawsan (4).txt
/Users/rl-14/Desktop/Celine-Thesis/all-data-reordered/all/Meditalk: Nagpatabang sa discharge sa kinatawo nga baho (3).txt
/Users/rl-14/Desktop/Celine-Thesis/all-data-reordered/all/Meditalk: Nagpatabang sa discharge sa kinatawo nga baho.txt
/Users/rl-14/Desktop/Celine-Thesis/all-data-reordered/all/Meditalk: Nagpatabang sa discharge sa kinatawo nga daghang baho (7).txt
/Users/rl-14/Desktop/Celine-Thesis/all-data-reordered/all/Meditalk: Nagproblema sa kanunay nga pag-daydreaming (9).txt
/Users/rl-14/Desktop/Celine-Thesis/all-data-reordered/all/Meditalk: Nagproblema sa kanunay pag-daydreaming (3).txt
/Users/rl-14/Desktop/Celine-Thesis/all-data-reordered/all/Meditalk: Nagproblema sa kanunay pag-daydreaming (4).txt
/Users/rl-14/Desktop/Celine-Thesis/all-data-reordered/all/Meditalk: Nagproblema sa kunot sa nawong (Part 5).txt
/Users/rl-14/Desktop/Celine-Thesis/all-data-reordered/all/Meditalk: Nagproblema sa panit nga nadaot sa adlaw (Part 6).txt
/Users/rl-14/Desktop/Celine-Thesis/all-data-reordered/all/Meditalk: Nagproblema sa panit nga nadaot sa init sa adlaw (Part 3).txt
/Users/rl-14/Desktop/Celine-Thesis/all-data-reordered/all/Meditalk: Nagproblema sa panit nga nadaot sa init sa adlaw.txt
/Users/rl-14/Desktop/Celine-Thesis/all-data-reordered/all/Meditalk: Nagproblema sa panit nga nadaut sa init sa adlaw (2).txt
/Users/rl-14/Desktop/Celine-Thesis/all-data-reordered/all/Meditalk: Nagproblema sa panit nga nadaut sa init sa adlaw (5) .txt
/Users/rl-14/Desktop/Celine-Thesis/all-data-reordered/all/Meditalk: Nagproblema sa regla (3).txt
/Users/rl-14/Desktop/Celine-Thesis/all-data-reordered/all/Meditalk: Nagproblema sa regla (4).txt
/Users/rl-14/Desktop/Celine-Thesis/all-data-reordered/all/Meditalk: Nagproblema sa regla (Part 5).txt
/Users/rl-14/Desktop/Celine-Thesis/all-data-reordered/all/Meditalk: Nagproblema sa regla.txt
/Users/rl-14/Desktop/Celine-Thesis/all-data-reordered/all/Meditalk: Nagpunay og away sa kuwarta .txt
/Users/rl-14/Desktop/Celine-Thesis/all-data-reordered/all/Meditalk: Nahadlok moinom og tambal tungod sa mga side effects (3).txt
/Users/rl-14/Desktop/Celine-Thesis/all-data-reordered/all/Meditalk: Nahadlok moinom og tambal tungod sa mga side effects (Part 4).txt
/Users/rl-14/Desktop/Celine-Thesis/all-data-reordered/all/Meditalk: Nahadlok moinom og tambal tungod sa mga side effects.txt
/Users/rl-14/Desktop/Celine-Thesis/all-data-reordered/all/Meditalk: Nahadlok sa kanser sa prostata.txt
/Users/rl-14/Desktop/Celine-Thesis/all-data-reordered/all/Meditalk: Nakadungog nga maka-kanser ang pills (Part 2).txt
/Users/rl-14/Desktop/Celine-Thesis/all-data-reordered/all/Meditalk: Nakadungog nga maka-kanser ang pills.txt
/Users/rl-14/Desktop/Celine-Thesis/all-data-reordered/all/Meditalk: Nangita og mga pagkaon makatabang sa problema sa paggahi (2).txt
/Users/rl-14/Desktop/Celine-Thesis/all-data-reordered/all/Meditalk: Nangita og mga pagkaon makatabang sa problema sa paggahi (3).txt
/Users/rl-14/Desktop/Celine-Thesis/all-data-reordered/all/Meditalk: Nangita og natural pamaagi mawala ang ok-ok, uban pa (2).txt
/Users/rl-14/Desktop/Celine-Thesis/all-data-reordered/all/Meditalk: Nangita og pamaagi sa balay tambal alang sa psoriasis (2).txt
/Users/rl-14/Desktop/Celine-Thesis/all-data-reordered/all/Meditalk: Nangita og posisyon molungtad og dugay sa kama si mister (7).txt
/Users/rl-14/Desktop/Celine-Thesis/all-data-reordered/all/Meditalk: Nangita og posisyon molungtad og dugay sa kama si mister (8).txt
/Users/rl-14/Desktop/Celine-Thesis/all-data-reordered/all/Meditalk: Nangita og posisyon nga molungtad og dugay sa kama si mister (part 6).txt
/Users/rl-14/Desktop/Celine-Thesis/all-data-reordered/all/Meditalk: Nangita og segurado pamaagi aron mas maayo motrabaho sa kama (6).txt
/Users/rl-14/Desktop/Celine-Thesis/all-data-reordered/all/Meditalk: Nangita og seguradong pamaagi aron mas maayo motrabaho sa kama (5).txt
/Users/rl-14/Desktop/Celine-Thesis/all-data-reordered/all/Meditalk: Nangita og seguradong pamaagi aron mas maayo motrabaho sa kama (8).txt
/Users/rl-14/Desktop/Celine-Thesis/all-data-reordered/all/Meditalk: Nangita og seguradong pamaagi aron mas maayo nga motrabaho sa kama (4).txt
/Users/rl-14/Desktop/Celine-Thesis/all-data-reordered/all/Meditalk: Nangita'g mga pamaagi mawala mga bug-at nga metal .txt
/Users/rl-14/Desktop/Celine-Thesis/all-data-reordered/all/Meditalk: Nangita'g posisyon molungtad og dugay sa kama si mister (2).txt
/Users/rl-14/Desktop/Celine-Thesis/all-data-reordered/all/Meditalk: Nangita'g posisyon molungtad og dugay sa kama si mister (4).txt
/Users/rl-14/Desktop/Celine-Thesis/all-data-reordered/all/Meditalk: Nangita'g posisyon molungtad og dugay sa kama si mister.txt
/Users/rl-14/Desktop/Celine-Thesis/all-data-reordered/all/Meditalk: Nangutana aduna bay tambal nga makapugong sa pagkatiguwang (6).txt
/Users/rl-14/Desktop/Celine-Thesis/all-data-reordered/all/Meditalk: Nangutana bahin sa Alxheimer's disease (4).txt
/Users/rl-14/Desktop/Celine-Thesis/all-data-reordered/all/Meditalk: Nangutana bahin sa Alzheimer's disease (2).txt
/Users/rl-14/Desktop/Celine-Thesis/all-data-reordered/all/Meditalk: Nangutana bahin sa Alzheimer's disease (5).txt
/Users/rl-14/Desktop/Celine-Thesis/all-data-reordered/all/Meditalk: Nangutana bahin sa Alzheimer's disease (Part 3).txt
/Users/rl-14/Desktop/Celine-Thesis/all-data-reordered/all/Meditalk: Nangutana bahin sa Alzheimer's disease.txt
/Users/rl-14/Desktop/Celine-Thesis/all-data-reordered/all/Meditalk: Nangutana kon adunay bay mga butang wa gidahum makadaut sa kasing-kasing (Part 8).txt
/Users/rl-14/Desktop/Celine-Thesis/all-data-reordered/all/Meditalk: Nangutana kon adunay tambal makapugong sa pagkatiguwang (5).txt
/Users/rl-14/Desktop/Celine-Thesis/all-data-reordered/all/Meditalk: Nangutana kon duna bay tambal nga makapugong sa pagkatiguwang (2).txt
/Users/rl-14/Desktop/Celine-Thesis/all-data-reordered/all/Meditalk: Nangutana kung aduna bay tambal makapugong sa pagkatiguwang (3).txt
/Users/rl-14/Desktop/Celine-Thesis/all-data-reordered/all/Meditalk: Nangutana kung adunay tambal magkapugong sa pagka-tiguwang.txt
/Users/rl-14/Desktop/Celine-Thesis/all-data-reordered/all/Meditalk: Nangutana kung mahimo ba masaheon ang naghupong nga tiil ug bukong-bukong (Part 4).txt
/Users/rl-14/Desktop/Celine-Thesis/all-data-reordered/all/Meditalk: Nangutana mahitungod sa Alzheimer's disease (Part 6).txt
/Users/rl-14/Desktop/Celine-Thesis/all-data-reordered/all/Meditalk: Nangutana og ehersisyo nga makaayo sa sex life (Part 5).txt
/Users/rl-14/Desktop/Celine-Thesis/all-data-reordered/all/Meditalk: Nangutana og mga ehersisyo nga makaayo sa sex life (2).txt
/Users/rl-14/Desktop/Celine-Thesis/all-data-reordered/all/Meditalk: Nangutana og mga ehersisyo nga makaayo sa sex life (3).txt
/Users/rl-14/Desktop/Celine-Thesis/all-data-reordered/all/Meditalk: Nangutana og mga ehersisyo nga makaayo sa sex life (4).txt
/Users/rl-14/Desktop/Celine-Thesis/all-data-reordered/all/Meditalk: Nangutana og mga ehersisyo nga makaayo sa sex life (6).txt
/Users/rl-14/Desktop/Celine-Thesis/all-data-reordered/all/Meditalk: Nangutana og tambal alang sa fungus sa kuko (Part 2).txt
/Users/rl-14/Desktop/Celine-Thesis/all-data-reordered/all/Meditalk: Nangutana og tambal alang sa fungus sa kuko (Part 3) .txt
/Users/rl-14/Desktop/Celine-Thesis/all-data-reordered/all/Meditalk: Nangutana og tambal alang sa fungus sa kuko (Part 5).txt
/Users/rl-14/Desktop/Celine-Thesis/all-data-reordered/all/Meditalk: Nangutana og tambal alang sa fungus sa kuko (Part 7).txt
/Users/rl-14/Desktop/Celine-Thesis/all-data-reordered/all/Meditalk: Nangutana og tambal alang sa fungus sa kuko (Part 9).txt
/Users/rl-14/Desktop/Celine-Thesis/all-data-reordered/all/Meditalk: Nangutana pila magpa-opera og kinatawo .txt
/Users/rl-14/Desktop/Celine-Thesis/all-data-reordered/all/Meditalk: Nangutana unsang ehersisyo makaayo sa sex life.txt
/Users/rl-14/Desktop/Celine-Thesis/all-data-reordered/all/Meditalk: Nangutana'g pagkaon nga lami apan pwede sa pagpapayat (Part 2).txt
/Users/rl-14/Desktop/Celine-Thesis/all-data-reordered/all/Meditalk: Naproblema sa dysmenorrhea (Part 5).txt
/Users/rl-14/Desktop/Celine-Thesis/all-data-reordered/all/Meditalk: Tambok pero maayo og lawas, ok lang? (2).txt
/Users/rl-14/Desktop/Celine-Thesis/all-data-reordered/all/Meditalk: Tambok pero maayo og lawas, ok lang?.txt
/Users/rl-14/Desktop/Celine-Thesis/all-data-reordered/all/Meditalk: Wala nay gana (2).txt
/Users/rl-14/Desktop/Celine-Thesis/all-data-reordered/all/Meditalk: Wala nay gana (4).txt
/Users/rl-14/Desktop/Celine-Thesis/all-data-reordered/all/Meditalk: Wala nay gana (5) .txt
/Users/rl-14/Desktop/Celine-Thesis/all-data-reordered/all/Meditalk: Wala nay gana (7).txt
/Users/rl-14/Desktop/Celine-Thesis/all-data-reordered/all/Meditalk: Wala nay gana (Part 3).txt
/Users/rl-14/Desktop/Celine-Thesis/all-data-reordered/all/Meditalk: Wala nay gana.txt
/Users/rl-14/Desktop/Celine-Thesis/all-data-reordered/all/Meditalk: Walay ensaktong tulog ug walay gana (part 2).txt
/Users/rl-14/Desktop/Celine-Thesis/all-data-reordered/all/Meditalk:Naglibog sakit ba sa kasing-kasing o hyperacidity (Part 3).txt
/Users/rl-14/Desktop/Celine-Thesis/all-data-reordered/all/Meg gihatagan og chance   .txt
/Users/rl-14/Desktop/Celine-Thesis/all-data-reordered/all/Meg Imperial suportado si JM .txt
/Users/rl-14/Desktop/Celine-Thesis/all-data-reordered/all/Mega Crime Laboratory sa Rehiyon XI, gi-inagurahan na.txt
/Users/rl-14/Desktop/Celine-Thesis/all-data-reordered/all/Megafight narisgo?.txt
/Users/rl-14/Desktop/Celine-Thesis/all-data-reordered/all/Megan back to zero sa Hollywood.txt
/Users/rl-14/Desktop/Celine-Thesis/all-data-reordered/all/Megan six years na nga uyab ni Mikael  .txt
/Users/rl-14/Desktop/Celine-Thesis/all-data-reordered/all/Megantech adunay import sa PVL.txt
/Users/rl-14/Desktop/Celine-Thesis/all-data-reordered/all/Mekaniko gipatay .txt
/Users/rl-14/Desktop/Celine-Thesis/all-data-reordered/all/Mekaniko nagpahangin og ligid gitodas sa nagtaptap sa nawong.txt
/Users/rl-14/Desktop/Celine-Thesis/all-data-reordered/all/Melai choosy na sa projects.txt
/Users/rl-14/Desktop/Celine-Thesis/all-data-reordered/all/Melai mabdos!.txt
/Users/rl-14/Desktop/Celine-Thesis/all-data-reordered/all/Melai ug Jayson mitingog sa isyung bulag na!.txt
/Users/rl-14/Desktop/Celine-Thesis/all-data-reordered/all/Melason todo effort aron masalbar ang marriage.txt
/Users/rl-14/Desktop/Celine-Thesis/all-data-reordered/all/Melindo batok ex-world champ  SunStar.txt
/Users/rl-14/Desktop/Celine-Thesis/all-data-reordered/all/Melindo batok ex-world champ.txt
/Users/rl-14/Desktop/Celine-Thesis/all-data-reordered/all/Melindo dako’g purohan: Aldeguer.txt
/Users/rl-14/Desktop/Celine-Thesis/all-data-reordered/all/Melindo di modepensa batok Pinoy.txt
/Users/rl-14/Desktop/Celine-Thesis/all-data-reordered/all/Melindo dunay bintaha: analyst.txt
/Users/rl-14/Desktop/Celine-Thesis/all-data-reordered/all/Melindo gihagit sa kababayan.txt
/Users/rl-14/Desktop/Celine-Thesis/all-data-reordered/all/Melindo gustong makig-rematch .txt
/Users/rl-14/Desktop/Celine-Thesis/all-data-reordered/all/Melindo impresibo sa training.txt
/Users/rl-14/Desktop/Celine-Thesis/all-data-reordered/all/Melindo na overweight.txt
/Users/rl-14/Desktop/Celine-Thesis/all-data-reordered/all/Melindo nadasig ni Nietes.txt
/Users/rl-14/Desktop/Celine-Thesis/all-data-reordered/all/Melindo napakyas.txt
/Users/rl-14/Desktop/Celine-Thesis/all-data-reordered/all/Melindo, trainer masaligon nga IBF title malangkat.txt
/Users/rl-14/Desktop/Celine-Thesis/all-data-reordered/all/Melindo: malingaw gyud ang mga tawo ning awaya.txt
/Users/rl-14/Desktop/Celine-Thesis/all-data-reordered/all/Melissa miniwang og 35 pounds.txt
/Users/rl-14/Desktop/Celine-Thesis/all-data-reordered/all/Membro sa RTA gipaak sa vendor.txt
/Users/rl-14/Desktop/Celine-Thesis/all-data-reordered/all/Membro sa ‘Lapinig gang’ sikop .txt
/Users/rl-14/Desktop/Celine-Thesis/all-data-reordered/all/Memorandum alang sa tree growing.txt
/Users/rl-14/Desktop/Celine-Thesis/all-data-reordered/all/Mendero miabli og bag-ong ward .txt
/Users/rl-14/Desktop/Celine-Thesis/all-data-reordered/all/Menor de edad gitaban sa tomboy.txt
/Users/rl-14/Desktop/Celine-Thesis/all-data-reordered/all/Menor de edad nangawat og battery sa truck nasapon.txt
/Users/rl-14/Desktop/Celine-Thesis/all-data-reordered/all/Menor de edad nga mag live-in gipamusil.txt
/Users/rl-14/Desktop/Celine-Thesis/all-data-reordered/all/Menor gibunlot gikan sa internetan, gilugos.txt
/Users/rl-14/Desktop/Celine-Thesis/all-data-reordered/all/Menor nga gidakop milayas sa ilaha .txt
/Users/rl-14/Desktop/Celine-Thesis/all-data-reordered/all/Menor,gilugos-patay ug gisulod sako sa CdeO?.txt
/Users/rl-14/Desktop/Celine-Thesis/all-data-reordered/all/Mensahe basaha sa dili pa i-share.txt
/Users/rl-14/Desktop/Celine-Thesis/all-data-reordered/all/Meralco andam mosakripisyo.txt
/Users/rl-14/Desktop/Celine-Thesis/all-data-reordered/all/Meralco gilupig sa NLEX.txt
/Users/rl-14/Desktop/Celine-Thesis/all-data-reordered/all/Meralco gipawngan sa Star Hotshots.txt
/Users/rl-14/Desktop/Celine-Thesis/all-data-reordered/all/Meralco kaging sa Mahindra.txt
/Users/rl-14/Desktop/Celine-Thesis/all-data-reordered/all/Meralco manuktok sa finals.txt
/Users/rl-14/Desktop/Celine-Thesis/all-data-reordered/all/Meralco mikastigo sa Blackwater, 105-83.txt
/Users/rl-14/Desktop/Celine-Thesis/all-data-reordered/all/Meralco mipahunong sa Mahindra .txt
/Users/rl-14/Desktop/Celine-Thesis/all-data-reordered/all/Meralco vs. TNT sa PBA.txt
/Users/rl-14/Desktop/Celine-Thesis/all-data-reordered/all/Meralco, Ocampo sulod sa finals.txt
/Users/rl-14/Desktop/Celine-Thesis/all-data-reordered/all/Merchandiser paingon mag-duty nabanggaan patay.txt
/Users/rl-14/Desktop/Celine-Thesis/all-data-reordered/all/Merchant nagtuo’ng madayon ang Pacquiao-Mayweather II.txt
/Users/rl-14/Desktop/Celine-Thesis/all-data-reordered/all/Merkado sa Tabunok di ipaubos sa pribado .txt
/Users/rl-14/Desktop/Celine-Thesis/all-data-reordered/all/MesaTierra miabli sa Davao City.txt
/Users/rl-14/Desktop/Celine-Thesis/all-data-reordered/all/Metro Ayala usa sa 52 ka tindahan sa MRSGI.txt
/Users/rl-14/Desktop/Celine-Thesis/all-data-reordered/all/Metro Retails Group, maampingon sa gipagawas nga statement kabahin sa sunug; BFP miumol ug composite team alang sa halapad nga imbestigasyon.txt
/Users/rl-14/Desktop/Celine-Thesis/all-data-reordered/all/Metropac, water district pact gitinguhang mapaundang.txt
/Users/rl-14/Desktop/Celine-Thesis/all-data-reordered/all/Mexican bag-ong hari sa Ironman.txt
/Users/rl-14/Desktop/Celine-Thesis/all-data-reordered/all/Mexican champion maoy makontra ni Nietes sa US.txt
/Users/rl-14/Desktop/Celine-Thesis/all-data-reordered/all/Mexican masaligong modaog kontra Aussie.txt
/Users/rl-14/Desktop/Celine-Thesis/all-data-reordered/all/MG Customs Brokers squad nangharos sa eliminations  SunStar.txt
/Users/rl-14/Desktop/Celine-Thesis/all-data-reordered/all/Mga 30 ka balay gilamoy sa sunog sa brgy. 22 UG 26.txt
/Users/rl-14/Desktop/Celine-Thesis/all-data-reordered/all/Mga 37 na ang patay sa engkwentro.txt
/Users/rl-14/Desktop/Celine-Thesis/all-data-reordered/all/Mga abogado gipusil; papa namatay.txt
/Users/rl-14/Desktop/Celine-Thesis/all-data-reordered/all/Mga abogado mi-claim sa P4.5 M?.txt
/Users/rl-14/Desktop/Celine-Thesis/all-data-reordered/all/Mga abogado nagbangi sa legalidad sa MisOr-CdeO’s Pelaez Sports Center.txt
/Users/rl-14/Desktop/Celine-Thesis/all-data-reordered/all/Mga adik sa Davao lit-agon.txt
/Users/rl-14/Desktop/Celine-Thesis/all-data-reordered/all/Mga Agusanons makapalit pa og NFA rice.txt
/Users/rl-14/Desktop/Celine-Thesis/all-data-reordered/all/Mga Agusanons, subling nabalaka sa napalgang oar fish sa Agusan del Norte.txt
/Users/rl-14/Desktop/Celine-Thesis/all-data-reordered/all/Mga ahensiya sa gobyerno nagkahiusa alang sa PNG.txt
/Users/rl-14/Desktop/Celine-Thesis/all-data-reordered/all/Mga alternatibong dan gipang-ayo.txt
/Users/rl-14/Desktop/Celine-Thesis/all-data-reordered/all/Mga alyado sa CdeO govt,nagdumili pagkompirmar sa Moreno’s dismissal.txt
/Users/rl-14/Desktop/Celine-Thesis/all-data-reordered/all/Mga anak ni Ruffa gi-harass.txt
/Users/rl-14/Desktop/Celine-Thesis/all-data-reordered/all/Mga apektado sa El Niño gitagaan og food assistance.txt
/Users/rl-14/Desktop/Celine-Thesis/all-data-reordered/all/Mga apektado sa kabaho sa poultry, naglusad og protesta sa Digos City.txt
/Users/rl-14/Desktop/Celine-Thesis/all-data-reordered/all/Mga armadong tawo ipasusi sa PRO 7.txt
/Users/rl-14/Desktop/Celine-Thesis/all-data-reordered/all/Mga armas nasakmit sa Oplan Katok.txt
/Users/rl-14/Desktop/Celine-Thesis/all-data-reordered/all/Mga armas og mga bala, nakumpiska sa gihimong raid sa Butuan City kagabii.txt
/Users/rl-14/Desktop/Celine-Thesis/all-data-reordered/all/Mga armas,nabawi sa security agency sa Bukidnon.txt
/Users/rl-14/Desktop/Celine-Thesis/all-data-reordered/all/Mga artista mireak sa Sona ni Duterte.txt
/Users/rl-14/Desktop/Celine-Thesis/all-data-reordered/all/Mga artista moapil sa Vios Cup race sa SRP.txt
/Users/rl-14/Desktop/Celine-Thesis/all-data-reordered/all/Mga artista nagpanikad.txt
/Users/rl-14/Desktop/Celine-Thesis/all-data-reordered/all/Mga artista sa Robin Hood, My Korean Jagiya live sa Cebu .txt
/Users/rl-14/Desktop/Celine-Thesis/all-data-reordered/all/Mga artistang gitouhang nag-uyab ug na-link sa 2016.txt
/Users/rl-14/Desktop/Celine-Thesis/all-data-reordered/all/Mga atleta gidasig.txt
/Users/rl-14/Desktop/Celine-Thesis/all-data-reordered/all/Mga atleta sa DAVRAA 2018 nagsugod na sa pagpangabot, hugot nga seguridad gipatuman.txt
/Users/rl-14/Desktop/Celine-Thesis/all-data-reordered/all/Mga atleta sa Samal gipasidunggan.txt
/Users/rl-14/Desktop/Celine-Thesis/all-data-reordered/all/Mga babaye apil na sa ‘Araw’ Para Games sa Marso 1.txt
/Users/rl-14/Desktop/Celine-Thesis/all-data-reordered/all/Mga babaye mipaubos sa livelihood training.txt
/Users/rl-14/Desktop/Celine-Thesis/all-data-reordered/all/Mga babaye nagbugno tungod sa customer.txt
/Users/rl-14/Desktop/Celine-Thesis/all-data-reordered/all/Mga Badjao apil sa nakahuman.txt
/Users/rl-14/Desktop/Celine-Thesis/all-data-reordered/all/Mga badlungon gi-monitor sa kapulisan sa dakbayan.txt
/Users/rl-14/Desktop/Celine-Thesis/all-data-reordered/all/Mga bag-ong board of director, gipaila.txt
/Users/rl-14/Desktop/Celine-Thesis/all-data-reordered/all/Mga bag-ong drug player namatikdan atol sa pagbalik sa PNP drug operations.txt
/Users/rl-14/Desktop/Celine-Thesis/all-data-reordered/all/Mga bag-ong player sa drugas natiklo.txt
/Users/rl-14/Desktop/Celine-Thesis/all-data-reordered/all/Mga bakasyon sa artista sa Holy Week.txt
/Users/rl-14/Desktop/Celine-Thesis/all-data-reordered/all/Mga bakwit diha sa kapitolyo gikatakdang mopauli na.txt
/Users/rl-14/Desktop/Celine-Thesis/all-data-reordered/all/Mga bakwit mosugot ibalhin .txt
/Users/rl-14/Desktop/Celine-Thesis/all-data-reordered/all/Mga bakwit sa kapitolyo mipauli na.txt
/Users/rl-14/Desktop/Celine-Thesis/all-data-reordered/all/Mga bakwit tungod sa engkwentro sa mga sundalo og mga rebeldeng NPA, gihatagan na og clearance aron makapa-uli na.txt
/Users/rl-14/Desktop/Celine-Thesis/all-data-reordered/all/Mga balay naguba tungod sa 5.0 magnitude quake sa Bukidnon.txt
/Users/rl-14/Desktop/Celine-Thesis/all-data-reordered/all/Mga balay nahugno sa bawod.txt
/Users/rl-14/Desktop/Celine-Thesis/all-data-reordered/all/Mga balay nga naugdaw sa CdeO’s brgy,nagsaka pa.txt
/Users/rl-14/Desktop/Celine-Thesis/all-data-reordered/all/Mga bangiitang batang Mindanao magtipok .txt
/Users/rl-14/Desktop/Celine-Thesis/all-data-reordered/all/Mga banko gipahimangnoan sa gang atol sa Kalag Kalag .txt
/Users/rl-14/Desktop/Celine-Thesis/all-data-reordered/all/Mga barangay giawhag, ronda patrol pakusgan.txt
/Users/rl-14/Desktop/Celine-Thesis/all-data-reordered/all/Mga barangay kapitan miduso sa pagka-distrito sa Mandaue.txt
/Users/rl-14/Desktop/Celine-Thesis/all-data-reordered/all/Mga barangay nga risgo sa sunog gitumbok.txt
/Users/rl-14/Desktop/Celine-Thesis/all-data-reordered/all/Mga bata misulod sa kampo sa sundalo.txt
/Users/rl-14/Desktop/Celine-Thesis/all-data-reordered/all/Mga bata nakakwarta sa pagpa-aso .txt
/Users/rl-14/Desktop/Celine-Thesis/all-data-reordered/all/Mga bata sa bukid mangapil .txt
/Users/rl-14/Desktop/Celine-Thesis/all-data-reordered/all/Mga batang bakwit nagsakit na.txt
/Users/rl-14/Desktop/Celine-Thesis/all-data-reordered/all/Mga bihag sa Abu Sayyaf luwason .txt
/Users/rl-14/Desktop/Celine-Thesis/all-data-reordered/all/Mga biktima sa pabuto minos.txt
/Users/rl-14/Desktop/Celine-Thesis/all-data-reordered/all/Mga biktima sa sunog sa Bgy. 8-A nahatagan na ug ayuda sa CSSDO.txt
/Users/rl-14/Desktop/Celine-Thesis/all-data-reordered/all/Mga binilanggo emusyonal.txt
/Users/rl-14/Desktop/Celine-Thesis/all-data-reordered/all/Mga binilanggo naglangaslangas.txt
/Users/rl-14/Desktop/Celine-Thesis/all-data-reordered/all/Mga Bisayang Mananayaw sa Uropa, Mikudlit Og Nag-a.txt
/Users/rl-14/Desktop/Celine-Thesis/all-data-reordered/all/Mga bisita misul-ob og mask sa ospital.txt
/Users/rl-14/Desktop/Celine-Thesis/all-data-reordered/all/Mga bisita sa Boracay giawhag mo-share, tweet.txt
/Users/rl-14/Desktop/Celine-Thesis/all-data-reordered/all/Mga bisita sa hotel gialarma.txt
/Users/rl-14/Desktop/Celine-Thesis/all-data-reordered/all/Mga bisita, delegado sa Davraa di eksemted sa mga balaod sa siyudad.txt
/Users/rl-14/Desktop/Celine-Thesis/all-data-reordered/all/Mga biyahe nahibalik na apan posible magnihit.txt
/Users/rl-14/Desktop/Celine-Thesis/all-data-reordered/all/Mga Bol-anon nga tinun-an mipaubos sa leadership training.txt
/Users/rl-14/Desktop/Celine-Thesis/all-data-reordered/all/Mga boluntaryo mitabang og repack sa food packs.txt
/Users/rl-14/Desktop/Celine-Thesis/all-data-reordered/all/Mga bomba ug M-16 rifles,bitbit sa NPA members pagtahan sa Bukidnon.txt
/Users/rl-14/Desktop/Celine-Thesis/all-data-reordered/all/Mga bombero gidayeg ni Cebu City Mayor Tomas Osmena, imbestigasyon sa sunog sa Metro angayan tukion ang wala paggana sa mga sprinklers.txt
/Users/rl-14/Desktop/Celine-Thesis/all-data-reordered/all/Mga botika sa Davao inspeksyonon.txt
/Users/rl-14/Desktop/Celine-Thesis/all-data-reordered/all/Mga botika ug mga tindahan nga namaligya ug herbal medicines, usa-usahon sa FDA.txt
/Users/rl-14/Desktop/Celine-Thesis/all-data-reordered/all/Mga brgy. tanod ipa-ebalwar sa CADAC.txt
/Users/rl-14/Desktop/Celine-Thesis/all-data-reordered/all/Mga bug-at nga kalaban sila Reed, Mendez sa Alveo Ironman 70.3.txt
/Users/rl-14/Desktop/Celine-Thesis/all-data-reordered/all/Mga bugas, tambal gipanglubong sa NPA .txt
/Users/rl-14/Desktop/Celine-Thesis/all-data-reordered/all/Mga bukya wa kapugong sa giila nga Aquaman sa nasod.txt
/Users/rl-14/Desktop/Celine-Thesis/all-data-reordered/all/Mga bunkhouse ipa-ban ni Osmeña.txt
/Users/rl-14/Desktop/Celine-Thesis/all-data-reordered/all/Mga bus gipakyaw ni Poe .txt
/Users/rl-14/Desktop/Celine-Thesis/all-data-reordered/all/Mga buwak gihug sa dagat, halad kang Gisela .txt
/Users/rl-14/Desktop/Celine-Thesis/all-data-reordered/all/Mga buwak gikan sa bukiran sa Sugbo prayoridad sa Carbon.txt
/Users/rl-14/Desktop/Celine-Thesis/all-data-reordered/all/Mga CAFGU nga sakop sa 73rd Infantry Battalion, nakatapos na sa training.txt
/Users/rl-14/Desktop/Celine-Thesis/all-data-reordered/all/Mga cell sites ipapawong.txt
/Users/rl-14/Desktop/Celine-Thesis/all-data-reordered/all/Mga Chinese gipahilak ni KZ.txt
/Users/rl-14/Desktop/Celine-Thesis/all-data-reordered/all/Mga Chinese investor motukod og planta sa Misamis Oriental.txt
/Users/rl-14/Desktop/Celine-Thesis/all-data-reordered/all/Mga constituents sa Trento, Agusan del Sur, naglibog tungod sa pagbaton matud pa nila og 2 ka mayor.txt
/Users/rl-14/Desktop/Celine-Thesis/all-data-reordered/all/Mga Dabawenyo giawhag magpa-dengue test.txt
/Users/rl-14/Desktop/Celine-Thesis/all-data-reordered/all/Mga Dabawenyo gilipay sa SunStar.txt
/Users/rl-14/Desktop/Celine-Thesis/all-data-reordered/all/Mga Dabawenyo gipabantay sa kapaskuhan .txt
/Users/rl-14/Desktop/Celine-Thesis/all-data-reordered/all/Mga damgo gihataga’g katumanan sa Taiheiyo.txt
/Users/rl-14/Desktop/Celine-Thesis/all-data-reordered/all/Mga dan sirhan alang sa Ironman; publiko gipahimangnoan.txt
/Users/rl-14/Desktop/Celine-Thesis/all-data-reordered/all/Mga dapat atangan sa Bb. Pilipinas 2018.txt
/Users/rl-14/Desktop/Celine-Thesis/all-data-reordered/all/Mga Dapaw sa Dila.txt
/Users/rl-14/Desktop/Celine-Thesis/all-data-reordered/all/Mga dapit sa south nadaut sa bagyo.txt
/Users/rl-14/Desktop/Celine-Thesis/all-data-reordered/all/Mga delegado sa 21st CRAM, 100% nang nahidangat sa Butuan City.txt
/Users/rl-14/Desktop/Celine-Thesis/all-data-reordered/all/Mga doktor, nars sa Cebu kuhaan.txt
/Users/rl-14/Desktop/Celine-Thesis/all-data-reordered/all/Mga dokumento alang sa pagpalit ug luna sa bag-ong landfill preparado na.txt
/Users/rl-14/Desktop/Celine-Thesis/all-data-reordered/all/Mga drainage sa 4 ka mga barangay isumpay.txt
/Users/rl-14/Desktop/Celine-Thesis/all-data-reordered/all/Mga drayber gipasidan-an sa LTFRB 7 nga di momaneho og subra sa 6 ka oras.txt
/Users/rl-14/Desktop/Celine-Thesis/all-data-reordered/all/Mga driver posibleng magwelga sa lunes.txt
/Users/rl-14/Desktop/Celine-Thesis/all-data-reordered/all/Mga eco-warden sa Mandaue nakadawat og hulga: Quisumbing.txt
/Users/rl-14/Desktop/Celine-Thesis/all-data-reordered/all/Mga edaran sa Co Su Gian gilipay sa DCPO .txt
/Users/rl-14/Desktop/Celine-Thesis/all-data-reordered/all/Mga ekipo nga gamiton sa rehabilitasyon andam na.txt
/Users/rl-14/Desktop/Celine-Thesis/all-data-reordered/all/Mga empleyado na-late sa trabaho tungod sa nibabag nga sakyanan sa karsada.txt
/Users/rl-14/Desktop/Celine-Thesis/all-data-reordered/all/Mga empleyado sa City Hall ipa-drug test.txt
/Users/rl-14/Desktop/Celine-Thesis/all-data-reordered/all/Mga empleyado sa DepEd, ipa-ilalom sa random drug test.txt
/Users/rl-14/Desktop/Celine-Thesis/all-data-reordered/all/Mga empleyado sa gobyerno gidid-ang mosulod sa Casino .txt
/Users/rl-14/Desktop/Celine-Thesis/all-data-reordered/all/Mga environmentalist gihagit nga motingog.txt
/Users/rl-14/Desktop/Celine-Thesis/all-data-reordered/all/Mga establisemento gikinahanglan nga mohatag og kopya sa kuha sa CCTV.txt
/Users/rl-14/Desktop/Celine-Thesis/all-data-reordered/all/Mga estudyante sa usa ka tulunghaan sa GenSan, gisudlan matud pa ug ispiritu.txt
/Users/rl-14/Desktop/Celine-Thesis/all-data-reordered/all/Mga estudyante ‘suplayer'g’ marijuana.txt
/Users/rl-14/Desktop/Celine-Thesis/all-data-reordered/all/Mga Farm to Market road sa Davao del Sur nadelatar gumikan sa pagsunog sa NPA sa backhoe.txt
/Users/rl-14/Desktop/Celine-Thesis/all-data-reordered/all/Mga gagmay'ng negosyante tutukan sa DTI.txt
/Users/rl-14/Desktop/Celine-Thesis/all-data-reordered/all/Mga gamit paghimo’g IEDs,nabawi sa PNP sa Bukidnon.txt
/Users/rl-14/Desktop/Celine-Thesis/all-data-reordered/all/Mga Gasol gipasidunggan.txt
/Users/rl-14/Desktop/Celine-Thesis/all-data-reordered/all/Mga gibuhi-an nga mga rebelde subling pangdakpon ni Pangulong Duterte.txt
/Users/rl-14/Desktop/Celine-Thesis/all-data-reordered/all/Mga gisaad sa mayor asa na?.txt
/Users/rl-14/Desktop/Celine-Thesis/all-data-reordered/all/Mga gisalang nga atleta sa CVIRAA, anaa sa sakto nga kondisyon – Naga School Division Superintendent.txt
/Users/rl-14/Desktop/Celine-Thesis/all-data-reordered/all/Mga gobernador gipatawag ni Duterte.txt
/Users/rl-14/Desktop/Celine-Thesis/all-data-reordered/all/Mga gobernador magtigom; Uyon sa pederalismo.txt
/Users/rl-14/Desktop/Celine-Thesis/all-data-reordered/all/Mga graduating student sa Education sa TCC mireklamo.txt
/Users/rl-14/Desktop/Celine-Thesis/all-data-reordered/all/Mga grupo sa drugista dinhi sa GenSan, naglaglaganay – PNP.txt
/Users/rl-14/Desktop/Celine-Thesis/all-data-reordered/all/Mga Hapon mibisita sa Mandaue.txt
/Users/rl-14/Desktop/Celine-Thesis/all-data-reordered/all/Mga higante gapanikad mag-uban sa RP Gilas .txt
/Users/rl-14/Desktop/Celine-Thesis/all-data-reordered/all/Mga higante pasidunggan sa SAC.txt
/Users/rl-14/Desktop/Celine-Thesis/all-data-reordered/all/Mga hilak sa Roxas blast site .txt
/Users/rl-14/Desktop/Celine-Thesis/all-data-reordered/all/Mga hinimo nga bomba nadiskobre.txt
/Users/rl-14/Desktop/Celine-Thesis/all-data-reordered/all/Mga hotel daghan og ‘check-ins’ .txt
/Users/rl-14/Desktop/Celine-Thesis/all-data-reordered/all/Mga hulagway sa mga terorista gipagawas.txt
/Users/rl-14/Desktop/Celine-Thesis/all-data-reordered/all/Mga igsuon gibugaw sa cyber porn.txt
/Users/rl-14/Desktop/Celine-Thesis/all-data-reordered/all/Mga inilog nangapukan.txt
/Users/rl-14/Desktop/Celine-Thesis/all-data-reordered/all/Mga injured players mahatagan og saktong pahuway sa series.txt
/Users/rl-14/Desktop/Celine-Thesis/all-data-reordered/all/Mga Insik mobubo og $1.3B sa nasod .txt
/Users/rl-14/Desktop/Celine-Thesis/all-data-reordered/all/Mga Insik mobubo og $1.3B sa nasod.txt
/Users/rl-14/Desktop/Celine-Thesis/all-data-reordered/all/Mga iro gipatay?.txt
/Users/rl-14/Desktop/Celine-Thesis/all-data-reordered/all/Mga kababayen-an angayang musalmot sa pulitika- Atty Castillano.txt
/Users/rl-14/Desktop/Celine-Thesis/all-data-reordered/all/Mga kagamitan sa CCPO gisusi .txt
/Users/rl-14/Desktop/Celine-Thesis/all-data-reordered/all/Mga Kagay-anon duyog sa kapildehan ni Lariba.txt
/Users/rl-14/Desktop/Celine-Thesis/all-data-reordered/all/Mga Kagay-anon midayo.txt
/Users/rl-14/Desktop/Celine-Thesis/all-data-reordered/all/Mga kahiwian sa DOTR – Caraga, giyagyag sa tigpamaba sa buhatan.txt
/Users/rl-14/Desktop/Celine-Thesis/all-data-reordered/all/Mga kalihukan giuswag tungod sa bagyo.txt
/Users/rl-14/Desktop/Celine-Thesis/all-data-reordered/all/Mga kalihukan sa pista gikansela tungod sa baha.txt
/Users/rl-14/Desktop/Celine-Thesis/all-data-reordered/all/Mga kanhi amasona, nangandam na alang sa ilang pag-adto sa Hong Kong isip regalo ni Pangulong Duterte sa ilang pagsurender.txt
/Users/rl-14/Desktop/Celine-Thesis/all-data-reordered/all/Mga kanhi sakop sa rebeldeng NPA, mututok sa seguridad sa Sarangani Province.txt
/Users/rl-14/Desktop/Celine-Thesis/all-data-reordered/all/Mga kapitan ikiha sa PDEA  .txt
/Users/rl-14/Desktop/Celine-Thesis/all-data-reordered/all/Mga kapitan pa-armasan, suportado ni Quisumbing.txt
/Users/rl-14/Desktop/Celine-Thesis/all-data-reordered/all/Mga kapitan sa Luz, Pasil mihimakak sa pahayag sa DPS chief.txt
/Users/rl-14/Desktop/Celine-Thesis/all-data-reordered/all/Mga kapitan sa mga bangka gipang-exam.txt
/Users/rl-14/Desktop/Celine-Thesis/all-data-reordered/all/Mga Kapuso, diin nag-Bag-ong Tuig.txt
/Users/rl-14/Desktop/Celine-Thesis/all-data-reordered/all/Mga karusa nga gamiton sa Lamdag Parada gipasusi sa BFP.txt
/Users/rl-14/Desktop/Celine-Thesis/all-data-reordered/all/Mga kauban nanalipod sa suspetsadong killer.txt
/Users/rl-14/Desktop/Celine-Thesis/all-data-reordered/all/Mga kawani nga gitaktak mokiha sa kompaniya.txt
/Users/rl-14/Desktop/Celine-Thesis/all-data-reordered/all/Mga kawani sa Lapu-Lapu City limpyohan ni Mayor Radaza.txt
/Users/rl-14/Desktop/Celine-Thesis/all-data-reordered/all/Mga kawani sa model LGUs gibansay.txt
/Users/rl-14/Desktop/Celine-Thesis/all-data-reordered/all/Mga kinawat gikan sa Comelec nabawi .txt
/Users/rl-14/Desktop/Celine-Thesis/all-data-reordered/all/Mga klase sa Cebu City public schools gisuspenso.txt
/Users/rl-14/Desktop/Celine-Thesis/all-data-reordered/all/Mga klase sa pampubliko ug pribado kanselado sa MisOr-CdeO re TS Basyang.txt
/Users/rl-14/Desktop/Celine-Thesis/all-data-reordered/all/Mga kompaniya gidasig sa PH startup community .txt
/Users/rl-14/Desktop/Celine-Thesis/all-data-reordered/all/Mga konsehal bag-ohan og sakyanan.txt
/Users/rl-14/Desktop/Celine-Thesis/all-data-reordered/all/Mga konsehal sa dakbayan, manabok na sa partido nga Hugpong ng Pagbabago.txt
/Users/rl-14/Desktop/Celine-Thesis/all-data-reordered/all/Mga konsehal sa Gensan, ipailawom sa drug test.txt
/Users/rl-14/Desktop/Celine-Thesis/all-data-reordered/all/Mga konsehal sa Team Rama gibasol sa mayor.txt
/Users/rl-14/Desktop/Celine-Thesis/all-data-reordered/all/Mga konsehal sa Team Rama gikiha.txt
/Users/rl-14/Desktop/Celine-Thesis/all-data-reordered/all/Mga konsumante nga maapektuhan sa pagkawala sa tubig, gipa-andam na sa DCWD.txt
/Users/rl-14/Desktop/Celine-Thesis/all-data-reordered/all/Mga kontra gipang-knockout.txt
/Users/rl-14/Desktop/Celine-Thesis/all-data-reordered/all/Mga kritiko sa Duterte administration, tinood nga target sa martial law extension sigon sa Bayan Muna.txt
/Users/rl-14/Desktop/Celine-Thesis/all-data-reordered/all/Mga kubol sa city jail gipangguba.txt
/Users/rl-14/Desktop/Celine-Thesis/all-data-reordered/all/Mga laborer gipamusil, 1 patay.txt
/Users/rl-14/Desktop/Celine-Thesis/all-data-reordered/all/Mga land owners ug developers nga magtukod ug parking space exempted na sa buhis.txt
/Users/rl-14/Desktop/Celine-Thesis/all-data-reordered/all/Mga landowners duol sa giilugang luna, nangoral na batok sa kampo ni Boy Olarte.txt
/Users/rl-14/Desktop/Celine-Thesis/all-data-reordered/all/Mga langyaw nangabot na.txt
/Users/rl-14/Desktop/Celine-Thesis/all-data-reordered/all/Mga lider galibog sa ilang papel.txt
/Users/rl-14/Desktop/Celine-Thesis/all-data-reordered/all/Mga lider gimakmak.txt
/Users/rl-14/Desktop/Celine-Thesis/all-data-reordered/all/Mga lider sa telekomunikasyon gidapit.txt
/Users/rl-14/Desktop/Celine-Thesis/all-data-reordered/all/Mga liso sa paglaom.txt
/Users/rl-14/Desktop/Celine-Thesis/all-data-reordered/all/Mga lokal nga opisyal misuporta sa martial law sa Mindanao.txt
/Users/rl-14/Desktop/Celine-Thesis/all-data-reordered/all/Mga lugar nga bantayan sa Misamis Oriental sa Semana Santa.txt
/Users/rl-14/Desktop/Celine-Thesis/all-data-reordered/all/Mga lumad sa Surigao del Sur, nagsubo sa brutal nga pagpatay sa mga rebelde sa usa ka CAFGU member.txt
/Users/rl-14/Desktop/Celine-Thesis/all-data-reordered/all/Mga lumolupyo nalipay sa pag-abot sa koneksiyon sa MCWD sa ilang dapit .txt
/Users/rl-14/Desktop/Celine-Thesis/all-data-reordered/all/Mga luxury cars ipa-buldos ni Pangulong Duterte.txt
/Users/rl-14/Desktop/Celine-Thesis/all-data-reordered/all/Mga mabiktima sa Yolanda nakadawat na'g mga balay.txt
/Users/rl-14/Desktop/Celine-Thesis/all-data-reordered/all/Mga madakpang irong latagaw sa Butuan City, ipasagop.txt
/Users/rl-14/Desktop/Celine-Thesis/all-data-reordered/all/Mga maestra sa San Remigio mipaubos sa Kool Adventure Camp.txt
/Users/rl-14/Desktop/Celine-Thesis/all-data-reordered/all/Mga mag-uuma sa Dansolihon nga apektado sa hulaw.txt
/Users/rl-14/Desktop/Celine-Thesis/all-data-reordered/all/Mga mag-uuma sa mga lugar nga wala ulana nangayo og tabang.txt
/Users/rl-14/Desktop/Celine-Thesis/all-data-reordered/all/Mga magpapili sa barangay eleksyon i-monitor sa PDEA .txt
/Users/rl-14/Desktop/Celine-Thesis/all-data-reordered/all/Mga magtutudlo misinggit og dugang suholan.txt
/Users/rl-14/Desktop/Celine-Thesis/all-data-reordered/all/Mga magtutudlo sa technopreneurship training.txt
/Users/rl-14/Desktop/Celine-Thesis/all-data-reordered/all/Mga magtutudlo, boluntaryo gibansay.txt
/Users/rl-14/Desktop/Celine-Thesis/all-data-reordered/all/Mga malapason sa trapiko magbantay, Mandaue dunay modernong ekipo.txt
/Users/rl-14/Desktop/Celine-Thesis/all-data-reordered/all/Mga mall sa Sugbo kinahanglan susihon.txt
/Users/rl-14/Desktop/Celine-Thesis/all-data-reordered/all/Mga mamaligyaay og prutas mogahin og 24 oras.txt
/Users/rl-14/Desktop/Celine-Thesis/all-data-reordered/all/Mga mananagat gihataga’g tabang.txt
/Users/rl-14/Desktop/Celine-Thesis/all-data-reordered/all/Mga mananagat gituohang nag-negusyo na og druga.txt
/Users/rl-14/Desktop/Celine-Thesis/all-data-reordered/all/Mga mananaog sa Sinulog Festival, pulos taga Sugbo!.txt
/Users/rl-14/Desktop/Celine-Thesis/all-data-reordered/all/Mga mananaog sa Tigi sa Sinulatay '17.txt
/Users/rl-14/Desktop/Celine-Thesis/all-data-reordered/all/Mga Mananap Sa Kagabhion.txt
/Users/rl-14/Desktop/Celine-Thesis/all-data-reordered/all/Mga mananat gitagbo ni Tumulak.txt
/Users/rl-14/Desktop/Celine-Thesis/all-data-reordered/all/Mga mangunguot ang nadakpan.txt
/Users/rl-14/Desktop/Celine-Thesis/all-data-reordered/all/Mga mangunguot subling mikusog ang aktibidad.txt
/Users/rl-14/Desktop/Celine-Thesis/all-data-reordered/all/Mga manindahay sa Tabunok hapit na makabalik.txt
/Users/rl-14/Desktop/Celine-Thesis/all-data-reordered/all/Mga mapili nga SK chairman ipaubos sa training.txt
/Users/rl-14/Desktop/Celine-Thesis/all-data-reordered/all/Mga Mayor naghiusa alang sa pederalismo.txt
/Users/rl-14/Desktop/Celine-Thesis/all-data-reordered/all/Mga media imbitaron atol sa bidding: Davide.txt
/Users/rl-14/Desktop/Celine-Thesis/all-data-reordered/all/Mga memorabilia sa Black Nazarene minos ang halin.txt
/Users/rl-14/Desktop/Celine-Thesis/all-data-reordered/all/Mga midaug sa CdeO giproklamar na .txt
/Users/rl-14/Desktop/Celine-Thesis/all-data-reordered/all/Mga militante dunay katungod nga respetuhan.txt
/Users/rl-14/Desktop/Celine-Thesis/all-data-reordered/all/Mga military reservists ug mga graduate sa ROTC planong armasan ni pangulong Duterte..txt
/Users/rl-14/Desktop/Celine-Thesis/all-data-reordered/all/Mga MisOr board member negatibo sa drug test.txt
/Users/rl-14/Desktop/Celine-Thesis/all-data-reordered/all/Mga miyembro sa organized crime group sa Cotabato, gi-raid sa PDEA; 3 sikop, 1 patay.txt
/Users/rl-14/Desktop/Celine-Thesis/all-data-reordered/all/Mga motorista 8 ka oras nga stranded  .txt
/Users/rl-14/Desktop/Celine-Thesis/all-data-reordered/all/Mga motorista, nagpahigayon ug noise barrage batok sa gipasa nga ordinansa sa konseho kalabot sa planong pagregulate sa paggamit sa full-face motorcycle helmet.txt
/Users/rl-14/Desktop/Celine-Thesis/all-data-reordered/all/Mga musikero sa Sugbo mag-konserto sa SM.txt
/Users/rl-14/Desktop/Celine-Thesis/all-data-reordered/all/Mga Muslim miduyog sa Misa de Gallo.txt
/Users/rl-14/Desktop/Celine-Thesis/all-data-reordered/all/Mga nagpuyo daplin sa sapa nangandam na sa posibling pagbaha.txt
/Users/rl-14/Desktop/Celine-Thesis/all-data-reordered/all/Mga nakalapas sa fire cracker ban pasakaan na ug kaso.txt
/Users/rl-14/Desktop/Celine-Thesis/all-data-reordered/all/Mga napildi nga kaalyado hataga'g puwesto: Tomas.txt
/Users/rl-14/Desktop/Celine-Thesis/all-data-reordered/all/Mga nasamdang sundalo giduaw ug gipasidunggan ni pangulong Rodrigo Duterte.txt
/Users/rl-14/Desktop/Celine-Thesis/all-data-reordered/all/Mga nasunogan dili pa makabalik: DWUP.txt
/Users/rl-14/Desktop/Celine-Thesis/all-data-reordered/all/Mga nasunogan mag-Pasko sa CICC kay di pa makabalhin.txt
/Users/rl-14/Desktop/Celine-Thesis/all-data-reordered/all/Mga nasunogan makatukod og balik apan ubos sa kondisyon.txt
/Users/rl-14/Desktop/Celine-Thesis/all-data-reordered/all/Mga nasunogan sa Oro nangayo og tabang.txt
/Users/rl-14/Desktop/Celine-Thesis/all-data-reordered/all/Mga nasunogan sa Pinikitan nawad-an og paglaum.txt
/Users/rl-14/Desktop/Celine-Thesis/all-data-reordered/all/Mga nawad-an og motorsiklo midagsa.txt
/Users/rl-14/Desktop/Celine-Thesis/all-data-reordered/all/Mga negosyante sa Davao malaumon sa sisterhood agreement sa Davao ug Kaua’i sa Hawaii.txt
/Users/rl-14/Desktop/Celine-Thesis/all-data-reordered/all/Mga negosyanteng tikasan,silotan sa CdeO.txt
/Users/rl-14/Desktop/Celine-Thesis/all-data-reordered/all/Mga negosyong walay business permit padayong gisuhod sa BPLD-GenSan.txt
/Users/rl-14/Desktop/Celine-Thesis/all-data-reordered/all/Mga netizens miangal pagmahal sa entrance sa Mt. Apo.txt
/Users/rl-14/Desktop/Celine-Thesis/all-data-reordered/all/Mga NPA food-medical supplies,nabawi sa AFP sa Bukidnon.txt
/Users/rl-14/Desktop/Celine-Thesis/all-data-reordered/all/Mga NPA gipanawagan nga mosurender .txt
/Users/rl-14/Desktop/Celine-Thesis/all-data-reordered/all/Mga NPA nasiplatan sa Magsaysay, Matanao.txt
/Users/rl-14/Desktop/Celine-Thesis/all-data-reordered/all/Mga Obispo nga motambong sa plenary Assembly gikinahanglang maisogon sa baruganan sa national issue-Human LIfe Advocate.txt
/Users/rl-14/Desktop/Celine-Thesis/all-data-reordered/all/Mga OFW sa Kuwait mas gustong magpabilin sa Kuwait bisan pa man sa deployment ban.txt
/Users/rl-14/Desktop/Celine-Thesis/all-data-reordered/all/Mga OFWs sa Taiwan, nangandam para sa mas kusog pang linog.txt
/Users/rl-14/Desktop/Celine-Thesis/all-data-reordered/all/Mga OFWs, nakunhuran ang homesick sa live streaming sa Doble Kara Singing Contest sa Bombo Radyo.txt
/Users/rl-14/Desktop/Celine-Thesis/all-data-reordered/all/Mga operator namasahero atol sa transport strike .txt
/Users/rl-14/Desktop/Celine-Thesis/all-data-reordered/all/Mga opisyal naghinam-himan hisgutan ang bahin sa eleksyon.txt
/Users/rl-14/Desktop/Celine-Thesis/all-data-reordered/all/Mga opisyal nga misuporta sa NPA ipatubag.txt
/Users/rl-14/Desktop/Celine-Thesis/all-data-reordered/all/Mga opisyal sa Bathalad-Sugbo.txt
/Users/rl-14/Desktop/Celine-Thesis/all-data-reordered/all/Mga opisyal sa Cocpo gilahugay.txt
/Users/rl-14/Desktop/Celine-Thesis/all-data-reordered/all/Mga opisyal sa Dumlog, City Legal Office hayan ikiha.txt
/Users/rl-14/Desktop/Celine-Thesis/all-data-reordered/all/Mga opisyal sa Lapu gidili pagsud sa casino .txt
/Users/rl-14/Desktop/Celine-Thesis/all-data-reordered/all/Mga opisyal sa LGU gipailawom og surprisa nga drug test.txt
/Users/rl-14/Desktop/Celine-Thesis/all-data-reordered/all/Mga opisyales sa DavOcc gibansay.txt
/Users/rl-14/Desktop/Celine-Thesis/all-data-reordered/all/Mga orihinal nga komposisyon awiton sa Sugat sa Guadalupe.txt
/Users/rl-14/Desktop/Celine-Thesis/all-data-reordered/all/Mga ospital giandam sa Sinulog.txt
/Users/rl-14/Desktop/Celine-Thesis/all-data-reordered/all/Mga outpost sa Ermita gub-on.txt
/Users/rl-14/Desktop/Celine-Thesis/all-data-reordered/all/Mga paagi pagpalusot og shabu sa jail.txt
/Users/rl-14/Desktop/Celine-Thesis/all-data-reordered/all/Mga pabuto sa DavSur apektado sa krisis  .txt
/Users/rl-14/Desktop/Celine-Thesis/all-data-reordered/all/Mga pabuto, lantaka ipa-imbargo: Tumulak.txt
/Users/rl-14/Desktop/Celine-Thesis/all-data-reordered/all/Mga pagtulun-an kabahin sa katalagman sa kabataan.txt
/Users/rl-14/Desktop/Celine-Thesis/all-data-reordered/all/Mga Paguigpulong sa Iningles ug Binisaya.txt
/Users/rl-14/Desktop/Celine-Thesis/all-data-reordered/all/Mga Palihi sa Bag-ong Tuig!.txt
/Users/rl-14/Desktop/Celine-Thesis/all-data-reordered/all/Mga partisipante sa Cebu marathon mireklamo.txt
/Users/rl-14/Desktop/Celine-Thesis/all-data-reordered/all/Mga party drug nangasakmit.txt
/Users/rl-14/Desktop/Celine-Thesis/all-data-reordered/all/Mga pasahero gipaabot modagsa.txt
/Users/rl-14/Desktop/Celine-Thesis/all-data-reordered/all/Mga pat-ak sa dugo napalgan sa bangka.txt
/Users/rl-14/Desktop/Celine-Thesis/all-data-reordered/all/Mga PBA legends bilib ni Kobe Paras.txt
/Users/rl-14/Desktop/Celine-Thesis/all-data-reordered/all/Mga pelikula nga pang-Valentines .txt
/Users/rl-14/Desktop/Celine-Thesis/all-data-reordered/all/Mga pelikulang gi-atngan sa 2018.txt
/Users/rl-14/Desktop/Celine-Thesis/all-data-reordered/all/Mga personalidad nga i-tokhang gihangyo nga magsurender ug tarong ug dili musukol- PNP.txt
/Users/rl-14/Desktop/Celine-Thesis/all-data-reordered/all/Mga pinabuthang isda nasakmit .txt
/Users/rl-14/Desktop/Celine-Thesis/all-data-reordered/all/Mga piniriso mireklamo sa pagkaon .txt
/Users/rl-14/Desktop/Celine-Thesis/all-data-reordered/all/Mga piniriso nagsuyop.txt
/Users/rl-14/Desktop/Celine-Thesis/all-data-reordered/all/Mga piniriso sa CPDRC mipasakag petisyon.txt
/Users/rl-14/Desktop/Celine-Thesis/all-data-reordered/all/Mga piniriso sa MOPJ posibleng mosaka.txt
/Users/rl-14/Desktop/Celine-Thesis/all-data-reordered/all/Mga piniriso, gihatagan higayon isaulog ang Valentines Day diha sa MisOr jail.txt
/Users/rl-14/Desktop/Celine-Thesis/all-data-reordered/all/Mga Pinoy boxers sayo moarangkada.txt
/Users/rl-14/Desktop/Celine-Thesis/all-data-reordered/all/Mga pinoy nangapukan.txt
/Users/rl-14/Desktop/Celine-Thesis/all-data-reordered/all/Mga Pinoy sa Europe, natagamtaman ang hilabihang katugnaw sa klima.txt
/Users/rl-14/Desktop/Celine-Thesis/all-data-reordered/all/Mga Pinoy sa Hawaii mo-host sa 15th Wekaf World Championships.txt
/Users/rl-14/Desktop/Celine-Thesis/all-data-reordered/all/Mga plano sa bag-ong Miss Universe   SunStar.txt
/Users/rl-14/Desktop/Celine-Thesis/all-data-reordered/all/Mga political dynasty ug kakabus.txt
/Users/rl-14/Desktop/Celine-Thesis/all-data-reordered/all/Mga politiko dili angayang gamiton ang mga 4Ps beneficiaries sa Barangay election: DSWD.txt
/Users/rl-14/Desktop/Celine-Thesis/all-data-reordered/all/Mga politikong nagtakuban sa pagka-pro federalism, gibaharan.txt
/Users/rl-14/Desktop/Celine-Thesis/all-data-reordered/all/Mga posteng hinungdan sa na-delay nga urban drainage system project sa Butuan City, ipa-ilalom sa color tagging.txt
/Users/rl-14/Desktop/Celine-Thesis/all-data-reordered/all/Mga potential sa billiard ania sa Cebu: Bata Reyes .txt
/Users/rl-14/Desktop/Celine-Thesis/all-data-reordered/all/Mga priso sa CCJ way ligo, baho.txt
/Users/rl-14/Desktop/Celine-Thesis/all-data-reordered/all/Mga priso sa MisOr jail dili makabotar.txt
/Users/rl-14/Desktop/Celine-Thesis/all-data-reordered/all/Mga produkto sa lungsod sa JAS, gibida sa 8th Kapyaan Festival.txt
/Users/rl-14/Desktop/Celine-Thesis/all-data-reordered/all/Mga progressive groups nagtuo nga mas mograbe pa ang human rights violations sa paglingkod ni Año sa DILG.txt
/Users/rl-14/Desktop/Celine-Thesis/all-data-reordered/all/Mga prosecutor,tutok sa Rotoras case sa CdeO.txt
/Users/rl-14/Desktop/Celine-Thesis/all-data-reordered/all/Mga PUJ paagion sa SRP.txt
/Users/rl-14/Desktop/Celine-Thesis/all-data-reordered/all/Mga pulis gi-ambush.txt
/Users/rl-14/Desktop/Celine-Thesis/all-data-reordered/all/Mga pulis gibauran pagdawat, pagpangayo taliwa sa Pasko.txt
/Users/rl-14/Desktop/Celine-Thesis/all-data-reordered/all/Mga pulis gitahasan pag-ila sa narco-politicians.txt
/Users/rl-14/Desktop/Celine-Thesis/all-data-reordered/all/Mga pulis mag-checkpoint hatagan og masilungan .txt
/Users/rl-14/Desktop/Celine-Thesis/all-data-reordered/all/Mga pulis naglibog asa ang pagkaon human sila gipapirma.txt
/Users/rl-14/Desktop/Celine-Thesis/all-data-reordered/all/Mga pulis nangawat?.txt
/Users/rl-14/Desktop/Celine-Thesis/all-data-reordered/all/Mga pulis nga may kaso gamitong 'traffic aide'.txt
/Users/rl-14/Desktop/Celine-Thesis/all-data-reordered/all/Mga pulis padayon sa ilang trabaho.txt
/Users/rl-14/Desktop/Celine-Thesis/all-data-reordered/all/Mga pulis sa Caraga Region, gipa-ilalom sa HIV test.txt
/Users/rl-14/Desktop/Celine-Thesis/all-data-reordered/all/Mga pulis sa City Anti-Drugs gibalik sa ilang unit.txt
/Users/rl-14/Desktop/Celine-Thesis/all-data-reordered/all/Mga pulis sa drug payola atua sa Crame.txt
/Users/rl-14/Desktop/Celine-Thesis/all-data-reordered/all/Mga pulis sa Lapu gipa drug test.txt
/Users/rl-14/Desktop/Celine-Thesis/all-data-reordered/all/Mga pulis sa Naga giakusahang mi-salvage.txt
/Users/rl-14/Desktop/Celine-Thesis/all-data-reordered/all/Mga pulis sa Station 6 gisilutan.txt
/Users/rl-14/Desktop/Celine-Thesis/all-data-reordered/all/Mga pulis sa Talisay taktakon.txt
/Users/rl-14/Desktop/Celine-Thesis/all-data-reordered/all/Mga pulis tudloan og Korean, Ininsik.txt
/Users/rl-14/Desktop/Celine-Thesis/all-data-reordered/all/Mga pulis, gipaubos sa drug test ning syudad.txt
/Users/rl-14/Desktop/Celine-Thesis/all-data-reordered/all/Mga pulis, politiko naa sa listahan.txt
/Users/rl-14/Desktop/Celine-Thesis/all-data-reordered/all/Mga pulis, tanod gipakatap sa PRO 8 .txt
/Users/rl-14/Desktop/Celine-Thesis/all-data-reordered/all/Mga rali bantayn og maayo.txt
/Users/rl-14/Desktop/Celine-Thesis/all-data-reordered/all/Mga rebel returnees nga mibiyahe sa kauluhan gilauman nga daghanan ug makat-onan sa ilang educational tour.txt
/Users/rl-14/Desktop/Celine-Thesis/all-data-reordered/all/Mga rebel surrenderees nga gikan sa Malacañang, mipauli sa Mindanao nga puno sa kalipay.txt
/Users/rl-14/Desktop/Celine-Thesis/all-data-reordered/all/Mga rebelding mihijack sa 3 ka boom truck sprayer padayong gilutos sa militar ug kapulisan.txt
/Users/rl-14/Desktop/Celine-Thesis/all-data-reordered/all/Mga ref sa Ginebra-GlobalPort sukitsukiton .txt
/Users/rl-14/Desktop/Celine-Thesis/all-data-reordered/all/Mga reklamo sa Dabawenyo atimanon.txt
/Users/rl-14/Desktop/Celine-Thesis/all-data-reordered/all/Mga relief good 'gipamaligya' sa bakwit.txt
/Users/rl-14/Desktop/Celine-Thesis/all-data-reordered/all/Mga reporter nga nag-cover sa PNP beat ipa-background check?.txt
/Users/rl-14/Desktop/Celine-Thesis/all-data-reordered/all/Mga reserba gamiton na.txt
/Users/rl-14/Desktop/Celine-Thesis/all-data-reordered/all/Mga residente daplin sa suba, andam na nga mubiya sa ilang pinuy-anan.txt
/Users/rl-14/Desktop/Celine-Thesis/all-data-reordered/all/Mga residente duol sa coastal road, gipahimango-an nga dili hilabtan kung adunay makita nga vintage bomb.txt
/Users/rl-14/Desktop/Celine-Thesis/all-data-reordered/all/Mga residente nanawagan ni Pres. Duterte.txt
/Users/rl-14/Desktop/Celine-Thesis/all-data-reordered/all/Mga residente suportado ang waste segregation.txt
/Users/rl-14/Desktop/Celine-Thesis/all-data-reordered/all/Mga Rio Olympians gihatagan og bonus.txt
/Users/rl-14/Desktop/Celine-Thesis/all-data-reordered/all/Mga sakop sa grupong Maute,napatay sa engkuwentro sa Lanao del Sur.txt
/Users/rl-14/Desktop/Celine-Thesis/all-data-reordered/all/Mga sakop sa LP mibalhin sa PDP.txt
/Users/rl-14/Desktop/Celine-Thesis/all-data-reordered/all/Mga sakop sa Maute Group posibling ania usab sa Sugbo.txt
/Users/rl-14/Desktop/Celine-Thesis/all-data-reordered/all/Mga sakop sa media, bawal na sulod sa gov’t hospital sa GenSan.txt
/Users/rl-14/Desktop/Celine-Thesis/all-data-reordered/all/Mga sakop sa TEAM hatagan og incentives.txt
/Users/rl-14/Desktop/Celine-Thesis/all-data-reordered/all/Mga sakyanan nagdumbol.txt
/Users/rl-14/Desktop/Celine-Thesis/all-data-reordered/all/Mga sakyanan nga gi-impound gibalhin sa Bigfoot.txt
/Users/rl-14/Desktop/Celine-Thesis/all-data-reordered/all/Mga sakyanan nga i-park sa kadalanan guroyon na.txt
/Users/rl-14/Desktop/Celine-Thesis/all-data-reordered/all/Mga sakyanan nga moagi sa coastal road posibleng bahinon.txt
/Users/rl-14/Desktop/Celine-Thesis/all-data-reordered/all/Mga sekreto sa 101-anyos nga si Servillano Bedro.txt
/Users/rl-14/Desktop/Celine-Thesis/all-data-reordered/all/Mga sekreto sa mga star athletes.txt
/Users/rl-14/Desktop/Celine-Thesis/all-data-reordered/all/Mga senior midawat sa ilang P1,000.txt
/Users/rl-14/Desktop/Celine-Thesis/all-data-reordered/all/Mga sigarilyo gisugdan na og sakmit.txt
/Users/rl-14/Desktop/Celine-Thesis/all-data-reordered/all/Mga simbahan sa Davao Sur gidugok sa mga deboto.txt
/Users/rl-14/Desktop/Celine-Thesis/all-data-reordered/all/Mga sugboanon nga atleta pasidunggan.txt
/Users/rl-14/Desktop/Celine-Thesis/all-data-reordered/all/Mga sundalo gi-drug test .txt
/Users/rl-14/Desktop/Celine-Thesis/all-data-reordered/all/Mga suspect sa paglugos ug pagpatay sa 2 ka tuig nga batang babae pulos mga minor de edad.txt
/Users/rl-14/Desktop/Celine-Thesis/all-data-reordered/all/Mga suspek sa masaker nakig-anib na sa BIFF.txt
/Users/rl-14/Desktop/Celine-Thesis/all-data-reordered/all/Mga suspek sa pagbanhig sa manager og sekyu sa East West bank, duna na’y carto sketch.txt
/Users/rl-14/Desktop/Celine-Thesis/all-data-reordered/all/Mga suspek sa paglugos sa 13-anyos nga dalagita, gikasuhan na.txt
/Users/rl-14/Desktop/Celine-Thesis/all-data-reordered/all/Mga suspek sa pagtipi ni Oberes: Di mi guilty.txt
/Users/rl-14/Desktop/Celine-Thesis/all-data-reordered/all/Mga suspetsado pagpatay sa trisikad driver, giawhag nga motahan ning syudad.txt
/Users/rl-14/Desktop/Celine-Thesis/all-data-reordered/all/Mga tag-iya sa mga bar mokampanya batok drugs; pushers nasikop sa motel.txt
/Users/rl-14/Desktop/Celine-Thesis/all-data-reordered/all/Mga taga CPDRC way P10T.txt
/Users/rl-14/Desktop/Celine-Thesis/all-data-reordered/all/Mga taga Ermita nagprotesta.txt
/Users/rl-14/Desktop/Celine-Thesis/all-data-reordered/all/Mga taho sa Abu Sayyaf nakapahadlok.txt
/Users/rl-14/Desktop/Celine-Thesis/all-data-reordered/all/Mga tang-an apil.txt
/Users/rl-14/Desktop/Celine-Thesis/all-data-reordered/all/Mga tanod ipangdestino sa NRA.txt
/Users/rl-14/Desktop/Celine-Thesis/all-data-reordered/all/Mga tanod moisyu og citation ticket .txt
/Users/rl-14/Desktop/Celine-Thesis/all-data-reordered/all/Mga taxi operators, mihangyo ug lugway sa pag-calibrate sa mga metrohan.txt
/Users/rl-14/Desktop/Celine-Thesis/all-data-reordered/all/Mga taxi pabutangan og dashcam.txt
/Users/rl-14/Desktop/Celine-Thesis/all-data-reordered/all/Mga taxi sa Cebu mosundog sa Uber, Grab.txt
/Users/rl-14/Desktop/Celine-Thesis/all-data-reordered/all/Mga tenants sa nasunog nga NCCC, gitugutan sa pag recover sa mga nahibiling gamit sulod sa mall.txt
/Users/rl-14/Desktop/Celine-Thesis/all-data-reordered/all/Mga terorista nagplano nga mangidnap sa Cebu .txt
/Users/rl-14/Desktop/Celine-Thesis/all-data-reordered/all/Mga tickets sa megafight gisugdan na og pamaligya.txt
/Users/rl-14/Desktop/Celine-Thesis/all-data-reordered/all/Mga tiggama og pabuto nabalaka sa EO ni Duterte.txt
/Users/rl-14/Desktop/Celine-Thesis/all-data-reordered/all/Mga tiket sa Sinulog gisugdan nag baligya .txt
/Users/rl-14/Desktop/Celine-Thesis/all-data-reordered/all/Mga tinun-an did-an nga makasud sa internetan.txt
/Users/rl-14/Desktop/Celine-Thesis/all-data-reordered/all/Mga tinun-an gi-edukar kalabot sa illegal nga droga.txt
/Users/rl-14/Desktop/Celine-Thesis/all-data-reordered/all/Mga tinun-an sa Tangke gi-TB check.txt
/Users/rl-14/Desktop/Celine-Thesis/all-data-reordered/all/Mga tokhang surrenderees, i rehab sa rehiyon X.txt
/Users/rl-14/Desktop/Celine-Thesis/all-data-reordered/all/Mga trabahante sa duha ka banana plantations sa Davao, gihasi sa mga rebeldeng New People’s Army (NPA).txt
/Users/rl-14/Desktop/Celine-Thesis/all-data-reordered/all/Mga trabahante sa gipasira nga 2 ka bars paadtuon sa City Hall.txt
/Users/rl-14/Desktop/Celine-Thesis/all-data-reordered/all/Mga traffic enforcer sa Minglanilla gipaubos sa seminar sa opisyal sa TEAM.txt
/Users/rl-14/Desktop/Celine-Thesis/all-data-reordered/all/Mga traffic enforcers nga nalambigit sa droga ipadakop.txt
/Users/rl-14/Desktop/Celine-Thesis/all-data-reordered/all/Mga traffic enforcers sa dakbayan sa Mandaue ipaubos sa training .txt
/Users/rl-14/Desktop/Celine-Thesis/all-data-reordered/all/Mga traysikol sa Talisay nga walay prangkisa gitagalan sa CT-TODA.txt
/Users/rl-14/Desktop/Celine-Thesis/all-data-reordered/all/Mga trisikad sa highway gibaharan  .txt
/Users/rl-14/Desktop/Celine-Thesis/all-data-reordered/all/Mga turista did-an nang mag-night swimming sa mga resorts sa Samal.txt
/Users/rl-14/Desktop/Celine-Thesis/all-data-reordered/all/Mga turista namalik na sa southern Cebu.txt
/Users/rl-14/Desktop/Celine-Thesis/all-data-reordered/all/Mga TV networks maghiusa: Solar.txt
/Users/rl-14/Desktop/Celine-Thesis/all-data-reordered/all/Mga undocumented Indonesian sa syudad gihimamat sa ilang Foreign Affairs minister.txt
/Users/rl-14/Desktop/Celine-Thesis/all-data-reordered/all/Mga Uy sa mga Emano:”It’s not yet an election time”.txt
/Users/rl-14/Desktop/Celine-Thesis/all-data-reordered/all/Mga V-hire driver nga anaa sa terminal sa Kamagayan gipaubos sa drug test .txt
/Users/rl-14/Desktop/Celine-Thesis/all-data-reordered/all/Mga vendors nabalaka nga walay kitaon.txt
/Users/rl-14/Desktop/Celine-Thesis/all-data-reordered/all/Mga volunteer police auxillary doble alerto human gitabanngan ug dunggab ang ilang kaubaan..txt
/Users/rl-14/Desktop/Celine-Thesis/all-data-reordered/all/Mga young prof sa LDS dunay hangyo kabahin sa BBL .txt
/Users/rl-14/Desktop/Celine-Thesis/all-data-reordered/all/Mga ‘adik’ nga teacher ipatahan.txt
/Users/rl-14/Desktop/Celine-Thesis/all-data-reordered/all/Mga “single” gihatagan ug priority sa Mandaue City Hall.txt
/Users/rl-14/Desktop/Celine-Thesis/all-data-reordered/all/MGM, Aspa sa finals.txt
/Users/rl-14/Desktop/Celine-Thesis/all-data-reordered/all/Mi-move on na si Horn.txt
/Users/rl-14/Desktop/Celine-Thesis/all-data-reordered/all/Mi-post sa pangidnap sa Mandaue nangayog pasaylo.txt
/Users/rl-14/Desktop/Celine-Thesis/all-data-reordered/all/Mi-surrender sa Tokhang nananom.txt
/Users/rl-14/Desktop/Celine-Thesis/all-data-reordered/all/Miabot na’g 96 extension nga bangko nangasakmit.txt
/Users/rl-14/Desktop/Celine-Thesis/all-data-reordered/all/Miambak sa mall, patay .txt
/Users/rl-14/Desktop/Celine-Thesis/all-data-reordered/all/Miambak sa rooftop nakahikot ang liog.txt
/Users/rl-14/Desktop/Celine-Thesis/all-data-reordered/all/Miangkon nga bayot.txt
/Users/rl-14/Desktop/Celine-Thesis/all-data-reordered/all/Miangkon si Floyd.txt
/Users/rl-14/Desktop/Celine-Thesis/all-data-reordered/all/Mibaligya og bino sa 6 ka menor pasirhan.txt
/Users/rl-14/Desktop/Celine-Thesis/all-data-reordered/all/Mibawi sa opensiba.txt
/Users/rl-14/Desktop/Celine-Thesis/all-data-reordered/all/Mibayad og buhis sa Cebu City.txt
/Users/rl-14/Desktop/Celine-Thesis/all-data-reordered/all/Mibiya sa gidiling druga tungod sa mga anak.txt
/Users/rl-14/Desktop/Celine-Thesis/all-data-reordered/all/MiCab mihangop sa lagda sa LTFRB ride-sharing apps.txt
/Users/rl-14/Desktop/Celine-Thesis/all-data-reordered/all/Michelle Madrigal nanganak na.txt
/Users/rl-14/Desktop/Celine-Thesis/all-data-reordered/all/Micro Finance Nanay: Nagkugi sa pagpanahi.txt
/Users/rl-14/Desktop/Celine-Thesis/all-data-reordered/all/Micro Finance Nanay: Wala palupig sa pagsuway.txt
/Users/rl-14/Desktop/Celine-Thesis/all-data-reordered/all/Micro-Finance Nanays: Kakugi nag-usab sa kinabuhi.txt
/Users/rl-14/Desktop/Celine-Thesis/all-data-reordered/all/Midala sa digital learning sa kabukiran.txt
/Users/rl-14/Desktop/Celine-Thesis/all-data-reordered/all/Midaub sa anak naghikog.txt
/Users/rl-14/Desktop/Celine-Thesis/all-data-reordered/all/Midwife sa Pajac mihimakak.txt
/Users/rl-14/Desktop/Celine-Thesis/all-data-reordered/all/Migallen Sultan makigbatok sa iyang idolo  SunStar.txt
/Users/rl-14/Desktop/Celine-Thesis/all-data-reordered/all/Migallen: 2017 Cesafi slam dunk competition.txt
/Users/rl-14/Desktop/Celine-Thesis/all-data-reordered/all/Migallen: Ang hataas nga pasensiya ni Melindo (Part 2).txt
/Users/rl-14/Desktop/Celine-Thesis/all-data-reordered/all/Migallen: Ang pagtago sa injury ni Pacquiao.txt
/Users/rl-14/Desktop/Celine-Thesis/all-data-reordered/all/Migallen: Ang panihapon uban ni Nietes.txt
/Users/rl-14/Desktop/Celine-Thesis/all-data-reordered/all/Migallen: Ang tanghaga ni Compton.txt
/Users/rl-14/Desktop/Celine-Thesis/all-data-reordered/all/Migallen: Bawos-bawos lang.txt
/Users/rl-14/Desktop/Celine-Thesis/all-data-reordered/all/Migallen: Birada ni Manotoc sa PBA.txt
/Users/rl-14/Desktop/Celine-Thesis/all-data-reordered/all/Migallen: CBAA: Balik lantaw sa kagahapon.txt
/Users/rl-14/Desktop/Celine-Thesis/all-data-reordered/all/Migallen: Coach Britt ug ang iyang alma mater.txt
/Users/rl-14/Desktop/Celine-Thesis/all-data-reordered/all/Migallen: Congrats Coach, Congrats UV, UC.txt
/Users/rl-14/Desktop/Celine-Thesis/all-data-reordered/all/Migallen: El Presidente haom pagka PSC chair.txt
/Users/rl-14/Desktop/Celine-Thesis/all-data-reordered/all/Migallen: Emil’s Fresh Chicken Fiesta Cup.txt
/Users/rl-14/Desktop/Celine-Thesis/all-data-reordered/all/Migallen: Guardo ug ang sports.txt
/Users/rl-14/Desktop/Celine-Thesis/all-data-reordered/all/Migallen: Insulto sa mayor.txt
/Users/rl-14/Desktop/Celine-Thesis/all-data-reordered/all/Migallen: Kaguliyang sa Cavaliers.txt
/Users/rl-14/Desktop/Celine-Thesis/all-data-reordered/all/Migallen: Kanimo, Mary Joy.txt
/Users/rl-14/Desktop/Celine-Thesis/all-data-reordered/all/Migallen: Lahugay sa PSC?.txt
/Users/rl-14/Desktop/Celine-Thesis/all-data-reordered/all/Migallen: Laing putahi alang ni Donnie.txt
/Users/rl-14/Desktop/Celine-Thesis/all-data-reordered/all/Migallen: Liderato ni Alapag.txt
/Users/rl-14/Desktop/Celine-Thesis/all-data-reordered/all/Migallen: Mahindra, Coach Chris (Ikaduhang yugto).txt
/Users/rl-14/Desktop/Celine-Thesis/all-data-reordered/all/Migallen: Misyon ni Hon. Guardo.txt
/Users/rl-14/Desktop/Celine-Thesis/all-data-reordered/all/Migallen: Patutsada ni Jordan sa Golden State.txt
/Users/rl-14/Desktop/Celine-Thesis/all-data-reordered/all/Migallen: PBA namilegro ubos ni Narvasa?.txt
/Users/rl-14/Desktop/Celine-Thesis/all-data-reordered/all/Migallen: POC reelection mani-obrahon?.txt
/Users/rl-14/Desktop/Celine-Thesis/all-data-reordered/all/Migallen: Problema sa Cavaliers.txt
/Users/rl-14/Desktop/Celine-Thesis/all-data-reordered/all/Migallen: Respeto.txt
/Users/rl-14/Desktop/Celine-Thesis/all-data-reordered/all/Migallen: Sakto na kaha sa timpla ang Cavaliers?.txt
/Users/rl-14/Desktop/Celine-Thesis/all-data-reordered/all/Migallen: Si Prince ug ang iyang kapildihan.txt
/Users/rl-14/Desktop/Celine-Thesis/all-data-reordered/all/Migallen: Tabal i-endorse kaha sa Patafa?.txt
/Users/rl-14/Desktop/Celine-Thesis/all-data-reordered/all/Migallen: Tamparos ni Juico.txt
/Users/rl-14/Desktop/Celine-Thesis/all-data-reordered/all/Migallen: Tepora undercard sa away ni Pacquiao?.txt
/Users/rl-14/Desktop/Celine-Thesis/all-data-reordered/all/Migallen: Trick ni coach Yeng.txt
/Users/rl-14/Desktop/Celine-Thesis/all-data-reordered/all/Migamay ang kaso sa dengue sa Sugbo sa tuig 2017.txt
/Users/rl-14/Desktop/Celine-Thesis/all-data-reordered/all/Migamit sa oportunidad sa industriya sa cacao .txt
/Users/rl-14/Desktop/Celine-Thesis/all-data-reordered/all/Mighty Sports sulod sa finals v. Shark.txt
/Users/rl-14/Desktop/Celine-Thesis/all-data-reordered/all/Migratory birds sa Olango island giobserbahan sa DA.txt
/Users/rl-14/Desktop/Celine-Thesis/all-data-reordered/all/Mihakwat sa Celtics.txt
/Users/rl-14/Desktop/Celine-Thesis/all-data-reordered/all/Mihangop ra dayon.txt
/Users/rl-14/Desktop/Celine-Thesis/all-data-reordered/all/Mihatag og textmate sa asawa giluba .txt
/Users/rl-14/Desktop/Celine-Thesis/all-data-reordered/all/Miho padayon ang kinabuhi human sa break-up.txt
/Users/rl-14/Desktop/Celine-Thesis/all-data-reordered/all/Miho uyon sa pag pose ni Tommy.txt
/Users/rl-14/Desktop/Celine-Thesis/all-data-reordered/all/Miihaw sa pawikan ikiha.txt
/Users/rl-14/Desktop/Celine-Thesis/all-data-reordered/all/Mika walay ikabalos?.txt
/Users/rl-14/Desktop/Celine-Thesis/all-data-reordered/all/Mikagat sa paon sa pulis, nalit-ag .txt
/Users/rl-14/Desktop/Celine-Thesis/all-data-reordered/all/Mikatap nga text kalabot Aids pagpapanghadlok lamang.txt
/Users/rl-14/Desktop/Celine-Thesis/all-data-reordered/all/Mike mibakasyon na sa US.txt
/Users/rl-14/Desktop/Celine-Thesis/all-data-reordered/all/Mike nakigkita sa PDEA head; nangayo og mga dokumento.txt
/Users/rl-14/Desktop/Celine-Thesis/all-data-reordered/all/Mike Rama gihulga nga patyon.txt
/Users/rl-14/Desktop/Celine-Thesis/all-data-reordered/all/Mike, kaubanan sa school board gipaninglan ni Osmeña sa P81 M.txt
/Users/rl-14/Desktop/Celine-Thesis/all-data-reordered/all/Mike, Team Rama, Quisumbing, kauban manumpa sa PDP-Laban.txt
/Users/rl-14/Desktop/Celine-Thesis/all-data-reordered/all/Mikulit og kasaysayan.txt
/Users/rl-14/Desktop/Celine-Thesis/all-data-reordered/all/Mikunhod na ang abilidad ni Pacquiao, asoy ni Roach.txt
/Users/rl-14/Desktop/Celine-Thesis/all-data-reordered/all/Mikunhod og 30% ang krimen sa CV.txt
/Users/rl-14/Desktop/Celine-Thesis/all-data-reordered/all/Mikuyog sa kapuyo, gipatay.txt
/Users/rl-14/Desktop/Celine-Thesis/all-data-reordered/all/Milagda og kasabotan sa Chinese companies.txt
/Users/rl-14/Desktop/Celine-Thesis/all-data-reordered/all/Milan manuktok alang sa world title sa ikatulong higayon.txt
/Users/rl-14/Desktop/Celine-Thesis/all-data-reordered/all/Milan mogukod sa kasaysayan.txt
/Users/rl-14/Desktop/Celine-Thesis/all-data-reordered/all/Milendo determinado .txt
/Users/rl-14/Desktop/Celine-Thesis/all-data-reordered/all/Milendo gusto'g unification fight.txt
/Users/rl-14/Desktop/Celine-Thesis/all-data-reordered/all/Milendo-Budler ipa-rematch: IBF.txt
/Users/rl-14/Desktop/Celine-Thesis/all-data-reordered/all/MILF motabang pagsumpo sa illegal drugs.txt
/Users/rl-14/Desktop/Celine-Thesis/all-data-reordered/all/Miligis sa traffic enforcer gipasakahag kaso.txt
/Users/rl-14/Desktop/Celine-Thesis/all-data-reordered/all/Militante manawagan ibalik ang peace talks.txt
/Users/rl-14/Desktop/Celine-Thesis/all-data-reordered/all/Militante nagsugod na sa peace rally.txt
/Users/rl-14/Desktop/Celine-Thesis/all-data-reordered/all/Militar emosyonal sa planong pagbuhi sa political prisoners.txt
/Users/rl-14/Desktop/Celine-Thesis/all-data-reordered/all/Militar giunhan plano nga pag-atake sa BIFF.txt
/Users/rl-14/Desktop/Celine-Thesis/all-data-reordered/all/Militar, nanghunaw nga sa ila gikan ang mibusikad nga bala sa M203 nga mipatay sa 3 ka mga bata sa Surigao del Sur.txt
/Users/rl-14/Desktop/Celine-Thesis/all-data-reordered/all/Militar, NPA nagbakbakay; 1 misurender.txt
/Users/rl-14/Desktop/Celine-Thesis/all-data-reordered/all/Miller aduna pa’y ikabuga alang sa nasod.txt
/Users/rl-14/Desktop/Celine-Thesis/all-data-reordered/all/Miller mas maayo pa ni Curry?.txt
/Users/rl-14/Desktop/Celine-Thesis/all-data-reordered/all/Miller, Ildefonso delikado nga mapapha.txt
/Users/rl-14/Desktop/Celine-Thesis/all-data-reordered/all/Miller, Reid mangulo sa Pilipinas Aguilas.txt
/Users/rl-14/Desktop/Celine-Thesis/all-data-reordered/all/Milo National finals sa Clark.txt
/Users/rl-14/Desktop/Celine-Thesis/all-data-reordered/all/Milo run gisibog Nobyembre 6.txt
/Users/rl-14/Desktop/Celine-Thesis/all-data-reordered/all/Milolympics balik sa karaan.txt
/Users/rl-14/Desktop/Celine-Thesis/all-data-reordered/all/Milolympics Minda Leg karong Sept. 30.txt
/Users/rl-14/Desktop/Celine-Thesis/all-data-reordered/all/Milolympics Visayas leg sa Iloilo na ipahigayon.txt
/Users/rl-14/Desktop/Celine-Thesis/all-data-reordered/all/Milugos sa kolehiyala nagtago-tago.txt
/Users/rl-14/Desktop/Celine-Thesis/all-data-reordered/all/Mindanao Week of Peace 2017 gisugdan kagahapon.txt
/Users/rl-14/Desktop/Celine-Thesis/all-data-reordered/all/Mingla hapin na masyudad: Peña.txt
/Users/rl-14/Desktop/Celine-Thesis/all-data-reordered/all/Mingla mang-clamp sa mga sakyanan.txt
/Users/rl-14/Desktop/Celine-Thesis/all-data-reordered/all/Mingla-‘Lacion finals sugdan na.txt
/Users/rl-14/Desktop/Celine-Thesis/all-data-reordered/all/Minglanilla 1st Governor’s Cup champion.txt
/Users/rl-14/Desktop/Celine-Thesis/all-data-reordered/all/Minglanilla mopapasiugda sa derby.txt
/Users/rl-14/Desktop/Celine-Thesis/all-data-reordered/all/Minilyon nga bata gikabalak-ang nabakunahan ug Dengvaxia sa mga pribadong klinika; CHO, walo pa lang ka bata nga nabakunahan sa GenSan.txt
/Users/rl-14/Desktop/Celine-Thesis/all-data-reordered/all/Minilyon nga proyekto gibubo sa agriculture office sa Davao Occidental.txt
/Users/rl-14/Desktop/Celine-Thesis/all-data-reordered/all/Minilyong 2018 budget insertion,gi-buking ni Moreno sa CdeO.txt
/Users/rl-14/Desktop/Celine-Thesis/all-data-reordered/all/Minimum wage tukion sa RTWBP  .txt
/Users/rl-14/Desktop/Celine-Thesis/all-data-reordered/all/Minnesota hara sa WNBA.txt
/Users/rl-14/Desktop/Celine-Thesis/all-data-reordered/all/Minor de edad,nalumos patay sa CdeO.txt
/Users/rl-14/Desktop/Celine-Thesis/all-data-reordered/all/Minos ang kisaw sa pustaanay.txt
/Users/rl-14/Desktop/Celine-Thesis/all-data-reordered/all/Minos pang nangabot sa CSBT kagahapon.txt
/Users/rl-14/Desktop/Celine-Thesis/all-data-reordered/all/Minyo gi-ilogan sa duha ka kabit .txt
/Users/rl-14/Desktop/Celine-Thesis/all-data-reordered/all/Minyo gilugos sa tulay.txt
/Users/rl-14/Desktop/Celine-Thesis/all-data-reordered/all/Minyo wala ka-eskor, gikawatan pa.txt
/Users/rl-14/Desktop/Celine-Thesis/all-data-reordered/all/Miocic mi-knockout ni Werdum sa UFC 198.txt
/Users/rl-14/Desktop/Celine-Thesis/all-data-reordered/all/Mipasakit ni Kim iyaha ng gipasaylo.txt
/Users/rl-14/Desktop/Celine-Thesis/all-data-reordered/all/Mipasalamat sa Kalahi-CIDSS Gender.txt
/Users/rl-14/Desktop/Celine-Thesis/all-data-reordered/all/Mipasar sa Napolcom exam niminos.txt
/Users/rl-14/Desktop/Celine-Thesis/all-data-reordered/all/Mipatay ni Maxi gisud na sa CCJ human nakagawas sa ospital.txt
/Users/rl-14/Desktop/Celine-Thesis/all-data-reordered/all/Mipatay sa kainom gipangita.txt
/Users/rl-14/Desktop/Celine-Thesis/all-data-reordered/all/Mipatay sa tomboy gawasnon pa.txt
/Users/rl-14/Desktop/Celine-Thesis/all-data-reordered/all/Mipatong walay ‘brief’ sapon .txt
/Users/rl-14/Desktop/Celine-Thesis/all-data-reordered/all/Miral mihan-ay na sa iyang mga programa.txt
/Users/rl-14/Desktop/Celine-Thesis/all-data-reordered/all/Miral nanumpa isip kapitan sa Ermita.txt
/Users/rl-14/Desktop/Celine-Thesis/all-data-reordered/all/Mireklamo sa bugas humay ipatawag ni Mayor Radaza.txt
/Users/rl-14/Desktop/Celine-Thesis/all-data-reordered/all/Miro di modayon og resign.txt
/Users/rl-14/Desktop/Celine-Thesis/all-data-reordered/all/Miro gikiha sa pulis.txt
/Users/rl-14/Desktop/Celine-Thesis/all-data-reordered/all/Miro namakak: Jocelyn .txt
/Users/rl-14/Desktop/Celine-Thesis/all-data-reordered/all/Misaludo si Digong sa kalampusan ni Diaz.txt
/Users/rl-14/Desktop/Celine-Thesis/all-data-reordered/all/Misamis Oriental guv andam sa lifestyle check.txt
/Users/rl-14/Desktop/Celine-Thesis/all-data-reordered/all/Misamis Oriental guv gikwestyon ang Pagasa .txt
/Users/rl-14/Desktop/Celine-Thesis/all-data-reordered/all/Misamis Oriental provincial director gihulipan na.txt
/Users/rl-14/Desktop/Celine-Thesis/all-data-reordered/all/Misikit na sa kasaysayan.txt
/Users/rl-14/Desktop/Celine-Thesis/all-data-reordered/all/Misipa’g plata.txt
/Users/rl-14/Desktop/Celine-Thesis/all-data-reordered/all/Misis sakpan nakig-sex sa lodge .txt
/Users/rl-14/Desktop/Celine-Thesis/all-data-reordered/all/Misis, 2 ka anak gitipi sa amahan.txt
/Users/rl-14/Desktop/Celine-Thesis/all-data-reordered/all/Misis, gidunggab patay sa kaipon.txt
/Users/rl-14/Desktop/Celine-Thesis/all-data-reordered/all/Mismatches maoy nagmakmak sa Cavs.txt
/Users/rl-14/Desktop/Celine-Thesis/all-data-reordered/all/MisOr alerto sa Bagyong ‘Basyang’.txt
/Users/rl-14/Desktop/Celine-Thesis/all-data-reordered/all/MisOr ambulance driver,gikasuhan na.txt
/Users/rl-14/Desktop/Celine-Thesis/all-data-reordered/all/Misor drug pusher,sikop.txt
/Users/rl-14/Desktop/Celine-Thesis/all-data-reordered/all/MisOr farmers organizer,gipusil.txt
/Users/rl-14/Desktop/Celine-Thesis/all-data-reordered/all/MisOr gitakdang magprodyus og mga interpreter .txt
/Users/rl-14/Desktop/Celine-Thesis/all-data-reordered/all/MisOr guv andam mo-atbang ni Morenoz.txt
/Users/rl-14/Desktop/Celine-Thesis/all-data-reordered/all/MisOr guv mikwestyon sa pagbalik-sibya ni Ocon.txt
/Users/rl-14/Desktop/Celine-Thesis/all-data-reordered/all/MisOr guv nagpagawas og memo sa mga ospital .txt
/Users/rl-14/Desktop/Celine-Thesis/all-data-reordered/all/MisOr guv nasakitan sa mga batikos .txt
/Users/rl-14/Desktop/Celine-Thesis/all-data-reordered/all/MisOr guv ngadto kang Oro mayor: Ayaw panumangil.txt
/Users/rl-14/Desktop/Celine-Thesis/all-data-reordered/all/MisOr guv sa CdeO mayor:’Sayo pa aron mamulitika’.txt
/Users/rl-14/Desktop/Celine-Thesis/all-data-reordered/all/MisOr guv sa dismissal order kang Moreno: Justice has prevailed.txt
/Users/rl-14/Desktop/Celine-Thesis/all-data-reordered/all/MisOr guv suportado ang pederalismo.txt
/Users/rl-14/Desktop/Celine-Thesis/all-data-reordered/all/MisOr guv, kanhi konsehal gikasohan.txt
/Users/rl-14/Desktop/Celine-Thesis/all-data-reordered/all/MisOr guv,nangulo sa International Women’s Day.txt
/Users/rl-14/Desktop/Celine-Thesis/all-data-reordered/all/MisOr guv:”Ipadagan ko’g mayor tungod sa grabeng kawat sa CdeO”.txt
/Users/rl-14/Desktop/Celine-Thesis/all-data-reordered/all/MisOr Kuyamis Festival 2018,all set na.txt
/Users/rl-14/Desktop/Celine-Thesis/all-data-reordered/all/MisOr Kuyamis Festival,gihataga’g seguridad sa CdeO.txt
/Users/rl-14/Desktop/Celine-Thesis/all-data-reordered/all/MisOr mi-host sa 3,000 ka mga accountant sa Mindanao .txt
/Users/rl-14/Desktop/Celine-Thesis/all-data-reordered/all/MisOr plane crash,gilab-as.txt
/Users/rl-14/Desktop/Celine-Thesis/all-data-reordered/all/MisOr zero casualty sa Bagyong Basyang.txt
/Users/rl-14/Desktop/Celine-Thesis/all-data-reordered/all/MisOr,gitay-og sa linog.txt
/Users/rl-14/Desktop/Celine-Thesis/all-data-reordered/all/Misortel dili pasirad-an.txt
/Users/rl-14/Desktop/Celine-Thesis/all-data-reordered/all/MisOr’s ambulance driver,sikop re shabu selling.txt
/Users/rl-14/Desktop/Celine-Thesis/all-data-reordered/all/MisOr’s DILG,mibahad vs corrupt govt officials.txt
/Users/rl-14/Desktop/Celine-Thesis/all-data-reordered/all/MisOr’s PDDRMO,gikalipay ang kaalerto sa mga syudad vs TD Agaton.txt
/Users/rl-14/Desktop/Celine-Thesis/all-data-reordered/all/MisOr’s Unabia:’Wala mi magkatagbo ni Bambi’.txt
/Users/rl-14/Desktop/Celine-Thesis/all-data-reordered/all/Miss Bulgaria midepensa sa basher.txt
/Users/rl-14/Desktop/Celine-Thesis/all-data-reordered/all/Miss Columbia 2016 Andrea Tovar walay kasuko sa Pinas.txt
/Users/rl-14/Desktop/Celine-Thesis/all-data-reordered/all/Miss Columbia nanaway?.txt
/Users/rl-14/Desktop/Celine-Thesis/all-data-reordered/all/Miss Earth 2016 mi-deny nga nagparetoke.txt
/Users/rl-14/Desktop/Celine-Thesis/all-data-reordered/all/Miss Earth PH nag-resign.txt
/Users/rl-14/Desktop/Celine-Thesis/all-data-reordered/all/Miss Ecuador moimbestiga.txt
/Users/rl-14/Desktop/Celine-Thesis/all-data-reordered/all/Miss France, Miss Universe 2016.txt
/Users/rl-14/Desktop/Celine-Thesis/all-data-reordered/all/Miss Maco maoy Bulawan Fest Queen 2017.txt
/Users/rl-14/Desktop/Celine-Thesis/all-data-reordered/all/Miss PH-Earth gisaway ang winner sa Miss Earth 2016.txt
/Users/rl-14/Desktop/Celine-Thesis/all-data-reordered/all/Miss Tagoloan gihirang nga Miss Gay MisOr 2018.txt
/Users/rl-14/Desktop/Celine-Thesis/all-data-reordered/all/Miss Thailand nga si Chalita Suansane inspiring ang storya.txt
/Users/rl-14/Desktop/Celine-Thesis/all-data-reordered/all/Miss U candidates moabot karon.txt
/Users/rl-14/Desktop/Celine-Thesis/all-data-reordered/all/Miss U ganahan sa atong mangga.txt
/Users/rl-14/Desktop/Celine-Thesis/all-data-reordered/all/Miss Universe 2016 sugdan sa Camiguin.txt
/Users/rl-14/Desktop/Celine-Thesis/all-data-reordered/all/Miss Universe Top 3 kuwang sa dating .txt
/Users/rl-14/Desktop/Celine-Thesis/all-data-reordered/all/Missing napalgan na lang nga patay.txt
/Users/rl-14/Desktop/Celine-Thesis/all-data-reordered/all/Missing nga mag-klasmit ,pulos nang patay sa CdeO river.txt
/Users/rl-14/Desktop/Celine-Thesis/all-data-reordered/all/Missing police nakit-ang patay.txt
/Users/rl-14/Desktop/Celine-Thesis/all-data-reordered/all/Mission Hope gilusad saVisayas Community Hospital, JCI  .txt
/Users/rl-14/Desktop/Celine-Thesis/all-data-reordered/all/MIST-Makilala aprubado na sa Ched.txt
/Users/rl-14/Desktop/Celine-Thesis/all-data-reordered/all/Mister nakasakop nakighalok ang misis sa kabit.txt
/Users/rl-14/Desktop/Celine-Thesis/all-data-reordered/all/Misteryosong pagpatay sa mga baboy, 'kawatan' ang naghimo.txt
/Users/rl-14/Desktop/Celine-Thesis/all-data-reordered/all/Misubang sa Mexico.txt
/Users/rl-14/Desktop/Celine-Thesis/all-data-reordered/all/Misukol atol sa buy-bust sa kapulisan sa Talisay, patay.txt
/Users/rl-14/Desktop/Celine-Thesis/all-data-reordered/all/Misukol atol sa operasyon, patay.txt
/Users/rl-14/Desktop/Celine-Thesis/all-data-reordered/all/Misurender nga opisyal sa progrisibong grupo sa Davao Oriental, wala gi-angkon sa Anak Pawis partylist.txt
/Users/rl-14/Desktop/Celine-Thesis/all-data-reordered/all/Misuway og hikog giluwas.txt
/Users/rl-14/Desktop/Celine-Thesis/all-data-reordered/all/Misuway og hikog.txt
/Users/rl-14/Desktop/Celine-Thesis/all-data-reordered/all/Misyon sa Warriors pugngan si Manzo.txt
/Users/rl-14/Desktop/Celine-Thesis/all-data-reordered/all/Mitahod, may nasagmuyo.txt
/Users/rl-14/Desktop/Celine-Thesis/all-data-reordered/all/Mitchell hari sa hinansakay.txt
/Users/rl-14/Desktop/Celine-Thesis/all-data-reordered/all/Mitingog na si Romeo kabahin sa Gilas.txt
/Users/rl-14/Desktop/Celine-Thesis/all-data-reordered/all/Mitsubishi midonar og P1 milyunes sa GMAKF.txt
/Users/rl-14/Desktop/Celine-Thesis/all-data-reordered/all/Mitulis nasikop.txt
/Users/rl-14/Desktop/Celine-Thesis/all-data-reordered/all/Mitulis sa treasurer nagkurog.txt
/Users/rl-14/Desktop/Celine-Thesis/all-data-reordered/all/Miuban sa Traslacion mi-doble.txt
/Users/rl-14/Desktop/Celine-Thesis/all-data-reordered/all/Miyembro sa 'Sukarap' gang gipusil sa pulis?.txt
/Users/rl-14/Desktop/Celine-Thesis/all-data-reordered/all/Miyembro sa Batang Mindanao nasikop.txt
/Users/rl-14/Desktop/Celine-Thesis/all-data-reordered/all/Miyembro sa DEU ipa-background check sa PRO 7.txt
/Users/rl-14/Desktop/Celine-Thesis/all-data-reordered/all/Miyembro sa EOD samdan pagbusikad sa granada.txt
/Users/rl-14/Desktop/Celine-Thesis/all-data-reordered/all/MJ Lastimosa gi-date ni Sam Milby?.txt
/Users/rl-14/Desktop/Celine-Thesis/all-data-reordered/all/MJC, Air Force nihawod.txt
/Users/rl-14/Desktop/Celine-Thesis/all-data-reordered/all/MJC, Navy mag-abot sa volleyball men's final.txt
/Users/rl-14/Desktop/Celine-Thesis/all-data-reordered/all/MJSCC mugnaon alang sa taliabot nga May election.txt
/Users/rl-14/Desktop/Celine-Thesis/all-data-reordered/all/MMIS run ugma sa hapon ipahigayon.txt
/Users/rl-14/Desktop/Celine-Thesis/all-data-reordered/all/MMK ni Pia bakak? .txt
/Users/rl-14/Desktop/Celine-Thesis/all-data-reordered/all/MNLF midagsa sa Davao .txt
/Users/rl-14/Desktop/Celine-Thesis/all-data-reordered/all/MNLF, misalmot sa re-launching sa Oplan Tokhang.txt
/Users/rl-14/Desktop/Celine-Thesis/all-data-reordered/all/Mo magpalambo sa iyang abilidad.txt
/Users/rl-14/Desktop/Celine-Thesis/all-data-reordered/all/Mo-counterflow sugdan na og impound.txt
/Users/rl-14/Desktop/Celine-Thesis/all-data-reordered/all/Mo-report kon adunay cyber porn premyohan: Cho.txt
/Users/rl-14/Desktop/Celine-Thesis/all-data-reordered/all/Mo-resign si Cuenco?.txt
/Users/rl-14/Desktop/Celine-Thesis/all-data-reordered/all/MO2 resto-bar gipasirhan sab.txt
/Users/rl-14/Desktop/Celine-Thesis/all-data-reordered/all/MOA alang sa pagtanom og mangroves, gipirmahan sa DENR aog KBP.txt
/Users/rl-14/Desktop/Celine-Thesis/all-data-reordered/all/MOA sa 93-1 giuyonan sa Konseho.txt
/Users/rl-14/Desktop/Celine-Thesis/all-data-reordered/all/MOA sa parking tali sa Talisay, A Plus ilegal: Ombud.txt
/Users/rl-14/Desktop/Celine-Thesis/all-data-reordered/all/Moalboal nanalipod, nangolikta og environmental fee nga P100.txt
/Users/rl-14/Desktop/Celine-Thesis/all-data-reordered/all/Moambak unta sa 11th floor.txt
/Users/rl-14/Desktop/Celine-Thesis/all-data-reordered/all/Moatubang sa CHR ang 2 pulis.txt
/Users/rl-14/Desktop/Celine-Thesis/all-data-reordered/all/Moaway sa Pilipinas.txt
/Users/rl-14/Desktop/Celine-Thesis/all-data-reordered/all/Mobalhin kaha si KD?.txt
/Users/rl-14/Desktop/Celine-Thesis/all-data-reordered/all/Mobalik ang aksyon.txt
/Users/rl-14/Desktop/Celine-Thesis/all-data-reordered/all/Mobalik og away si Cotto.txt
/Users/rl-14/Desktop/Celine-Thesis/all-data-reordered/all/Mobalising sa Amerika.txt
/Users/rl-14/Desktop/Celine-Thesis/all-data-reordered/all/Mobile app sa Sinulog.txt
/Users/rl-14/Desktop/Celine-Thesis/all-data-reordered/all/Mobile app sa Smart midaog sa Singapore.txt
/Users/rl-14/Desktop/Celine-Thesis/all-data-reordered/all/Mobile detention cell andam .txt
/Users/rl-14/Desktop/Celine-Thesis/all-data-reordered/all/Mobile drug den bag-ong istilo pagpayuhot og ilegal nga druga .txt
/Users/rl-14/Desktop/Celine-Thesis/all-data-reordered/all/Mobile renewal sa Alien Certificate of Registration para sa mga Native Born Indonesian Nationals ipahigayon.txt
/Users/rl-14/Desktop/Celine-Thesis/all-data-reordered/all/Mobile tech alang sa panglawas.txt
/Users/rl-14/Desktop/Celine-Thesis/all-data-reordered/all/Mobisita sa Sugbo ang Birhen sa Antipolo.txt
/Users/rl-14/Desktop/Celine-Thesis/all-data-reordered/all/Mobiyahe sa Davao, CDO  way bugto sa Smart Wifi.txt
/Users/rl-14/Desktop/Celine-Thesis/all-data-reordered/all/Mocha nanawagan nga mag ‘move on’ na!.txt
/Users/rl-14/Desktop/Celine-Thesis/all-data-reordered/all/Mocha Uson gituboy pagka senador.txt
/Users/rl-14/Desktop/Celine-Thesis/all-data-reordered/all/Mocha Uson mitingog na sa pag-concert sa New Bilibid Prison.txt
/Users/rl-14/Desktop/Celine-Thesis/all-data-reordered/all/Mock polls dili angayan suspetsahan .txt
/Users/rl-14/Desktop/Celine-Thesis/all-data-reordered/all/Modepensa na sab.txt
/Users/rl-14/Desktop/Celine-Thesis/all-data-reordered/all/Moderno ug biseklita.txt
/Users/rl-14/Desktop/Celine-Thesis/all-data-reordered/all/Modernong crime laboratory inagurahan ni Duterte.txt
/Users/rl-14/Desktop/Celine-Thesis/all-data-reordered/all/Modernong fish market giplanohan.txt
/Users/rl-14/Desktop/Celine-Thesis/all-data-reordered/all/Modha mihan-ay sa mga kalihokan sa 2018.txt
/Users/rl-14/Desktop/Celine-Thesis/all-data-reordered/all/Modus pagpangawat og motorsiklo sapon sa CCTV.txt
/Users/rl-14/Desktop/Celine-Thesis/all-data-reordered/all/Modus sa Manila, moabot sa Davao?.txt
/Users/rl-14/Desktop/Celine-Thesis/all-data-reordered/all/Modus sa nagpatoung grupo ni Digong gipabantayan.txt
/Users/rl-14/Desktop/Celine-Thesis/all-data-reordered/all/Modus sa V-hire nabisto.txt
/Users/rl-14/Desktop/Celine-Thesis/all-data-reordered/all/MOGCHS abante sa finals.txt
/Users/rl-14/Desktop/Celine-Thesis/all-data-reordered/all/Mogchs bangis midaog.txt
/Users/rl-14/Desktop/Celine-Thesis/all-data-reordered/all/MOGCHS BBC, City Central matagsaan ang Corpus karon.txt
/Users/rl-14/Desktop/Celine-Thesis/all-data-reordered/all/MOGCHS lady Cavs Corpus baby Knights nikampyon  SunStar.txt
/Users/rl-14/Desktop/Celine-Thesis/all-data-reordered/all/MOGCHS lady Cavs nakaiskor ra gyud.txt
/Users/rl-14/Desktop/Celine-Thesis/all-data-reordered/all/MOGCHS lady Cavs, Corpus baby Knights nikampyon.txt
/Users/rl-14/Desktop/Celine-Thesis/all-data-reordered/all/Mogchs nakaeskapo sa East Gusa.txt
/Users/rl-14/Desktop/Celine-Thesis/all-data-reordered/all/MOGCHS twin teams abante sa ladies semis.txt
/Users/rl-14/Desktop/Celine-Thesis/all-data-reordered/all/Mohimo og bomb joke prisuhon sa Mandaue City.txt
/Users/rl-14/Desktop/Celine-Thesis/all-data-reordered/all/Mohuot ang trapiko sa Bulacao, Tabunok .txt
/Users/rl-14/Desktop/Celine-Thesis/all-data-reordered/all/Mokawat og atensyon.txt
/Users/rl-14/Desktop/Celine-Thesis/all-data-reordered/all/Molayat unta sa Mactan-Mandaue bridge nasanta.txt
/Users/rl-14/Desktop/Celine-Thesis/all-data-reordered/all/Molupyo gibulabog sa bomb threat.txt
/Users/rl-14/Desktop/Celine-Thesis/all-data-reordered/all/Mommy Dionesia nakahilak nagtan-aw sa `Kid Kulafu’.txt
/Users/rl-14/Desktop/Celine-Thesis/all-data-reordered/all/Mon misugyot sa Naga  SunStar.txt
/Users/rl-14/Desktop/Celine-Thesis/all-data-reordered/all/Mon suportado sa PSC.txt
/Users/rl-14/Desktop/Celine-Thesis/all-data-reordered/all/Money remittance gikwestyon ni Sitoy .txt
/Users/rl-14/Desktop/Celine-Thesis/all-data-reordered/all/Mongaya: Alden sa papel ni Binay?.txt
/Users/rl-14/Desktop/Celine-Thesis/all-data-reordered/all/Mongaya: Alternatibo sa dinastiyang Aquino ug Marcos.txt
/Users/rl-14/Desktop/Celine-Thesis/all-data-reordered/all/Mongaya: Ayaw pangawat.txt
/Users/rl-14/Desktop/Celine-Thesis/all-data-reordered/all/Mongaya: Bag-ong tubo nga Amasona?.txt
/Users/rl-14/Desktop/Celine-Thesis/all-data-reordered/all/Mongaya: Baraha nga China.txt
/Users/rl-14/Desktop/Celine-Thesis/all-data-reordered/all/Mongaya: Baruganan sa Team Rama Haw-Syaw?.txt
/Users/rl-14/Desktop/Celine-Thesis/all-data-reordered/all/Mongaya: Behaved ang crowd sa Parokya.txt
/Users/rl-14/Desktop/Celine-Thesis/all-data-reordered/all/Mongaya: Davao: uyon o dili uyon?.txt
/Users/rl-14/Desktop/Celine-Thesis/all-data-reordered/all/Mongaya: Di mopili sa tabangan.txt
/Users/rl-14/Desktop/Celine-Thesis/all-data-reordered/all/Mongaya: Duterte moanhi sa Sugbo.txt
/Users/rl-14/Desktop/Celine-Thesis/all-data-reordered/all/Mongaya: Hinigo na sa target si Elvira.txt
/Users/rl-14/Desktop/Celine-Thesis/all-data-reordered/all/Mongaya: Kadaugan.txt
/Users/rl-14/Desktop/Celine-Thesis/all-data-reordered/all/Mongaya: Kinsa may mabulahan sa tarp?.txt
/Users/rl-14/Desktop/Celine-Thesis/all-data-reordered/all/Mongaya: Klaro man ang pamulitika.txt
/Users/rl-14/Desktop/Celine-Thesis/all-data-reordered/all/Mongaya: Klaroha sab sa pagbabag.txt
/Users/rl-14/Desktop/Celine-Thesis/all-data-reordered/all/Mongaya: Malaumon nga naa si Digong.txt
/Users/rl-14/Desktop/Celine-Thesis/all-data-reordered/all/Mongaya: Mga mayor naa na kang Mar?.txt
/Users/rl-14/Desktop/Celine-Thesis/all-data-reordered/all/Mongaya: Miss Universe.txt
/Users/rl-14/Desktop/Celine-Thesis/all-data-reordered/all/Mongaya: Misteryo sa nawalang mga libro?.txt
/Users/rl-14/Desktop/Celine-Thesis/all-data-reordered/all/Mongaya: Naa na kay app sa Sinulog 2018?.txt
/Users/rl-14/Desktop/Celine-Thesis/all-data-reordered/all/Mongaya: Nag-una sa drug users?.txt
/Users/rl-14/Desktop/Celine-Thesis/all-data-reordered/all/Mongaya: Naka-BMS na sila Labella.txt
/Users/rl-14/Desktop/Celine-Thesis/all-data-reordered/all/Mongaya: Nanamilit kang GingGing.txt
/Users/rl-14/Desktop/Celine-Thesis/all-data-reordered/all/Mongaya: Natawo sa Makati.txt
/Users/rl-14/Desktop/Celine-Thesis/all-data-reordered/all/Mongaya: Nganong 2 ang private thanksgiving parties?.txt
/Users/rl-14/Desktop/Celine-Thesis/all-data-reordered/all/Mongaya: Nganong giduphan ni Zafra?.txt
/Users/rl-14/Desktop/Celine-Thesis/all-data-reordered/all/Mongaya: Nganong nahangan si Mike?.txt
/Users/rl-14/Desktop/Celine-Thesis/all-data-reordered/all/Mongaya: Nitalaw.txt
/Users/rl-14/Desktop/Celine-Thesis/all-data-reordered/all/Mongaya: Osmeña ug Sitoy.txt
/Users/rl-14/Desktop/Celine-Thesis/all-data-reordered/all/Mongaya: Pag-atubang ni Bong Go sa Senado.txt
/Users/rl-14/Desktop/Celine-Thesis/all-data-reordered/all/Mongaya: Pederalismo gilawgaw ni Alvarez?.txt
/Users/rl-14/Desktop/Celine-Thesis/all-data-reordered/all/Mongaya: Pederalismo, term limit ug clamping.txt
/Users/rl-14/Desktop/Celine-Thesis/all-data-reordered/all/Mongaya: Sunog sa Metro Ayala.txt
/Users/rl-14/Desktop/Celine-Thesis/all-data-reordered/all/Mongaya: Talagsaong Politika sa NegOr.txt
/Users/rl-14/Desktop/Celine-Thesis/all-data-reordered/all/Mongaya: Tinuod nga PDP-Laban sa Syudad?.txt
/Users/rl-14/Desktop/Celine-Thesis/all-data-reordered/all/Mongaya: Tomas ug BDO.txt
/Users/rl-14/Desktop/Celine-Thesis/all-data-reordered/all/Mongaya: Tomas ug Digong.txt
/Users/rl-14/Desktop/Celine-Thesis/all-data-reordered/all/Mongaya: Tomas ug Sara.txt
/Users/rl-14/Desktop/Celine-Thesis/all-data-reordered/all/Mongaya: Usa ka love story.txt
/Users/rl-14/Desktop/Celine-Thesis/all-data-reordered/all/Mongaya: ‘Overprice’ sa City Hall.txt
/Users/rl-14/Desktop/Celine-Thesis/all-data-reordered/all/Mongolian guard gikuha sa Ginebra.txt
/Users/rl-14/Desktop/Celine-Thesis/all-data-reordered/all/Monitoring sa gibakunahan pahugtan: PHO.txt
/Users/rl-14/Desktop/Celine-Thesis/all-data-reordered/all/Monitoring team sa NFA dili epektibo, matod ni Magpale.txt
/Users/rl-14/Desktop/Celine-Thesis/all-data-reordered/all/Monster Kitchen Academy 24th Graduation Ceremony.txt
/Users/rl-14/Desktop/Celine-Thesis/all-data-reordered/all/Montecillo: Climate Change (Usa upat ka guwa).txt
/Users/rl-14/Desktop/Celine-Thesis/all-data-reordered/all/Montecillo: Hearth of Divine Mercy.txt
/Users/rl-14/Desktop/Celine-Thesis/all-data-reordered/all/Mopalit og heavy equipment.txt
/Users/rl-14/Desktop/Celine-Thesis/all-data-reordered/all/Mopalit og sigarilyo sa tindahan giihaw sa NPA.txt
/Users/rl-14/Desktop/Celine-Thesis/all-data-reordered/all/MOPJ gisulod sa drug enforcement.txt
/Users/rl-14/Desktop/Celine-Thesis/all-data-reordered/all/MOPJ inmates,gibaharan.txt
/Users/rl-14/Desktop/Celine-Thesis/all-data-reordered/all/MOPJ walay priso nga trustee.txt
/Users/rl-14/Desktop/Celine-Thesis/all-data-reordered/all/Moreno gitawag og desperado.txt
/Users/rl-14/Desktop/Celine-Thesis/all-data-reordered/all/Moreno kang Emano:’Basula ang kaugalingon mo’.txt
/Users/rl-14/Desktop/Celine-Thesis/all-data-reordered/all/Moreno kang Emano:”Ipa-resign si Elipe sa MisOr sports center”.txt
/Users/rl-14/Desktop/Celine-Thesis/all-data-reordered/all/Moreno magpabilin sa iyang katungdanan.txt
/Users/rl-14/Desktop/Celine-Thesis/all-data-reordered/all/Moreno nagpabilin nga mayor sa Oro.txt
/Users/rl-14/Desktop/Celine-Thesis/all-data-reordered/all/Moreno nakalingkawas sa dismissal order.txt
/Users/rl-14/Desktop/Celine-Thesis/all-data-reordered/all/Moreno nangilog og pwesto?.txt
/Users/rl-14/Desktop/Celine-Thesis/all-data-reordered/all/Moreno nangunay og trapik.txt
/Users/rl-14/Desktop/Celine-Thesis/all-data-reordered/all/Moreno nanumpa na sa PDP-Laban.txt
/Users/rl-14/Desktop/Celine-Thesis/all-data-reordered/all/Moreno ug Emano,uyon sa 2018 Brgy-SK polls.txt
/Users/rl-14/Desktop/Celine-Thesis/all-data-reordered/all/Moreno, mga kauban nanago?.txt
/Users/rl-14/Desktop/Celine-Thesis/all-data-reordered/all/Moreno, mogamit sa 2017 reenacted budget?.txt
/Users/rl-14/Desktop/Celine-Thesis/all-data-reordered/all/Moreno,gi-absuwelto sa iyang suporter vs Emano case sa Ombudsman.txt
/Users/rl-14/Desktop/Celine-Thesis/all-data-reordered/all/Moreno,gitudlo ni Emano nga utok sa Ombudsman case.txt
/Users/rl-14/Desktop/Celine-Thesis/all-data-reordered/all/Moreno,gusto ilikay ang Misamisnons kang Emano.txt
/Users/rl-14/Desktop/Celine-Thesis/all-data-reordered/all/Moreno,mitawag kang Emano nga cam·ou·flage sa CdeO.txt
/Users/rl-14/Desktop/Celine-Thesis/all-data-reordered/all/Morissette mas nindot og version.txt
/Users/rl-14/Desktop/Celine-Thesis/all-data-reordered/all/Mosaulog sa ilang ika-13 nga anibersaryo.txt
/Users/rl-14/Desktop/Celine-Thesis/all-data-reordered/all/Mosley moaway og balik, Aug. 29.txt
/Users/rl-14/Desktop/Celine-Thesis/all-data-reordered/all/Mosley mobawos.txt
/Users/rl-14/Desktop/Celine-Thesis/all-data-reordered/all/Mosque, 9 ka mga balay dili una iapil sa demolisyon .txt
/Users/rl-14/Desktop/Celine-Thesis/all-data-reordered/all/Most wanted sa Lapu-Lapu gidakop.txt
/Users/rl-14/Desktop/Celine-Thesis/all-data-reordered/all/Most wanted sa Talisay nadakpan.txt
/Users/rl-14/Desktop/Celine-Thesis/all-data-reordered/all/Mosud og katabang.txt
/Users/rl-14/Desktop/Celine-Thesis/all-data-reordered/all/Mosud sa junction box dakpon: Osmeña.txt
/Users/rl-14/Desktop/Celine-Thesis/all-data-reordered/all/Mosugod na ang aspalto sa Tagunol.txt
/Users/rl-14/Desktop/Celine-Thesis/all-data-reordered/all/Mosupak sa jaywalking ordinance dakpon sa CTTMO.txt
/Users/rl-14/Desktop/Celine-Thesis/all-data-reordered/all/Mosyon ni Mike ang gibasura .txt
/Users/rl-14/Desktop/Celine-Thesis/all-data-reordered/all/Motack 2nd leg andam na karong Dominggo.txt
/Users/rl-14/Desktop/Celine-Thesis/all-data-reordered/all/Motack race leg 3 karong Dominggo.txt
/Users/rl-14/Desktop/Celine-Thesis/all-data-reordered/all/Motapon sa USA.txt
/Users/rl-14/Desktop/Celine-Thesis/all-data-reordered/all/Mother Lily nakahilak!.txt
/Users/rl-14/Desktop/Celine-Thesis/all-data-reordered/all/Mother Teresa of Calcutta gideklarar na nga santa.txt
/Users/rl-14/Desktop/Celine-Thesis/all-data-reordered/all/Motibo sa pagpusil-patay sa CVO, padayong gisuta.txt
/Users/rl-14/Desktop/Celine-Thesis/all-data-reordered/all/Motocross Cup sa San Remegio, Apr. 9.txt
/Users/rl-14/Desktop/Celine-Thesis/all-data-reordered/all/Motocross, horse show ug duathlon himuon sa Borbon.txt
/Users/rl-14/Desktop/Celine-Thesis/all-data-reordered/all/Motor napasok ilawom sa dumptruck, 3 patay.txt
/Users/rl-14/Desktop/Celine-Thesis/all-data-reordered/all/Motor nga gi-carnap narecover human mahubsi ug gasolina.txt
/Users/rl-14/Desktop/Celine-Thesis/all-data-reordered/all/Motor, van gasungag, 1 patay.txt
/Users/rl-14/Desktop/Celine-Thesis/all-data-reordered/all/Motorela driver nagdula sa kinatawo atubangan sa dalaga.txt
/Users/rl-14/Desktop/Celine-Thesis/all-data-reordered/all/Motorela driver sikop sa drug bust.txt
/Users/rl-14/Desktop/Celine-Thesis/all-data-reordered/all/Motorista di mag-helmet dakpon.txt
/Users/rl-14/Desktop/Celine-Thesis/all-data-reordered/all/Motorista mibangga sa karatola nabunal sa semento patay.txt
/Users/rl-14/Desktop/Celine-Thesis/all-data-reordered/all/Motorista nadisgrasya, patay.txt
/Users/rl-14/Desktop/Celine-Thesis/all-data-reordered/all/Motorista nalagpot sa kanal, patay.txt
/Users/rl-14/Desktop/Celine-Thesis/all-data-reordered/all/Motorista napunggitan, patay.txt
/Users/rl-14/Desktop/Celine-Thesis/all-data-reordered/all/Motorista nga moagi sa SRP giawhag nga mag-amping .txt
/Users/rl-14/Desktop/Celine-Thesis/all-data-reordered/all/Motorista patay human nahapak sa street light.txt
/Users/rl-14/Desktop/Celine-Thesis/all-data-reordered/all/Motorista patay sa CdeO road accident.txt
/Users/rl-14/Desktop/Celine-Thesis/all-data-reordered/all/Motorista patay sa military truck-motorcycle collision sa MisOr.txt
/Users/rl-14/Desktop/Celine-Thesis/all-data-reordered/all/Motorista patay sa pagpamusil sa MisOr.txt
/Users/rl-14/Desktop/Celine-Thesis/all-data-reordered/all/Motorista patay sa truck-motorcycle collision sa CdeO.txt
/Users/rl-14/Desktop/Celine-Thesis/all-data-reordered/all/Motorista, patay human mibangga sa usa ka service vehicle sa Butuan City.txt
/Users/rl-14/Desktop/Celine-Thesis/all-data-reordered/all/Motorista,angol sa pagdaro sa mga sakyanan sa CdeO.txt
/Users/rl-14/Desktop/Celine-Thesis/all-data-reordered/all/Motorista,mibangga’g pulis,kasuhan sa CdeO.txt
/Users/rl-14/Desktop/Celine-Thesis/all-data-reordered/all/Motorista,naligsan-patay sa CdeO.txt
/Users/rl-14/Desktop/Celine-Thesis/all-data-reordered/all/Motorsiklo di na paagion sa tunnel: Citom.txt
/Users/rl-14/Desktop/Celine-Thesis/all-data-reordered/all/Motorsiklo na-sideswipe sa dumptrak sa Cdeo, 1 patay.txt
/Users/rl-14/Desktop/Celine-Thesis/all-data-reordered/all/Motorsiklo ug multicab nagbangga, 1 patay .txt
/Users/rl-14/Desktop/Celine-Thesis/all-data-reordered/all/Motortaxi app lisod buhaton.txt
/Users/rl-14/Desktop/Celine-Thesis/all-data-reordered/all/Mountain hikers, gidid-an nang makasaka sa Cebu Pacific crash site sa Misamis.txt
/Users/rl-14/Desktop/Celine-Thesis/all-data-reordered/all/Mountaineer nga taga-Taguig, naluwas human na-missing sa Mt. Mayapay sa Butuan City.txt
/Users/rl-14/Desktop/Celine-Thesis/all-data-reordered/all/Move on: Rama.txt
/Users/rl-14/Desktop/Celine-Thesis/all-data-reordered/all/Mower-Tagbilaran nihawod sa Mayor’s Chess Team Open.txt
/Users/rl-14/Desktop/Celine-Thesis/all-data-reordered/all/MP wa pa’y plano.txt
/Users/rl-14/Desktop/Celine-Thesis/all-data-reordered/all/Mr. & Ms. Universe 2015 anhi sa Sugbo himuon.txt
/Users/rl-14/Desktop/Celine-Thesis/all-data-reordered/all/Mr. Puerto Rico 2015 isip Magellan .txt
/Users/rl-14/Desktop/Celine-Thesis/all-data-reordered/all/Mr. Puerto Rico mipirma sa Psalmstre.txt
/Users/rl-14/Desktop/Celine-Thesis/all-data-reordered/all/Mrs. Hope International 2016 gikan sa Mindanao .txt
/Users/rl-14/Desktop/Celine-Thesis/all-data-reordered/all/Mrs. Sotto, miinit ang ulo.txt
/Users/rl-14/Desktop/Celine-Thesis/all-data-reordered/all/Mrs. Ungab mitugyan og dokumento.txt
/Users/rl-14/Desktop/Celine-Thesis/all-data-reordered/all/Ms Earth beauties kang Duterte:’He has colorful mouth’.txt
/Users/rl-14/Desktop/Celine-Thesis/all-data-reordered/all/Ms Earth beauties sa PUV modernization program:’Uyon mi’.txt
/Users/rl-14/Desktop/Celine-Thesis/all-data-reordered/all/Ms Earth beauties,suportado ang GRP-CPP-NPA NDF peacetalks resumption.txt
/Users/rl-14/Desktop/Celine-Thesis/all-data-reordered/all/Ms Earth Karen Ibasco, suportado si Pres Duterte nga ipasira ang Boracay Island.txt
/Users/rl-14/Desktop/Celine-Thesis/all-data-reordered/all/Ms. Badian daog sa Bb. Cebu 2017.txt
/Users/rl-14/Desktop/Celine-Thesis/all-data-reordered/all/Ms. IAU 2018 winners.txt
/Users/rl-14/Desktop/Celine-Thesis/all-data-reordered/all/Ms. Olive-C nausab ang kinabuhi.txt
/Users/rl-14/Desktop/Celine-Thesis/all-data-reordered/all/Ms. Pajo 2017.txt
/Users/rl-14/Desktop/Celine-Thesis/all-data-reordered/all/Ms. Universe swim wear malampuson.txt
/Users/rl-14/Desktop/Celine-Thesis/all-data-reordered/all/MSU-Marawi employee,nakaligis-patay sa babaye sa CdeO.txt
/Users/rl-14/Desktop/Celine-Thesis/all-data-reordered/all/MTB National ug Asian Invitational bike competition sa Danao City.txt
/Users/rl-14/Desktop/Celine-Thesis/all-data-reordered/all/MTRCB, CMN dunay kasabotan.txt
/Users/rl-14/Desktop/Celine-Thesis/all-data-reordered/all/MTRU gilusad sa MCPO .txt
/Users/rl-14/Desktop/Celine-Thesis/all-data-reordered/all/Mubalik mi: LeBron James.txt
/Users/rl-14/Desktop/Celine-Thesis/all-data-reordered/all/Mubong-Kurso-Sa-Pagsulat-Og-Sugilanon.txt
/Users/rl-14/Desktop/Celine-Thesis/all-data-reordered/all/Multa ra.txt
/Users/rl-14/Desktop/Celine-Thesis/all-data-reordered/all/Multicab, ugdaw human nga mikalit sa pag sila-ob.txt
/Users/rl-14/Desktop/Celine-Thesis/all-data-reordered/all/Muslim-Christian Chess alang sa Sinulog ‘16.txt
/Users/rl-14/Desktop/Celine-Thesis/all-data-reordered/all/Must win!.txt
/Users/rl-14/Desktop/Celine-Thesis/all-data-reordered/all/MVP malaumon sa poruhan sa Gilas 4.0.txt
/Users/rl-14/Desktop/Celine-Thesis/all-data-reordered/all/MVP miluwat.txt
/Users/rl-14/Desktop/Celine-Thesis/all-data-reordered/all/MVP misaway sa balaod sa BCAP.txt
/Users/rl-14/Desktop/Celine-Thesis/all-data-reordered/all/MVP motabang.txt
/Users/rl-14/Desktop/Celine-Thesis/all-data-reordered/all/MVP nadismaya.txt
/Users/rl-14/Desktop/Celine-Thesis/all-data-reordered/all/MVP nangayo’g sorry.txt
/Users/rl-14/Desktop/Celine-Thesis/all-data-reordered/all/My Ex and Whys mikita og P27 million.txt
/Users/rl-14/Desktop/Celine-Thesis/all-data-reordered/all/My Korean Jagiya Presscon sa Cebu.txt
/Users/rl-14/Desktop/Celine-Thesis/all-data-reordered/all/MYM Food Ventures Christmas Party.txt
/Users/rl-14/Desktop/Celine-Thesis/all-data-reordered/all/Myrtle ibasura ang sexy image.txt
/Users/rl-14/Desktop/Celine-Thesis/all-data-reordered/all/Myrtle mogradwar nga cum laude.txt
/Users/rl-14/Desktop/Celine-Thesis/all-data-reordered/all/Mystica nangayo’g pasaylo ni Duterte.txt
/Users/rl-14/Desktop/Celine-Thesis/all-data-reordered/all/MYT Puerto - na  SunStar.txt
/Users/rl-14/Desktop/Celine-Thesis/all-data-reordered/all/M’Bala moduwa na.txt
/Users/rl-14/Desktop/Celine-Thesis/all-data-reordered/all/Na-dengue human mabakunahi.txt
/Users/rl-14/Desktop/Celine-Thesis/all-data-reordered/all/Na-isyu sa Bombo Radyo nga K&A Holistic Trading Corporation, lakip sa nanganlan sa DTI-Caraga isip pahimangno kalabut sa investment scam.txt
/Users/rl-14/Desktop/Celine-Thesis/all-data-reordered/all/Na-isyu sa Bombo Radyo nga K&A Holistic Trading Corporation, lakip sa nanganlan sa DTI-Caraga sa pahimangno kalabut sa investment scam.txt
/Users/rl-14/Desktop/Celine-Thesis/all-data-reordered/all/Na-ospital ang upat ka mga palahubog human na-tripan.txt
/Users/rl-14/Desktop/Celine-Thesis/all-data-reordered/all/Na-over heat nga piso net milamoy'g 17 ka mga balay.txt
/Users/rl-14/Desktop/Celine-Thesis/all-data-reordered/all/Naa kanunay nato ang Diyos: Palma.txt
/Users/rl-14/Desktop/Celine-Thesis/all-data-reordered/all/Naa sa kusog nga kontensyon.txt
/Users/rl-14/Desktop/Celine-Thesis/all-data-reordered/all/Naa'y ma-K.O. .txt
/Users/rl-14/Desktop/Celine-Thesis/all-data-reordered/all/Naa'y sekreto si Abai: Mon .txt
/Users/rl-14/Desktop/Celine-Thesis/all-data-reordered/all/Naanod nga bata nakit-an, patay.txt
/Users/rl-14/Desktop/Celine-Thesis/all-data-reordered/all/Naanugnan kang Vidal.txt
/Users/rl-14/Desktop/Celine-Thesis/all-data-reordered/all/Naa’y ma-K.O..txt
/Users/rl-14/Desktop/Celine-Thesis/all-data-reordered/all/Naa’y ma-knockout.txt
/Users/rl-14/Desktop/Celine-Thesis/all-data-reordered/all/Nabakonahan gitawagan.txt
/Users/rl-14/Desktop/Celine-Thesis/all-data-reordered/all/Nabalitang suspek nipaklaro sa hitabo sa Samal  .txt
/Users/rl-14/Desktop/Celine-Thesis/all-data-reordered/all/Nabanggan sa pari, patay.txt
/Users/rl-14/Desktop/Celine-Thesis/all-data-reordered/all/Nabiktima sa modus sa online selling.txt
/Users/rl-14/Desktop/Celine-Thesis/all-data-reordered/all/Nabiling bag gikabalakang bomba.txt
/Users/rl-14/Desktop/Celine-Thesis/all-data-reordered/all/Nabinayloay’g pasalamat.txt
/Users/rl-14/Desktop/Celine-Thesis/all-data-reordered/all/Nabisto kay armas 'gipakita' sa Facebook.txt
/Users/rl-14/Desktop/Celine-Thesis/all-data-reordered/all/Nabong pabilin nga suspendido.txt
/Users/rl-14/Desktop/Celine-Thesis/all-data-reordered/all/Nabulilyaso kay pulis sa Mambaling wa mosuporta?.txt
/Users/rl-14/Desktop/Celine-Thesis/all-data-reordered/all/Nabulok nga mga karne sa nasunog nga Mall hinungdan sa tumang kabaho sa lugar.txt
/Users/rl-14/Desktop/Celine-Thesis/all-data-reordered/all/Nacaya:”Kurapsyon,angay mahunong sa CdeO markets”.txt
/Users/rl-14/Desktop/Celine-Thesis/all-data-reordered/all/Nadakpan sa anti-jaywalking ordinance kasohan na.txt
/Users/rl-14/Desktop/Celine-Thesis/all-data-reordered/all/Nadal higpit gipalagpot ni Pouille.txt
/Users/rl-14/Desktop/Celine-Thesis/all-data-reordered/all/Nadasig ni Tabal.txt
/Users/rl-14/Desktop/Celine-Thesis/all-data-reordered/all/Nadasig sa Pantawid.txt
/Users/rl-14/Desktop/Celine-Thesis/all-data-reordered/all/Nadela: Adlaw sa kaugalingnan.txt
/Users/rl-14/Desktop/Celine-Thesis/all-data-reordered/all/Nadela: Ang dagat sa Punta Engaño.txt
/Users/rl-14/Desktop/Celine-Thesis/all-data-reordered/all/Nadela: BFP-7 modangop sa swimming pool.txt
/Users/rl-14/Desktop/Celine-Thesis/all-data-reordered/all/Nadela: Bisita Iglesia.txt
/Users/rl-14/Desktop/Celine-Thesis/all-data-reordered/all/Nadela: Daghan ang nalipay ug naguol.txt
/Users/rl-14/Desktop/Celine-Thesis/all-data-reordered/all/Nadela: Dapit sa kahimayaan.txt
/Users/rl-14/Desktop/Celine-Thesis/all-data-reordered/all/Nadela: Dekorasyon sa Pasko.txt
/Users/rl-14/Desktop/Celine-Thesis/all-data-reordered/all/Nadela: Dengue sa ting-init.txt
/Users/rl-14/Desktop/Celine-Thesis/all-data-reordered/all/Nadela: Eleksiyon sa Barangay.txt
/Users/rl-14/Desktop/Celine-Thesis/all-data-reordered/all/Nadela: Feeding program.txt
/Users/rl-14/Desktop/Celine-Thesis/all-data-reordered/all/Nadela: Gilihian og bagyo.txt
/Users/rl-14/Desktop/Celine-Thesis/all-data-reordered/all/Nadela: Kadaugan ni Manny, kadaugan sa nasod.txt
/Users/rl-14/Desktop/Celine-Thesis/all-data-reordered/all/Nadela: Kakugi dalan sa kalamposan.txt
/Users/rl-14/Desktop/Celine-Thesis/all-data-reordered/all/Nadela: Libre ang tubig sa carenderia.txt
/Users/rl-14/Desktop/Celine-Thesis/all-data-reordered/all/Nadela: Maayong panglawas para sa 2018.txt
/Users/rl-14/Desktop/Celine-Thesis/all-data-reordered/all/Nadela: Mahinayon ang piniliay.txt
/Users/rl-14/Desktop/Celine-Thesis/all-data-reordered/all/Nadela: Nagsinug-ang nga sunog.txt
/Users/rl-14/Desktop/Celine-Thesis/all-data-reordered/all/Nadela: Pangaliya sa Milagrosong Bata.txt
/Users/rl-14/Desktop/Celine-Thesis/all-data-reordered/all/Nadela: Pangandam sa Semana Santa.txt
/Users/rl-14/Desktop/Celine-Thesis/all-data-reordered/all/Nadela: Pit Senyor! Para sa kalinaw kini!.txt
/Users/rl-14/Desktop/Celine-Thesis/all-data-reordered/all/Nadela: Reunion panahon sa bakasyon.txt
/Users/rl-14/Desktop/Celine-Thesis/all-data-reordered/all/Nadela: Risk reduction palig-unon.txt
/Users/rl-14/Desktop/Celine-Thesis/all-data-reordered/all/Nadela: Siguridad sa Bohol.txt
/Users/rl-14/Desktop/Celine-Thesis/all-data-reordered/all/Nadela: Suporta para sa Simbahan.txt
/Users/rl-14/Desktop/Celine-Thesis/all-data-reordered/all/Nadela: Trapik sa ting-init.txt
/Users/rl-14/Desktop/Celine-Thesis/all-data-reordered/all/Nadela: Tulay ang sulbad sa pagka tanggong.txt
/Users/rl-14/Desktop/Celine-Thesis/all-data-reordered/all/Nadela: Way katapusang pag-antos.txt
/Users/rl-14/Desktop/Celine-Thesis/all-data-reordered/all/Nadine anad na sa nilaplapay with James.txt
/Users/rl-14/Desktop/Celine-Thesis/all-data-reordered/all/Nadine andam mag-pose sa FHM cover.txt
/Users/rl-14/Desktop/Celine-Thesis/all-data-reordered/all/Nadine di gusto diktahan.txt
/Users/rl-14/Desktop/Celine-Thesis/all-data-reordered/all/Nadine di molayas sa Viva.txt
/Users/rl-14/Desktop/Celine-Thesis/all-data-reordered/all/Nadine gakabalak-an ang mga girls nga gasunod ni James .txt
/Users/rl-14/Desktop/Celine-Thesis/all-data-reordered/all/Nadine giisyung maldita?   .txt
/Users/rl-14/Desktop/Celine-Thesis/all-data-reordered/all/Nadine Lustre hapit usab diay maghikog.txt
/Users/rl-14/Desktop/Celine-Thesis/all-data-reordered/all/Nadine Lustre na-dengue.txt
/Users/rl-14/Desktop/Celine-Thesis/all-data-reordered/all/Nadine mi-explain sa ‘deadma issue’.txt
/Users/rl-14/Desktop/Celine-Thesis/all-data-reordered/all/Nadine nangisnab og fans?.txt
/Users/rl-14/Desktop/Celine-Thesis/all-data-reordered/all/Nadine nasuko nga giangkon ang anak.txt
/Users/rl-14/Desktop/Celine-Thesis/all-data-reordered/all/Nadismaya si R. Aznar.txt
/Users/rl-14/Desktop/Celine-Thesis/all-data-reordered/all/Nadugta nga lawas sa NPA nag-abay pa og armas.txt
/Users/rl-14/Desktop/Celine-Thesis/all-data-reordered/all/Nadya Emano maoy mag-mayor?.txt
/Users/rl-14/Desktop/Celine-Thesis/all-data-reordered/all/Nag `bomb joke’ sa terminal gidakop, gipriso sa Station 5.txt
/Users/rl-14/Desktop/Celine-Thesis/all-data-reordered/all/Nag-ambisyon nga maka-motor nangawat.txt
/Users/rl-14/Desktop/Celine-Thesis/all-data-reordered/all/Nag-amok gipatay sa pulis.txt
/Users/rl-14/Desktop/Celine-Thesis/all-data-reordered/all/Nag-ampo napusilan .txt
/Users/rl-14/Desktop/Celine-Thesis/all-data-reordered/all/Nag-angkas sa bana gipusil .txt
/Users/rl-14/Desktop/Celine-Thesis/all-data-reordered/all/Nag-check in sa motel gibaklad.txt
/Users/rl-14/Desktop/Celine-Thesis/all-data-reordered/all/Nag-ilog sa Valentino, nagbugno.txt
/Users/rl-14/Desktop/Celine-Thesis/all-data-reordered/all/Nag-inusara nga survivor nabalaka sa iyang ugma human sa kamatayon sa mga ginikanan ug igsuon sa landslide.txt
/Users/rl-14/Desktop/Celine-Thesis/all-data-reordered/all/Nag-inusara sa tanan.txt
/Users/rl-14/Desktop/Celine-Thesis/all-data-reordered/all/Nag-jogging gipusil, patay.txt
/Users/rl-14/Desktop/Celine-Thesis/all-data-reordered/all/Nag-masturbate daplin sa dalan sikop.txt
/Users/rl-14/Desktop/Celine-Thesis/all-data-reordered/all/Nag-overloading nga mga jeep gipangdakop.txt
/Users/rl-14/Desktop/Celine-Thesis/all-data-reordered/all/Nag-problema kay wa nag-regla (1).txt
/Users/rl-14/Desktop/Celine-Thesis/all-data-reordered/all/Nag-problema kay wa nag-regla (2).txt
/Users/rl-14/Desktop/Celine-Thesis/all-data-reordered/all/Nag-problema kay wala naga-regla (3).txt
/Users/rl-14/Desktop/Celine-Thesis/all-data-reordered/all/Nag-problema sa regla (8) .txt
/Users/rl-14/Desktop/Celine-Thesis/all-data-reordered/all/Nag-problema tungod napuno sa peklat .txt
/Users/rl-14/Desktop/Celine-Thesis/all-data-reordered/all/Nag-riot sa Second Chance Center.txt
/Users/rl-14/Desktop/Celine-Thesis/all-data-reordered/all/Nag-sex sakpan sa GPS tracker.txt
/Users/rl-14/Desktop/Celine-Thesis/all-data-reordered/all/Nag-tong-its nga kagawad gipatay .txt
/Users/rl-14/Desktop/Celine-Thesis/all-data-reordered/all/Nag-uli na ang buot nila ni Bryant, O’Neal.txt
/Users/rl-14/Desktop/Celine-Thesis/all-data-reordered/all/Nag-ung-ong na sab sa lain nga kasakit.txt
/Users/rl-14/Desktop/Celine-Thesis/all-data-reordered/all/Nag-uwan og 3-points copy.txt
/Users/rl-14/Desktop/Celine-Thesis/all-data-reordered/all/Nag-vandal sa Pajo may kaso.txt
/Users/rl-14/Desktop/Celine-Thesis/all-data-reordered/all/Nag-viral sa Facebook tiklo sa drug bust.txt
/Users/rl-14/Desktop/Celine-Thesis/all-data-reordered/all/Naga andam na’ng mo-host sa CVRAA.txt
/Users/rl-14/Desktop/Celine-Thesis/all-data-reordered/all/Naga gold medal winner gusto nga mag-nurse.txt
/Users/rl-14/Desktop/Celine-Thesis/all-data-reordered/all/Naga mohatag og insentibo; prinsipal gi-ulian sa tablet.txt
/Users/rl-14/Desktop/Celine-Thesis/all-data-reordered/all/Naga motuman sa rekisitos sa PRA.txt
/Users/rl-14/Desktop/Celine-Thesis/all-data-reordered/all/Naga Olympic-sized pool nahuman na.txt
/Users/rl-14/Desktop/Celine-Thesis/all-data-reordered/all/Nagapangawat ug mga binuhing baka, subling milihok sa syudad sa Digos.txt
/Users/rl-14/Desktop/Celine-Thesis/all-data-reordered/all/Nagbaha og assists.txt
/Users/rl-14/Desktop/Celine-Thesis/all-data-reordered/all/Nagbalor og P1M ang mouthpiece ni Floyd.txt
/Users/rl-14/Desktop/Celine-Thesis/all-data-reordered/all/Nagbangis gihapon.txt
/Users/rl-14/Desktop/Celine-Thesis/all-data-reordered/all/Nagdala og bomba naratol .txt
/Users/rl-14/Desktop/Celine-Thesis/all-data-reordered/all/Nagdala og toy gun sa Oro gisikop.txt
/Users/rl-14/Desktop/Celine-Thesis/all-data-reordered/all/Nagdasok sa PRC alang sa LET  .txt
/Users/rl-14/Desktop/Celine-Thesis/all-data-reordered/all/Nagduda nga gaway ni Franz naglihok pa.txt
/Users/rl-14/Desktop/Celine-Thesis/all-data-reordered/all/Naghatod og sud-an giluba.txt
/Users/rl-14/Desktop/Celine-Thesis/all-data-reordered/all/Naghikog human gipatay ang asawa.txt
/Users/rl-14/Desktop/Celine-Thesis/all-data-reordered/all/Naghikog kay dili kahibalo modiskarte og babaye.txt
/Users/rl-14/Desktop/Celine-Thesis/all-data-reordered/all/Naghikog sa balay sa uyab.txt
/Users/rl-14/Desktop/Celine-Thesis/all-data-reordered/all/Naghimog balay sa bakhawan .txt
/Users/rl-14/Desktop/Celine-Thesis/all-data-reordered/all/Naghupot og peke nga lisensiya paadtuon sa LTO .txt
/Users/rl-14/Desktop/Celine-Thesis/all-data-reordered/all/Nagkabangis.txt
/Users/rl-14/Desktop/Celine-Thesis/all-data-reordered/all/Nagkada-iya nga matang sa mga armas nakuha gikan sa mga NPA.txt
/Users/rl-14/Desktop/Celine-Thesis/all-data-reordered/all/Nagkaduol sa laing record.txt
/Users/rl-14/Desktop/Celine-Thesis/all-data-reordered/all/Nagkahiusa sa SEAG 2019 .txt
/Users/rl-14/Desktop/Celine-Thesis/all-data-reordered/all/Nagkasikat nga Karl Aquino bag-ong modelo sa Olive-C .txt
/Users/rl-14/Desktop/Celine-Thesis/all-data-reordered/all/Nagkauli ra ang 2.txt
/Users/rl-14/Desktop/Celine-Thesis/all-data-reordered/all/Naglalis sa plete sa sikad, 1 patay.txt
/Users/rl-14/Desktop/Celine-Thesis/all-data-reordered/all/Naglaom gihapon.txt
/Users/rl-14/Desktop/Celine-Thesis/all-data-reordered/all/Naglaum sa merkado.txt
/Users/rl-14/Desktop/Celine-Thesis/all-data-reordered/all/Naglibog kung magpadugang og suso (Part 1).txt
/Users/rl-14/Desktop/Celine-Thesis/all-data-reordered/all/Naglibog kung magpadugang og suso (Part 2).txt
/Users/rl-14/Desktop/Celine-Thesis/all-data-reordered/all/Naglihok nga mga bulkan bantayan.txt
/Users/rl-14/Desktop/Celine-Thesis/all-data-reordered/all/Nagmotor nahug sa drainage, namatay.txt
/Users/rl-14/Desktop/Celine-Thesis/all-data-reordered/all/Nagpabiling bangis.txt
/Users/rl-14/Desktop/Celine-Thesis/all-data-reordered/all/Nagpabuto kay sex video mikatap.txt
/Users/rl-14/Desktop/Celine-Thesis/all-data-reordered/all/Nagpabuto ra man gihapon.txt
/Users/rl-14/Desktop/Celine-Thesis/all-data-reordered/all/Nagpailang asset sa NBI gipatay .txt
/Users/rl-14/Desktop/Celine-Thesis/all-data-reordered/all/Nagpailang miyembro sa PDEA sikop sa drug bust.txt
/Users/rl-14/Desktop/Celine-Thesis/all-data-reordered/all/Nagpailang ‘Harry Radaza’ nangilad.txt
/Users/rl-14/Desktop/Celine-Thesis/all-data-reordered/all/Nagpakabana sa bahandi sa kabilin.txt
/Users/rl-14/Desktop/Celine-Thesis/all-data-reordered/all/Nagpakatag sa Facebook nga way signal sa Asean Summit dakpon .txt
/Users/rl-14/Desktop/Celine-Thesis/all-data-reordered/all/Nagpakita og kinatawo nag-Pasko sa prisohan.txt
/Users/rl-14/Desktop/Celine-Thesis/all-data-reordered/all/Nagpanikad si Balkman nga mobalik sa PBA.txt
/Users/rl-14/Desktop/Celine-Thesis/all-data-reordered/all/Nagpatay sa helper giukoy sa pulis .txt
/Users/rl-14/Desktop/Celine-Thesis/all-data-reordered/all/Nagpatay sa microphone  SunStar.txt
/Users/rl-14/Desktop/Celine-Thesis/all-data-reordered/all/Nagpataya og illegal swertres sikop.txt
/Users/rl-14/Desktop/Celine-Thesis/all-data-reordered/all/Nagpatuo nga pulis gidakop.txt
/Users/rl-14/Desktop/Celine-Thesis/all-data-reordered/all/Nagpunay'g away sa kuwarta (Part 2).txt
/Users/rl-14/Desktop/Celine-Thesis/all-data-reordered/all/Nagpusil sa insik, tumbok na.txt
/Users/rl-14/Desktop/Celine-Thesis/all-data-reordered/all/Nagpuyo daplin sa sapa pahawaon.txt
/Users/rl-14/Desktop/Celine-Thesis/all-data-reordered/all/Nagselos nangluba.txt
/Users/rl-14/Desktop/Celine-Thesis/all-data-reordered/all/Nagsusi paghot sa iro gipusil.txt
/Users/rl-14/Desktop/Celine-Thesis/all-data-reordered/all/Nagtsek-in nga Maute giimbestigahan sa otoridad.txt
/Users/rl-14/Desktop/Celine-Thesis/all-data-reordered/all/Nagtul-id og sakyanan naligsan, patay.txt
/Users/rl-14/Desktop/Celine-Thesis/all-data-reordered/all/Nagtuo sa milagro sa Itum nga Nazareno.txt
/Users/rl-14/Desktop/Celine-Thesis/all-data-reordered/all/Naguol kay ‘istambayanan’ gisira.txt
/Users/rl-14/Desktop/Celine-Thesis/all-data-reordered/all/Nagwelga miundang na.txt
/Users/rl-14/Desktop/Celine-Thesis/all-data-reordered/all/Nahanaw nga insentibo ni Onyok ugkaton ni Digong.txt
/Users/rl-14/Desktop/Celine-Thesis/all-data-reordered/all/Nahimuot kang Tawing .txt
/Users/rl-14/Desktop/Celine-Thesis/all-data-reordered/all/Nahudlat.txt
/Users/rl-14/Desktop/Celine-Thesis/all-data-reordered/all/Nahugno nga nakabuhi.txt
/Users/rl-14/Desktop/Celine-Thesis/all-data-reordered/all/Naibgan og engkanto, naghikog.txt
/Users/rl-14/Desktop/Celine-Thesis/all-data-reordered/all/Naipit sa container van, patay.txt
/Users/rl-14/Desktop/Celine-Thesis/all-data-reordered/all/Naka-ikyas nga live in partner ug anak sa napatay nga high value target gihikay na ang kaso nga ipasaka.txt
/Users/rl-14/Desktop/Celine-Thesis/all-data-reordered/all/Naka-uyab og minyo nagpakamatay.txt
/Users/rl-14/Desktop/Celine-Thesis/all-data-reordered/all/Nakabawos na.txt
/Users/rl-14/Desktop/Celine-Thesis/all-data-reordered/all/Nakagawas sa prisohan gipatay.txt
/Users/rl-14/Desktop/Celine-Thesis/all-data-reordered/all/Nakaihi og dugo.txt
/Users/rl-14/Desktop/Celine-Thesis/all-data-reordered/all/Nakakolekta og P82.9 M ang Citom .txt
/Users/rl-14/Desktop/Celine-Thesis/all-data-reordered/all/Nakalimtang bag sa babaye naka-alarma.txt
/Users/rl-14/Desktop/Celine-Thesis/all-data-reordered/all/Nakapatay sa opisyal, gilutos sa militar.txt
/Users/rl-14/Desktop/Celine-Thesis/all-data-reordered/all/Nakat-unan itudlo.txt
/Users/rl-14/Desktop/Celine-Thesis/all-data-reordered/all/Nakigbulag sa boyfriend giluba og gunting.txt
/Users/rl-14/Desktop/Celine-Thesis/all-data-reordered/all/Nakighugoyhugoy ang 'The Beast'.txt
/Users/rl-14/Desktop/Celine-Thesis/all-data-reordered/all/Nakitang patay’ng lawas nga anaa sa state of decomposition na sa Surigao City, wala nay ulo ug kamot.txt
/Users/rl-14/Desktop/Celine-Thesis/all-data-reordered/all/Nakuryentihan, patay.txt
/Users/rl-14/Desktop/Celine-Thesis/all-data-reordered/all/Nalambigit sa drugas migraduwar.txt
/Users/rl-14/Desktop/Celine-Thesis/all-data-reordered/all/Nalambigit sa ginadili nga druga gipanid-an na.txt
/Users/rl-14/Desktop/Celine-Thesis/all-data-reordered/all/Naligsan, namatay.txt
/Users/rl-14/Desktop/Celine-Thesis/all-data-reordered/all/Nalimpyo na sa paggamit sa drugas .txt
/Users/rl-14/Desktop/Celine-Thesis/all-data-reordered/all/Nalipat sa hamis og paa.txt
/Users/rl-14/Desktop/Celine-Thesis/all-data-reordered/all/Nalista sa Global Telecoms Business Power 100 sa 2015.txt
/Users/rl-14/Desktop/Celine-Thesis/all-data-reordered/all/Nalzaro: 'Let’s see the scattered’ .txt
/Users/rl-14/Desktop/Celine-Thesis/all-data-reordered/all/Nalzaro: Ad hoc committee nag-’Ponsio Pilato’.txt
/Users/rl-14/Desktop/Celine-Thesis/all-data-reordered/all/Nalzaro: Adios, Kumander Cobra .txt
/Users/rl-14/Desktop/Celine-Thesis/all-data-reordered/all/Nalzaro: Ang sex life ni Leila.txt
/Users/rl-14/Desktop/Celine-Thesis/all-data-reordered/all/Nalzaro: Barok mitug-an na? .txt
/Users/rl-14/Desktop/Celine-Thesis/all-data-reordered/all/Nalzaro: Bomb joke gidili.txt
/Users/rl-14/Desktop/Celine-Thesis/all-data-reordered/all/Nalzaro: CPDRC isyo part 3.txt
/Users/rl-14/Desktop/Celine-Thesis/all-data-reordered/all/Nalzaro: CPDRC part 2.txt
/Users/rl-14/Desktop/Celine-Thesis/all-data-reordered/all/Nalzaro: Dalan sa Toledo nangaguba.txt
/Users/rl-14/Desktop/Celine-Thesis/all-data-reordered/all/Nalzaro: Di ra unta kutob sa kasuko, Gov.txt
/Users/rl-14/Desktop/Celine-Thesis/all-data-reordered/all/Nalzaro: Dili maki-angayon.txt
/Users/rl-14/Desktop/Celine-Thesis/all-data-reordered/all/Nalzaro: Dili mangaway.txt
/Users/rl-14/Desktop/Celine-Thesis/all-data-reordered/all/Nalzaro: Disqualification case batok ni Grace.txt
/Users/rl-14/Desktop/Celine-Thesis/all-data-reordered/all/Nalzaro: EO 034 kuwestiyonon sa korte.txt
/Users/rl-14/Desktop/Celine-Thesis/all-data-reordered/all/Nalzaro: Epekto sa impouding.txt
/Users/rl-14/Desktop/Celine-Thesis/all-data-reordered/all/Nalzaro: Fraternity o gang?.txt
/Users/rl-14/Desktop/Celine-Thesis/all-data-reordered/all/Nalzaro: Fraternity war.txt
/Users/rl-14/Desktop/Celine-Thesis/all-data-reordered/all/Nalzaro: Fundraising ni Junjun?.txt
/Users/rl-14/Desktop/Celine-Thesis/all-data-reordered/all/Nalzaro: Gawasnon na ang taga Ozamis?.txt
/Users/rl-14/Desktop/Celine-Thesis/all-data-reordered/all/Nalzaro: Gimik ni Mike bulok.txt
/Users/rl-14/Desktop/Celine-Thesis/all-data-reordered/all/Nalzaro: Gimik sa CPDRC.txt
/Users/rl-14/Desktop/Celine-Thesis/all-data-reordered/all/Nalzaro: Gwen batok Junjun?.txt
/Users/rl-14/Desktop/Celine-Thesis/all-data-reordered/all/Nalzaro: Happy Valentines Day.txt
/Users/rl-14/Desktop/Celine-Thesis/all-data-reordered/all/Nalzaro: Hepe sa bombero namun-og?.txt
/Users/rl-14/Desktop/Celine-Thesis/all-data-reordered/all/Nalzaro: Hinuwaman lang nga kaanyag.txt
/Users/rl-14/Desktop/Celine-Thesis/all-data-reordered/all/Nalzaro: Hustisya alang sa mga anak.txt
/Users/rl-14/Desktop/Celine-Thesis/all-data-reordered/all/Nalzaro: Ihatag ni Jenalyn.txt
/Users/rl-14/Desktop/Celine-Thesis/all-data-reordered/all/Nalzaro: Ilegal fishing sa Cordova.txt
/Users/rl-14/Desktop/Celine-Thesis/all-data-reordered/all/Nalzaro: Isyu sa CPDRC.txt
/Users/rl-14/Desktop/Celine-Thesis/all-data-reordered/all/Nalzaro: Jenalyn posibling makasuhan.txt
/Users/rl-14/Desktop/Celine-Thesis/all-data-reordered/all/Nalzaro: Kalbaryo ni Peter Lim.txt
/Users/rl-14/Desktop/Celine-Thesis/all-data-reordered/all/Nalzaro: Kap Joel Garganera: ‘Ang Panday’.txt
/Users/rl-14/Desktop/Celine-Thesis/all-data-reordered/all/Nalzaro: Kapabilidad sa mga bombero.txt
/Users/rl-14/Desktop/Celine-Thesis/all-data-reordered/all/Nalzaro: Kataw-i lang ang problema.txt
/Users/rl-14/Desktop/Celine-Thesis/all-data-reordered/all/Nalzaro: Kawat sa load?.txt
/Users/rl-14/Desktop/Celine-Thesis/all-data-reordered/all/Nalzaro: Kinabuhi ni Alexander The Great.txt
/Users/rl-14/Desktop/Celine-Thesis/all-data-reordered/all/Nalzaro: Kinsay isunod ni Imok?.txt
/Users/rl-14/Desktop/Celine-Thesis/all-data-reordered/all/Nalzaro: Kinsay tuhuan?.txt
/Users/rl-14/Desktop/Celine-Thesis/all-data-reordered/all/Nalzaro: Legalidad sa pag-‘impound’.txt
/Users/rl-14/Desktop/Celine-Thesis/all-data-reordered/all/Nalzaro: Less guilty ba gud ni si Napoles?.txt
/Users/rl-14/Desktop/Celine-Thesis/all-data-reordered/all/Nalzaro: Leviticus 20:13.txt
/Users/rl-14/Desktop/Celine-Thesis/all-data-reordered/all/Nalzaro: Magsilbing leksiyon.txt
/Users/rl-14/Desktop/Celine-Thesis/all-data-reordered/all/Nalzaro: Mangurakot gihapon.txt
/Users/rl-14/Desktop/Celine-Thesis/all-data-reordered/all/Nalzaro: Maoy labing gamhanan.txt
/Users/rl-14/Desktop/Celine-Thesis/all-data-reordered/all/Nalzaro: Martial Law na pod?.txt
/Users/rl-14/Desktop/Celine-Thesis/all-data-reordered/all/Nalzaro: Mas labaw pa sa korte.txt
/Users/rl-14/Desktop/Celine-Thesis/all-data-reordered/all/Nalzaro: Media ug pulitika.txt
/Users/rl-14/Desktop/Celine-Thesis/all-data-reordered/all/Nalzaro: Mga batang libud-suroy.txt
/Users/rl-14/Desktop/Celine-Thesis/all-data-reordered/all/Nalzaro: Mga donasyon nangalata.txt
/Users/rl-14/Desktop/Celine-Thesis/all-data-reordered/all/Nalzaro: Mga durugista maghudyaka.txt
/Users/rl-14/Desktop/Celine-Thesis/all-data-reordered/all/Nalzaro: Mga panglantaw sa Year of the Rooster.txt
/Users/rl-14/Desktop/Celine-Thesis/all-data-reordered/all/Nalzaro: Mga yabag ang taga PDRRMO (2).txt
/Users/rl-14/Desktop/Celine-Thesis/all-data-reordered/all/Nalzaro: Mga yabag ang taga PDRRMO.txt
/Users/rl-14/Desktop/Celine-Thesis/all-data-reordered/all/Nalzaro: Midagan na ang Train Law.txt
/Users/rl-14/Desktop/Celine-Thesis/all-data-reordered/all/Nalzaro: Nag-unay ang mga durugista.txt
/Users/rl-14/Desktop/Celine-Thesis/all-data-reordered/all/Nalzaro: Nag-usik-usik lang sa panahon.txt
/Users/rl-14/Desktop/Celine-Thesis/all-data-reordered/all/Nalzaro: Naghawod-hawod si  Mary Ann sa Lahug?.txt
/Users/rl-14/Desktop/Celine-Thesis/all-data-reordered/all/Nalzaro: Naghitak ang drugas sa prisohan.txt
/Users/rl-14/Desktop/Celine-Thesis/all-data-reordered/all/Nalzaro: Nagpabaya nga mga ahensiya.txt
/Users/rl-14/Desktop/Celine-Thesis/all-data-reordered/all/Nalzaro: Nagtinapulan ang mga pulis.txt
/Users/rl-14/Desktop/Celine-Thesis/all-data-reordered/all/Nalzaro: Narco-politics sa Sugbo.txt
/Users/rl-14/Desktop/Celine-Thesis/all-data-reordered/all/Nalzaro: Nganong di man magkahiusa?.txt
/Users/rl-14/Desktop/Celine-Thesis/all-data-reordered/all/Nalzaro: Oratio Imperata alang sa ulan.txt
/Users/rl-14/Desktop/Celine-Thesis/all-data-reordered/all/Nalzaro: Pagkonhod sa plitehan.txt
/Users/rl-14/Desktop/Celine-Thesis/all-data-reordered/all/Nalzaro: Pahimulos sa Train.txt
/Users/rl-14/Desktop/Celine-Thesis/all-data-reordered/all/Nalzaro: Plano ni Gokongwei sa SRP.txt
/Users/rl-14/Desktop/Celine-Thesis/all-data-reordered/all/Nalzaro: PNoy: ‘Saksi nako ang Ginoo’.txt
/Users/rl-14/Desktop/Celine-Thesis/all-data-reordered/all/Nalzaro: Problema sa traffic sa Tabunok.txt
/Users/rl-14/Desktop/Celine-Thesis/all-data-reordered/all/Nalzaro: Reklamo batok sa piggery.txt
/Users/rl-14/Desktop/Celine-Thesis/all-data-reordered/all/Nalzaro: Reklamo batok sa Talisay Hospital.txt
/Users/rl-14/Desktop/Celine-Thesis/all-data-reordered/all/Nalzaro: Reklamo sa mga CPDRC inmates.txt
/Users/rl-14/Desktop/Celine-Thesis/all-data-reordered/all/Nalzaro: Reklamo sa taga Police Station 6.txt
/Users/rl-14/Desktop/Celine-Thesis/all-data-reordered/all/Nalzaro: Sa dihang midesisyon ang Korte Suprema.txt
/Users/rl-14/Desktop/Celine-Thesis/all-data-reordered/all/Nalzaro: Sabotahe sa taga BOPK.txt
/Users/rl-14/Desktop/Celine-Thesis/all-data-reordered/all/Nalzaro: Serbisyo og ambisyon.txt
/Users/rl-14/Desktop/Celine-Thesis/all-data-reordered/all/Nalzaro: Serbisyong way suweldo.txt
/Users/rl-14/Desktop/Celine-Thesis/all-data-reordered/all/Nalzaro: Si Mike ra ang mabasol.txt
/Users/rl-14/Desktop/Celine-Thesis/all-data-reordered/all/Nalzaro: Si ‘Unknown’ maoy perming suspek.txt
/Users/rl-14/Desktop/Celine-Thesis/all-data-reordered/all/Nalzaro: Sugal ug drugas naghitak sa Lutopan.txt
/Users/rl-14/Desktop/Celine-Thesis/all-data-reordered/all/Nalzaro: Temporaryo nga solusyon.txt
/Users/rl-14/Desktop/Celine-Thesis/all-data-reordered/all/Nalzaro: Tokhang guidelines.txt
/Users/rl-14/Desktop/Celine-Thesis/all-data-reordered/all/Nalzaro: Tunglo sa taga Ormoc City.txt
/Users/rl-14/Desktop/Celine-Thesis/all-data-reordered/all/Nalzaro: Ulod sulod sa de lata.txt
/Users/rl-14/Desktop/Celine-Thesis/all-data-reordered/all/Nalzaro: Una ang kalesa kay sa kabayo.txt
/Users/rl-14/Desktop/Celine-Thesis/all-data-reordered/all/Nalzaro: Ungab apil sa drug trade?.txt
/Users/rl-14/Desktop/Celine-Thesis/all-data-reordered/all/Nalzaro: Ungab case; way kalambuan.txt
/Users/rl-14/Desktop/Celine-Thesis/all-data-reordered/all/Nalzaro: Wala gyud kahay apil si Jenalyn?.txt
/Users/rl-14/Desktop/Celine-Thesis/all-data-reordered/all/Nalzaro: Way ‘palabra de honor’.txt
/Users/rl-14/Desktop/Celine-Thesis/all-data-reordered/all/Nalzaro: ‘Dancing Sto. Nino,’ katuhuan-dili?.txt
/Users/rl-14/Desktop/Celine-Thesis/all-data-reordered/all/Nalzaro: ‘I have a pen; I have an apple-apple pen’.txt
/Users/rl-14/Desktop/Celine-Thesis/all-data-reordered/all/Nalzaro: ‘Pangilkil’ sa taga Fuente Police .txt
/Users/rl-14/Desktop/Celine-Thesis/all-data-reordered/all/Nalzaro: ‘Payola’ ni Espino	.txt
/Users/rl-14/Desktop/Celine-Thesis/all-data-reordered/all/Nalzaro: ‘Vigilantes’ sa Lapu-Lapu?.txt
/Users/rl-14/Desktop/Celine-Thesis/all-data-reordered/all/Namaligya og gasolina target.txt
/Users/rl-14/Desktop/Celine-Thesis/all-data-reordered/all/Namaligya og pabuto nga way permiso dakpon: Quisumbing.txt
/Users/rl-14/Desktop/Celine-Thesis/all-data-reordered/all/Namaligya'g marijuana napatay.txt
/Users/rl-14/Desktop/Celine-Thesis/all-data-reordered/all/Nambatac Damgo Ngadto sa Reyalidad  SunStar.txt
/Users/rl-14/Desktop/Celine-Thesis/all-data-reordered/all/Nambatac: Damgo Ngadto sa Reyalidad.txt
/Users/rl-14/Desktop/Celine-Thesis/all-data-reordered/all/Nameligro nga way panginabuhi.txt
/Users/rl-14/Desktop/Celine-Thesis/all-data-reordered/all/Namomba sa Roxas night market sikop sa Malaysia.txt
/Users/rl-14/Desktop/Celine-Thesis/all-data-reordered/all/Namungot ang Celtics.txt
/Users/rl-14/Desktop/Celine-Thesis/all-data-reordered/all/Namungot ang Gins.txt
/Users/rl-14/Desktop/Celine-Thesis/all-data-reordered/all/Namungot ang Spurs.txt
/Users/rl-14/Desktop/Celine-Thesis/all-data-reordered/all/Namungot.txt
/Users/rl-14/Desktop/Celine-Thesis/all-data-reordered/all/Nanag-iya og colorum tricycle sa Mandaue City gipasidan-an.txt
/Users/rl-14/Desktop/Celine-Thesis/all-data-reordered/all/Nanaud og drug-free posters .txt
/Users/rl-14/Desktop/Celine-Thesis/all-data-reordered/all/Nanawagan ni Duterte.txt
/Users/rl-14/Desktop/Celine-Thesis/all-data-reordered/all/Nangangkong `anak’ ni Osmeña sikop sa buy bust.txt
/Users/rl-14/Desktop/Celine-Thesis/all-data-reordered/all/Nangawat og TV sa motel, nadakpan.txt
/Users/rl-14/Desktop/Celine-Thesis/all-data-reordered/all/Nangayo’g pasaylo.txt
/Users/rl-14/Desktop/Celine-Thesis/all-data-reordered/all/Nangdagit aron makabayad sa utang.txt
/Users/rl-14/Desktop/Celine-Thesis/all-data-reordered/all/Nangdisco naputlan og upat ka tudlo.txt
/Users/rl-14/Desktop/Celine-Thesis/all-data-reordered/all/Nanghadlok sa FB nangayo og pasaylo .txt
/Users/rl-14/Desktop/Celine-Thesis/all-data-reordered/all/Nanghagit og sex gisikop.txt
/Users/rl-14/Desktop/Celine-Thesis/all-data-reordered/all/Nangihi nakaanak.txt
/Users/rl-14/Desktop/Celine-Thesis/all-data-reordered/all/Nangilad og babaye sa FB gi-entrap, nasikop.txt
/Users/rl-14/Desktop/Celine-Thesis/all-data-reordered/all/Nangilkil’ sa langyaw nasikop.txt
/Users/rl-14/Desktop/Celine-Thesis/all-data-reordered/all/Nangita og maayong posisyon kay gamay si manoy (5).txt
/Users/rl-14/Desktop/Celine-Thesis/all-data-reordered/all/Nangita og maayong posisyon kay gamay si manoy (Part 6).txt
/Users/rl-14/Desktop/Celine-Thesis/all-data-reordered/all/Nangita og natural nga pamaagi aron mawala ang ok-ok, uban pa (Part 4).txt
/Users/rl-14/Desktop/Celine-Thesis/all-data-reordered/all/Nangita og natural nga tambal sa diabetes.txt
/Users/rl-14/Desktop/Celine-Thesis/all-data-reordered/all/Nangita og summer job?.txt
/Users/rl-14/Desktop/Celine-Thesis/all-data-reordered/all/Nangkilkil tiklo sa entrapment  SunStar.txt
/Users/rl-14/Desktop/Celine-Thesis/all-data-reordered/all/Nanglugos sa bayaw sikop.txt
/Users/rl-14/Desktop/Celine-Thesis/all-data-reordered/all/Nangumot og sampot sikop.txt
/Users/rl-14/Desktop/Celine-Thesis/all-data-reordered/all/Nangutana kung aduna bay tambal makapugong sa pagkatiguwang (part 4).txt
/Users/rl-14/Desktop/Celine-Thesis/all-data-reordered/all/Nanguyab gipatay sa pulis.txt
/Users/rl-14/Desktop/Celine-Thesis/all-data-reordered/all/Nanulis sa Napocor nadakpan.txt
/Users/rl-14/Desktop/Celine-Thesis/all-data-reordered/all/Nanumpa sa Oplan Tokhang sikop.txt
/Users/rl-14/Desktop/Celine-Thesis/all-data-reordered/all/Nanungog sa kauban, gipatay.txt
/Users/rl-14/Desktop/Celine-Thesis/all-data-reordered/all/Napakgang.txt
/Users/rl-14/Desktop/Celine-Thesis/all-data-reordered/all/Napalgang medical supply gikabalaka.txt
/Users/rl-14/Desktop/Celine-Thesis/all-data-reordered/all/Napalgang patay’ng lawas sa usa ka lalaki sa Agusan del Norte, wala pa’y claimant.txt
/Users/rl-14/Desktop/Celine-Thesis/all-data-reordered/all/Napatay nga HVT sa MisOr,kasuhan? re:pagpatay sa menor.txt
/Users/rl-14/Desktop/Celine-Thesis/all-data-reordered/all/Napildi sa tinubagan  .txt
/Users/rl-14/Desktop/Celine-Thesis/all-data-reordered/all/Napolcom 7 motabang sa PNP sa lungsod sa Minglanilla, San Fernando.txt
/Users/rl-14/Desktop/Celine-Thesis/all-data-reordered/all/Napolcom mipasalig sa silot sa pulis nga naaktohan sulod sa sugalan.txt
/Users/rl-14/Desktop/Celine-Thesis/all-data-reordered/all/Napolcom mohatag og scholarship.txt
/Users/rl-14/Desktop/Celine-Thesis/all-data-reordered/all/NAPOLCOM-10:”Mga pulis angay magtarong na re:salary increase”.txt
/Users/rl-14/Desktop/Celine-Thesis/all-data-reordered/all/Napoles himuon nga state witness.txt
/Users/rl-14/Desktop/Celine-Thesis/all-data-reordered/all/Napriso human mireklamo.txt
/Users/rl-14/Desktop/Celine-Thesis/all-data-reordered/all/Napukan sud sa balwarte.txt
/Users/rl-14/Desktop/Celine-Thesis/all-data-reordered/all/Naputol sa 17.txt
/Users/rl-14/Desktop/Celine-Thesis/all-data-reordered/all/Naputol!.txt
/Users/rl-14/Desktop/Celine-Thesis/all-data-reordered/all/Narekober nga kalabera sa Agusan del Sur, gitu-uhang usa ka rebeldeng NPA.txt
/Users/rl-14/Desktop/Celine-Thesis/all-data-reordered/all/Nars miambak sa tulay.txt
/Users/rl-14/Desktop/Celine-Thesis/all-data-reordered/all/Narvasa angay moluwat: Eala.txt
/Users/rl-14/Desktop/Celine-Thesis/all-data-reordered/all/Narvasa hukman sa board karon.txt
/Users/rl-14/Desktop/Celine-Thesis/all-data-reordered/all/Narvasa suportado.txt
/Users/rl-14/Desktop/Celine-Thesis/all-data-reordered/all/Narvasa, bag-ong PBA commissioner .txt
/Users/rl-14/Desktop/Celine-Thesis/all-data-reordered/all/Nasakpan sa room 69.txt
/Users/rl-14/Desktop/Celine-Thesis/all-data-reordered/all/Nash Aguas dream mag-direktor.txt
/Users/rl-14/Desktop/Celine-Thesis/all-data-reordered/all/Nasikop human nakatug sa taxi.txt
/Users/rl-14/Desktop/Celine-Thesis/all-data-reordered/all/Nasikop sa buy-bust operation taktakon .txt
/Users/rl-14/Desktop/Celine-Thesis/all-data-reordered/all/Nasubrahan og tagay, patay.txt
/Users/rl-14/Desktop/Celine-Thesis/all-data-reordered/all/Nasudlan og espiritu o huna-huna ra?.txt
/Users/rl-14/Desktop/Celine-Thesis/all-data-reordered/all/Nasudlan og espiritu?.txt
/Users/rl-14/Desktop/Celine-Thesis/all-data-reordered/all/Nasudla’g espiritu sa Sto. Niño.txt
/Users/rl-14/Desktop/Celine-Thesis/all-data-reordered/all/Nasugdan ni Pulong ipadayon ni Al-ag.txt
/Users/rl-14/Desktop/Celine-Thesis/all-data-reordered/all/Nasungag ang Celtics.txt
/Users/rl-14/Desktop/Celine-Thesis/all-data-reordered/all/Nasunog nga buhatan sa DepEd-Agusan del Norte, P5M ang damyos.txt
/Users/rl-14/Desktop/Celine-Thesis/all-data-reordered/all/Nasunog nga firecracker factory gisira.txt
/Users/rl-14/Desktop/Celine-Thesis/all-data-reordered/all/Nasunogan `milayas’.txt
/Users/rl-14/Desktop/Celine-Thesis/all-data-reordered/all/Nasunogan gi-validate sa social services.txt
/Users/rl-14/Desktop/Celine-Thesis/all-data-reordered/all/Nasunogan makabalik sa ilang gipuy-an: Luigi.txt
/Users/rl-14/Desktop/Celine-Thesis/all-data-reordered/all/Nasunogan prayoridad nga makabalay.txt
/Users/rl-14/Desktop/Celine-Thesis/all-data-reordered/all/Nasunogan sa Apas mihangyo sa Kapitolyo .txt
/Users/rl-14/Desktop/Celine-Thesis/all-data-reordered/all/Nasurpresa si Pacquiao.txt
/Users/rl-14/Desktop/Celine-Thesis/all-data-reordered/all/Nat'l Age-Group Chess posibling anhi sa Sugbo ipahigayon: NCFP.txt
/Users/rl-14/Desktop/Celine-Thesis/all-data-reordered/all/Natagak sa hotel, patay.txt
/Users/rl-14/Desktop/Celine-Thesis/all-data-reordered/all/Natala na vehicular accident sa GenSan, dili muobos sa lima kada adlaw.txt
/Users/rl-14/Desktop/Celine-Thesis/all-data-reordered/all/Natasha Villaroman bag-ong gikabuangan ni Paulo  SunStar.txt
/Users/rl-14/Desktop/Celine-Thesis/all-data-reordered/all/Nathalie Hart naay breast exposure sa pelikula.txt
/Users/rl-14/Desktop/Celine-Thesis/all-data-reordered/all/Nathalie, 'Bombshell ng Bayan'.txt
/Users/rl-14/Desktop/Celine-Thesis/all-data-reordered/all/National chess organizers nagkinahanglan og suporta.txt
/Users/rl-14/Desktop/Celine-Thesis/all-data-reordered/all/National Day of Protest malinawon.txt
/Users/rl-14/Desktop/Celine-Thesis/all-data-reordered/all/National Master Tolentino mikampyeon.txt
/Users/rl-14/Desktop/Celine-Thesis/all-data-reordered/all/National SWAT Challenge gipangandaman na sa Davao.txt
/Users/rl-14/Desktop/Celine-Thesis/all-data-reordered/all/Natividad hari sa handicap chessfest.txt
/Users/rl-14/Desktop/Celine-Thesis/all-data-reordered/all/Natoplokan sa Dengvaxia sa Mindanao, hugtanong gi-monitor sa DOH.txt
/Users/rl-14/Desktop/Celine-Thesis/all-data-reordered/all/Natulog sa imburnal gibundakan og bato.txt
/Users/rl-14/Desktop/Celine-Thesis/all-data-reordered/all/Natulog sa kalsada naligsan, patay.txt
/Users/rl-14/Desktop/Celine-Thesis/all-data-reordered/all/Naunsa na ang 93-1?: Garganera, Garcia.txt
/Users/rl-14/Desktop/Celine-Thesis/all-data-reordered/all/Nauwawan kay giingnan tambok nagpa-blotter.txt
/Users/rl-14/Desktop/Celine-Thesis/all-data-reordered/all/Navona Bloc 3 sa Lapu gibuksan na.txt
/Users/rl-14/Desktop/Celine-Thesis/all-data-reordered/all/Navy misaad di makalusot droga sa dagat.txt
/Users/rl-14/Desktop/Celine-Thesis/all-data-reordered/all/Navy nangrehistro sa sakyanan sa prosesyon.txt
/Users/rl-14/Desktop/Celine-Thesis/all-data-reordered/all/Nawagtang ang interes.txt
/Users/rl-14/Desktop/Celine-Thesis/all-data-reordered/all/Nawala nga mananagat, hapit nakaabot sa South Korea.txt
/Users/rl-14/Desktop/Celine-Thesis/all-data-reordered/all/Nazareno devotees,dili apektado sa terror threats sa CdeO.txt
/Users/rl-14/Desktop/Celine-Thesis/all-data-reordered/all/Nazareth motesting sa 1st Magis Cup .txt
/Users/rl-14/Desktop/Celine-Thesis/all-data-reordered/all/NBA All Star weekend mabulokon, kulbahinam.txt
/Users/rl-14/Desktop/Celine-Thesis/all-data-reordered/all/NBA All-Star game sa Charlotte dili madayon.txt
/Users/rl-14/Desktop/Celine-Thesis/all-data-reordered/all/NBA commish nabalaka na.txt
/Users/rl-14/Desktop/Celine-Thesis/all-data-reordered/all/NBA gisaway ni World Peace.txt
/Users/rl-14/Desktop/Celine-Thesis/all-data-reordered/all/NBA manalangin sa makadiyot sa kamatayon ni Muhammad Ali.txt
/Users/rl-14/Desktop/Celine-Thesis/all-data-reordered/all/NBA no.1 rookie na-operahan na.txt
/Users/rl-14/Desktop/Celine-Thesis/all-data-reordered/all/NBA player gidunggab.txt
/Users/rl-14/Desktop/Celine-Thesis/all-data-reordered/all/NBA playoffs sugdan.txt
/Users/rl-14/Desktop/Celine-Thesis/all-data-reordered/all/NBA star mibilib sa shooting ni Ravena.txt
/Users/rl-14/Desktop/Celine-Thesis/all-data-reordered/all/NBA Store ablihan sa Ayala Cebu.txt
/Users/rl-14/Desktop/Celine-Thesis/all-data-reordered/all/NBA teams nagsugod na'g susi sa batan-ong players  .txt
/Users/rl-14/Desktop/Celine-Thesis/all-data-reordered/all/NBA title labnihun.txt
/Users/rl-14/Desktop/Celine-Thesis/all-data-reordered/all/NBI moimbestigar sa skimming.txt
/Users/rl-14/Desktop/Celine-Thesis/all-data-reordered/all/NBI mopadayon sa imbestigasyon.txt
/Users/rl-14/Desktop/Celine-Thesis/all-data-reordered/all/NBI-10,mironda sa marijuana plantation sa Iligan City.txt
/Users/rl-14/Desktop/Celine-Thesis/all-data-reordered/all/NBTC mopahigayon og imbestigasyon.txt
/Users/rl-14/Desktop/Celine-Thesis/all-data-reordered/all/NCCC B3 midnight bowling karon Peb. 18.txt
/Users/rl-14/Desktop/Celine-Thesis/all-data-reordered/all/NCCC, SSI ug BFP officials posibleng makasohan.txt
/Users/rl-14/Desktop/Celine-Thesis/all-data-reordered/all/NCTU:’90% PUJs,ma-phaseout sa CdeO’.txt
/Users/rl-14/Desktop/Celine-Thesis/all-data-reordered/all/NDRRMC, Smart mipalig-on sa emergency communications.txt
/Users/rl-14/Desktop/Celine-Thesis/all-data-reordered/all/Negosyante gipusil tungod sa pangabubho.txt
/Users/rl-14/Desktop/Celine-Thesis/all-data-reordered/all/Negosyante gipusil-patay sa Bukidnon.txt
/Users/rl-14/Desktop/Celine-Thesis/all-data-reordered/all/Negosyante gitulis, P370 nadala sa tulisan.txt
/Users/rl-14/Desktop/Celine-Thesis/all-data-reordered/all/Negosyante gitulis, P400 mil nabitbit.txt
/Users/rl-14/Desktop/Celine-Thesis/all-data-reordered/all/Negosyante naghikog o gipatay?.txt
/Users/rl-14/Desktop/Celine-Thesis/all-data-reordered/all/Negosyante nagligo-ligo, patay.txt
/Users/rl-14/Desktop/Celine-Thesis/all-data-reordered/all/Negosyante nagpakamatay.txt
/Users/rl-14/Desktop/Celine-Thesis/all-data-reordered/all/Negosyante nakuhaan og mga armas .txt
/Users/rl-14/Desktop/Celine-Thesis/all-data-reordered/all/Negosyante, gipusil-patay sa GenSan !.txt
/Users/rl-14/Desktop/Celine-Thesis/all-data-reordered/all/Negosyante, igsuon sa druglord nasikop.txt
/Users/rl-14/Desktop/Celine-Thesis/all-data-reordered/all/Negosyante,nabawia’g daghang mga armas sa Misamis Oriental.txt
/Users/rl-14/Desktop/Celine-Thesis/all-data-reordered/all/Negosyante,naghikog-patay sa CdeO.txt
/Users/rl-14/Desktop/Celine-Thesis/all-data-reordered/all/Negosyo Center tukoron atubangan sa Kapitolyo.txt
/Users/rl-14/Desktop/Celine-Thesis/all-data-reordered/all/Negusiyante gipusil, patay .txt
/Users/rl-14/Desktop/Celine-Thesis/all-data-reordered/all/Negusiyante gipusil, patay.txt
/Users/rl-14/Desktop/Celine-Thesis/all-data-reordered/all/Negusyante gi-ambush sa Apas, patay.txt
/Users/rl-14/Desktop/Celine-Thesis/all-data-reordered/all/Negusyante gi-ambush.txt
/Users/rl-14/Desktop/Celine-Thesis/all-data-reordered/all/Negusyante gi-ambush; 2 helper patay sab.txt
/Users/rl-14/Desktop/Celine-Thesis/all-data-reordered/all/Negusyante nakuhaan og mga armas.txt
/Users/rl-14/Desktop/Celine-Thesis/all-data-reordered/all/Negusyante pamugnaon og Cafgu.txt
/Users/rl-14/Desktop/Celine-Thesis/all-data-reordered/all/Negusyante, engineer sikop sa drug bust.txt
/Users/rl-14/Desktop/Celine-Thesis/all-data-reordered/all/Nelson Garcia, laing 7 sad-an: Ombudsman.txt
/Users/rl-14/Desktop/Celine-Thesis/all-data-reordered/all/Neri adunay pramis sa umaabot anak  SunStar.txt
/Users/rl-14/Desktop/Celine-Thesis/all-data-reordered/all/Neri mikampyon  .txt
/Users/rl-14/Desktop/Celine-Thesis/all-data-reordered/all/Netizen nga kontrabida gibweltahan ni Bela.txt
/Users/rl-14/Desktop/Celine-Thesis/all-data-reordered/all/Nets gikuniskunis sa Wolves.txt
/Users/rl-14/Desktop/Celine-Thesis/all-data-reordered/all/New look sa pagsugat sa Bag-ong Tuig .txt
/Users/rl-14/Desktop/Celine-Thesis/all-data-reordered/all/Newest inspiration ni Andi dawat ang iyang past.txt
/Users/rl-14/Desktop/Celine-Thesis/all-data-reordered/all/News editor sa SunStar Cebu namatay .txt
/Users/rl-14/Desktop/Celine-Thesis/all-data-reordered/all/NFA 7 di na maka-supply og bugas sa mga bilanggoan.txt
/Users/rl-14/Desktop/Celine-Thesis/all-data-reordered/all/NFA angayang manubag: Kiko .txt
/Users/rl-14/Desktop/Celine-Thesis/all-data-reordered/all/NFA miangkong hangtud na lamang marso ang supply sa bugas.txt
/Users/rl-14/Desktop/Celine-Thesis/all-data-reordered/all/NFA mopalit og 6 milyones sakong palay sa mag-uuma.txt
/Users/rl-14/Desktop/Celine-Thesis/all-data-reordered/all/NFA namaligya'g balik og bugas.txt
/Users/rl-14/Desktop/Celine-Thesis/all-data-reordered/all/NFA rice mobalik na sa merkado.txt
/Users/rl-14/Desktop/Celine-Thesis/all-data-reordered/all/NFA rice nga tag Pkilo subling mapalit sa mga palengke sa dakbayan ug sa IGaCos.txt
/Users/rl-14/Desktop/Celine-Thesis/all-data-reordered/all/NFA rice, supply limitado sa syudad.txt
/Users/rl-14/Desktop/Celine-Thesis/all-data-reordered/all/NFA rice,nag-minus sa NorMin.txt
/Users/rl-14/Desktop/Celine-Thesis/all-data-reordered/all/NFA, gisiguro nga bastante pa ang suplay sa bugas sa Rehiyon 12.txt
/Users/rl-14/Desktop/Celine-Thesis/all-data-reordered/all/NFA, grabe ang mismanagement ug incompetency – Sen. Bam Aquino.txt
/Users/rl-14/Desktop/Celine-Thesis/all-data-reordered/all/NFA-10,gipatawag sa CdeO council.txt
/Users/rl-14/Desktop/Celine-Thesis/all-data-reordered/all/NFA-10:”Pag-minus sa NFA rice,kaya ra tubagon sa commercial retailers”.txt
/Users/rl-14/Desktop/Celine-Thesis/all-data-reordered/all/NFA-Davao nagpagawas og katin-awan bahin bugas.txt
/Users/rl-14/Desktop/Celine-Thesis/all-data-reordered/all/NFA-GenSan ipatawag ang tag-iya sa warehouse kung asa nadiskubrehan ang gatusan ka sako sa NFA rice nga gi-rebag aron himuong commercial rice.txt
/Users/rl-14/Desktop/Celine-Thesis/all-data-reordered/all/Ngalan ni Fortuna gigamit og impostor.txt
/Users/rl-14/Desktop/Celine-Thesis/all-data-reordered/all/Ngan ni Angara naapil sa hatag sa BFAR pumpboat.txt
/Users/rl-14/Desktop/Celine-Thesis/all-data-reordered/all/Ngan sa konsehal sa Lapu-Lapu gigamit na sab sa mangingilad.txt
/Users/rl-14/Desktop/Celine-Thesis/all-data-reordered/all/Ngan sa mga durugista gipakuha.txt
/Users/rl-14/Desktop/Celine-Thesis/all-data-reordered/all/Nganong bonnet, balaclava i-ban sa Mandaue City.txt
/Users/rl-14/Desktop/Celine-Thesis/all-data-reordered/all/Nganong dunay P1.5 M ang piniriso; warden gitangtang.txt
/Users/rl-14/Desktop/Celine-Thesis/all-data-reordered/all/Nganong habalhabal misanay.txt
/Users/rl-14/Desktop/Celine-Thesis/all-data-reordered/all/Nganong imahen gisuroy.txt
/Users/rl-14/Desktop/Celine-Thesis/all-data-reordered/all/Nganong Jonas mibotar pabor sa death penalty.txt
/Users/rl-14/Desktop/Celine-Thesis/all-data-reordered/all/Nganong makahilak ka sa kantang ‘Batobalani sa Gugma’?.txt
/Users/rl-14/Desktop/Celine-Thesis/all-data-reordered/all/nganong mas maayo nga usa lang ang higugmaon.txt
/Users/rl-14/Desktop/Celine-Thesis/all-data-reordered/all/Nganong nasuko si Osmeña.txt
/Users/rl-14/Desktop/Celine-Thesis/all-data-reordered/all/Nganong natrapik ang Marcelo Fernan bridge?.txt
/Users/rl-14/Desktop/Celine-Thesis/all-data-reordered/all/Nganong Pacman angay lang mobalik og away.txt
/Users/rl-14/Desktop/Celine-Thesis/all-data-reordered/all/Nganong sunod semana pa manakop ang Team?.txt
/Users/rl-14/Desktop/Celine-Thesis/all-data-reordered/all/Nibuto nga bulb hinungdan sa sunog .txt
/Users/rl-14/Desktop/Celine-Thesis/all-data-reordered/all/Nico di apektado sa mga intriga.txt
/Users/rl-14/Desktop/Celine-Thesis/all-data-reordered/all/Nietes 90% na'ng anda.txt
/Users/rl-14/Desktop/Celine-Thesis/all-data-reordered/all/Nietes batok Sosa.txt
/Users/rl-14/Desktop/Celine-Thesis/all-data-reordered/all/Nietes batok Thai.txt
/Users/rl-14/Desktop/Celine-Thesis/all-data-reordered/all/Nietes edaran na.txt
/Users/rl-14/Desktop/Celine-Thesis/all-data-reordered/all/Nietes gipahiluna sa Hall of Fame.txt
/Users/rl-14/Desktop/Celine-Thesis/all-data-reordered/all/Nietes gipangantihan sa Mexicano.txt
/Users/rl-14/Desktop/Celine-Thesis/all-data-reordered/all/Nietes gusto ni Estrada.txt
/Users/rl-14/Desktop/Celine-Thesis/all-data-reordered/all/Nietes Mi-TKO ni Reveco sa 7th rd.txt
/Users/rl-14/Desktop/Celine-Thesis/all-data-reordered/all/Nietes mo courtesy call ni Duterte?.txt
/Users/rl-14/Desktop/Celine-Thesis/all-data-reordered/all/Nietes mo-spar kang Viloria.txt
/Users/rl-14/Desktop/Celine-Thesis/all-data-reordered/all/Nietes mobida na sa Amerika.txt
/Users/rl-14/Desktop/Celine-Thesis/all-data-reordered/all/Nietes modepensa.txt
/Users/rl-14/Desktop/Celine-Thesis/all-data-reordered/all/Nietes mogikan karon sa Estados.txt
/Users/rl-14/Desktop/Celine-Thesis/all-data-reordered/all/Nietes morag  anyos  SunStar.txt
/Users/rl-14/Desktop/Celine-Thesis/all-data-reordered/all/Nietes naghandom gihapon ni Gonzalez, Estrada.txt
/Users/rl-14/Desktop/Celine-Thesis/all-data-reordered/all/Nietes nagtinguha'g super fly title.txt
/Users/rl-14/Desktop/Celine-Thesis/all-data-reordered/all/Nietes nalipay nga Gonzalez midawat sa iyang hagit.txt
/Users/rl-14/Desktop/Celine-Thesis/all-data-reordered/all/Nietes sa SunStar Facebook live forum.txt
/Users/rl-14/Desktop/Celine-Thesis/all-data-reordered/all/Nietes suprisahan.txt
/Users/rl-14/Desktop/Celine-Thesis/all-data-reordered/all/Nietes vs Casimero posibleng mahitabo.txt
/Users/rl-14/Desktop/Celine-Thesis/all-data-reordered/all/Nietes vs. Estrada sunod lakang sa ALA.txt
/Users/rl-14/Desktop/Celine-Thesis/all-data-reordered/all/Nietes vs. Gonzales posibleng madayon.txt
/Users/rl-14/Desktop/Celine-Thesis/all-data-reordered/all/Nietes vs. Reveco sa America, Feb. 24.txt
/Users/rl-14/Desktop/Celine-Thesis/all-data-reordered/all/Nietes, Donaire ug Pagara nangharos sa Pinoy Pride 30.txt
/Users/rl-14/Desktop/Celine-Thesis/all-data-reordered/all/Nietes, pabiling Kampyon.txt
/Users/rl-14/Desktop/Celine-Thesis/all-data-reordered/all/Nietes, Pagara bros., Magsayo andam ug nagpanikad na: Ala.txt
/Users/rl-14/Desktop/Celine-Thesis/all-data-reordered/all/Nietes, wa nay amor nga kalabanon si Gonzalez.txt
/Users/rl-14/Desktop/Celine-Thesis/all-data-reordered/all/Nietes-Estrada fight sunod tuig pa.txt
/Users/rl-14/Desktop/Celine-Thesis/all-data-reordered/all/Nigerian fighter nagpanikad batok Pitbull  .txt
/Users/rl-14/Desktop/Celine-Thesis/all-data-reordered/all/Night swimming gidili na - PCG.txt
/Users/rl-14/Desktop/Celine-Thesis/all-data-reordered/all/Nikka insecure ni Jennylyn?.txt
/Users/rl-14/Desktop/Celine-Thesis/all-data-reordered/all/Ninal: Cartoon Deathwork.txt
/Users/rl-14/Desktop/Celine-Thesis/all-data-reordered/all/Ninal: Missing phone.txt
/Users/rl-14/Desktop/Celine-Thesis/all-data-reordered/all/Niñal: Aguinaldo.txt
/Users/rl-14/Desktop/Celine-Thesis/all-data-reordered/all/Niñal: Aldub: 4-cock derby.txt
/Users/rl-14/Desktop/Celine-Thesis/all-data-reordered/all/Niñal: Ang janitor.txt
/Users/rl-14/Desktop/Celine-Thesis/all-data-reordered/all/Niñal: Ang pobreng kabaw.txt
/Users/rl-14/Desktop/Celine-Thesis/all-data-reordered/all/Niñal: Baha.txt
/Users/rl-14/Desktop/Celine-Thesis/all-data-reordered/all/Niñal: Batig nawong.txt
/Users/rl-14/Desktop/Celine-Thesis/all-data-reordered/all/Niñal: Beer Senyor.txt
/Users/rl-14/Desktop/Celine-Thesis/all-data-reordered/all/Niñal: Bisaya foreigner.txt
/Users/rl-14/Desktop/Celine-Thesis/all-data-reordered/all/Niñal: Bisdak.txt
/Users/rl-14/Desktop/Celine-Thesis/all-data-reordered/all/Niñal: Buhawi.txt
/Users/rl-14/Desktop/Celine-Thesis/all-data-reordered/all/Niñal: Buwan sa Pinulongan.txt
/Users/rl-14/Desktop/Celine-Thesis/all-data-reordered/all/Niñal: Death by delata.txt
/Users/rl-14/Desktop/Celine-Thesis/all-data-reordered/all/Niñal: Estudyante Blues.txt
/Users/rl-14/Desktop/Celine-Thesis/all-data-reordered/all/Niñal: Ewww parents.txt
/Users/rl-14/Desktop/Celine-Thesis/all-data-reordered/all/Niñal: Gugmang gi-pacquiao.txt
/Users/rl-14/Desktop/Celine-Thesis/all-data-reordered/all/Niñal: Habagat.txt
/Users/rl-14/Desktop/Celine-Thesis/all-data-reordered/all/Niñal: Habalhabal.txt
/Users/rl-14/Desktop/Celine-Thesis/all-data-reordered/all/Niñal: Hardcore tambay.txt
/Users/rl-14/Desktop/Celine-Thesis/all-data-reordered/all/Niñal: Heneral Tuna.txt
/Users/rl-14/Desktop/Celine-Thesis/all-data-reordered/all/Niñal: Hey Joe.txt
/Users/rl-14/Desktop/Celine-Thesis/all-data-reordered/all/Niñal: High heels.txt
/Users/rl-14/Desktop/Celine-Thesis/all-data-reordered/all/Niñal: Hikog.txt
/Users/rl-14/Desktop/Celine-Thesis/all-data-reordered/all/Niñal: Hilanat.txt
/Users/rl-14/Desktop/Celine-Thesis/all-data-reordered/all/Niñal: Hubog sa Egypt.txt
/Users/rl-14/Desktop/Celine-Thesis/all-data-reordered/all/Niñal: Hugot.txt
/Users/rl-14/Desktop/Celine-Thesis/all-data-reordered/all/Niñal: Humba.txt
/Users/rl-14/Desktop/Celine-Thesis/all-data-reordered/all/Niñal: Irong buang.txt
/Users/rl-14/Desktop/Celine-Thesis/all-data-reordered/all/Niñal: Kaon.txt
/Users/rl-14/Desktop/Celine-Thesis/all-data-reordered/all/Niñal: Karl Marx’s lechon.txt
/Users/rl-14/Desktop/Celine-Thesis/all-data-reordered/all/Niñal: Kinsay nag-antos?.txt
/Users/rl-14/Desktop/Celine-Thesis/all-data-reordered/all/Niñal: Koleksyon.txt
/Users/rl-14/Desktop/Celine-Thesis/all-data-reordered/all/Niñal: Koryano.txt
/Users/rl-14/Desktop/Celine-Thesis/all-data-reordered/all/Niñal: Kulitos.txt
/Users/rl-14/Desktop/Celine-Thesis/all-data-reordered/all/Niñal: Long hair.txt
/Users/rl-14/Desktop/Celine-Thesis/all-data-reordered/all/Niñal: Manok Bisaya.txt
/Users/rl-14/Desktop/Celine-Thesis/all-data-reordered/all/Niñal: Marshmallow abuses.txt
/Users/rl-14/Desktop/Celine-Thesis/all-data-reordered/all/Niñal: Masahi brutal.txt
/Users/rl-14/Desktop/Celine-Thesis/all-data-reordered/all/Niñal: Mintras bata.txt
/Users/rl-14/Desktop/Celine-Thesis/all-data-reordered/all/Niñal: Nag-yellow na nga hulagway.txt
/Users/rl-14/Desktop/Celine-Thesis/all-data-reordered/all/Niñal: NBA vs. Marawi.txt
/Users/rl-14/Desktop/Celine-Thesis/all-data-reordered/all/Niñal: Nganong lisod ang math.txt
/Users/rl-14/Desktop/Celine-Thesis/all-data-reordered/all/Niñal: Nganong mosimba?.txt
/Users/rl-14/Desktop/Celine-Thesis/all-data-reordered/all/Niñal: Pacquiao sa Don Bosco.txt
/Users/rl-14/Desktop/Celine-Thesis/all-data-reordered/all/Niñal: Parenting 101.txt
/Users/rl-14/Desktop/Celine-Thesis/all-data-reordered/all/Niñal: Pasko sa way panty.txt
/Users/rl-14/Desktop/Celine-Thesis/all-data-reordered/all/Niñal: Pat Niñal, L.I.P..txt
/Users/rl-14/Desktop/Celine-Thesis/all-data-reordered/all/Niñal: Patay.txt
/Users/rl-14/Desktop/Celine-Thesis/all-data-reordered/all/Niñal: Petmalu.txt
/Users/rl-14/Desktop/Celine-Thesis/all-data-reordered/all/Niñal: Pinamungajan.txt
/Users/rl-14/Desktop/Celine-Thesis/all-data-reordered/all/Niñal: Pobreng gitara.txt
/Users/rl-14/Desktop/Celine-Thesis/all-data-reordered/all/Niñal: Pobreng laagan.txt
/Users/rl-14/Desktop/Celine-Thesis/all-data-reordered/all/Niñal: Purol sa Pasko.txt
/Users/rl-14/Desktop/Celine-Thesis/all-data-reordered/all/Niñal: Ramen for Christ.txt
/Users/rl-14/Desktop/Celine-Thesis/all-data-reordered/all/Niñal: Rockstar nga santos.txt
/Users/rl-14/Desktop/Celine-Thesis/all-data-reordered/all/Niñal: Role play.txt
/Users/rl-14/Desktop/Celine-Thesis/all-data-reordered/all/Niñal: Senior haaay.txt
/Users/rl-14/Desktop/Celine-Thesis/all-data-reordered/all/Niñal: Senior shock.txt
/Users/rl-14/Desktop/Celine-Thesis/all-data-reordered/all/Niñal: Si Jim, Rico ug ako.txt
/Users/rl-14/Desktop/Celine-Thesis/all-data-reordered/all/Niñal: Si Un-on.txt
/Users/rl-14/Desktop/Celine-Thesis/all-data-reordered/all/Niñal: SM Mambaling.txt
/Users/rl-14/Desktop/Celine-Thesis/all-data-reordered/all/Niñal: Spiiiiiiiider dad.txt
/Users/rl-14/Desktop/Celine-Thesis/all-data-reordered/all/Niñal: SPO1 Sausage.txt
/Users/rl-14/Desktop/Celine-Thesis/all-data-reordered/all/Niñal: Summer lingaw.txt
/Users/rl-14/Desktop/Celine-Thesis/all-data-reordered/all/Niñal: Sunog.txt
/Users/rl-14/Desktop/Celine-Thesis/all-data-reordered/all/Niñal: Tambok.txt
/Users/rl-14/Desktop/Celine-Thesis/all-data-reordered/all/Niñal: Tartanilya memories.txt
/Users/rl-14/Desktop/Celine-Thesis/all-data-reordered/all/Niñal: Tatay blues.txt
/Users/rl-14/Desktop/Celine-Thesis/all-data-reordered/all/Niñal: To sir with love.txt
/Users/rl-14/Desktop/Celine-Thesis/all-data-reordered/all/Niñal: Ukay-ukay.txt
/Users/rl-14/Desktop/Celine-Thesis/all-data-reordered/all/Niñal: Unang TV.txt
/Users/rl-14/Desktop/Celine-Thesis/all-data-reordered/all/Niñal: Utangan.txt
/Users/rl-14/Desktop/Celine-Thesis/all-data-reordered/all/Niñal: Valentines sa batig nawong.txt
/Users/rl-14/Desktop/Celine-Thesis/all-data-reordered/all/Niñal: Vispop sa sab.txt
/Users/rl-14/Desktop/Celine-Thesis/all-data-reordered/all/Niñal: Way minyoay.txt
/Users/rl-14/Desktop/Celine-Thesis/all-data-reordered/all/Niñal: WTF organizers.txt
/Users/rl-14/Desktop/Celine-Thesis/all-data-reordered/all/Niñal: Yupyop.txt
/Users/rl-14/Desktop/Celine-Thesis/all-data-reordered/all/Niño Rey Boniel dunay 2 ka rehistradong armas, ipatahan ni Taliño.txt
/Users/rl-14/Desktop/Celine-Thesis/all-data-reordered/all/Niño, Brit kutob lang semis.txt
/Users/rl-14/Desktop/Celine-Thesis/all-data-reordered/all/Niño, Uchida daog.txt
/Users/rl-14/Desktop/Celine-Thesis/all-data-reordered/all/Niños B2B basketball champs.txt
/Users/rl-14/Desktop/Celine-Thesis/all-data-reordered/all/Niños hari sa CVIRAA.txt
/Users/rl-14/Desktop/Celine-Thesis/all-data-reordered/all/Nissan Almera tiunay nga ‘People’s Car’ sa mga Pinoy.txt
/Users/rl-14/Desktop/Celine-Thesis/all-data-reordered/all/Nisurender mibalik pag-druga .txt
/Users/rl-14/Desktop/Celine-Thesis/all-data-reordered/all/Nixon, giilang Mr. Davao 2018.txt
/Users/rl-14/Desktop/Celine-Thesis/all-data-reordered/all/NLEX 2-0 ang target v. Magnolia.txt
/Users/rl-14/Desktop/Celine-Thesis/all-data-reordered/all/NLEX dili gusto og komplikado  SunStar.txt
/Users/rl-14/Desktop/Celine-Thesis/all-data-reordered/all/NLEX gipakaging sa Mahindra.txt
/Users/rl-14/Desktop/Celine-Thesis/all-data-reordered/all/NLEX kinahanglan modaog sa G4 karong gabii: Guiao.txt
/Users/rl-14/Desktop/Celine-Thesis/all-data-reordered/all/NLEX naka-score na.txt
/Users/rl-14/Desktop/Celine-Thesis/all-data-reordered/all/NLEX nakaipsot.txt
/Users/rl-14/Desktop/Celine-Thesis/all-data-reordered/all/NLEX sa Q-finals.txt
/Users/rl-14/Desktop/Celine-Thesis/all-data-reordered/all/NLEX, Gin Kings semis ang tuyo.txt
/Users/rl-14/Desktop/Celine-Thesis/all-data-reordered/all/NLEX, Phoenix 3-0 ang tumong.txt
/Users/rl-14/Desktop/Celine-Thesis/all-data-reordered/all/NLRC mosusi sa reklamo ni Dino.txt
/Users/rl-14/Desktop/Celine-Thesis/all-data-reordered/all/NM Enriquez back-to-back champion sa Cepca Group A.txt
/Users/rl-14/Desktop/Celine-Thesis/all-data-reordered/all/NM Roly Tan: Sleeping dragon .txt
/Users/rl-14/Desktop/Celine-Thesis/all-data-reordered/all/NMRAA mibira’g duha ka gold pagabri sa Palaro .txt
/Users/rl-14/Desktop/Celine-Thesis/all-data-reordered/all/No plastic day ipatuman .txt
/Users/rl-14/Desktop/Celine-Thesis/all-data-reordered/all/No smoking ipatuman sa dakbayan Talisay.txt
/Users/rl-14/Desktop/Celine-Thesis/all-data-reordered/all/No-parking sa Ouano ave. istriktuhon.txt
/Users/rl-14/Desktop/Celine-Thesis/all-data-reordered/all/No-Pot-Money derby sa Gallera sugdan Huwebes.txt
/Users/rl-14/Desktop/Celine-Thesis/all-data-reordered/all/No-pot-money derby, Jan. 28.txt
/Users/rl-14/Desktop/Celine-Thesis/all-data-reordered/all/No. 1 drug pusher napatay sa mga pulis .txt
/Users/rl-14/Desktop/Celine-Thesis/all-data-reordered/all/No. 1 most wanted sa target list, nakabsan sa kinabuhi human mapusilan sa anti-drug operation.txt
/Users/rl-14/Desktop/Celine-Thesis/all-data-reordered/all/No. 1 nga wanted sa kasong rape tiklo.txt
/Users/rl-14/Desktop/Celine-Thesis/all-data-reordered/all/No. 1 pick gi-release sa Timberwolves.txt
/Users/rl-14/Desktop/Celine-Thesis/all-data-reordered/all/No. 1 pick sa Celtics gibaylo sa Sixers.txt
/Users/rl-14/Desktop/Celine-Thesis/all-data-reordered/all/No. 1 pick sa NBA draft operahanan.txt
/Users/rl-14/Desktop/Celine-Thesis/all-data-reordered/all/No. 2 sa target list si 'Jumbo' Diaz.txt
/Users/rl-14/Desktop/Celine-Thesis/all-data-reordered/all/No. 7 sa drug watchlist sikop .txt
/Users/rl-14/Desktop/Celine-Thesis/all-data-reordered/all/Noble hulipan, ibalhin sa abroad.txt
/Users/rl-14/Desktop/Celine-Thesis/all-data-reordered/all/Noche buena.txt
/Users/rl-14/Desktop/Celine-Thesis/all-data-reordered/all/Nominado sa 2015 Globe Media Excellence.txt
/Users/rl-14/Desktop/Celine-Thesis/all-data-reordered/all/Non-performing PNP force vs illegal STL igo sa one strike policy sa NorMin.txt
/Users/rl-14/Desktop/Celine-Thesis/all-data-reordered/all/Non-showbiz GF dili selosa - Derek.txt
/Users/rl-14/Desktop/Celine-Thesis/all-data-reordered/all/Nonito gisaway.txt
/Users/rl-14/Desktop/Celine-Thesis/all-data-reordered/all/Nonito Sr. mibilib sa ALA boxers.txt
/Users/rl-14/Desktop/Celine-Thesis/all-data-reordered/all/Normal nga operasyon sa pabuto mibalik na.txt
/Users/rl-14/Desktop/Celine-Thesis/all-data-reordered/all/NorMin based 576 stranded passengers,di pa gihapon maka-biyahe?.txt
/Users/rl-14/Desktop/Celine-Thesis/all-data-reordered/all/NorMin provinces,maigo sa bagyong Basyang.txt
/Users/rl-14/Desktop/Celine-Thesis/all-data-reordered/all/NorMin provinces,ubos sa public storm signal no.3.txt
/Users/rl-14/Desktop/Celine-Thesis/all-data-reordered/all/NorMin’s Comelec,gipatawag ang PNP-AFP re Brgy & SK polls ’18.txt
/Users/rl-14/Desktop/Celine-Thesis/all-data-reordered/all/Norte, Jumamil mangulo karon.txt
/Users/rl-14/Desktop/Celine-Thesis/all-data-reordered/all/Northern Mindanao aduna pay 16 mil adik .txt
/Users/rl-14/Desktop/Celine-Thesis/all-data-reordered/all/Northern Mindanao andam na sa Shakeys V-League.txt
/Users/rl-14/Desktop/Celine-Thesis/all-data-reordered/all/Northern Mindanao dili apektado sa transport strike.txt
/Users/rl-14/Desktop/Celine-Thesis/all-data-reordered/all/Northern Mindanao malinawon bisan sa hulga.txt
/Users/rl-14/Desktop/Celine-Thesis/all-data-reordered/all/Northern Mindanao mitala og 10 ka firecrackers incident.txt
/Users/rl-14/Desktop/Celine-Thesis/all-data-reordered/all/Norway mitanyag ug modernong medical equipment alang sa emergency response sa dakbayan.txt
/Users/rl-14/Desktop/Celine-Thesis/all-data-reordered/all/Norwood mipirma’g bag-ong kontrata sa RoS.txt
/Users/rl-14/Desktop/Celine-Thesis/all-data-reordered/all/Noven nagkayamukat ang diction sa `Wish’.txt
/Users/rl-14/Desktop/Celine-Thesis/all-data-reordered/all/Nowitzki naapil sa injured list.txt
/Users/rl-14/Desktop/Celine-Thesis/all-data-reordered/all/Noynoy ipakiha sa Ombud.txt
/Users/rl-14/Desktop/Celine-Thesis/all-data-reordered/all/NPA bomb expert mi-surender.txt
/Users/rl-14/Desktop/Celine-Thesis/all-data-reordered/all/NPA gipasigarbo ang sumala pa ilang pagka-patay sa 26 ka mga sundalo atol sa pasko.txt
/Users/rl-14/Desktop/Celine-Thesis/all-data-reordered/all/NPA gisaway sa AFP gumikan sa pag-unay ug patay sa kaubanang buot mosurender.txt
/Users/rl-14/Desktop/Celine-Thesis/all-data-reordered/all/NPA leader, nadakpan sa Agusan del Sur.txt
/Users/rl-14/Desktop/Celine-Thesis/all-data-reordered/all/NPA miangkon maoy nagpatay ni Labawan.txt
/Users/rl-14/Desktop/Celine-Thesis/all-data-reordered/all/NPA miangkon nga gipatay ang mag-amahang lumad gumikan sa nahimong krimen batok rebolusyonaryong kalihukan.txt
/Users/rl-14/Desktop/Celine-Thesis/all-data-reordered/all/NPA mopagawas na unta og ceasefire order.txt
/Users/rl-14/Desktop/Celine-Thesis/all-data-reordered/all/NPA nangilkil nasikop.txt
/Users/rl-14/Desktop/Celine-Thesis/all-data-reordered/all/NPA nasikop; usa ini taga Mandaue.txt
/Users/rl-14/Desktop/Celine-Thesis/all-data-reordered/all/NPA nga nag-ihaw sa 2 ka asset sa militar gilutos.txt
/Users/rl-14/Desktop/Celine-Thesis/all-data-reordered/all/NPA pulbuson.txt
/Users/rl-14/Desktop/Celine-Thesis/all-data-reordered/all/NPA subling gibanatan ni Pres. Duterte human gipatay ang usaka Cafgu.txt
/Users/rl-14/Desktop/Celine-Thesis/all-data-reordered/all/NPA sumala pa ang mipusil patay sa tribal leader ug anak niini.txt
/Users/rl-14/Desktop/Celine-Thesis/all-data-reordered/all/NPA Supporters nga mipa-ilalom sa TESDA training nakadawat ug kapanginabuhian.txt
/Users/rl-14/Desktop/Celine-Thesis/all-data-reordered/all/Nubain ang mipuli sa shabu nga nagnihit sa Sugbo.txt
/Users/rl-14/Desktop/Celine-Thesis/all-data-reordered/all/Numero uno nga wanted sa Gingoog nadakpan.txt
/Users/rl-14/Desktop/Celine-Thesis/all-data-reordered/all/Nuñez gilubong sa Danao City.txt
/Users/rl-14/Desktop/Celine-Thesis/all-data-reordered/all/Nurse gimingaw sa pamilya,miambak sa tulay sa CdeO?.txt
/Users/rl-14/Desktop/Celine-Thesis/all-data-reordered/all/Nurse sa DoH-10,milukso sa CdeO bridge.txt
/Users/rl-14/Desktop/Celine-Thesis/all-data-reordered/all/Oarfish naghatod og swerte.txt
/Users/rl-14/Desktop/Celine-Thesis/all-data-reordered/all/Obenieta: Ay, ambot, AlDub!.txt
/Users/rl-14/Desktop/Celine-Thesis/all-data-reordered/all/Obenieta: Balbalaod.txt
/Users/rl-14/Desktop/Celine-Thesis/all-data-reordered/all/Obenieta: Batok sa binugok.txt
/Users/rl-14/Desktop/Celine-Thesis/all-data-reordered/all/Obenieta: Buyag sa bugwak.txt
/Users/rl-14/Desktop/Celine-Thesis/all-data-reordered/all/Obenieta: Dam-ag sa daman.txt
/Users/rl-14/Desktop/Celine-Thesis/all-data-reordered/all/Obenieta: Daog-daog sa dahom.txt
/Users/rl-14/Desktop/Celine-Thesis/all-data-reordered/all/Obenieta: Dugang dukdok.txt
/Users/rl-14/Desktop/Celine-Thesis/all-data-reordered/all/Obenieta: Gamhanan ka?.txt
/Users/rl-14/Desktop/Celine-Thesis/all-data-reordered/all/Obenieta: Halhal sa hilas .txt
/Users/rl-14/Desktop/Celine-Thesis/all-data-reordered/all/Obenieta: Kay natakdan man.txt
/Users/rl-14/Desktop/Celine-Thesis/all-data-reordered/all/Obenieta: Kusog sa tukod.txt
/Users/rl-14/Desktop/Celine-Thesis/all-data-reordered/all/Obenieta: Labaw sa limbong.txt
/Users/rl-14/Desktop/Celine-Thesis/all-data-reordered/all/Obenieta: Laray sa mga laksot.txt
/Users/rl-14/Desktop/Celine-Thesis/all-data-reordered/all/Obenieta: Lawgaw sa laylay.txt
/Users/rl-14/Desktop/Celine-Thesis/all-data-reordered/all/Obenieta: Makaugtas nga kataas.txt
/Users/rl-14/Desktop/Celine-Thesis/all-data-reordered/all/Obenieta: Maunlod ang gibinhod.txt
/Users/rl-14/Desktop/Celine-Thesis/all-data-reordered/all/Obenieta: Nag-ungot sa pagkahuot.txt
/Users/rl-14/Desktop/Celine-Thesis/all-data-reordered/all/Obenieta: Nahidangat sa kayamukat.txt
/Users/rl-14/Desktop/Celine-Thesis/all-data-reordered/all/Obenieta: Natumpawak.txt
/Users/rl-14/Desktop/Celine-Thesis/all-data-reordered/all/Obenieta: Padung sa pagpaduol.txt
/Users/rl-14/Desktop/Celine-Thesis/all-data-reordered/all/Obenieta: Pag-abog sa kalibog.txt
/Users/rl-14/Desktop/Celine-Thesis/all-data-reordered/all/Obenieta: Pag-apas sa mangtas.txt
/Users/rl-14/Desktop/Celine-Thesis/all-data-reordered/all/Obenieta: Pag-ila sa ilad .txt
/Users/rl-14/Desktop/Celine-Thesis/all-data-reordered/all/Obenieta: Pagaan sa gipas-an.txt
/Users/rl-14/Desktop/Celine-Thesis/all-data-reordered/all/Obenieta: Pagdawat sa kabug-at.txt
/Users/rl-14/Desktop/Celine-Thesis/all-data-reordered/all/Obenieta: Pataas nga paghasmag.txt
/Users/rl-14/Desktop/Celine-Thesis/all-data-reordered/all/Obenieta: Sa pagtumaw sa tin-aw.txt
/Users/rl-14/Desktop/Celine-Thesis/all-data-reordered/all/Obenieta: Tubig-tubig, tago-tago.txt
/Users/rl-14/Desktop/Celine-Thesis/all-data-reordered/all/Oberes nakadawat og daghang hulga: misis.txt
/Users/rl-14/Desktop/Celine-Thesis/all-data-reordered/all/Obispo gidayeg sa konseho sa Mandaue City sa papel batok sa drugas.txt
/Users/rl-14/Desktop/Celine-Thesis/all-data-reordered/all/Occupancy permit, nag-unang rekositos sa pagkuha og business permit.txt
/Users/rl-14/Desktop/Celine-Thesis/all-data-reordered/all/OCD-12, all set na alang sa 1st Quarter Nationwide Simultaneous Earthquake Drill.txt
/Users/rl-14/Desktop/Celine-Thesis/all-data-reordered/all/OCD-12, naka-blue alert status sa posibleng epekto nga dala ni Bagyong Basyang.txt
/Users/rl-14/Desktop/Celine-Thesis/all-data-reordered/all/Ocon wala pa makadawat og suspension order.txt
/Users/rl-14/Desktop/Celine-Thesis/all-data-reordered/all/Odom gigawas na sa ospital.txt
/Users/rl-14/Desktop/Celine-Thesis/all-data-reordered/all/Odom makatikang na.txt
/Users/rl-14/Desktop/Celine-Thesis/all-data-reordered/all/OFW gikan sa Davao gikulong sa daw piggery sa Saudi kauban ang laing walo.txt
/Users/rl-14/Desktop/Celine-Thesis/all-data-reordered/all/OFW gikan sa Kuwait, mapasalamaton nga buhi nga nakauli sa pamilya sa GenSan.txt
/Users/rl-14/Desktop/Celine-Thesis/all-data-reordered/all/OFW naghuramentado, napusilan sa pulis .txt
/Users/rl-14/Desktop/Celine-Thesis/all-data-reordered/all/OFW nga na-comatose human nahulog sa hagdanan, padayong nagmaayo ang kondisyon sa Saudi Arabia.txt
/Users/rl-14/Desktop/Celine-Thesis/all-data-reordered/all/OFW sa Kuwait papaulion tanan.txt
/Users/rl-14/Desktop/Celine-Thesis/all-data-reordered/all/Ogie igo lang mitambag.txt
/Users/rl-14/Desktop/Celine-Thesis/all-data-reordered/all/Ogie moambak na sa Dos?.txt
/Users/rl-14/Desktop/Celine-Thesis/all-data-reordered/all/Ogie, Dingdong di pa kahunat sa kampanya.txt
/Users/rl-14/Desktop/Celine-Thesis/all-data-reordered/all/Oil spill exercise gilusad sa Wise ug Coast Guard.txt
/Users/rl-14/Desktop/Celine-Thesis/all-data-reordered/all/Oil tank driver,kasuhan re 2 patay sa aksidente sa CdeO.txt
/Users/rl-14/Desktop/Celine-Thesis/all-data-reordered/all/Okafor nakadayeg ni Curry pero atoa mosalig sa dagko.txt
/Users/rl-14/Desktop/Celine-Thesis/all-data-reordered/all/OKC giusban sa Warriors.txt
/Users/rl-14/Desktop/Celine-Thesis/all-data-reordered/all/OKC jersey ni Durant gibaligya og barato.txt
/Users/rl-14/Desktop/Celine-Thesis/all-data-reordered/all/OKC midugdog human sa 3 O.T..txt
/Users/rl-14/Desktop/Celine-Thesis/all-data-reordered/all/OKC migaog sa 2 ka O.T..txt
/Users/rl-14/Desktop/Celine-Thesis/all-data-reordered/all/OKC nakaipsot.txt
/Users/rl-14/Desktop/Celine-Thesis/all-data-reordered/all/OKC Thunder 3-1 na.txt
/Users/rl-14/Desktop/Celine-Thesis/all-data-reordered/all/OKC Thunder gimasaker.txt
/Users/rl-14/Desktop/Celine-Thesis/all-data-reordered/all/OKC Thunder ming-abante.txt
/Users/rl-14/Desktop/Celine-Thesis/all-data-reordered/all/Oklahoma gisilaban.txt
/Users/rl-14/Desktop/Celine-Thesis/all-data-reordered/all/Olango Challenge, Mayo 23.txt
/Users/rl-14/Desktop/Celine-Thesis/all-data-reordered/all/Olivo, bag-o apan delikado.txt
/Users/rl-14/Desktop/Celine-Thesis/all-data-reordered/all/OLX  milambo sa estilo kinabuhi sa mga Pinoy.txt
/Users/rl-14/Desktop/Celine-Thesis/all-data-reordered/all/OLX midani sa daghang Pinoy .txt
/Users/rl-14/Desktop/Celine-Thesis/all-data-reordered/all/OLX Philippines milusad sa kampanya nga #Biliba.txt
/Users/rl-14/Desktop/Celine-Thesis/all-data-reordered/all/OLX Philippines misaulog sa ikaduhang anibersaryo.txt
/Users/rl-14/Desktop/Celine-Thesis/all-data-reordered/all/Olympian medalist andam moabag ni Tabal.txt
/Users/rl-14/Desktop/Celine-Thesis/all-data-reordered/all/Olympian moaway sa Who’s Next.txt
/Users/rl-14/Desktop/Celine-Thesis/all-data-reordered/all/Olympic bus nga gisakya’g media gipusil.txt
/Users/rl-14/Desktop/Celine-Thesis/all-data-reordered/all/Olympic gold maangkon ni Diaz sa 2020 – coach.txt
/Users/rl-14/Desktop/Celine-Thesis/all-data-reordered/all/Olympic gold maoy punterya.txt
/Users/rl-14/Desktop/Celine-Thesis/all-data-reordered/all/Olympic medal bunga sa pagsakrapisyo: Diaz.txt
/Users/rl-14/Desktop/Celine-Thesis/all-data-reordered/all/Olympics slot kinahanglan paningkamutan ni Bryant.txt
/Users/rl-14/Desktop/Celine-Thesis/all-data-reordered/all/Olympics target ni Tabal.txt
/Users/rl-14/Desktop/Celine-Thesis/all-data-reordered/all/Omayao bagong MPBC light flyweight champ.txt
/Users/rl-14/Desktop/Celine-Thesis/all-data-reordered/all/Ombud gihangyo sa kapitan pagsusi kinsay mi-leak.txt
/Users/rl-14/Desktop/Celine-Thesis/all-data-reordered/all/Ombud mibaliktad, kaso ni Tining gibasura.txt
/Users/rl-14/Desktop/Celine-Thesis/all-data-reordered/all/Ombud mihukom pagtaktak ni Moreno.txt
/Users/rl-14/Desktop/Celine-Thesis/all-data-reordered/all/Ombudsman naleksiyon sa ilang pag-dismiss ni Mayor Gica?.txt
/Users/rl-14/Desktop/Celine-Thesis/all-data-reordered/all/Omolon, Gamba 97 daug.txt
/Users/rl-14/Desktop/Celine-Thesis/all-data-reordered/all/On strike policy vs inotil PNP officials re illegal gambling ops.txt
/Users/rl-14/Desktop/Celine-Thesis/all-data-reordered/all/One Liner: Ex ni Jake midayeg.txt
/Users/rl-14/Desktop/Celine-Thesis/all-data-reordered/all/One Mindanao masaksihan na karon .txt
/Users/rl-14/Desktop/Celine-Thesis/all-data-reordered/all/ONE naglaraw'ng mopahigayon og promosyon sa Cebu City.txt
/Users/rl-14/Desktop/Celine-Thesis/all-data-reordered/all/One Oasis Cebu gitukod.txt
/Users/rl-14/Desktop/Celine-Thesis/all-data-reordered/all/One Strike Policy gipatuman sa kapulisan sa Davao .txt
/Users/rl-14/Desktop/Celine-Thesis/all-data-reordered/all/One-stop shop anaa sa Mandaue Complex.txt
/Users/rl-14/Desktop/Celine-Thesis/all-data-reordered/all/One-stop shop sa pagproseso ug pagrenew ug business permit sa GenSan, nagpadayon.txt
/Users/rl-14/Desktop/Celine-Thesis/all-data-reordered/all/One-way traffic sa south district gipatun-an sa Konseho.txt
/Users/rl-14/Desktop/Celine-Thesis/all-data-reordered/all/Online Cage Camp mopalapad sa Minglanilla, Calbayog.txt
/Users/rl-14/Desktop/Celine-Thesis/all-data-reordered/all/Online Training Camp sugdan Abril 2.txt
/Users/rl-14/Desktop/Celine-Thesis/all-data-reordered/all/Only in CdeO.txt
/Users/rl-14/Desktop/Celine-Thesis/all-data-reordered/all/Onse ka mga barangay sa Cabadbaran City, napa-ilalom na sa beripikasyon sa mga signatories sa petition for recall batuk kang Mayor Mortolla.txt
/Users/rl-14/Desktop/Celine-Thesis/all-data-reordered/all/Oolong Tea nag-inusara sa MisOr.txt
/Users/rl-14/Desktop/Celine-Thesis/all-data-reordered/all/Opada mihawod sa Lifestyle District Rapid Open Chess Tournament .txt
/Users/rl-14/Desktop/Celine-Thesis/all-data-reordered/all/Opada nihawod sa chess face-off.txt
/Users/rl-14/Desktop/Celine-Thesis/all-data-reordered/all/OPAV midonar og 5 ka bag-ong mga sakyanan.txt
/Users/rl-14/Desktop/Celine-Thesis/all-data-reordered/all/Open Letter to Mayor Duterte Sa mailad Lang  SunStar.txt
/Users/rl-14/Desktop/Celine-Thesis/all-data-reordered/all/Open Letter to Mayor Duterte: Sa mailad Lang.txt
/Users/rl-14/Desktop/Celine-Thesis/all-data-reordered/all/Opening ceremony sa CRAM 2018, nagmalampuson.txt
/Users/rl-14/Desktop/Celine-Thesis/all-data-reordered/all/Opensa ni Love giatangan nga moulbo .txt
/Users/rl-14/Desktop/Celine-Thesis/all-data-reordered/all/Operasyon batok drugas subsob na.txt
/Users/rl-14/Desktop/Celine-Thesis/all-data-reordered/all/Operasyon ni Durant malampuson.txt
/Users/rl-14/Desktop/Celine-Thesis/all-data-reordered/all/Operasyon sa developer gisuspenso sa City Hall.txt
/Users/rl-14/Desktop/Celine-Thesis/all-data-reordered/all/Operation Tuli gihimo sa Barangay Kamagayan.txt
/Users/rl-14/Desktop/Celine-Thesis/all-data-reordered/all/Operators, mo-petisyon sa pagtaas sa abang sa mga taxi.txt
/Users/rl-14/Desktop/Celine-Thesis/all-data-reordered/all/Opisyal nangulata’g 83-anyos.txt
/Users/rl-14/Desktop/Celine-Thesis/all-data-reordered/all/Opisyal nga mosupak tokhangon.txt
/Users/rl-14/Desktop/Celine-Thesis/all-data-reordered/all/Opisyal nga pagbukas sa DAVRAA 2018 gitambungan sa mga tag-as nga opisyal sa gobyerno.txt
/Users/rl-14/Desktop/Celine-Thesis/all-data-reordered/all/Opisyal sa Archdiocese supak nga All Saints Day ibalhin.txt
/Users/rl-14/Desktop/Celine-Thesis/all-data-reordered/all/Opisyal sa CPDAO mikompirmar nga kapitan naa sa listahan sa pushers.txt
/Users/rl-14/Desktop/Celine-Thesis/all-data-reordered/all/Opisyal sa CPDRC 'nanghagit' og pinusilay, mihimakak.txt
/Users/rl-14/Desktop/Celine-Thesis/all-data-reordered/all/Opisyal sa Globe mipasabot bahin sa mithi sa inobasyon.txt
/Users/rl-14/Desktop/Celine-Thesis/all-data-reordered/all/Opisyal sa kapulisan naghikog.txt
/Users/rl-14/Desktop/Celine-Thesis/all-data-reordered/all/Opisyal sa pulis nangulata’g kaipon  .txt
/Users/rl-14/Desktop/Celine-Thesis/all-data-reordered/all/Opisyal wala mipirma nga witness.txt
/Users/rl-14/Desktop/Celine-Thesis/all-data-reordered/all/Oplan Galugad nakahipus mga kontrabando sa Davao City Jail  .txt
/Users/rl-14/Desktop/Celine-Thesis/all-data-reordered/all/Oplan Guyod operation sa Coast Guard sugdan na karong semanaha.txt
/Users/rl-14/Desktop/Celine-Thesis/all-data-reordered/all/Oplan Hapsay Highway sugdan karong Disyembre 16.txt
/Users/rl-14/Desktop/Celine-Thesis/all-data-reordered/all/Oplan Katok ilusad.txt
/Users/rl-14/Desktop/Celine-Thesis/all-data-reordered/all/Oplan Pakigsandurot banhawon sa syudad.txt
/Users/rl-14/Desktop/Celine-Thesis/all-data-reordered/all/Oplan Tokhang dili kasupakan.txt
/Users/rl-14/Desktop/Celine-Thesis/all-data-reordered/all/Oplan Tokhang hingusgan bisan 71 mil na ang mga nangsurender.txt
/Users/rl-14/Desktop/Celine-Thesis/all-data-reordered/all/Oplan Tokhang Reload sugdan na sa PRO-Northern Mindanao.txt
/Users/rl-14/Desktop/Celine-Thesis/all-data-reordered/all/Oposisyon sa _Og_.txt
/Users/rl-14/Desktop/Celine-Thesis/all-data-reordered/all/Opstal wala mag-apura.txt
/Users/rl-14/Desktop/Celine-Thesis/all-data-reordered/all/Orange mosuway’g bawi gikan sa pildi.txt
/Users/rl-14/Desktop/Celine-Thesis/all-data-reordered/all/Oras ni Ariza.txt
/Users/rl-14/Desktop/Celine-Thesis/all-data-reordered/all/Orcollo naka-gold .txt
/Users/rl-14/Desktop/Celine-Thesis/all-data-reordered/all/Ordinansa alang sa proteksiyon sa kabataan aprobado na.txt
/Users/rl-14/Desktop/Celine-Thesis/all-data-reordered/all/Ordinansa batok magtaptap sa Mandaue amendahon sa konseho.txt
/Users/rl-14/Desktop/Celine-Thesis/all-data-reordered/all/Ordinansa batok refilled butane canister.txt
/Users/rl-14/Desktop/Celine-Thesis/all-data-reordered/all/Ordinansa gipanday kontra IS propaganda.txt
/Users/rl-14/Desktop/Celine-Thesis/all-data-reordered/all/Ordinansa maoy sundon sa Mandaue.txt
/Users/rl-14/Desktop/Celine-Thesis/all-data-reordered/all/Ordinansa sa Brgy. Tawason gipausab .txt
/Users/rl-14/Desktop/Celine-Thesis/all-data-reordered/all/Ordinansa sa Mandaue gidayeg sa PRO 7.txt
/Users/rl-14/Desktop/Celine-Thesis/all-data-reordered/all/Ordinansahon bahin sa bouncers.txt
/Users/rl-14/Desktop/Celine-Thesis/all-data-reordered/all/Ordinansahon batok bonnet gisupak.txt
/Users/rl-14/Desktop/Celine-Thesis/all-data-reordered/all/Ordinansahon nabaraw ni Soc.txt
/Users/rl-14/Desktop/Celine-Thesis/all-data-reordered/all/Organic soil conditioner gitagana sa mag-uuma.txt
/Users/rl-14/Desktop/Celine-Thesis/all-data-reordered/all/Organikong kinabuhi ug produkto.txt
/Users/rl-14/Desktop/Celine-Thesis/all-data-reordered/all/Organizer sa walhong partido gipatay.txt
/Users/rl-14/Desktop/Celine-Thesis/all-data-reordered/all/Ormoc City nangayo og hinabang.txt
/Users/rl-14/Desktop/Celine-Thesis/all-data-reordered/all/Ormoc hatagan og genset sa Cebu City .txt
/Users/rl-14/Desktop/Celine-Thesis/all-data-reordered/all/Ormoc kampyon sa EVRAA.txt
/Users/rl-14/Desktop/Celine-Thesis/all-data-reordered/all/Oro abante na sa finals.txt
/Users/rl-14/Desktop/Celine-Thesis/all-data-reordered/all/Oro Aces milihay.txt
/Users/rl-14/Desktop/Celine-Thesis/all-data-reordered/all/Oro Chamber supak nga i-relieve si Cariaga  .txt
/Users/rl-14/Desktop/Celine-Thesis/all-data-reordered/all/Oro gi-claim og hari sa tribu.txt
/Users/rl-14/Desktop/Celine-Thesis/all-data-reordered/all/Oro Inter-Public Schools Basketball Championships season 2.txt
/Users/rl-14/Desktop/Celine-Thesis/all-data-reordered/all/Oro Kalimpyo Awards 2017 gitunol.txt
/Users/rl-14/Desktop/Celine-Thesis/all-data-reordered/all/Oro lang misukol sa bagong kampyon.txt
/Users/rl-14/Desktop/Celine-Thesis/all-data-reordered/all/Oro mayor: ‘Bambi’ dili makaapas sa performance.txt
/Users/rl-14/Desktop/Celine-Thesis/all-data-reordered/all/Oro nangandam sa bagyong Vinta.txt
/Users/rl-14/Desktop/Celine-Thesis/all-data-reordered/all/Oro Speed Inter-Public School finals gi-postpone.txt
/Users/rl-14/Desktop/Celine-Thesis/all-data-reordered/all/Oro wala pay naproklamar .txt
/Users/rl-14/Desktop/Celine-Thesis/all-data-reordered/all/Oro walay labot sa calamity loan sa SSS?.txt
/Users/rl-14/Desktop/Celine-Thesis/all-data-reordered/all/Oro Women’s Society Inc. mipahigayon og Christmas party.txt
/Users/rl-14/Desktop/Celine-Thesis/all-data-reordered/all/Oro, Laguna mag-abot sa semis .txt
/Users/rl-14/Desktop/Celine-Thesis/all-data-reordered/all/Oro, MisOr mibira og medalya.txt
/Users/rl-14/Desktop/Celine-Thesis/all-data-reordered/all/Oro-MisOr mobalos sa Davao karong Sabado.txt
/Users/rl-14/Desktop/Celine-Thesis/all-data-reordered/all/Oro-MisOr nakadaug ra gyud sa Davao All-Stars.txt
/Users/rl-14/Desktop/Celine-Thesis/all-data-reordered/all/Oroderm Top Models mirampa.txt
/Users/rl-14/Desktop/Celine-Thesis/all-data-reordered/all/Ortiz gi-knockout ni Berto sa ilang rematch.txt
/Users/rl-14/Desktop/Celine-Thesis/all-data-reordered/all/Osang mireak sa ‘kabit’ isyu.txt
/Users/rl-14/Desktop/Celine-Thesis/all-data-reordered/all/Oscar 50-50 mobalik.txt
/Users/rl-14/Desktop/Celine-Thesis/all-data-reordered/all/Oscar Moreno mayor gihapon sa Oro.txt
/Users/rl-14/Desktop/Celine-Thesis/all-data-reordered/all/Oscar wa masurpresa kang Floyd.txt
/Users/rl-14/Desktop/Celine-Thesis/all-data-reordered/all/Osmena uyon nga maagi-an ang SRP sa mga bus depasahero-an.txt
/Users/rl-14/Desktop/Celine-Thesis/all-data-reordered/all/Osmeña andam makigsabot sa CPA.txt
/Users/rl-14/Desktop/Celine-Thesis/all-data-reordered/all/Osmeña biktima usab sa ATM skimming niadtong Oktubre.txt
/Users/rl-14/Desktop/Celine-Thesis/all-data-reordered/all/Osmeña di motabang sa City Jail karon nga walay supply sa bugas gikan sa NFA .txt
/Users/rl-14/Desktop/Celine-Thesis/all-data-reordered/all/Osmeña gi-admit sa ospital .txt
/Users/rl-14/Desktop/Celine-Thesis/all-data-reordered/all/Osmeña gihagit ni Dino.txt
/Users/rl-14/Desktop/Celine-Thesis/all-data-reordered/all/Osmeña gikiha.txt
/Users/rl-14/Desktop/Celine-Thesis/all-data-reordered/all/Osmeña ginganlan og bakakon ni Garganera.txt
/Users/rl-14/Desktop/Celine-Thesis/all-data-reordered/all/Osmeña kompiyansa sa election protest; gidaut siya ngadto ni Duterte?  .txt
/Users/rl-14/Desktop/Celine-Thesis/all-data-reordered/all/Osmeña makigtagbo sa Konseho labot sa paglabay sa basura.txt
/Users/rl-14/Desktop/Celine-Thesis/all-data-reordered/all/Osmeña mas pabor sa festival queen.txt
/Users/rl-14/Desktop/Celine-Thesis/all-data-reordered/all/Osmeña miakusar sa Team Rama nga anti-development sa SRP.txt
/Users/rl-14/Desktop/Celine-Thesis/all-data-reordered/all/Osmeña miangkon nga pakyas apan 93-1 sulbaron gyud.txt
/Users/rl-14/Desktop/Celine-Thesis/all-data-reordered/all/Osmeña midayeg sa NCJ.txt
/Users/rl-14/Desktop/Celine-Thesis/all-data-reordered/all/Osmeña midayeg sa PDEA sa pagkasakmit sa 5 ka mga  kilo sa shabu.txt
/Users/rl-14/Desktop/Celine-Thesis/all-data-reordered/all/Osmeña mikwestyon sa pagtumaw sa eksperto .txt
/Users/rl-14/Desktop/Celine-Thesis/all-data-reordered/all/Osmeña milusad sa 'Talk to Tom'.txt
/Users/rl-14/Desktop/Celine-Thesis/all-data-reordered/all/Osmeña mipasigarbo sa iyang agi batok drugs.txt
/Users/rl-14/Desktop/Celine-Thesis/all-data-reordered/all/Osmeña mipili og bag-ong PIO.txt
/Users/rl-14/Desktop/Celine-Thesis/all-data-reordered/all/Osmeña misanong sa hagit ni Rama.txt
/Users/rl-14/Desktop/Celine-Thesis/all-data-reordered/all/Osmeña misuporta sa habalhabal, Angkas sa hearing sa Manila.txt
/Users/rl-14/Desktop/Celine-Thesis/all-data-reordered/all/Osmeña mobawi sa 3 ka mga luna sa SRP.txt
/Users/rl-14/Desktop/Celine-Thesis/all-data-reordered/all/Osmeña mokiha kang Aguirre?.txt
/Users/rl-14/Desktop/Celine-Thesis/all-data-reordered/all/Osmeña mokiha ni Dino.txt
/Users/rl-14/Desktop/Celine-Thesis/all-data-reordered/all/Osmeña naa sa black book: Rama.txt
/Users/rl-14/Desktop/Celine-Thesis/all-data-reordered/all/Osmeña nagduda nga Ylanan gidaut.txt
/Users/rl-14/Desktop/Celine-Thesis/all-data-reordered/all/Osmeña nagtuong mipatay ni Ungab professional killers, nabalaka.txt
/Users/rl-14/Desktop/Celine-Thesis/all-data-reordered/all/Osmeña nakigtagbo sa LTFRB alang sa Angkas.txt
/Users/rl-14/Desktop/Celine-Thesis/all-data-reordered/all/Osmeña nalipay sa mando ni Duterte sa hukom sa DOJ.txt
/Users/rl-14/Desktop/Celine-Thesis/all-data-reordered/all/Osmeña nangayo og 15 ka adlaw.txt
/Users/rl-14/Desktop/Celine-Thesis/all-data-reordered/all/Osmeña nanghunaw sa TNT, igo rang nisugyot og ngan.txt
/Users/rl-14/Desktop/Celine-Thesis/all-data-reordered/all/Osmeña nasagmuyo sa DOJ; Meca nakugang sa desisyon.txt
/Users/rl-14/Desktop/Celine-Thesis/all-data-reordered/all/Osmeña patabang ni Duterte.txt
/Users/rl-14/Desktop/Celine-Thesis/all-data-reordered/all/Osmeña supak sa coal plant.txt
/Users/rl-14/Desktop/Celine-Thesis/all-data-reordered/all/Osmeña uyon nga ibalhin ang terminal sa SRP .txt
/Users/rl-14/Desktop/Celine-Thesis/all-data-reordered/all/Osmeña uyon sa ordinansahon ni Alcover.txt
/Users/rl-14/Desktop/Celine-Thesis/all-data-reordered/all/Osmeña uyon sa P1,000 sa CHR; del Mar supak.txt
/Users/rl-14/Desktop/Celine-Thesis/all-data-reordered/all/Osmeña uyon sa pag-ban sa bonnet sa magmotor.txt
/Users/rl-14/Desktop/Celine-Thesis/all-data-reordered/all/Osmeña uyon sa pagbuhi sa silot sa kamatayon.txt
/Users/rl-14/Desktop/Celine-Thesis/all-data-reordered/all/Osmeña uyon sa pagda og armas.txt
/Users/rl-14/Desktop/Celine-Thesis/all-data-reordered/all/Osmeña uyon sa shame campaign.txt
/Users/rl-14/Desktop/Celine-Thesis/all-data-reordered/all/Osmeña wa mahulga ni Labella, uban pa.txt
/Users/rl-14/Desktop/Celine-Thesis/all-data-reordered/all/Osmeña wa motuo kang Duterte.txt
/Users/rl-14/Desktop/Celine-Thesis/all-data-reordered/all/Osmeña way cancer; ka usa na lang paadtuon sa US matag 18 ka buwan.txt
/Users/rl-14/Desktop/Celine-Thesis/all-data-reordered/all/Osmeña ‘nalipay’ sa Ermita.txt
/Users/rl-14/Desktop/Celine-Thesis/all-data-reordered/all/Osmeña, Dino nagpinikhanay.txt
/Users/rl-14/Desktop/Celine-Thesis/all-data-reordered/all/Osmeña, Muslim magtagbo alang sa seguridad sa Sinulog.txt
/Users/rl-14/Desktop/Celine-Thesis/all-data-reordered/all/Ospital nga gireklamo sa pagkamatay sa bag-ong himugso nga bata, nagpaklaro.txt
/Users/rl-14/Desktop/Celine-Thesis/all-data-reordered/all/Ospital sa Bantayan island gipadak-an, serbisyo gipalambo.txt
/Users/rl-14/Desktop/Celine-Thesis/all-data-reordered/all/Ospital sa CdeO 2nd district,tukuron.txt
/Users/rl-14/Desktop/Celine-Thesis/all-data-reordered/all/Ospital sa siyudad sa Carcar duna nay ICU.txt
/Users/rl-14/Desktop/Celine-Thesis/all-data-reordered/all/OSY makapahimulos sa Children's Games.txt
/Users/rl-14/Desktop/Celine-Thesis/all-data-reordered/all/OTWOL nag-sorry sa PNP.txt
/Users/rl-14/Desktop/Celine-Thesis/all-data-reordered/all/Ouano Avenue ayuhon; molanat og duha ka buwan.txt
/Users/rl-14/Desktop/Celine-Thesis/all-data-reordered/all/Our Lady Of Guadalupe Shrine milagroso  .txt
/Users/rl-14/Desktop/Celine-Thesis/all-data-reordered/all/Out-of-school youth nakatabang sa amahan .txt
/Users/rl-14/Desktop/Celine-Thesis/all-data-reordered/all/Out-of-school youth nanag-iya og Longganisa business.txt
/Users/rl-14/Desktop/Celine-Thesis/all-data-reordered/all/Out-of-school youth tutukan.txt
/Users/rl-14/Desktop/Celine-Thesis/all-data-reordered/all/Outbreak Response Immunization (ORI) sa Brgy. 23-C, anaa na sa ika-6 ka adlaw.txt
/Users/rl-14/Desktop/Celine-Thesis/all-data-reordered/all/OWWA mibisita sa gimaltratong OFW.txt
/Users/rl-14/Desktop/Celine-Thesis/all-data-reordered/all/Oyao gipatay tungod sa negosyo?.txt
/Users/rl-14/Desktop/Celine-Thesis/all-data-reordered/all/Ozamiz police dumipensa sa timing sa pagsilbi nang ‘search warrant’ vs Parojinogs.txt
/Users/rl-14/Desktop/Celine-Thesis/all-data-reordered/all/Ozawa gibasol nga nakuhaan si Mariel.txt
/Users/rl-14/Desktop/Celine-Thesis/all-data-reordered/all/O’Neal sa BHoF.txt
/Users/rl-14/Desktop/Celine-Thesis/all-data-reordered/all/O’Neal, Iverson mga kandidato sa Hall of Fame.txt
/Users/rl-14/Desktop/Celine-Thesis/all-data-reordered/all/O’Neal, Yao milampos.txt
/Users/rl-14/Desktop/Celine-Thesis/all-data-reordered/all/P.4 M danyos sa sunog sa Tipolo.txt
/Users/rl-14/Desktop/Celine-Thesis/all-data-reordered/all/P.5 M kolektahunon sa Kapitolyo gikan sa CAs.txt
/Users/rl-14/Desktop/Celine-Thesis/all-data-reordered/all/P.5 M weekly nga drug payola.txt
/Users/rl-14/Desktop/Celine-Thesis/all-data-reordered/all/P.8M balor sa shabu nasakmit.txt
/Users/rl-14/Desktop/Celine-Thesis/all-data-reordered/all/P1 billion alang sa BFP Region 7.txt
/Users/rl-14/Desktop/Celine-Thesis/all-data-reordered/all/P1 bilyon giduso nga budget ni Gullas alang sa 2018.txt
/Users/rl-14/Desktop/Celine-Thesis/all-data-reordered/all/P1 bilyon nga pundo alang sa modernong kahimanan sa BFP, aprobado na.txt
/Users/rl-14/Desktop/Celine-Thesis/all-data-reordered/all/P1 fare increase,iduso sa LTFRB-10.txt
/Users/rl-14/Desktop/Celine-Thesis/all-data-reordered/all/P1 gipangayo nga usbaw sa Citrasco.txt
/Users/rl-14/Desktop/Celine-Thesis/all-data-reordered/all/P1 milyon danyos sa pag-ulbo sa sunog sa Oro.txt
/Users/rl-14/Desktop/Celine-Thesis/all-data-reordered/all/P1 umento sa plitehan gisupak.txt
/Users/rl-14/Desktop/Celine-Thesis/all-data-reordered/all/P1,000 makapiang: CHR 7.txt
/Users/rl-14/Desktop/Celine-Thesis/all-data-reordered/all/P1-billion Civic Park tukoron.txt
/Users/rl-14/Desktop/Celine-Thesis/all-data-reordered/all/P1-M marijuana nabawi s CdeO.txt
/Users/rl-14/Desktop/Celine-Thesis/all-data-reordered/all/P1.2-M shabu nasakmit.txt
/Users/rl-14/Desktop/Celine-Thesis/all-data-reordered/all/P1.2M nga drugas nasakmit.txt
/Users/rl-14/Desktop/Celine-Thesis/all-data-reordered/all/P1.3-M damyos sa sunog .txt
/Users/rl-14/Desktop/Celine-Thesis/all-data-reordered/all/P1.4 B matag kilometro gasto sa LRT.txt
/Users/rl-14/Desktop/Celine-Thesis/all-data-reordered/all/P1.4-M shabu, mga  armas nasakmit sa ronda sa Danao.txt
/Users/rl-14/Desktop/Celine-Thesis/all-data-reordered/all/P1.4M na ang kita sa Farmer's Market .txt
/Users/rl-14/Desktop/Celine-Thesis/all-data-reordered/all/P1.5 bilyones nakilkil sa NPA .txt
/Users/rl-14/Desktop/Celine-Thesis/all-data-reordered/all/P1.5M alang sa 81st Cebu City charter day .txt
/Users/rl-14/Desktop/Celine-Thesis/all-data-reordered/all/P1.6-B danyos sunog sa NCCC Mall.txt
/Users/rl-14/Desktop/Celine-Thesis/all-data-reordered/all/P1.7-M damyos sa sunog.txt
/Users/rl-14/Desktop/Celine-Thesis/all-data-reordered/all/P10 M gihatag nga ganti sa mga mananaog; klase karon.txt
/Users/rl-14/Desktop/Celine-Thesis/all-data-reordered/all/P100 M danyos sa metro.txt
/Users/rl-14/Desktop/Celine-Thesis/all-data-reordered/all/P100 mil nga telephone cable gisulaya’g kawat.txt
/Users/rl-14/Desktop/Celine-Thesis/all-data-reordered/all/P100M nga pondo gisaad ni pangulong Duterte sa mga IPs.txt
/Users/rl-14/Desktop/Celine-Thesis/all-data-reordered/all/P10M alang sa gold winner.txt
/Users/rl-14/Desktop/Celine-Thesis/all-data-reordered/all/P10M drugs sa korte gisunog sa PDEA 7.txt
/Users/rl-14/Desktop/Celine-Thesis/all-data-reordered/all/P10M nga pagwapa nasakmit.txt
/Users/rl-14/Desktop/Celine-Thesis/all-data-reordered/all/P10T nga tabang sa pamilya sa biktima sa sunog sa Cogon.txt
/Users/rl-14/Desktop/Celine-Thesis/all-data-reordered/all/P10T sa ATM giuli sa kawani sa Kapitolyo.txt
/Users/rl-14/Desktop/Celine-Thesis/all-data-reordered/all/P12 minimum nga pleti pangayuon.txt
/Users/rl-14/Desktop/Celine-Thesis/all-data-reordered/all/P12 nga pletehan giduso.txt
/Users/rl-14/Desktop/Celine-Thesis/all-data-reordered/all/P12.5-B San Fernando recla project, international port gitugotan sa CPA.txt
/Users/rl-14/Desktop/Celine-Thesis/all-data-reordered/all/P12.8 M Pagcor fund gamiton ni Quisumbing.txt
/Users/rl-14/Desktop/Celine-Thesis/all-data-reordered/all/P12.8M Pagcor fund wa magamit: auditor   .txt
/Users/rl-14/Desktop/Celine-Thesis/all-data-reordered/all/P120 ipadugang sa sweldo sa Central Visayas.txt
/Users/rl-14/Desktop/Celine-Thesis/all-data-reordered/all/P120 M shabu nasakmit sa buy-bust.txt
/Users/rl-14/Desktop/Celine-Thesis/all-data-reordered/all/P128M naimplementar nga proyekto sa mga barangay.txt
/Users/rl-14/Desktop/Celine-Thesis/all-data-reordered/all/P13 nga umento alang sa tanang mamumuo sa Central Visayas.txt
/Users/rl-14/Desktop/Celine-Thesis/all-data-reordered/all/P13-M pirated DVD nasakmit.txt
/Users/rl-14/Desktop/Celine-Thesis/all-data-reordered/all/P13.2 milyones nga ICT kahimanan sa 10 ka tunghaan sa Lapu-Lapu .txt
/Users/rl-14/Desktop/Celine-Thesis/all-data-reordered/all/P15M nga LPG tanks, ekipo, sakyanan ang gisakmit sa CIDG-7.txt
/Users/rl-14/Desktop/Celine-Thesis/all-data-reordered/all/P15M Veco rewiring sa mga tunghaan.txt
/Users/rl-14/Desktop/Celine-Thesis/all-data-reordered/all/P16 M shabu nasakmit; 1 patay.txt
/Users/rl-14/Desktop/Celine-Thesis/all-data-reordered/all/P16.5 M gipangayong danyos sa Liloan.txt
/Users/rl-14/Desktop/Celine-Thesis/all-data-reordered/all/P16B nga pantalan sa Consolacion.txt
/Users/rl-14/Desktop/Celine-Thesis/all-data-reordered/all/P18B nga pag-develop sa Kawit giduso sa konseho .txt
/Users/rl-14/Desktop/Celine-Thesis/all-data-reordered/all/P190M ang danyos sa sunog .txt
/Users/rl-14/Desktop/Celine-Thesis/all-data-reordered/all/P1M patung sa ulo sa matag Abu Sayyaf.txt
/Users/rl-14/Desktop/Celine-Thesis/all-data-reordered/all/P1M shabu gitaguan sa kanal.txt
/Users/rl-14/Desktop/Celine-Thesis/all-data-reordered/all/P2-billion road projects sa Cebu City.txt
/Users/rl-14/Desktop/Celine-Thesis/all-data-reordered/all/P2.2 M ang ganti.txt
/Users/rl-14/Desktop/Celine-Thesis/all-data-reordered/all/P2.3-M nga shabu nasakmit.txt
/Users/rl-14/Desktop/Celine-Thesis/all-data-reordered/all/P2.5M nga shabu  nasakmit sa PDEA 7.txt
/Users/rl-14/Desktop/Celine-Thesis/all-data-reordered/all/P2.6-M napalgan sa hotel.txt
/Users/rl-14/Desktop/Celine-Thesis/all-data-reordered/all/P2.6M nga balor sa shabu nasakmit.txt
/Users/rl-14/Desktop/Celine-Thesis/all-data-reordered/all/P2.7M shabu nasakmit.txt
/Users/rl-14/Desktop/Celine-Thesis/all-data-reordered/all/P200 mil drugs nasakmit sa Brgy. Luz.txt
/Users/rl-14/Desktop/Celine-Thesis/all-data-reordered/all/P200 mil gipatong sa ulo sa suspek.txt
/Users/rl-14/Desktop/Celine-Thesis/all-data-reordered/all/P200 mil multa sa colorum vans.txt
/Users/rl-14/Desktop/Celine-Thesis/all-data-reordered/all/P200,000 ganti sa motudlo sa killer.txt
/Users/rl-14/Desktop/Celine-Thesis/all-data-reordered/all/P200,000 sa makatudlo sa killer.txt
/Users/rl-14/Desktop/Celine-Thesis/all-data-reordered/all/P20M nawala nga buhis sa Mandaue .txt
/Users/rl-14/Desktop/Celine-Thesis/all-data-reordered/all/P233 M shabu, sagad gikan sa Munti: PDEA.txt
/Users/rl-14/Desktop/Celine-Thesis/all-data-reordered/all/P24 M sa senior citizen’s park sa Pajo basin di mahinayon  .txt
/Users/rl-14/Desktop/Celine-Thesis/all-data-reordered/all/P25M rehab center tukuron.txt
/Users/rl-14/Desktop/Celine-Thesis/all-data-reordered/all/P26M wa pa makwentada sa kanhi Capitol official.txt
/Users/rl-14/Desktop/Celine-Thesis/all-data-reordered/all/P27 ang presyo sa NFA rice sa 16 outlets.txt
/Users/rl-14/Desktop/Celine-Thesis/all-data-reordered/all/P27-M nga pasilidad sa panglawas gigahin.txt
/Users/rl-14/Desktop/Celine-Thesis/all-data-reordered/all/P280-M nga proyekto sa dalan gisugdan na sa Misamis Oriental.txt
/Users/rl-14/Desktop/Celine-Thesis/all-data-reordered/all/P2M danyos sa nahitabong sunog sa Toril.txt
/Users/rl-14/Desktop/Celine-Thesis/all-data-reordered/all/P2M kita sa ihawan.txt
/Users/rl-14/Desktop/Celine-Thesis/all-data-reordered/all/P2M nga dala sa gibanhigang mga empleyado sa East West bank, wala madala sa mga tulisan.txt
/Users/rl-14/Desktop/Celine-Thesis/all-data-reordered/all/P3 billion alang sa boxing promotion.txt
/Users/rl-14/Desktop/Celine-Thesis/all-data-reordered/all/P3 M danyos sa sunog sa Pasil.txt
/Users/rl-14/Desktop/Celine-Thesis/all-data-reordered/all/P3.50 na lang nga umento pangayuon sa Citrasco.txt
/Users/rl-14/Desktop/Celine-Thesis/all-data-reordered/all/P3.5B ipauli sa DOH sa Sanofi; nasakit pabayran.txt
/Users/rl-14/Desktop/Celine-Thesis/all-data-reordered/all/P3.5T ngadto sa P12.5T tiket sa Ms. U sa JPark.txt
/Users/rl-14/Desktop/Celine-Thesis/all-data-reordered/all/P3.6 M nga shabu ang nasakmit sa kapulisan.txt
/Users/rl-14/Desktop/Celine-Thesis/all-data-reordered/all/P30 M nga shabu sakmit sa CIDG 7.txt
/Users/rl-14/Desktop/Celine-Thesis/all-data-reordered/all/P300 mil nga shabu nasakmit.txt
/Users/rl-14/Desktop/Celine-Thesis/all-data-reordered/all/P300,000 sa makatudlo sa killer ni Imok.txt
/Users/rl-14/Desktop/Celine-Thesis/all-data-reordered/all/P300T reward di pa ihatag.txt
/Users/rl-14/Desktop/Celine-Thesis/all-data-reordered/all/P300T sa video.txt
/Users/rl-14/Desktop/Celine-Thesis/all-data-reordered/all/P340k natala nga danyos sa sunog sa Brgy. 8-A.txt
/Users/rl-14/Desktop/Celine-Thesis/all-data-reordered/all/P350 milyunes sakmiton.txt
/Users/rl-14/Desktop/Celine-Thesis/all-data-reordered/all/P35M ikoral sa Inayawan sanitary landfill .txt
/Users/rl-14/Desktop/Celine-Thesis/all-data-reordered/all/P3B sa MP-JMM 5.txt
/Users/rl-14/Desktop/Celine-Thesis/all-data-reordered/all/P3M alang sa uniporme sa 588 ka sakop sa delegasyon sa dakbayan.txt
/Users/rl-14/Desktop/Celine-Thesis/all-data-reordered/all/P4 bilyones gipangayo ni Quisumbing.txt
/Users/rl-14/Desktop/Celine-Thesis/all-data-reordered/all/P4 milyon nga budget, gigahin sa LGU-GenSan alang sa Kalilangan 2018; cultural performances, mag-level up.txt
/Users/rl-14/Desktop/Celine-Thesis/all-data-reordered/all/P4 milyones modernong gamit nadawat na sa PDEA-Davao.txt
/Users/rl-14/Desktop/Celine-Thesis/all-data-reordered/all/P4.7M drugs nasakmit sa buy bust sa usa ka motel.txt
/Users/rl-14/Desktop/Celine-Thesis/all-data-reordered/all/P4.8M crisis center sa DSWD gitukod sa Amlan.txt
/Users/rl-14/Desktop/Celine-Thesis/all-data-reordered/all/P40 M alang sa Lapu traffic lights.txt
/Users/rl-14/Desktop/Celine-Thesis/all-data-reordered/all/P40-million pesos nga city library building itukod sa syudad.txt
/Users/rl-14/Desktop/Celine-Thesis/all-data-reordered/all/P400 mil, drugs gikan sa piniriso sa city jail.txt
/Users/rl-14/Desktop/Celine-Thesis/all-data-reordered/all/P400 milyon army camp,tukuron sa Marawi City.txt
/Users/rl-14/Desktop/Celine-Thesis/all-data-reordered/all/P400,000 shabu sakmit sa Tacloban.txt
/Users/rl-14/Desktop/Celine-Thesis/all-data-reordered/all/P400T sa parokya gitulis.txt
/Users/rl-14/Desktop/Celine-Thesis/all-data-reordered/all/P42T shabu nasakmit sa 6 ka tawo sa Lapu.txt
/Users/rl-14/Desktop/Celine-Thesis/all-data-reordered/all/P430 M sugyot pundo sa agrikultura sa Sugbo.txt
/Users/rl-14/Desktop/Celine-Thesis/all-data-reordered/all/P433 milyones nga bag-ong Carcar City Hall gibuksan.txt
/Users/rl-14/Desktop/Celine-Thesis/all-data-reordered/all/P450 mil balor sa kabtangan sa Australian national nalimas.txt
/Users/rl-14/Desktop/Celine-Thesis/all-data-reordered/all/P450,000 ra, di P1 milyon.txt
/Users/rl-14/Desktop/Celine-Thesis/all-data-reordered/all/P487-mil tabang medikal gihatag ngadto sa OFWs.txt
/Users/rl-14/Desktop/Celine-Thesis/all-data-reordered/all/P4B nga proyekto sa Leyte.txt
/Users/rl-14/Desktop/Celine-Thesis/all-data-reordered/all/P4M ang danyos sa sunog .txt
/Users/rl-14/Desktop/Celine-Thesis/all-data-reordered/all/P4M kapin mawa kon dili ma-liquidate: COA.txt
/Users/rl-14/Desktop/Celine-Thesis/all-data-reordered/all/P5 Milyones ka pesos gibayad sa China sa 38 ka mga biktima sa sunog sa NCCC.txt
/Users/rl-14/Desktop/Celine-Thesis/all-data-reordered/all/P5 nga diskwento sa petrolyo gipanawagan.txt
/Users/rl-14/Desktop/Celine-Thesis/all-data-reordered/all/P5.1-B nga budget aprobado na sa Konseho.txt
/Users/rl-14/Desktop/Celine-Thesis/all-data-reordered/all/P5.6M giandam sa Talisay sa Sinulog.txt
/Users/rl-14/Desktop/Celine-Thesis/all-data-reordered/all/P50 mil nga pautang sa mga mag-uuma sa Davao Occidental gihikay.txt
/Users/rl-14/Desktop/Celine-Thesis/all-data-reordered/all/P500 nga umento gipangayo.txt
/Users/rl-14/Desktop/Celine-Thesis/all-data-reordered/all/P500,000 sa Cebu City Hall nadawat na ni Tabal.txt
/Users/rl-14/Desktop/Celine-Thesis/all-data-reordered/all/P500-K damyos sa sunog sa CdeO.txt
/Users/rl-14/Desktop/Celine-Thesis/all-data-reordered/all/P500-K shabu,nabawi sa CdeO.txt
/Users/rl-14/Desktop/Celine-Thesis/all-data-reordered/all/P500T itagana kang Tabal.txt
/Users/rl-14/Desktop/Celine-Thesis/all-data-reordered/all/P50K nga tabang ni Osmeña sa pulis makapatay og kriminal i-monitor sa CHR 7.txt
/Users/rl-14/Desktop/Celine-Thesis/all-data-reordered/all/P51-M nga bonus sa mga trabahante sa dakbayan gipagawas na.txt
/Users/rl-14/Desktop/Celine-Thesis/all-data-reordered/all/P51.6 billion nga project sa NGCP sugdan sa 2019.txt
/Users/rl-14/Desktop/Celine-Thesis/all-data-reordered/all/P518M gihatag nga pundo sa nasyonal ngadto sa MisOr.txt
/Users/rl-14/Desktop/Celine-Thesis/all-data-reordered/all/P56 milyones nga gipangayo ni Osmeña anomaloso?.txt
/Users/rl-14/Desktop/Celine-Thesis/all-data-reordered/all/P5M ihatag ni Pacquiao sa Olympic gold winner .txt
/Users/rl-14/Desktop/Celine-Thesis/all-data-reordered/all/P5M nga kantidad sa shabu nasakmit sa buybust operation sud sa usa ka motel.txt
/Users/rl-14/Desktop/Celine-Thesis/all-data-reordered/all/P5M-10M danyos ni Urduja sa amihanan sa Sugbo.txt
/Users/rl-14/Desktop/Celine-Thesis/all-data-reordered/all/P6 M shabu nasakmit sa raid sa Lapu.txt
/Users/rl-14/Desktop/Celine-Thesis/all-data-reordered/all/P6.7M gigahin alang sa Sinulog.txt
/Users/rl-14/Desktop/Celine-Thesis/all-data-reordered/all/P60 B nga MRT gitugtan ni Osmeña.txt
/Users/rl-14/Desktop/Celine-Thesis/all-data-reordered/all/P60,000 ganti sa Mano Amon Run .txt
/Users/rl-14/Desktop/Celine-Thesis/all-data-reordered/all/P600K, damyos sa sunog sa Butuan City.txt
/Users/rl-14/Desktop/Celine-Thesis/all-data-reordered/all/P600T shabu dala sa pusher.txt
/Users/rl-14/Desktop/Celine-Thesis/all-data-reordered/all/P7 M gidiling druga nasakmit sa kapulisan.txt
/Users/rl-14/Desktop/Celine-Thesis/all-data-reordered/all/P7 M sa DSWD 7 mabalik sa nasudnong panudlanan?.txt
/Users/rl-14/Desktop/Celine-Thesis/all-data-reordered/all/P7.1M nay gasto sa kagamhanan sa Talisay sa Sinulog.txt
/Users/rl-14/Desktop/Celine-Thesis/all-data-reordered/all/P7.2 B nga budget uyonan ni Osmeña.txt
/Users/rl-14/Desktop/Celine-Thesis/all-data-reordered/all/P740-million rehabilitation project alang sa Agdao public market sugdan na karong tuiga.txt
/Users/rl-14/Desktop/Celine-Thesis/all-data-reordered/all/P76M  napalgan sa balay.txt
/Users/rl-14/Desktop/Celine-Thesis/all-data-reordered/all/P796,000.00 kantidad sa shabu nasakmit sa kapulisan sa buybust operation.txt
/Users/rl-14/Desktop/Celine-Thesis/all-data-reordered/all/P79M proyekto wa mapatuman .txt
/Users/rl-14/Desktop/Celine-Thesis/all-data-reordered/all/P7M drugs nasakmit.txt
/Users/rl-14/Desktop/Celine-Thesis/all-data-reordered/all/P800 mil shabu nasakmit sa Oro.txt
/Users/rl-14/Desktop/Celine-Thesis/all-data-reordered/all/P88 M shabu, gamit sa bomba nasakmit sa balay sa mayor.txt
/Users/rl-14/Desktop/Celine-Thesis/all-data-reordered/all/PA mogukod sa mga durugista  .txt
/Users/rl-14/Desktop/Celine-Thesis/all-data-reordered/all/Pabiling buhi!.txt
/Users/rl-14/Desktop/Celine-Thesis/all-data-reordered/all/Pabiling kampyon.txt
/Users/rl-14/Desktop/Celine-Thesis/all-data-reordered/all/Pabisdak-bisdak lang ta bay apan….txt
/Users/rl-14/Desktop/Celine-Thesis/all-data-reordered/all/Pabrika sa pabuto miulbo; 6 angol.txt
/Users/rl-14/Desktop/Celine-Thesis/all-data-reordered/all/Pabuto istriktuhon sa Mandaue.txt
/Users/rl-14/Desktop/Celine-Thesis/all-data-reordered/all/Pabuto likayan: DOH, BFP.txt
/Users/rl-14/Desktop/Celine-Thesis/all-data-reordered/all/Pacers sa playoffs; Chicago nataktak.txt
/Users/rl-14/Desktop/Celine-Thesis/all-data-reordered/all/Pacific Ring of Fire aktibo: UNISDR.txt
/Users/rl-14/Desktop/Celine-Thesis/all-data-reordered/all/Pacman 80 percent kondisyon: Buboy.txt
/Users/rl-14/Desktop/Celine-Thesis/all-data-reordered/all/Pacman adto sa Mexico moaway?.txt
/Users/rl-14/Desktop/Celine-Thesis/all-data-reordered/all/Pacman andam bisag McGregor.txt
/Users/rl-14/Desktop/Celine-Thesis/all-data-reordered/all/Pacman andam moaway sa Olympics.txt
/Users/rl-14/Desktop/Celine-Thesis/all-data-reordered/all/Pacman andam moaway sa Rio Olympics kon gusto sa mga tawo.txt
/Users/rl-14/Desktop/Celine-Thesis/all-data-reordered/all/Pacman dili motunga sa welcome ceremony.txt
/Users/rl-14/Desktop/Celine-Thesis/all-data-reordered/all/Pacman dili preparado.txt
/Users/rl-14/Desktop/Celine-Thesis/all-data-reordered/all/Pacman giataki sa wa mailhing tawo.txt
/Users/rl-14/Desktop/Celine-Thesis/all-data-reordered/all/Pacman gibisita ni Karl Malone.txt
/Users/rl-14/Desktop/Celine-Thesis/all-data-reordered/all/Pacman gihimong inspirasyon ni Striegl.txt
/Users/rl-14/Desktop/Celine-Thesis/all-data-reordered/all/Pacman gipikhan ni Arum.txt
/Users/rl-14/Desktop/Celine-Thesis/all-data-reordered/all/Pacman gisugat og mainiton nga pag-abi-abi sa Australia.txt
/Users/rl-14/Desktop/Celine-Thesis/all-data-reordered/all/Pacman gusto mo-knockout ni Bradley.txt
/Users/rl-14/Desktop/Celine-Thesis/all-data-reordered/all/Pacman gusto og rematch.txt
/Users/rl-14/Desktop/Celine-Thesis/all-data-reordered/all/Pacman gusto pa moaway.txt
/Users/rl-14/Desktop/Celine-Thesis/all-data-reordered/all/Pacman inilog pero dili mokompiyansa.txt
/Users/rl-14/Desktop/Celine-Thesis/all-data-reordered/all/Pacman labaw nga gipaboran.txt
/Users/rl-14/Desktop/Celine-Thesis/all-data-reordered/all/Pacman mi-insister; daog siya sa away.txt
/Users/rl-14/Desktop/Celine-Thesis/all-data-reordered/all/Pacman miabot na sa Australia; mihatag og mensahe ni Horn.txt
/Users/rl-14/Desktop/Celine-Thesis/all-data-reordered/all/Pacman mibawos.txt
/Users/rl-14/Desktop/Celine-Thesis/all-data-reordered/all/Pacman misugod na sa pag-ensayo.txt
/Users/rl-14/Desktop/Celine-Thesis/all-data-reordered/all/Pacman moaway sa 2016 Rio Olympics?.txt
/Users/rl-14/Desktop/Celine-Thesis/all-data-reordered/all/Pacman modaog: Duran.txt
/Users/rl-14/Desktop/Celine-Thesis/all-data-reordered/all/Pacman nabalikan na: Neri.txt
/Users/rl-14/Desktop/Celine-Thesis/all-data-reordered/all/Pacman nabawian og bakos.txt
/Users/rl-14/Desktop/Celine-Thesis/all-data-reordered/all/Pacman nagsugod na og train.txt
/Users/rl-14/Desktop/Celine-Thesis/all-data-reordered/all/Pacman nahimong emosyonal.txt
/Users/rl-14/Desktop/Celine-Thesis/all-data-reordered/all/Pacman naleksiyon ni JMM.txt
/Users/rl-14/Desktop/Celine-Thesis/all-data-reordered/all/Pacman napukan.txt
/Users/rl-14/Desktop/Celine-Thesis/all-data-reordered/all/Pacman okey na sa Marso.txt
/Users/rl-14/Desktop/Celine-Thesis/all-data-reordered/all/Pacman patubagon.txt
/Users/rl-14/Desktop/Celine-Thesis/all-data-reordered/all/Pacman sa Nov. 5 moaway; Crawford o Postol makontra.txt
/Users/rl-14/Desktop/Celine-Thesis/all-data-reordered/all/Pacman subling gihagit sa ex-world champion.txt
/Users/rl-14/Desktop/Celine-Thesis/all-data-reordered/all/Pacman, Clinton posibling magkita.txt
/Users/rl-14/Desktop/Celine-Thesis/all-data-reordered/all/Pacman, Floyd di pa moretiro; matod ni Tyson.txt
/Users/rl-14/Desktop/Celine-Thesis/all-data-reordered/all/Pacman, Horn magkita.txt
/Users/rl-14/Desktop/Celine-Thesis/all-data-reordered/all/Pacman-Bradley fight ma-uswag?.txt
/Users/rl-14/Desktop/Celine-Thesis/all-data-reordered/all/Pacquaio gustong moaway sa Abril.txt
/Users/rl-14/Desktop/Celine-Thesis/all-data-reordered/all/Pacquiao 95% na nga andam.txt
/Users/rl-14/Desktop/Celine-Thesis/all-data-reordered/all/Pacquiao abli sa posibilidad nga mag-rematch sila ni Mayweather.txt
/Users/rl-14/Desktop/Celine-Thesis/all-data-reordered/all/Pacquiao anaa gihapoy kusog, paspas: Atlas.txt
/Users/rl-14/Desktop/Celine-Thesis/all-data-reordered/all/Pacquiao andam na.txt
/Users/rl-14/Desktop/Celine-Thesis/all-data-reordered/all/Pacquiao angay mopahait sa iyang itsa: Clarkson.txt
/Users/rl-14/Desktop/Celine-Thesis/all-data-reordered/all/Pacquiao angay na moretiro: PNoy.txt
/Users/rl-14/Desktop/Celine-Thesis/all-data-reordered/all/Pacquiao batok Crawford giplano.txt
/Users/rl-14/Desktop/Celine-Thesis/all-data-reordered/all/Pacquiao bilib ni Kobe Paras.txt
/Users/rl-14/Desktop/Celine-Thesis/all-data-reordered/all/Pacquiao Boxing Academy gitukod karon sa China.txt
/Users/rl-14/Desktop/Celine-Thesis/all-data-reordered/all/Pacquiao daghan og balaod nga ipasaka.txt
/Users/rl-14/Desktop/Celine-Thesis/all-data-reordered/all/Pacquiao di moaway sa Olympics.txt
/Users/rl-14/Desktop/Celine-Thesis/all-data-reordered/all/Pacquiao di na kaayo abtik.txt
/Users/rl-14/Desktop/Celine-Thesis/all-data-reordered/all/Pacquiao di na moaway’g balik- Arum.txt
/Users/rl-14/Desktop/Celine-Thesis/all-data-reordered/all/Pacquiao dili huwaton.txt
/Users/rl-14/Desktop/Celine-Thesis/all-data-reordered/all/Pacquiao dili pa moretiro?.txt
/Users/rl-14/Desktop/Celine-Thesis/all-data-reordered/all/Pacquiao dili uyon sa same-sex marriage.txt
/Users/rl-14/Desktop/Celine-Thesis/all-data-reordered/all/Pacquiao dunay gipamati sa tiil?.txt
/Users/rl-14/Desktop/Celine-Thesis/all-data-reordered/all/Pacquiao gi-indosar ni Bradley.txt
/Users/rl-14/Desktop/Celine-Thesis/all-data-reordered/all/Pacquiao giandaman na sa kampo ni Bradley.txt
/Users/rl-14/Desktop/Celine-Thesis/all-data-reordered/all/Pacquiao gibisita ni Rousey.txt
/Users/rl-14/Desktop/Celine-Thesis/all-data-reordered/all/Pacquiao gidayeg ni Arum sa pulitika.txt
/Users/rl-14/Desktop/Celine-Thesis/all-data-reordered/all/Pacquiao gidid-ang moduwa sa UNTV.txt
/Users/rl-14/Desktop/Celine-Thesis/all-data-reordered/all/Pacquiao gipikhan na sab ni Ellerbe.txt
/Users/rl-14/Desktop/Celine-Thesis/all-data-reordered/all/Pacquiao gipikhan na sab ni Mayweather.txt
/Users/rl-14/Desktop/Celine-Thesis/all-data-reordered/all/Pacquiao gisaway sab sa HBO.txt
/Users/rl-14/Desktop/Celine-Thesis/all-data-reordered/all/Pacquiao gitambagan ni Arum.txt
/Users/rl-14/Desktop/Celine-Thesis/all-data-reordered/all/Pacquiao grabe ang ensayo.txt
/Users/rl-14/Desktop/Celine-Thesis/all-data-reordered/all/Pacquiao gusto og rematch.txt
/Users/rl-14/Desktop/Celine-Thesis/all-data-reordered/all/Pacquiao interesado sa rematch vs. JMM.txt
/Users/rl-14/Desktop/Celine-Thesis/all-data-reordered/all/Pacquiao karong Hunyo moaway.txt
/Users/rl-14/Desktop/Celine-Thesis/all-data-reordered/all/Pacquiao kinahanglang moaway karong Abril.txt
/Users/rl-14/Desktop/Celine-Thesis/all-data-reordered/all/Pacquiao kontento sa iyang ensayo, migahin usab og adlaw sa pamilya.txt
/Users/rl-14/Desktop/Celine-Thesis/all-data-reordered/all/Pacquiao lupigon ni Bradley: Garcia.txt
/Users/rl-14/Desktop/Celine-Thesis/all-data-reordered/all/Pacquiao madisqualified kon April 9 fight ipadayon: Bello.txt
/Users/rl-14/Desktop/Celine-Thesis/all-data-reordered/all/Pacquiao mag-Pasko sa Korea.txt
/Users/rl-14/Desktop/Celine-Thesis/all-data-reordered/all/Pacquiao maglisod.txt
/Users/rl-14/Desktop/Celine-Thesis/all-data-reordered/all/Pacquiao makig-away ni Vargas, Nov. 5.txt
/Users/rl-14/Desktop/Celine-Thesis/all-data-reordered/all/Pacquiao maoy sunod?.txt
/Users/rl-14/Desktop/Celine-Thesis/all-data-reordered/all/Pacquiao mapilde?.txt
/Users/rl-14/Desktop/Celine-Thesis/all-data-reordered/all/Pacquiao mapuno sa bun-og, mosurender.txt
/Users/rl-14/Desktop/Celine-Thesis/all-data-reordered/all/Pacquiao masaligong makabawi sa survey.txt
/Users/rl-14/Desktop/Celine-Thesis/all-data-reordered/all/Pacquiao miabot na sa Las Vegas.txt
/Users/rl-14/Desktop/Celine-Thesis/all-data-reordered/all/Pacquiao mihagit sa NSAC sa pagsilot ni Mayweather.txt
/Users/rl-14/Desktop/Celine-Thesis/all-data-reordered/all/Pacquiao mikompirmar sa ilang rematch ni Jeff Horn.txt
/Users/rl-14/Desktop/Celine-Thesis/all-data-reordered/all/Pacquiao mipabuto’g 4 ka tres; mi-TKO sa X-MP.txt
/Users/rl-14/Desktop/Celine-Thesis/all-data-reordered/all/Pacquiao mipahasubo sa kamatayon ni Ali.txt
/Users/rl-14/Desktop/Celine-Thesis/all-data-reordered/all/Pacquiao mipika sa mga atleta nga di moduwa alang sa nasod.txt
/Users/rl-14/Desktop/Celine-Thesis/all-data-reordered/all/Pacquiao miuyon sa martial law.txt
/Users/rl-14/Desktop/Celine-Thesis/all-data-reordered/all/Pacquiao mo-file sa COC sa Oct. 16.txt
/Users/rl-14/Desktop/Celine-Thesis/all-data-reordered/all/Pacquiao moaway kaha sa Olympics?.txt
/Users/rl-14/Desktop/Celine-Thesis/all-data-reordered/all/Pacquiao moaway pa sa 2018 .txt
/Users/rl-14/Desktop/Celine-Thesis/all-data-reordered/all/Pacquiao moaway sa Pilipinas .txt
/Users/rl-14/Desktop/Celine-Thesis/all-data-reordered/all/Pacquiao mobalik.txt
/Users/rl-14/Desktop/Celine-Thesis/all-data-reordered/all/Pacquiao modagan og NCFP president?.txt
/Users/rl-14/Desktop/Celine-Thesis/all-data-reordered/all/Pacquiao moduwa .txt
/Users/rl-14/Desktop/Celine-Thesis/all-data-reordered/all/Pacquiao mokita’g $20 M batok Bradley.txt
/Users/rl-14/Desktop/Celine-Thesis/all-data-reordered/all/Pacquiao molahutay pa’g 4 ka away.txt
/Users/rl-14/Desktop/Celine-Thesis/all-data-reordered/all/Pacquiao molarga sa US.txt
/Users/rl-14/Desktop/Celine-Thesis/all-data-reordered/all/Pacquiao moretiro lang kon tapulan na.txt
/Users/rl-14/Desktop/Celine-Thesis/all-data-reordered/all/Pacquiao moretiro sunod tuig: Arum.txt
/Users/rl-14/Desktop/Celine-Thesis/all-data-reordered/all/Pacquiao mosagubang sa labing lisod nga training .txt
/Users/rl-14/Desktop/Celine-Thesis/all-data-reordered/all/Pacquiao mosugod na sa pag-ensayo.txt
/Users/rl-14/Desktop/Celine-Thesis/all-data-reordered/all/Pacquiao na-injured?.txt
/Users/rl-14/Desktop/Celine-Thesis/all-data-reordered/all/Pacquiao nag-agad ra sa desisyon ni Mayweather.txt
/Users/rl-14/Desktop/Celine-Thesis/all-data-reordered/all/Pacquiao naglaraw nga adto sa Dubai iyang sunod away.txt
/Users/rl-14/Desktop/Celine-Thesis/all-data-reordered/all/Pacquiao naglaum masulbad na ang problema sa PSC ug POC .txt
/Users/rl-14/Desktop/Celine-Thesis/all-data-reordered/all/Pacquiao nagping-it sa kasakit: Roach.txt
/Users/rl-14/Desktop/Celine-Thesis/all-data-reordered/all/Pacquiao nagpormag team alang sa Asean Basketball League 2015.txt
/Users/rl-14/Desktop/Celine-Thesis/all-data-reordered/all/Pacquiao nagtuo nga Ancajas maoy iyang sumosunod.txt
/Users/rl-14/Desktop/Celine-Thesis/all-data-reordered/all/Pacquiao nagtuong daug.txt
/Users/rl-14/Desktop/Celine-Thesis/all-data-reordered/all/Pacquiao nakignegusasyon na og laing sports apparels.txt
/Users/rl-14/Desktop/Celine-Thesis/all-data-reordered/all/Pacquiao nanghatag og school supplies.txt
/Users/rl-14/Desktop/Celine-Thesis/all-data-reordered/all/Pacquiao naproblema sa iyang batiis.txt
/Users/rl-14/Desktop/Celine-Thesis/all-data-reordered/all/Pacquiao paretiruhon ni Roach kon....txt
/Users/rl-14/Desktop/Celine-Thesis/all-data-reordered/all/Pacquiao posibling mapildi ni Horn: Bob Arum.txt
/Users/rl-14/Desktop/Celine-Thesis/all-data-reordered/all/Pacquiao silotan?.txt
/Users/rl-14/Desktop/Celine-Thesis/all-data-reordered/all/Pacquiao trabaho dayon pag-abot.txt
/Users/rl-14/Desktop/Celine-Thesis/all-data-reordered/all/Pacquiao ubos na sa Under Armour.txt
/Users/rl-14/Desktop/Celine-Thesis/all-data-reordered/all/Pacquiao vs Khan 'buhay pa'.txt
/Users/rl-14/Desktop/Celine-Thesis/all-data-reordered/all/Pacquiao vs. Conor mialisngaw.txt
/Users/rl-14/Desktop/Celine-Thesis/all-data-reordered/all/Pacquiao vs. Crawford?.txt
/Users/rl-14/Desktop/Celine-Thesis/all-data-reordered/all/Pacquiao vs. Garcia.txt
/Users/rl-14/Desktop/Celine-Thesis/all-data-reordered/all/Pacquiao vs. Khan sa 2016?.txt
/Users/rl-14/Desktop/Celine-Thesis/all-data-reordered/all/Pacquiao vs. Mayweather masumpayan kaha? .txt
/Users/rl-14/Desktop/Celine-Thesis/all-data-reordered/all/Pacquiao vs. Vargas.txt
/Users/rl-14/Desktop/Celine-Thesis/all-data-reordered/all/Pacquiao wa misupak sa election law .txt
/Users/rl-14/Desktop/Celine-Thesis/all-data-reordered/all/Pacquiao wa mokompiyansa.txt
/Users/rl-14/Desktop/Celine-Thesis/all-data-reordered/all/Pacquiao wa ra apektuhi-Roach.txt
/Users/rl-14/Desktop/Celine-Thesis/all-data-reordered/all/Pacquiao wala gihapon nausab bisan sa iyang bahandi  .txt
/Users/rl-14/Desktop/Celine-Thesis/all-data-reordered/all/Pacquiao wala mabalakang ma-`disqualify’.txt
/Users/rl-14/Desktop/Celine-Thesis/all-data-reordered/all/Pacquiao wala mobahar, matod ni Arum.txt
/Users/rl-14/Desktop/Celine-Thesis/all-data-reordered/all/Pacquiao way plano moretiro.txt
/Users/rl-14/Desktop/Celine-Thesis/all-data-reordered/all/Pacquiao, Amir Khan nagkasinabot na?.txt
/Users/rl-14/Desktop/Celine-Thesis/all-data-reordered/all/Pacquiao, Bradley 3, April 9.txt
/Users/rl-14/Desktop/Celine-Thesis/all-data-reordered/all/Pacquiao, Crawford may nagkadaiyang kaatbang una ang posibleng rambol.txt
/Users/rl-14/Desktop/Celine-Thesis/all-data-reordered/all/Pacquiao, Donaire gipahalipayan sa Malacañang Palace.txt
/Users/rl-14/Desktop/Celine-Thesis/all-data-reordered/all/Pacquiao, Kia batok Fajardo, SMB.txt
/Users/rl-14/Desktop/Celine-Thesis/all-data-reordered/all/Pacquiao, Mahindra titulo ang tumong.txt
/Users/rl-14/Desktop/Celine-Thesis/all-data-reordered/all/Pacquiao, nagsugod na sa pagbansay 3 mo. bag-o ang engkwentro kay Matthysse.txt
/Users/rl-14/Desktop/Celine-Thesis/all-data-reordered/all/Pacquiao, Peñalosa apil sa 2017 Casting of Fists .txt
/Users/rl-14/Desktop/Celine-Thesis/all-data-reordered/all/Pacquiao, Top Rank magkabuwag.txt
/Users/rl-14/Desktop/Celine-Thesis/all-data-reordered/all/Pacquiao, UA wala’y kasabutan.txt
/Users/rl-14/Desktop/Celine-Thesis/all-data-reordered/all/Pacquiao, Vargas giabibahan sa LV.txt
/Users/rl-14/Desktop/Celine-Thesis/all-data-reordered/all/Pacquiao-Alvarado bout sa Abril?.txt
/Users/rl-14/Desktop/Celine-Thesis/all-data-reordered/all/Pacquiao-Bradley 3 kulbahinam copy.txt
/Users/rl-14/Desktop/Celine-Thesis/all-data-reordered/all/Pacquiao-Bradley 3 lisod ibaligya: Arum.txt
/Users/rl-14/Desktop/Celine-Thesis/all-data-reordered/all/Pacquiao-Bradley non-title bout na.txt
/Users/rl-14/Desktop/Celine-Thesis/all-data-reordered/all/Pacquiao-Bradley ticket sayong ibaligya: Arum.txt
/Users/rl-14/Desktop/Celine-Thesis/all-data-reordered/all/Pacquiao-Horn 2 sunod tuig na?.txt
/Users/rl-14/Desktop/Celine-Thesis/all-data-reordered/all/Pacquiao-Horn fight adto sa Middle East ipahigayon?.txt
/Users/rl-14/Desktop/Celine-Thesis/all-data-reordered/all/Pacquiao-Horn fight gihikay na og balik.txt
/Users/rl-14/Desktop/Celine-Thesis/all-data-reordered/all/Pacquiao-Horn fight sa Middle East?.txt
/Users/rl-14/Desktop/Celine-Thesis/all-data-reordered/all/Pacquiao-Horn rematch sa Nov. 12 mahinayon?.txt
/Users/rl-14/Desktop/Celine-Thesis/all-data-reordered/all/Pacquiao-Khan fight gihikay na ni Arum.txt
/Users/rl-14/Desktop/Celine-Thesis/all-data-reordered/all/Pacquiao-Khan fight hikayon ni Arum.txt
/Users/rl-14/Desktop/Celine-Thesis/all-data-reordered/all/Pacquiao-Khan fight posibli nga madayon.txt
/Users/rl-14/Desktop/Celine-Thesis/all-data-reordered/all/Pacquiao-Khan segurado na.txt
/Users/rl-14/Desktop/Celine-Thesis/all-data-reordered/all/Pacquiao-Lomachenko bout di tinuod: manager.txt
/Users/rl-14/Desktop/Celine-Thesis/all-data-reordered/all/Pacquiao-Matthysse miamag.txt
/Users/rl-14/Desktop/Celine-Thesis/all-data-reordered/all/Pacquiao-Mayweather Jr. II prayoridad ni Arum.txt
/Users/rl-14/Desktop/Celine-Thesis/all-data-reordered/all/Pacquiao-Mayweather rematch di mahitabo.txt
/Users/rl-14/Desktop/Celine-Thesis/all-data-reordered/all/Pacquiao-Vargas fight dunay replay sa GMA 7 karong alas 11 sa gabii.txt
/Users/rl-14/Desktop/Celine-Thesis/all-data-reordered/all/Padayon ang debate kon kinsa'y maayo nila James ug Jordan.txt
/Users/rl-14/Desktop/Celine-Thesis/all-data-reordered/all/Padayon ang rehistrasyon sa Bubble Run nga ipahigayon karong Marso 18.txt
/Users/rl-14/Desktop/Celine-Thesis/all-data-reordered/all/Padayon Pilipino andam sa eleksyon.txt
/Users/rl-14/Desktop/Celine-Thesis/all-data-reordered/all/Padayon Pilipino malipayon sa Pulse Asia Survey.txt
/Users/rl-14/Desktop/Celine-Thesis/all-data-reordered/all/Padayon Pilipino sportfest giabli Sabado.txt
/Users/rl-14/Desktop/Celine-Thesis/all-data-reordered/all/Padayon tas mga estilo sa usa ka lider.txt
/Users/rl-14/Desktop/Celine-Thesis/all-data-reordered/all/Padayong gabangis.txt
/Users/rl-14/Desktop/Celine-Thesis/all-data-reordered/all/Padayong nagbangis.txt
/Users/rl-14/Desktop/Celine-Thesis/all-data-reordered/all/Paden mobansay sa nasyunal team.txt
/Users/rl-14/Desktop/Celine-Thesis/all-data-reordered/all/Padre Botox.txt
/Users/rl-14/Desktop/Celine-Thesis/all-data-reordered/all/PADS, nagpahigayun ug Basketball Wheelchair Program sa mga PWD’s; Australian Foundation midonar ug sports inspired wheelchair.txt
/Users/rl-14/Desktop/Celine-Thesis/all-data-reordered/all/PAF member nga gisunog patay sulod sa iyang sakyanan gilubong na; Pamilya nanawagan og tabang ngadto ni Presidente Rodrigo Duterte.txt
/Users/rl-14/Desktop/Celine-Thesis/all-data-reordered/all/Pag sariling sikap.txt
/Users/rl-14/Desktop/Celine-Thesis/all-data-reordered/all/Pag-abli sa Maximo Patalinjug Ave. nagkaguliyang .txt
/Users/rl-14/Desktop/Celine-Thesis/all-data-reordered/all/Pag-abli sa San Miguel Corp industrial estate, makatabang sa DavOcc.txt
/Users/rl-14/Desktop/Celine-Thesis/all-data-reordered/all/Pag-abli’g balik sa Inayawan landfill susihon.txt
/Users/rl-14/Desktop/Celine-Thesis/all-data-reordered/all/Pag-abswelto kang Peter Lim ug Kerwin Espinosa, usa ka dakong sagpa sa administrasyon ni Duterte-Sen Ejercito.txt
/Users/rl-14/Desktop/Celine-Thesis/all-data-reordered/all/Pag-adjust sa away maoy bintaha ni Mayweather Jr..txt
/Users/rl-14/Desktop/Celine-Thesis/all-data-reordered/all/Pag-ambush patay ni Atty. Jonnah John Ungab, gikalipay ni kanhi ALbuera, Leyte COP, PCI Jovie Espenido.txt
/Users/rl-14/Desktop/Celine-Thesis/all-data-reordered/all/Pag-armas sa mga military reservists ug ROTC graduates gihuna-huna ni pangulong Duterte.txt
/Users/rl-14/Desktop/Celine-Thesis/all-data-reordered/all/Pag-asenso sa negosyo uban sa Cebu People’s Coop.txt
/Users/rl-14/Desktop/Celine-Thesis/all-data-reordered/all/Pag-atake sa Binuangan MPS, tubag sa NPA sa pagkansela ni Digong sa peace talks, sigon sa PRO-10 director.txt
/Users/rl-14/Desktop/Celine-Thesis/all-data-reordered/all/Pag-award og pwesto sa bag-ong merkado sa Tabunok nausab, dili na ipaagi og pag-raffle sa mga aplikante .txt
/Users/rl-14/Desktop/Celine-Thesis/all-data-reordered/all/Pag-ayo sa CICC iagi sa PPP.txt
/Users/rl-14/Desktop/Celine-Thesis/all-data-reordered/all/Pag-ayo sa Mananga Bridge  sa Tabunok tungod sa namuyo.txt
/Users/rl-14/Desktop/Celine-Thesis/all-data-reordered/all/Pag-ban sa aerial spraying subling gipanawagan sa tibuook Davao Region.txt
/Users/rl-14/Desktop/Celine-Thesis/all-data-reordered/all/Pag-ban sa Pokemon Go gisanghid sa DepEd 7 sa ilang central office .txt
/Users/rl-14/Desktop/Celine-Thesis/all-data-reordered/all/Pag-ban sa private cars sa N. Bacalso gioktaba.txt
/Users/rl-14/Desktop/Celine-Thesis/all-data-reordered/all/Pag-ban sa Rappler reporter pag-cover sa Malacaan presscon gikasubo sa NUJP-ButuanAgusan del Norte chapter.txt
/Users/rl-14/Desktop/Celine-Thesis/all-data-reordered/all/Pag-ban sa'unli-rice' sa kan-anan 'anti-poor'.txt
/Users/rl-14/Desktop/Celine-Thesis/all-data-reordered/all/Pag-banned  ni Rosete gibakwi  ni Samsam.txt
/Users/rl-14/Desktop/Celine-Thesis/all-data-reordered/all/Pag-develop sa boksing sa Butuan, suportado ni Senador Manny Pacquiao.txt
/Users/rl-14/Desktop/Celine-Thesis/all-data-reordered/all/Pag-develop sa Kawit Island giinteresan: Osmeña.txt
/Users/rl-14/Desktop/Celine-Thesis/all-data-reordered/all/Pag-develop sa Marawi City, gi-kuwesetiyon sa Moro group.txt
/Users/rl-14/Desktop/Celine-Thesis/all-data-reordered/all/Pag-diskwalipika sa 'Honor Thy Father' di sayon - MMDA Chair.txt
/Users/rl-14/Desktop/Celine-Thesis/all-data-reordered/all/Pag-host sa 2019 SEA Games gusto ipadayon sa POC bisa'g ang gobiyerno dili mosuporta.txt
/Users/rl-14/Desktop/Celine-Thesis/all-data-reordered/all/Pag-ila sa IFC-World Bank sa PEZA, dakong kadaugan Pilipinas, sigon sa chairman.txt
/Users/rl-14/Desktop/Celine-Thesis/all-data-reordered/all/Pag-monitor sa bird flu ipadayon.txt
/Users/rl-14/Desktop/Celine-Thesis/all-data-reordered/all/Pag-propose kang Sarah: Matteo secret ang tubag.txt
/Users/rl-14/Desktop/Celine-Thesis/all-data-reordered/all/Pag-relocate sa mga residente sa Prk Tinago, Barangay South, gitakda.txt
/Users/rl-14/Desktop/Celine-Thesis/all-data-reordered/all/Pag-repair sa mga guba-guba sa Central Public Market, gisugdan na.txt
/Users/rl-14/Desktop/Celine-Thesis/all-data-reordered/all/Pag-tamper sa taximeter dunay dakong silot: LTFRB.txt
/Users/rl-14/Desktop/Celine-Thesis/all-data-reordered/all/Pag-upload og video sa NPA gikondenar sa 4ID.txt
/Users/rl-14/Desktop/Celine-Thesis/all-data-reordered/all/Pag-usab sa batakang balaud, dili matud pa angayang dali-dalion sigon ni Akbayan Rep. Tom Villarin.txt
/Users/rl-14/Desktop/Celine-Thesis/all-data-reordered/all/Pag-usab sa charter sa Davao giduso na ngadto sa Kongreso.txt
/Users/rl-14/Desktop/Celine-Thesis/all-data-reordered/all/Pag-uwan sa Sugbo di epekto sa bagyo: Pagasa.txt
/Users/rl-14/Desktop/Celine-Thesis/all-data-reordered/all/Pagara andam ni Juarez.txt
/Users/rl-14/Desktop/Celine-Thesis/all-data-reordered/all/Pagara andam og world title fight.txt
/Users/rl-14/Desktop/Celine-Thesis/all-data-reordered/all/Pagara atakihon og maayo ni Juarez.txt
/Users/rl-14/Desktop/Celine-Thesis/all-data-reordered/all/Pagara batok Australyano?.txt
/Users/rl-14/Desktop/Celine-Thesis/all-data-reordered/all/Pagara brothers moaway sa Dubai.txt
/Users/rl-14/Desktop/Celine-Thesis/all-data-reordered/all/Pagara brothers nag-spar.txt
/Users/rl-14/Desktop/Celine-Thesis/all-data-reordered/all/Pagara mahimong world champion: Roach.txt
/Users/rl-14/Desktop/Celine-Thesis/all-data-reordered/all/Pagara midaog apan nasagmuyo.txt
/Users/rl-14/Desktop/Celine-Thesis/all-data-reordered/all/Pagara mokontra og K.O. puncher.txt
/Users/rl-14/Desktop/Celine-Thesis/all-data-reordered/all/Pagara naghandom nga maka-rematch ni Juarez.txt
/Users/rl-14/Desktop/Celine-Thesis/all-data-reordered/all/Pagara V. Rios.txt
/Users/rl-14/Desktop/Celine-Thesis/all-data-reordered/all/Pagatpat school mamugos og daog sa basketball.txt
/Users/rl-14/Desktop/Celine-Thesis/all-data-reordered/all/Pagbakuna sa dengue vaccines gihunong.txt
/Users/rl-14/Desktop/Celine-Thesis/all-data-reordered/all/Pagbalhin kang Regencia gisanong na sa BJMP.txt
/Users/rl-14/Desktop/Celine-Thesis/all-data-reordered/all/Pagbalhin sa bag-ong merkado malangay.txt
/Users/rl-14/Desktop/Celine-Thesis/all-data-reordered/all/Pagbalhin sa Davao City Overland Transport Terminal, kasulbaran sa dagan sa trapiko.txt
/Users/rl-14/Desktop/Celine-Thesis/all-data-reordered/all/Pagbalhin sa haya ni Vidal puno sa emosyon.txt
/Users/rl-14/Desktop/Celine-Thesis/all-data-reordered/all/Pagbalhin sa mga kanhi PDP Laban sa laing partido wala gikabalaka ni House Speaker Alvarez.txt
/Users/rl-14/Desktop/Celine-Thesis/all-data-reordered/all/Pagbalhion sa 9 ka high risk inmates sa kauluhan gikalipay sa BJMP XI.txt
/Users/rl-14/Desktop/Celine-Thesis/all-data-reordered/all/pagbali: storycon sa fantaseryeng (dili) unta matinuod.txt
/Users/rl-14/Desktop/Celine-Thesis/all-data-reordered/all/Pagbaligya og makahubog sa Mandaue, mas higpitan na unya.txt
/Users/rl-14/Desktop/Celine-Thesis/all-data-reordered/all/Pagbaligya sa pabuto higpit.txt
/Users/rl-14/Desktop/Celine-Thesis/all-data-reordered/all/Pagbalik ni Manny gisaway ni Floyd.txt
/Users/rl-14/Desktop/Celine-Thesis/all-data-reordered/all/Pagbalik ni Pacquiao wa pay siguro: Arum.txt
/Users/rl-14/Desktop/Celine-Thesis/all-data-reordered/all/Pagbalik ni Slaughter di dalidalion sa Gins.txt
/Users/rl-14/Desktop/Celine-Thesis/all-data-reordered/all/Pagbaliwala sa Hornets nakahagit kang Bryant.txt
/Users/rl-14/Desktop/Celine-Thesis/all-data-reordered/all/Pagbansay padayon  .txt
/Users/rl-14/Desktop/Celine-Thesis/all-data-reordered/all/Pagbantay sa pagdawat og package, suwat: Alanas.txt
/Users/rl-14/Desktop/Celine-Thesis/all-data-reordered/all/Pagbantay sa traffic sa Naga karon, ugma.txt
/Users/rl-14/Desktop/Celine-Thesis/all-data-reordered/all/Pagbaton sa batasan, kinaiya sa bata: Padre Nohara, Jr..txt
/Users/rl-14/Desktop/Celine-Thesis/all-data-reordered/all/Pagbisita ni Lebron James sa Manila gikansel.txt
/Users/rl-14/Desktop/Celine-Thesis/all-data-reordered/all/Pagbubo og negosyo ipasayon: Luigi .txt
/Users/rl-14/Desktop/Celine-Thesis/all-data-reordered/all/Pagbukas og bag-ong prangkisa ang tukion.txt
/Users/rl-14/Desktop/Celine-Thesis/all-data-reordered/all/Pagbungkag sa bukid gipahunong.txt
/Users/rl-14/Desktop/Celine-Thesis/all-data-reordered/all/Pagbutang og Alayon ihunong.txt
/Users/rl-14/Desktop/Celine-Thesis/all-data-reordered/all/Pagbutang ug bangko o signage atubangan sa mga establisamento gidili na, makasupak pamultahon ug pasakaan ug kaso.txt
/Users/rl-14/Desktop/Celine-Thesis/all-data-reordered/all/Pagbutang ug low-in-the-dark signages sa mga stablisamento gisuportahan sa Anti Arson TF.txt
/Users/rl-14/Desktop/Celine-Thesis/all-data-reordered/all/Pagdagan ni Joy sa Olympics naa'y kahayag.txt
/Users/rl-14/Desktop/Celine-Thesis/all-data-reordered/all/Pagdala sa digital learning sa tunghaan.txt
/Users/rl-14/Desktop/Celine-Thesis/all-data-reordered/all/Pagdasmag ni Johnson tinuyo: Yeng Guiao.txt
/Users/rl-14/Desktop/Celine-Thesis/all-data-reordered/all/Pagdeklara’g state of calamity gitinguha sa konseho.txt
/Users/rl-14/Desktop/Celine-Thesis/all-data-reordered/all/Pagdugo sa ilong, pagsamad-samad sa kuko, pagpangitom sa ngabil, nasinatian tungod sa hilabihang katugnaw sa Belgium.txt
/Users/rl-14/Desktop/Celine-Thesis/all-data-reordered/all/Pagdumala: Pag-amuma gawas sa ospital.txt
/Users/rl-14/Desktop/Celine-Thesis/all-data-reordered/all/Pagduso sa digital literacy, kakulangon sa computers ang nag-unang suliran.txt
/Users/rl-14/Desktop/Celine-Thesis/all-data-reordered/all/Paggahin og oras.txt
/Users/rl-14/Desktop/Celine-Thesis/all-data-reordered/all/Paggamit og cellphone sud sa prisohan gidili na.txt
/Users/rl-14/Desktop/Celine-Thesis/all-data-reordered/all/Paggamit sa ambulansya libre na.txt
/Users/rl-14/Desktop/Celine-Thesis/all-data-reordered/all/Paghatag ni Manny og bonus ok ra.txt
/Users/rl-14/Desktop/Celine-Thesis/all-data-reordered/all/Paghatag sa 13th month pay, giklaro sa DOLE-Caraga.txt
/Users/rl-14/Desktop/Celine-Thesis/all-data-reordered/all/Paghatag ug tabang sa mga biktima sa baha nalangay gumikan sa kakulang ug personahe sa CSSDO.txt
/Users/rl-14/Desktop/Celine-Thesis/all-data-reordered/all/Paghilak sa Birhen sa Simala di maoy labing una: shrine founder.txt
/Users/rl-14/Desktop/Celine-Thesis/all-data-reordered/all/Paghimo og bag-ong tradisyon ning Pasko.txt
/Users/rl-14/Desktop/Celine-Thesis/all-data-reordered/all/Paghimo og high rise bldg. ipadayon .txt
/Users/rl-14/Desktop/Celine-Thesis/all-data-reordered/all/Paghulip ni CSupt Espino sa PNP- gibakwi sa Camp Crame.txt
/Users/rl-14/Desktop/Celine-Thesis/all-data-reordered/all/Paghurar sa 7-mil PDP-Laban members,ilegal?.txt
/Users/rl-14/Desktop/Celine-Thesis/all-data-reordered/all/Pagka anti-drug crusader motibo pagtipi sa magtiayon.txt
/Users/rl-14/Desktop/Celine-Thesis/all-data-reordered/all/Pagka pusher nila butangbutang?.txt
/Users/rl-14/Desktop/Celine-Thesis/all-data-reordered/all/Pagka underdog sa Gilas nakapadasig ni Blatche.txt
/Users/rl-14/Desktop/Celine-Thesis/all-data-reordered/all/Pagka-ugdaw sa gambalay sa Toril gibasol sa kabomberohan?.txt
/Users/rl-14/Desktop/Celine-Thesis/all-data-reordered/all/Pagkaangol ni Fajardo di ra grabe.txt
/Users/rl-14/Desktop/Celine-Thesis/all-data-reordered/all/Pagkahimabaye ni Tuñacao maoy rason sa iyang ka live-in sa pagpanigbas niini.txt
/Users/rl-14/Desktop/Celine-Thesis/all-data-reordered/all/pagkalukapa sa pak-an nga diktadora.txt
/Users/rl-14/Desktop/Celine-Thesis/all-data-reordered/all/Pagkamahiubsanon: mensahe ni Gullas.txt
/Users/rl-14/Desktop/Celine-Thesis/all-data-reordered/all/Pagkamatay sa tulo katawo sa pagpangronda sa kapulisan sa South Cotabato, gikuwestyon sa GPH-MILF ceasefire monitoring committee.txt
/Users/rl-14/Desktop/Celine-Thesis/all-data-reordered/all/Pagkaon sa CCJ wala magkuwang: warden.txt
/Users/rl-14/Desktop/Celine-Thesis/all-data-reordered/all/Pagkaon sa mga iro, iring gipadala sa Marawi City.txt
/Users/rl-14/Desktop/Celine-Thesis/all-data-reordered/all/Pagkasikop ni De Lima miani og reaksyon.txt
/Users/rl-14/Desktop/Celine-Thesis/all-data-reordered/all/Pagkasikop sa DAR-MisOr legal officer,gika-dismaya.txt
/Users/rl-14/Desktop/Celine-Thesis/all-data-reordered/all/Pagkawala sa kulintas sa poon ni Sto Niño de Bula atul sa piyesta gipanghimakak.txt
/Users/rl-14/Desktop/Celine-Thesis/all-data-reordered/all/Pagkidnap sa 21-anyos na babae sa Cebu, ‘abduct me’ lang; nakadispalko ng pera.txt
/Users/rl-14/Desktop/Celine-Thesis/all-data-reordered/all/Pagkolekta og basura may bayad.txt
/Users/rl-14/Desktop/Celine-Thesis/all-data-reordered/all/Pagkubkob og atabay idili sa Mandaue City .txt
/Users/rl-14/Desktop/Celine-Thesis/all-data-reordered/all/Pagkuha og permit alang sa pagpahigayon og events sa Mandaue City gihigpitan.txt
/Users/rl-14/Desktop/Celine-Thesis/all-data-reordered/all/Pagkulata sa 2 ka police sa 3 ka minor de edad nakaabot na kang mayor Sara, hugot nga imbestigasyon gimando sa DCPO.txt
/Users/rl-14/Desktop/Celine-Thesis/all-data-reordered/all/Pagkumpiska sa 39 ka sachets sa suspected shabu gikan sa estudyante, gikakurat sa mga opisyal ng paaralan sa Butuan City.txt
/Users/rl-14/Desktop/Celine-Thesis/all-data-reordered/all/Paglabay og basura sa SRP 'kalapasan'.txt
/Users/rl-14/Desktop/Celine-Thesis/all-data-reordered/all/Paglala ngadto sa kalamposan.txt
/Users/rl-14/Desktop/Celine-Thesis/all-data-reordered/all/Paglangkat sa opisyal sa COWD gikwestiyon.txt
/Users/rl-14/Desktop/Celine-Thesis/all-data-reordered/all/Paglaom mitidlom.txt
/Users/rl-14/Desktop/Celine-Thesis/all-data-reordered/all/Paglaom sa basura.txt
/Users/rl-14/Desktop/Celine-Thesis/all-data-reordered/all/Paglikay ug pagpakgang sa Sunog dili lang kulpa sa BFP, responsibilidad usa matag usa- BFP-7.txt
/Users/rl-14/Desktop/Celine-Thesis/all-data-reordered/all/Paglingkod ni Espino kanselado  SunStar.txt
/Users/rl-14/Desktop/Celine-Thesis/all-data-reordered/all/Paglungkab sa balay sa konsehal sa davao del Sur, inside job, P50 mil natangag sa kawatan.txt
/Users/rl-14/Desktop/Celine-Thesis/all-data-reordered/all/Pagmatngon nga di masunogan: BFP 7.txt
/Users/rl-14/Desktop/Celine-Thesis/all-data-reordered/all/Pagpa drug test himuong binuwan.txt
/Users/rl-14/Desktop/Celine-Thesis/all-data-reordered/all/Pagpa tryout sa Cavs suportado ni James.txt
/Users/rl-14/Desktop/Celine-Thesis/all-data-reordered/all/Pagpa-sexy image panukaran ni Ruru.txt
/Users/rl-14/Desktop/Celine-Thesis/all-data-reordered/all/Pagpa-us-os sa silot ni Johnson wala ikahimuot ni coach Guiao.txt
/Users/rl-14/Desktop/Celine-Thesis/all-data-reordered/all/Pagpagawas sa hulagway sa saksi gisaway.txt
/Users/rl-14/Desktop/Celine-Thesis/all-data-reordered/all/Pagpagawas ug ligid sa City Engineers Office nga walay trip ticket, gipaimbestigahan!.txt
/Users/rl-14/Desktop/Celine-Thesis/all-data-reordered/all/Pagpakasal wala pa sa plano ni Christian.txt
/Users/rl-14/Desktop/Celine-Thesis/all-data-reordered/all/Pagpakigkabildo sa usa ka kalag.txt
/Users/rl-14/Desktop/Celine-Thesis/all-data-reordered/all/Pagpakonek og tubig sa MCWD mas gipasayon.txt
/Users/rl-14/Desktop/Celine-Thesis/all-data-reordered/all/Pagpakusog sa mga kababaihan, mas giprayoridad.txt
/Users/rl-14/Desktop/Celine-Thesis/all-data-reordered/all/Pagpalabay og hugaw gipahunong.txt
/Users/rl-14/Desktop/Celine-Thesis/all-data-reordered/all/Pagpalagpot ni Duterte isip presidente di molampos: Taliño.txt
/Users/rl-14/Desktop/Celine-Thesis/all-data-reordered/all/Pagpalambo sa cacao industry giduso sa "OFW Para Sa Magsasaka".txt
/Users/rl-14/Desktop/Celine-Thesis/all-data-reordered/all/Pagpalambo sa pasilidad ug mga police stations sa dakbayan, ipatuman karon nga tuig.txt
/Users/rl-14/Desktop/Celine-Thesis/all-data-reordered/all/Pagpamaligya og shabu gisuporta sa pag-eskwela.txt
/Users/rl-14/Desktop/Celine-Thesis/all-data-reordered/all/Pagpamatay sa Davao del Sur ug Davao Occidental masulbad na?.txt
/Users/rl-14/Desktop/Celine-Thesis/all-data-reordered/all/Pagpamomba sa Roxas sulbad na.txt
/Users/rl-14/Desktop/Celine-Thesis/all-data-reordered/all/Pagpamomba sa tower buot paaksyunan.txt
/Users/rl-14/Desktop/Celine-Thesis/all-data-reordered/all/Pagpamusil sa Malapatan, Sarangan, kapulisan nalisdan.txt
/Users/rl-14/Desktop/Celine-Thesis/all-data-reordered/all/Pagpamusil sa Polomolok, South Cotabato, padayong giimbestigahan.txt
/Users/rl-14/Desktop/Celine-Thesis/all-data-reordered/all/Pagpanagat hangtud 20km gikan sa baybayon, gihangyo sa konseho.txt
/Users/rl-14/Desktop/Celine-Thesis/all-data-reordered/all/pagpanday tadlas sa lumalabay.txt
/Users/rl-14/Desktop/Celine-Thesis/all-data-reordered/all/Pagpangandam sa emerhensiya.txt
/Users/rl-14/Desktop/Celine-Thesis/all-data-reordered/all/Pagpangawat og manok, pato hinungdan sa bikil.txt
/Users/rl-14/Desktop/Celine-Thesis/all-data-reordered/all/Pagpangawat og motorsiklo sapon sa CCTV.txt
/Users/rl-14/Desktop/Celine-Thesis/all-data-reordered/all/Pagpangawat sa senior citizen sapon sa CCTV  SunStar.txt
/Users/rl-14/Desktop/Celine-Thesis/all-data-reordered/all/Pagpangdagit og bata dili tinuod.txt
/Users/rl-14/Desktop/Celine-Thesis/all-data-reordered/all/Pagpangdagit og bata walay kamatuoran  SunStar.txt
/Users/rl-14/Desktop/Celine-Thesis/all-data-reordered/all/Pagpanghatag og Christmas gift nagubot .txt
/Users/rl-14/Desktop/Celine-Thesis/all-data-reordered/all/Pagpanghatag og condom sa tinun-an gisupak .txt
/Users/rl-14/Desktop/Celine-Thesis/all-data-reordered/all/Pagpangita sa bag-ong bayaning OFWs gilusad.txt
/Users/rl-14/Desktop/Celine-Thesis/all-data-reordered/all/Pagpangita sa Huwarang Pantawid Pamilya 2017 nagpadayon.txt
/Users/rl-14/Desktop/Celine-Thesis/all-data-reordered/all/Pagpanglugos nasakpan.txt
/Users/rl-14/Desktop/Celine-Thesis/all-data-reordered/all/Pagpangrakrak sa sakyanan sa ni Konsehal Buscaino, usa ka pagpanimalos?- Brgy Capt Feliciano.txt
/Users/rl-14/Desktop/Celine-Thesis/all-data-reordered/all/Pagpangrehistro sa Ironman 70.3 Asia-Pacific init pa sa hot cake.txt
/Users/rl-14/Desktop/Celine-Thesis/all-data-reordered/all/Pagpaninda og balon sa rota sa Sinulog idili .txt
/Users/rl-14/Desktop/Celine-Thesis/all-data-reordered/all/Pagpapas sa mga pagduda: Villanueva.txt
/Users/rl-14/Desktop/Celine-Thesis/all-data-reordered/all/Pagpasaka og kaso sa nag-ambush sa 4 pulis gihingpit na .txt
/Users/rl-14/Desktop/Celine-Thesis/all-data-reordered/all/Pagpasira sa dumpsite sa Umapad.txt
/Users/rl-14/Desktop/Celine-Thesis/all-data-reordered/all/Pagpasira sa Rappler, angay tan-awon sa 2 ka anggulo, sigon sa manunulat sa u sa ka national newspaper.txt
/Users/rl-14/Desktop/Celine-Thesis/all-data-reordered/all/Pagpasira sa resort nga gireklamo ni Karen Davila, dakong kawad-on sa surfing industry sa Siargao Island.txt
/Users/rl-14/Desktop/Celine-Thesis/all-data-reordered/all/Pagpatay ni Espinosa angay imbestigahon.txt
/Users/rl-14/Desktop/Celine-Thesis/all-data-reordered/all/Pagpatay sa doctor, ‘dako nga kawad-on’.txt
/Users/rl-14/Desktop/Celine-Thesis/all-data-reordered/all/Pagpatay sa hepe sa Maragusan gitawag nga pag-traydor.txt
/Users/rl-14/Desktop/Celine-Thesis/all-data-reordered/all/Pagpatay sa mag-igsuong Tsinoy, love triangle ang hinungdan?.txt
/Users/rl-14/Desktop/Celine-Thesis/all-data-reordered/all/Pagpatay sa market labor,tungod sa pagdumot sa CdeO?.txt
/Users/rl-14/Desktop/Celine-Thesis/all-data-reordered/all/Pagpatay sa menor,dawat sa pamilya sa CdeO?.txt
/Users/rl-14/Desktop/Celine-Thesis/all-data-reordered/all/Pagpatay sa supporter dili election related.txt
/Users/rl-14/Desktop/Celine-Thesis/all-data-reordered/all/Pagpatipas sa mga PUJ sa Talisay sa SRP di madayon.txt
/Users/rl-14/Desktop/Celine-Thesis/all-data-reordered/all/Pagpatukod og simbahan i-career ni Ai-Ai this year.txt
/Users/rl-14/Desktop/Celine-Thesis/all-data-reordered/all/Pagpawong sa cell phone signal di isaba: pulis.txt
/Users/rl-14/Desktop/Celine-Thesis/all-data-reordered/all/Pagporma og sayo sa Gilas 2023 gituyo alang sa saktong pagpangandam: Reyes.txt
/Users/rl-14/Desktop/Celine-Thesis/all-data-reordered/all/Pagprinta og balota gihunong.txt
/Users/rl-14/Desktop/Celine-Thesis/all-data-reordered/all/Pagpugong sa Splash Brothers ‘Silingan sa imposible’.txt
/Users/rl-14/Desktop/Celine-Thesis/all-data-reordered/all/Pagpusil patay sa incumbent councilor sa Guihulngan City Negros Oriental, posible nga NPA ang mitira-PRO-7.txt
/Users/rl-14/Desktop/Celine-Thesis/all-data-reordered/all/Pagretiro nakaduol na: Manny.txt
/Users/rl-14/Desktop/Celine-Thesis/all-data-reordered/all/Pagretiro ni Manny iyang ilangan kon....txt
/Users/rl-14/Desktop/Celine-Thesis/all-data-reordered/all/Pagretiro ni Pacquiao giampo ni Mommy D. .txt
/Users/rl-14/Desktop/Celine-Thesis/all-data-reordered/all/Pagsalig ni Bradley nga modaog nagkadako .txt
/Users/rl-14/Desktop/Celine-Thesis/all-data-reordered/all/Pagsaulog sa Fire Prevention Month, pormal nang gisugdan karong adlawa.txt
/Users/rl-14/Desktop/Celine-Thesis/all-data-reordered/all/Pagsaulog!.txt
/Users/rl-14/Desktop/Celine-Thesis/all-data-reordered/all/Pagserbisyo kamo: Palma sa kaparian.txt
/Users/rl-14/Desktop/Celine-Thesis/all-data-reordered/all/Pagsiaw sa mga bandido sulbaron.txt
/Users/rl-14/Desktop/Celine-Thesis/all-data-reordered/all/Pagsikop sa pulis, gidudahan ning syudad.txt
/Users/rl-14/Desktop/Celine-Thesis/all-data-reordered/all/Pagsira sa BSU-External Study Centers, imbestigaran.txt
/Users/rl-14/Desktop/Celine-Thesis/all-data-reordered/all/Pagsul-ob og toga gidili na .txt
/Users/rl-14/Desktop/Celine-Thesis/all-data-reordered/all/Pagsulbad sa trapiko sa syudad sa Sugbo.txt
/Users/rl-14/Desktop/Celine-Thesis/all-data-reordered/all/Pagsulbad sa trapiko unahon ni Paz.txt
/Users/rl-14/Desktop/Celine-Thesis/all-data-reordered/all/Pagsulod sa ISIS bombers sa Mindanao nga fake news sa PNP.txt
/Users/rl-14/Desktop/Celine-Thesis/all-data-reordered/all/Pagsunog sa marijuana gikasapot ni Lea.txt
/Users/rl-14/Desktop/Celine-Thesis/all-data-reordered/all/Pagsuroy ni Mayor Inday Sara Duterte-Carpio walay labot sa Senatorial election.txt
/Users/rl-14/Desktop/Celine-Thesis/all-data-reordered/all/Pagsusi og balik sa pagpatay sa mga Paderanga giduso sa pamilya.txt
/Users/rl-14/Desktop/Celine-Thesis/all-data-reordered/all/Pagsusi sa atong pagka Bisaya.txt
/Users/rl-14/Desktop/Celine-Thesis/all-data-reordered/all/Pagsusi sa ‘modernization’ gipanawagan sa transport sector.txt
/Users/rl-14/Desktop/Celine-Thesis/all-data-reordered/all/Pagtaktak sa barangay treasurer gikondenar.txt
/Users/rl-14/Desktop/Celine-Thesis/all-data-reordered/all/Pagtandi.txt
/Users/rl-14/Desktop/Celine-Thesis/all-data-reordered/all/Pagtanyag ug dakong ganti sa mapatay nga NPA, gikabalaka sa grupong PASAKA.txt
/Users/rl-14/Desktop/Celine-Thesis/all-data-reordered/all/Pagtipi ni Espinosa giplano?.txt
/Users/rl-14/Desktop/Celine-Thesis/all-data-reordered/all/Pagtiro sa Spray Plane sa Surigao Del Sur nga gikamatay sa piloto, gi-angkon sa NPA.txt
/Users/rl-14/Desktop/Celine-Thesis/all-data-reordered/all/Pagtrabaho sa mga karsada ipadali alang sa Ms. Universe .txt
/Users/rl-14/Desktop/Celine-Thesis/all-data-reordered/all/Pagtudlo sa bag-ong konsehal sa Lapu-Lapu gikwestyon sa kauban.txt
/Users/rl-14/Desktop/Celine-Thesis/all-data-reordered/all/Pagtuki sa konstitusyon,dad-on sa mga senador sa CdeO.txt
/Users/rl-14/Desktop/Celine-Thesis/all-data-reordered/all/Pagtukod og building mahal kay sa mopalit og luna: Luigi.txt
/Users/rl-14/Desktop/Celine-Thesis/all-data-reordered/all/Pagtukod og IT center sa Mandaue suportado sa konseho sa siyudad.txt
/Users/rl-14/Desktop/Celine-Thesis/all-data-reordered/all/pagtultol.txt
/Users/rl-14/Desktop/Celine-Thesis/all-data-reordered/all/Pagtuon bahin sa depresyon gisugyot nga itudlo sa mga tunghaan.txt
/Users/rl-14/Desktop/Celine-Thesis/all-data-reordered/all/Pagtuon og biseklita.txt
/Users/rl-14/Desktop/Celine-Thesis/all-data-reordered/all/Pagtuon og mobile apps libre sa TESDA-Smart pinaagi sa online course.txt
/Users/rl-14/Desktop/Celine-Thesis/all-data-reordered/all/Pagulayan sud sa semifinals.txt
/Users/rl-14/Desktop/Celine-Thesis/all-data-reordered/all/Pahayag ni Trillanes girespeto sa DCPO.txt
/Users/rl-14/Desktop/Celine-Thesis/all-data-reordered/all/Pahibalo sa Globe.txt
/Users/rl-14/Desktop/Celine-Thesis/all-data-reordered/all/Pahibaw-a ang mga barangay sa pag-ayo: Konseho.txt
/Users/rl-14/Desktop/Celine-Thesis/all-data-reordered/all/Pahimulos.txt
/Users/rl-14/Desktop/Celine-Thesis/all-data-reordered/all/Pahinungod alang ni Señor Sto. Niño.txt
/Users/rl-14/Desktop/Celine-Thesis/all-data-reordered/all/Pahugtanay og depensa.txt
/Users/rl-14/Desktop/Celine-Thesis/all-data-reordered/all/Paingon Sa Bag-ong Kalibotan.txt
/Users/rl-14/Desktop/Celine-Thesis/all-data-reordered/all/Paingon_Sa_Way_Padulngan-Kevin_Lagunda.txt
/Users/rl-14/Desktop/Celine-Thesis/all-data-reordered/all/Painters kampyon!.txt
/Users/rl-14/Desktop/Celine-Thesis/all-data-reordered/all/Painters mosuway pagsulod sa finals.txt
/Users/rl-14/Desktop/Celine-Thesis/all-data-reordered/all/Painters napakgang.txt
/Users/rl-14/Desktop/Celine-Thesis/all-data-reordered/all/Painters, Phoenix magtinaktakay  karon alang sa quaterfinal round.txt
/Users/rl-14/Desktop/Celine-Thesis/all-data-reordered/all/Painters, Texters magtiwas.txt
/Users/rl-14/Desktop/Celine-Thesis/all-data-reordered/all/Pajo nagkahiusa tungod sa sports.txt
/Users/rl-14/Desktop/Celine-Thesis/all-data-reordered/all/Pakauwaw sa mga durugista.txt
/Users/rl-14/Desktop/Celine-Thesis/all-data-reordered/all/Pakigdate ni KC, Paulo mireak!.txt
/Users/rl-14/Desktop/Celine-Thesis/all-data-reordered/all/Pakighilawas sa parehong lalake, nag-una sa HIV infection.txt
/Users/rl-14/Desktop/Celine-Thesis/all-data-reordered/all/Pakigtigi sa Davao sa Ceap nagmalampuson.txt
/Users/rl-14/Desktop/Celine-Thesis/all-data-reordered/all/Pakigtsikahan sa newest Reader's Choice Awardee sa SuperBalita.txt
/Users/rl-14/Desktop/Celine-Thesis/all-data-reordered/all/Palador napalgang patay.txt
/Users/rl-14/Desktop/Celine-Thesis/all-data-reordered/all/Palafox:’Dili na angay puy-an ang Marawi war zone’.txt
/Users/rl-14/Desktop/Celine-Thesis/all-data-reordered/all/Palaro sa Antique.txt
/Users/rl-14/Desktop/Celine-Thesis/all-data-reordered/all/Palaro ‘15 nauswag.txt
/Users/rl-14/Desktop/Celine-Thesis/all-data-reordered/all/Palasyo ni Elly Pamatong gironda; mga armas nasakmit.txt
/Users/rl-14/Desktop/Celine-Thesis/all-data-reordered/all/Palasyo sa DILG:”Sulbara ang political calamity sa Iligan City’.txt
/Users/rl-14/Desktop/Celine-Thesis/all-data-reordered/all/Palengke sa ComVal nasunog, P500k danyos.txt
/Users/rl-14/Desktop/Celine-Thesis/all-data-reordered/all/Palig-unay.txt
/Users/rl-14/Desktop/Celine-Thesis/all-data-reordered/all/Palit sa firetruck sa Brgy. Guadalupe gikwestyon sa COA.txt
/Users/rl-14/Desktop/Celine-Thesis/all-data-reordered/all/Palm Grass Hotel mopagawas og  2 ka videos sa 'Battle of Tres de Abril' sa dakbayan sa Sugbo.txt
/Users/rl-14/Desktop/Celine-Thesis/all-data-reordered/all/Palm Grass Hotel mosaulog sa 'Kilat. Kulit. Kagawasan'.txt
/Users/rl-14/Desktop/Celine-Thesis/all-data-reordered/all/Palma bahin sa milagro.txt
/Users/rl-14/Desktop/Celine-Thesis/all-data-reordered/all/Palma dunay hangyo ni Duterte sa lista.txt
/Users/rl-14/Desktop/Celine-Thesis/all-data-reordered/all/Palma miawhag sa katawhan sa pagtanom og kahoy.txt
/Users/rl-14/Desktop/Celine-Thesis/all-data-reordered/all/Palma midasig sa pag-ampo.txt
/Users/rl-14/Desktop/Celine-Thesis/all-data-reordered/all/Palma mihagit sa KBP sa pagkabalaanon.txt
/Users/rl-14/Desktop/Celine-Thesis/all-data-reordered/all/Palma mihangyo sa mga magbabalaud.txt
/Users/rl-14/Desktop/Celine-Thesis/all-data-reordered/all/Palma misira sa holy door sa Cathedral isip timaan pagtapos sa Jubilee Year of Mercy.txt
/Users/rl-14/Desktop/Celine-Thesis/all-data-reordered/all/Palma nabalaka sa epekto sa Dengvaxia sa kabataan.txt
/Users/rl-14/Desktop/Celine-Thesis/all-data-reordered/all/Palma nasubo sa pagpasar sa divorce bill .txt
/Users/rl-14/Desktop/Celine-Thesis/all-data-reordered/all/Palma wa na mahibung ni Duterte.txt
/Users/rl-14/Desktop/Celine-Thesis/all-data-reordered/all/Paltos pero OK lang gihapon.txt
/Users/rl-14/Desktop/Celine-Thesis/all-data-reordered/all/Paluoy-luoy na pud.txt
/Users/rl-14/Desktop/Celine-Thesis/all-data-reordered/all/Pamaagi sa PRC, padayong gi-reklamo sa mga aplikante.txt
/Users/rl-14/Desktop/Celine-Thesis/all-data-reordered/all/PAMANA project sa OPAPP, nagpadayon.txt
/Users/rl-14/Desktop/Celine-Thesis/all-data-reordered/all/Pamato.txt
/Users/rl-14/Desktop/Celine-Thesis/all-data-reordered/all/Pambato sa GenSan sa Bombo Music Festival, feeling celebrity sa Iloilo; na-star-struck sa mga dagkong judges.txt
/Users/rl-14/Desktop/Celine-Thesis/all-data-reordered/all/Pambato sa Pinas buot makigtagbo ni Duterte.txt
/Users/rl-14/Desktop/Celine-Thesis/all-data-reordered/all/Pamilya di mokiha sa kontraktor; drainage naa nay warning signs.txt
/Users/rl-14/Desktop/Celine-Thesis/all-data-reordered/all/Pamilya di motuo 'ukoy' nitipi sa anak.txt
/Users/rl-14/Desktop/Celine-Thesis/all-data-reordered/all/Pamilya Geocadin, malaumon gihapong makita ang nawalang anak usa ka tuig na ang nakalabay.txt
/Users/rl-14/Desktop/Celine-Thesis/all-data-reordered/all/Pamilya malipayon sa kalampu-an sa kaso sa nangulata nga magtutudlo.txt
/Users/rl-14/Desktop/Celine-Thesis/all-data-reordered/all/Pamilya nangita og hustisya sa agent nga gitipi .txt
/Users/rl-14/Desktop/Celine-Thesis/all-data-reordered/all/Pamilya nga Garay sa Bohol midaug.txt
/Users/rl-14/Desktop/Celine-Thesis/all-data-reordered/all/Pamilya ni Daniel, boto kaayo kang Erich.txt
/Users/rl-14/Desktop/Celine-Thesis/all-data-reordered/all/Pamilya ni Maxine Medina relax lang.txt
/Users/rl-14/Desktop/Celine-Thesis/all-data-reordered/all/Pamilya padayong nangayo og hustisya.txt
/Users/rl-14/Desktop/Celine-Thesis/all-data-reordered/all/Pamilya patay sa sunog.txt
/Users/rl-14/Desktop/Celine-Thesis/all-data-reordered/all/Pamilya ra ang makaduaw sa priso.txt
/Users/rl-14/Desktop/Celine-Thesis/all-data-reordered/all/Pamilya sa 2 ka bata nga namatay sa bakuna gihangyong ipa-autopsy kini.txt
/Users/rl-14/Desktop/Celine-Thesis/all-data-reordered/all/Pamilya sa Arnis instructor nga gipusil patay, hustisya ang gisinggit.txt
/Users/rl-14/Desktop/Celine-Thesis/all-data-reordered/all/Pamilya sa Davao gimasaker sa igsuon.txt
/Users/rl-14/Desktop/Celine-Thesis/all-data-reordered/all/Pamilya sa gi-hit & run nanawagan og hustisya.txt
/Users/rl-14/Desktop/Celine-Thesis/all-data-reordered/all/Pamilya sa gipasanginlang ISIS supporter mireklamo vs sundalo .txt
/Users/rl-14/Desktop/Celine-Thesis/all-data-reordered/all/Pamilya sa masuso nga gi-rape giabagan.txt
/Users/rl-14/Desktop/Celine-Thesis/all-data-reordered/all/Pamilya sa mayor nainsulto.txt
/Users/rl-14/Desktop/Celine-Thesis/all-data-reordered/all/Pamilya sa mga biktima sa sunog sa NCCC, posible nga dili na mupasaka ug kaso.txt
/Users/rl-14/Desktop/Celine-Thesis/all-data-reordered/all/Pamilya sa mga namatay sa aksidente nakurat sa panghitabo  SunStar.txt
/Users/rl-14/Desktop/Celine-Thesis/all-data-reordered/all/Pamilya sa na-missing nga lalaki mitanyag og P50 mil.txt
/Users/rl-14/Desktop/Celine-Thesis/all-data-reordered/all/Pamilya sa naligsan-patay nga crim student, pursigido pagkaso sa driver.txt
/Users/rl-14/Desktop/Celine-Thesis/all-data-reordered/all/Pamilya sa negosyante nga gipusil-patay sa GenSan, hustisya ang singgit.txt
/Users/rl-14/Desktop/Celine-Thesis/all-data-reordered/all/Pamilya sa nurse nga napatay modangop sa CHR.txt
/Users/rl-14/Desktop/Celine-Thesis/all-data-reordered/all/Pamilya sa OFW nga namatay sa Saudi nanawagan sa gobyerno .txt
/Users/rl-14/Desktop/Celine-Thesis/all-data-reordered/all/Pamilya sa SAF trooper malipayon sa mga saad ni Duterte.txt
/Users/rl-14/Desktop/Celine-Thesis/all-data-reordered/all/Pamilyang Gelay mapasalamaton.txt
/Users/rl-14/Desktop/Celine-Thesis/all-data-reordered/all/Pamilyang Joy, Motor Ace mapasigarbuhon gihapon.txt
/Users/rl-14/Desktop/Celine-Thesis/all-data-reordered/all/Pamilyang nag-rido, nagkauliay ang buot tungod sa martial law sa Mindanao.txt
/Users/rl-14/Desktop/Celine-Thesis/all-data-reordered/all/Pamilyang Ouano wa gikonsulta sa kausaban sa fluvial? .txt
/Users/rl-14/Desktop/Celine-Thesis/all-data-reordered/all/Pamilyang Rotoras,may hagit sa USTP contractor.txt
/Users/rl-14/Desktop/Celine-Thesis/all-data-reordered/all/Pamilyang Rotoras,nalipay sa signature campaign sa USTP.txt
/Users/rl-14/Desktop/Celine-Thesis/all-data-reordered/all/Pamilyang Ungab wala na ashi pa ang patutsada ni Chief Inspector Espenido.txt
/Users/rl-14/Desktop/Celine-Thesis/all-data-reordered/all/Pampa-init nga hulagway ni Kim gipiyestahan.txt
/Users/rl-14/Desktop/Celine-Thesis/all-data-reordered/all/Panag-uban nila Curry, Durant magdugay.txt
/Users/rl-14/Desktop/Celine-Thesis/all-data-reordered/all/Panaghiusa Festival sa SM City Trade Hall .txt
/Users/rl-14/Desktop/Celine-Thesis/all-data-reordered/all/Panaghiusa sa konseho kwestiyonable .txt
/Users/rl-14/Desktop/Celine-Thesis/all-data-reordered/all/Panagkita ni Curry, Pacquiao wa madayon.txt
/Users/rl-14/Desktop/Celine-Thesis/all-data-reordered/all/Panagna sa Year of the Rooster.txt
/Users/rl-14/Desktop/Celine-Thesis/all-data-reordered/all/Panagribal nila James, Curry sa NBA gilaumang molanat og dugay.txt
/Users/rl-14/Desktop/Celine-Thesis/all-data-reordered/all/Panagribal sa Purefoods, Ginebra nabanhaw.txt
/Users/rl-14/Desktop/Celine-Thesis/all-data-reordered/all/Panagsabot sa ABS-CBN, ABL hapit na ma-finalize: tinubdan .txt
/Users/rl-14/Desktop/Celine-Thesis/all-data-reordered/all/Panagsabot sa kaso nga libelo gitugyan ni Gullas sa abogado.txt
/Users/rl-14/Desktop/Celine-Thesis/all-data-reordered/all/Panagsangka sa firetruck christmas decoration ipahigayon.txt
/Users/rl-14/Desktop/Celine-Thesis/all-data-reordered/all/Panagtabla buk-on.txt
/Users/rl-14/Desktop/Celine-Thesis/all-data-reordered/all/Panagtabla sa Warriors, Thunder masi-ak karon.txt
/Users/rl-14/Desktop/Celine-Thesis/all-data-reordered/all/Panagtabla siakon sa TnT, RoS.txt
/Users/rl-14/Desktop/Celine-Thesis/all-data-reordered/all/Panagtagbo Festival ibalik ning tuiga sa Mandaue.txt
/Users/rl-14/Desktop/Celine-Thesis/all-data-reordered/all/Panagtapok sa MFSM.txt
/Users/rl-14/Desktop/Celine-Thesis/all-data-reordered/all/Panagtigom sa research network.txt
/Users/rl-14/Desktop/Celine-Thesis/all-data-reordered/all/Panahon pa ni Elvis Presley.txt
/Users/rl-14/Desktop/Celine-Thesis/all-data-reordered/all/Panakop sa Tañon Strait gikasagmuyo.txt
/Users/rl-14/Desktop/Celine-Thesis/all-data-reordered/all/Panalipdan nato ang dagat: Chatto.txt
/Users/rl-14/Desktop/Celine-Thesis/all-data-reordered/all/Panamilit misikit sa Warriors.txt
/Users/rl-14/Desktop/Celine-Thesis/all-data-reordered/all/Panamilit.txt
/Users/rl-14/Desktop/Celine-Thesis/all-data-reordered/all/Panawagan alang sa Earth Day sa Sugbo.txt
/Users/rl-14/Desktop/Celine-Thesis/all-data-reordered/all/Panawagan ni Guardo.txt
/Users/rl-14/Desktop/Celine-Thesis/all-data-reordered/all/Panawagan sa kabanay.txt
/Users/rl-14/Desktop/Celine-Thesis/all-data-reordered/all/Panawagan sa kalinaw.txt
/Users/rl-14/Desktop/Celine-Thesis/all-data-reordered/all/Panawagan sa konsehal sa Brgy.  Basak, Mandaue.txt
/Users/rl-14/Desktop/Celine-Thesis/all-data-reordered/all/Panawagan sa trabaho.txt
/Users/rl-14/Desktop/Celine-Thesis/all-data-reordered/all/Pang-Gilas.txt
/Users/rl-14/Desktop/Celine-Thesis/all-data-reordered/all/Pang-uma ug Halal tourism mas pakusgan sa DOT.txt
/Users/rl-14/Desktop/Celine-Thesis/all-data-reordered/all/Pangandam sa trapik sa Lunes: Ouano.txt
/Users/rl-14/Desktop/Celine-Thesis/all-data-reordered/all/Pangandoy nakab-ot na.txt
/Users/rl-14/Desktop/Celine-Thesis/all-data-reordered/all/Pangandoy natuman.txt
/Users/rl-14/Desktop/Celine-Thesis/all-data-reordered/all/Pangayaw ilusad sa mga lumad batok NPA nga mipatay sa mag-amahang Mampaunag.txt
/Users/rl-14/Desktop/Celine-Thesis/all-data-reordered/all/Pangayaw sa mga Lumad batok NPA pugngan sa kasundaluhan.txt
/Users/rl-14/Desktop/Celine-Thesis/all-data-reordered/all/Panginabuhi sa lapida  SunStar.txt
/Users/rl-14/Desktop/Celine-Thesis/all-data-reordered/all/Panginahanglan sa tubig taas, supply kuwang.txt
/Users/rl-14/Desktop/Celine-Thesis/all-data-reordered/all/Pangisda ug teknolohiya.txt
/Users/rl-14/Desktop/Celine-Thesis/all-data-reordered/all/Pangulong Duterte pangunahan ang inagurasyon sa bag-ong crime lab bldg & turn over sa 26 ka bag-ong patrol cars.txt
/Users/rl-14/Desktop/Celine-Thesis/all-data-reordered/all/Pangulong Duterte, misuroy sa mga barangay ug nanghatag ug pahalipay.txt
/Users/rl-14/Desktop/Celine-Thesis/all-data-reordered/all/Pangulong Duterte, mugahin ug P30M matag bulan alang sa Community Assistance Program.txt
/Users/rl-14/Desktop/Celine-Thesis/all-data-reordered/all/Pangulong Duterte, nagpahimangno sa kasundalohan batok NPA.txt
/Users/rl-14/Desktop/Celine-Thesis/all-data-reordered/all/Pangulong Duterte, posibleng masilutan sa ICC, sigon ni Rep. Antonio Tinio.txt
/Users/rl-14/Desktop/Celine-Thesis/all-data-reordered/all/Pangulong Duterte, subling nanganti nga pulbuson ang mga NPA.txt
/Users/rl-14/Desktop/Celine-Thesis/all-data-reordered/all/Pangulong Rodrigo Duterte, midu-aw sa lubnganan sa iyang inahan.txt
/Users/rl-14/Desktop/Celine-Thesis/all-data-reordered/all/Panigarilyo sa publikong lugar idili.txt
/Users/rl-14/Desktop/Celine-Thesis/all-data-reordered/all/Paningkamot sa usa ka inahan.txt
/Users/rl-14/Desktop/Celine-Thesis/all-data-reordered/all/Panlilio bag-ong SBP Pres.txt
/Users/rl-14/Desktop/Celine-Thesis/all-data-reordered/all/Pantawid Pamilya miabli og opurtunidad sa Arnaiz family.txt
/Users/rl-14/Desktop/Celine-Thesis/all-data-reordered/all/Panumpa.txt
/Users/rl-14/Desktop/Celine-Thesis/all-data-reordered/all/Paolo balik na sa Eat Bulaga.txt
/Users/rl-14/Desktop/Celine-Thesis/all-data-reordered/all/Paolo Duterte gitawag 'ugok' si Trillanes .txt
/Users/rl-14/Desktop/Celine-Thesis/all-data-reordered/all/Paolo ug Yam sa Amnesia Love.txt
/Users/rl-14/Desktop/Celine-Thesis/all-data-reordered/all/Paolo uyon sa drug test sa artista.txt
/Users/rl-14/Desktop/Celine-Thesis/all-data-reordered/all/Papa gitipi sa anak.txt
/Users/rl-14/Desktop/Celine-Thesis/all-data-reordered/all/Papa milaban sa anak nga gi-buy bust, napatay.txt
/Users/rl-14/Desktop/Celine-Thesis/all-data-reordered/all/Papa, anak gipusil.txt
/Users/rl-14/Desktop/Celine-Thesis/all-data-reordered/all/Papa, anak patay sa bangga.txt
/Users/rl-14/Desktop/Celine-Thesis/all-data-reordered/all/Papal Nuncio mibisita sa Bohol.txt
/Users/rl-14/Desktop/Celine-Thesis/all-data-reordered/all/Papal Nuncio, gipangunahan ang misa sa newly restored Baclayon Church sa Bohol.txt
/Users/rl-14/Desktop/Celine-Thesis/all-data-reordered/all/Papal Nuncio,representante sa Santo Papa, naa sa Cebu para sa Sinulog 2018.txt
/Users/rl-14/Desktop/Celine-Thesis/all-data-reordered/all/Paparazzi nakatilaw sa kinumo ni Kendall?.txt
/Users/rl-14/Desktop/Celine-Thesis/all-data-reordered/all/Papeles sa NCCC Mall nangabasa; Imbestigasyon wa pay resulta  .txt
/Users/rl-14/Desktop/Celine-Thesis/all-data-reordered/all/Paperless session ipatuman na sa city council sa dakbayan sa Dabaw.txt
/Users/rl-14/Desktop/Celine-Thesis/all-data-reordered/all/Paras moduwa sa UCLA.txt
/Users/rl-14/Desktop/Celine-Thesis/all-data-reordered/all/Pardo police mosusi sa sulti sa igsuon ni Lapatha sa baboy.txt
/Users/rl-14/Desktop/Celine-Thesis/all-data-reordered/all/Pari gipasaka-an ug kaso human nga nakatulog sa bus.txt
/Users/rl-14/Desktop/Celine-Thesis/all-data-reordered/all/Pari kuyog sa tokhang.txt
/Users/rl-14/Desktop/Celine-Thesis/all-data-reordered/all/Pari nakalas sa bangga.txt
/Users/rl-14/Desktop/Celine-Thesis/all-data-reordered/all/Pari nanawagan nga sundon  ang buhat ni Sta. Rita .txt
/Users/rl-14/Desktop/Celine-Thesis/all-data-reordered/all/Pari napaso sa disgrasya.txt
/Users/rl-14/Desktop/Celine-Thesis/all-data-reordered/all/Pari patay sa atake sa kasing-kasing.txt
/Users/rl-14/Desktop/Celine-Thesis/all-data-reordered/all/Pari, galaum nga mahimong less bloody ang pagbalik sa Oplan Tokhang.txt
/Users/rl-14/Desktop/Celine-Thesis/all-data-reordered/all/Pari:”Walay politika sa pagbalhin sa rota sa Nazareno traslacion”.txt
/Users/rl-14/Desktop/Celine-Thesis/all-data-reordered/all/Parker bilib nila Romeo, Castro.txt
/Users/rl-14/Desktop/Celine-Thesis/all-data-reordered/all/Parker dili katuo sa abiba sa Pinoy fans.txt
/Users/rl-14/Desktop/Celine-Thesis/all-data-reordered/all/Parker molahutay pa’g 5 ka mga tuig una moretiro sa NBA.txt
/Users/rl-14/Desktop/Celine-Thesis/all-data-reordered/all/Parker pormal nga mibutyag nga moduwa siya sa OQT Manila leg .txt
/Users/rl-14/Desktop/Celine-Thesis/all-data-reordered/all/Parker posibleng mahimo nga RP `public enemy number 1’.txt
/Users/rl-14/Desktop/Celine-Thesis/all-data-reordered/all/Parker, France nangabot na.txt
/Users/rl-14/Desktop/Celine-Thesis/all-data-reordered/all/Parker, France sayong miabot sa Pilipinas.txt
/Users/rl-14/Desktop/Celine-Thesis/all-data-reordered/all/Parking fee 'gipahimudsan'.txt
/Users/rl-14/Desktop/Celine-Thesis/all-data-reordered/all/Parks di moapil sa PBA drafting.txt
/Users/rl-14/Desktop/Celine-Thesis/all-data-reordered/all/Parks dili pa gyud ka desider.txt
/Users/rl-14/Desktop/Celine-Thesis/all-data-reordered/all/Parks gidasig sa NBA players.txt
/Users/rl-14/Desktop/Celine-Thesis/all-data-reordered/all/Parks hinay-hinayng mibida sa Mavs.txt
/Users/rl-14/Desktop/Celine-Thesis/all-data-reordered/all/Parks makasud sa NBA: Japeth .txt
/Users/rl-14/Desktop/Celine-Thesis/all-data-reordered/all/Parks miapil sa Utah pre-draft workout.txt
/Users/rl-14/Desktop/Celine-Thesis/all-data-reordered/all/Parks mipugnit sa iyang unang puntos.txt
/Users/rl-14/Desktop/Celine-Thesis/all-data-reordered/all/Parks mituboy sa Alab RP batok Kaohsiung .txt
/Users/rl-14/Desktop/Celine-Thesis/all-data-reordered/all/Parks naapil sa Brooklyn Nets workout .txt
/Users/rl-14/Desktop/Celine-Thesis/all-data-reordered/all/Parks nasubhan og ngil-ad nga duwa.txt
/Users/rl-14/Desktop/Celine-Thesis/all-data-reordered/all/Parks padayong maghuwat.txt
/Users/rl-14/Desktop/Celine-Thesis/all-data-reordered/all/Parks padayong manimpad sa NBA.txt
/Users/rl-14/Desktop/Celine-Thesis/all-data-reordered/all/Parks sa NBA D-League.txt
/Users/rl-14/Desktop/Celine-Thesis/all-data-reordered/all/Parks wa ma-discourage.txt
/Users/rl-14/Desktop/Celine-Thesis/all-data-reordered/all/Parks wa makuha sa drafting apan giimbita sa Mavericks.txt
/Users/rl-14/Desktop/Celine-Thesis/all-data-reordered/all/Parol sa mga priso.txt
/Users/rl-14/Desktop/Celine-Thesis/all-data-reordered/all/Paroladong piniriso, sikop sa pagsulay lugos sa babaye sa Misamis Oriental.txt
/Users/rl-14/Desktop/Celine-Thesis/all-data-reordered/all/Parricide atubangon sa bana nga nakapatay sa asawa.txt
/Users/rl-14/Desktop/Celine-Thesis/all-data-reordered/all/Party drugs bantayan sa PDEA, PNP.txt
/Users/rl-14/Desktop/Celine-Thesis/all-data-reordered/all/Pasahero milayat sa barko.txt
/Users/rl-14/Desktop/Celine-Thesis/all-data-reordered/all/Pasahero namatay sulod sa lantsa.txt
/Users/rl-14/Desktop/Celine-Thesis/all-data-reordered/all/Pasahero patay sa pag-atake sa sakit sa MisOr.txt
/Users/rl-14/Desktop/Celine-Thesis/all-data-reordered/all/Pasahero patay sulod sa bus sa Oro.txt
/Users/rl-14/Desktop/Celine-Thesis/all-data-reordered/all/Pasalamat sa kabataan: ‘Show and Tell’.txt
/Users/rl-14/Desktop/Celine-Thesis/all-data-reordered/all/Pasangil nga militar nagpatay sa lider sa militante gikondena.txt
/Users/rl-14/Desktop/Celine-Thesis/all-data-reordered/all/Pasidaan sa trapik sa Lapu.txt
/Users/rl-14/Desktop/Celine-Thesis/all-data-reordered/all/Pasko malinawon, 4 nabuthan sa pabuto.txt
/Users/rl-14/Desktop/Celine-Thesis/all-data-reordered/all/Pasko na sa Carbon Market Complex.txt
/Users/rl-14/Desktop/Celine-Thesis/all-data-reordered/all/Pasko sa Kabataan sa Veco sa ‘Lacion.txt
/Users/rl-14/Desktop/Celine-Thesis/all-data-reordered/all/Paspas nga proseso sa housing project.txt
/Users/rl-14/Desktop/Celine-Thesis/all-data-reordered/all/Passenger Insurance benefits pausbawan.txt
/Users/rl-14/Desktop/Celine-Thesis/all-data-reordered/all/Passenger Vessel ug Cargo Vessel nagbangga sa Lawis Ledge, mga pasahero luwas apan passenger vessel naguba.txt
/Users/rl-14/Desktop/Celine-Thesis/all-data-reordered/all/Pastor ‘misukol’ patay.txt
/Users/rl-14/Desktop/Celine-Thesis/all-data-reordered/all/Pasyente naghikog-patay sulod sa Dr. Jorge P Royeca Hospital.txt
/Users/rl-14/Desktop/Celine-Thesis/all-data-reordered/all/Pasyente nagpabilin nga gi-isolate .txt
/Users/rl-14/Desktop/Celine-Thesis/all-data-reordered/all/Pasyenteng gituohang dunay Mers-Cov ‘wa namatay’ .txt
/Users/rl-14/Desktop/Celine-Thesis/all-data-reordered/all/Patafa nagplano mo-boycott.txt
/Users/rl-14/Desktop/Celine-Thesis/all-data-reordered/all/PATAFA, Tabal maghugpong ugma.txt
/Users/rl-14/Desktop/Celine-Thesis/all-data-reordered/all/Patas nga pagtagad sa mga kababainhan sa tanang higayun dili lang sa Womens Month- GenSan Councilor.txt
/Users/rl-14/Desktop/Celine-Thesis/all-data-reordered/all/Patay gihimong raket, 2 tiklo .txt
/Users/rl-14/Desktop/Celine-Thesis/all-data-reordered/all/Patay na ayha gi-regular.txt
/Users/rl-14/Desktop/Celine-Thesis/all-data-reordered/all/Patay napalgan sa ilawom sa tulay  .txt
/Users/rl-14/Desktop/Celine-Thesis/all-data-reordered/all/Patay nga gilabay naila na.txt
/Users/rl-14/Desktop/Celine-Thesis/all-data-reordered/all/Patay nga lawas nakarga apil sa mga graba.txt
/Users/rl-14/Desktop/Celine-Thesis/all-data-reordered/all/Patay nga lawas napalga'ng naglutaw.txt
/Users/rl-14/Desktop/Celine-Thesis/all-data-reordered/all/Patay sa bagyong Basyang sa Caraga Region, nadugangan og upat samtang laing 5 usab nadugang sa missing.txt
/Users/rl-14/Desktop/Celine-Thesis/all-data-reordered/all/Patay sa bangga.txt
/Users/rl-14/Desktop/Celine-Thesis/all-data-reordered/all/Patay'ng lawas gihabwa sa pantyon, gihuboan  .txt
/Users/rl-14/Desktop/Celine-Thesis/all-data-reordered/all/Patay'ng lawas napalgang naglutaw sa Bulua.txt
/Users/rl-14/Desktop/Celine-Thesis/all-data-reordered/all/Patay'ng lawas sa Qatar OFW niabot na sa Jasaan.txt
/Users/rl-14/Desktop/Celine-Thesis/all-data-reordered/all/Patayng lawas ni Atty. Ungab, gidala na sa Ronda; mga residente nahimong emosyunal.txt
/Users/rl-14/Desktop/Celine-Thesis/all-data-reordered/all/Patayng lawas sa babaye napalgang naglutaw.txt
/Users/rl-14/Desktop/Celine-Thesis/all-data-reordered/all/Patay’ng lawas naglutaw sa dagat.txt
/Users/rl-14/Desktop/Celine-Thesis/all-data-reordered/all/Patay’ng lawas napalgan sa kasagbutan .txt
/Users/rl-14/Desktop/Celine-Thesis/all-data-reordered/all/Patay’ng lawas napalgan sa lawod.txt
/Users/rl-14/Desktop/Celine-Thesis/all-data-reordered/all/Patay’ng lawas,nakit-an sa MisOr-Camiguin sea waters.txt
/Users/rl-14/Desktop/Celine-Thesis/all-data-reordered/all/Paterno, Green Eagles sa semis na.txt
/Users/rl-14/Desktop/Celine-Thesis/all-data-reordered/all/Paterno, SunStar mag-agbat karon .txt
/Users/rl-14/Desktop/Celine-Thesis/all-data-reordered/all/Patong sa ‘police killer' P100T na.txt
/Users/rl-14/Desktop/Celine-Thesis/all-data-reordered/all/Patricia Tumulak di feel magboy-friend! .txt
/Users/rl-14/Desktop/Celine-Thesis/all-data-reordered/all/Patukod og power plant sa Ludo tuki-on og balik sa konseho.txt
/Users/rl-14/Desktop/Celine-Thesis/all-data-reordered/all/Paul George init nga gidawat sa OKC.txt
/Users/rl-14/Desktop/Celine-Thesis/all-data-reordered/all/Paul Lee gipaubos sa PRP.txt
/Users/rl-14/Desktop/Celine-Thesis/all-data-reordered/all/Paul Lee nagmahay.txt
/Users/rl-14/Desktop/Celine-Thesis/all-data-reordered/all/Paul nagpanikad isip sakop sa LAC.txt
/Users/rl-14/Desktop/Celine-Thesis/all-data-reordered/all/Pauleen No.2 na sa priorities ni Vic.txt
/Users/rl-14/Desktop/Celine-Thesis/all-data-reordered/all/Paulo willing mag-sorry kang Joey.txt
/Users/rl-14/Desktop/Celine-Thesis/all-data-reordered/all/Pawnshop gilungkab; P271,488 ang nadala.txt
/Users/rl-14/Desktop/Celine-Thesis/all-data-reordered/all/Payag natumbahan sa lubi pag-igo ni Basyang; 1 patay.txt
/Users/rl-14/Desktop/Celine-Thesis/all-data-reordered/all/Payao modepensa sa WBC Youth title.txt
/Users/rl-14/Desktop/Celine-Thesis/all-data-reordered/all/Payoneer Forum Cebu ipahigayon alang sa mga SME & BPO professionals.txt
/Users/rl-14/Desktop/Celine-Thesis/all-data-reordered/all/Paypa vs. Concepcion sa WBO Oriental title.txt
/Users/rl-14/Desktop/Celine-Thesis/all-data-reordered/all/Paz midepensa sa kapulisan.txt
/Users/rl-14/Desktop/Celine-Thesis/all-data-reordered/all/Paz nagpasalamat kang Digong.txt
/Users/rl-14/Desktop/Celine-Thesis/all-data-reordered/all/Paz supak sa same-sex marriage.txt
/Users/rl-14/Desktop/Celine-Thesis/all-data-reordered/all/Paz, konseho wa manumpa sa PDP-Laban.txt
/Users/rl-14/Desktop/Celine-Thesis/all-data-reordered/all/Paz, PRO 7 mihimakak sa taho sa CFR.txt
/Users/rl-14/Desktop/Celine-Thesis/all-data-reordered/all/PB Boniel negatibo sa powder burns.txt
/Users/rl-14/Desktop/Celine-Thesis/all-data-reordered/all/PB Member Boniel ibalhin sa Bohol; US gihangyo motabang.txt
/Users/rl-14/Desktop/Celine-Thesis/all-data-reordered/all/PB member naa pa sa kapulisan; laing kaso ipasaka.txt
/Users/rl-14/Desktop/Celine-Thesis/all-data-reordered/all/PB miawhag sa DPWH sa warning devices; hayan PB mopatawag kanila.txt
/Users/rl-14/Desktop/Celine-Thesis/all-data-reordered/all/PBA aduna na’y opisyal nga app.txt
/Users/rl-14/Desktop/Celine-Thesis/all-data-reordered/all/PBA All-Star voting sugdan na karong semanaha.txt
/Users/rl-14/Desktop/Celine-Thesis/all-data-reordered/all/PBA board hugot mosuporta sa Gilas.txt
/Users/rl-14/Desktop/Celine-Thesis/all-data-reordered/all/PBA commissioner wa pa'y desisyon.txt
/Users/rl-14/Desktop/Celine-Thesis/all-data-reordered/all/PBA finals na.txt
/Users/rl-14/Desktop/Celine-Thesis/all-data-reordered/all/PBA Finals sugdan.txt
/Users/rl-14/Desktop/Celine-Thesis/all-data-reordered/all/PBA Governor’s Cup sugdan na.txt
/Users/rl-14/Desktop/Celine-Thesis/all-data-reordered/all/PBA mipasabot kon nganong dili ma-disqualify si Standhardinger.txt
/Users/rl-14/Desktop/Celine-Thesis/all-data-reordered/all/PBA misanong sa hangyo ni Yap, Elasto Painters .txt
/Users/rl-14/Desktop/Celine-Thesis/all-data-reordered/all/PBA nanawat na’g aplikante .txt
/Users/rl-14/Desktop/Celine-Thesis/all-data-reordered/all/PBA opening nauswag  gumikan ni ‘Lando’.txt
/Users/rl-14/Desktop/Celine-Thesis/all-data-reordered/all/PBA Phil. Cup Q-finals sugdan na.txt
/Users/rl-14/Desktop/Celine-Thesis/all-data-reordered/all/PBA player namatay atol sa ilang practice.txt
/Users/rl-14/Desktop/Celine-Thesis/all-data-reordered/all/PBA players molangkob sa Landmasters: Tan.txt
/Users/rl-14/Desktop/Celine-Thesis/all-data-reordered/all/PBA players union hain na?.txt
/Users/rl-14/Desktop/Celine-Thesis/all-data-reordered/all/PBA players,magpakitang gilas sa CdeO.txt
/Users/rl-14/Desktop/Celine-Thesis/all-data-reordered/all/PBA semis sugdan.txt
/Users/rl-14/Desktop/Celine-Thesis/all-data-reordered/all/PBA team owners naalarma.txt
/Users/rl-14/Desktop/Celine-Thesis/all-data-reordered/all/PBA union angay ibalik.txt
/Users/rl-14/Desktop/Celine-Thesis/all-data-reordered/all/PBA: gubot pa sa lukot.txt
/Users/rl-14/Desktop/Celine-Thesis/all-data-reordered/all/PBA: SMB vs. TNT.txt
/Users/rl-14/Desktop/Celine-Thesis/all-data-reordered/all/PBB may bag-ong twist.txt
/Users/rl-14/Desktop/Celine-Thesis/all-data-reordered/all/PCC Maramag nakalingkawas batok XU.txt
/Users/rl-14/Desktop/Celine-Thesis/all-data-reordered/all/PCCL Mindanao finals karon sa Davao  SunStar.txt
/Users/rl-14/Desktop/Celine-Thesis/all-data-reordered/all/PCCL Mindanao finals karon sa Davao.txt
/Users/rl-14/Desktop/Celine-Thesis/all-data-reordered/all/PCG members nga miabag sa AFP-PNP pursuit vs Maute-ISIS group,promoted.txt
/Users/rl-14/Desktop/Celine-Thesis/all-data-reordered/all/PCGG mibisita ug midayeg sa MisOr.txt
/Users/rl-14/Desktop/Celine-Thesis/all-data-reordered/all/PCL mikondenar sa pagpatay ni Alicaway.txt
/Users/rl-14/Desktop/Celine-Thesis/all-data-reordered/all/PCSO sa intensified anti-gambling operations:”Salamat PNP”.txt
/Users/rl-14/Desktop/Celine-Thesis/all-data-reordered/all/PCUP representative sa Talisay pahulip na.txt
/Users/rl-14/Desktop/Celine-Thesis/all-data-reordered/all/PDEA 12 gi-inspeksyon ang airports ug pantalan kuyog sa K9 dogs.txt
/Users/rl-14/Desktop/Celine-Thesis/all-data-reordered/all/PDEA andam sa tahas.txt
/Users/rl-14/Desktop/Celine-Thesis/all-data-reordered/all/PDEA giakusahang `nagpalabi, nangawat'.txt
/Users/rl-14/Desktop/Celine-Thesis/all-data-reordered/all/PDEA nagpaklaro sa mga listahan sa gipang-Tokhang.txt
/Users/rl-14/Desktop/Celine-Thesis/all-data-reordered/all/PDEA suportado ang Tokhangers.txt
/Users/rl-14/Desktop/Celine-Thesis/all-data-reordered/all/PDEA XI, ginabantayan ang pagsulod sa mga ‘party drugs’ sa rehiyon.txt
/Users/rl-14/Desktop/Celine-Thesis/all-data-reordered/all/PDEA, pulis 'diriyot mag-engkuwentro' sa Tres de Abril.txt
/Users/rl-14/Desktop/Celine-Thesis/all-data-reordered/all/PDEA,ipakusog ang brgy anti-drug ops sa NorMin.txt
/Users/rl-14/Desktop/Celine-Thesis/all-data-reordered/all/PDEA-10 sa narco-politicians:”Surrender o pagka-priso”.txt
/Users/rl-14/Desktop/Celine-Thesis/all-data-reordered/all/PDEA-10, modakop pa sa daghang govt officials nga nagsilbing drug personalities.txt
/Users/rl-14/Desktop/Celine-Thesis/all-data-reordered/all/PDEA-10,mokuyog na sa Oplan Tokhang sa PNP-10.txt
/Users/rl-14/Desktop/Celine-Thesis/all-data-reordered/all/PDEA-10:”Mga kliyente sa abogado sa shabu trade,nailhan na”.txt
/Users/rl-14/Desktop/Celine-Thesis/all-data-reordered/all/PDEA-Northern Mindanao dunay bag-ong director .txt
/Users/rl-14/Desktop/Celine-Thesis/all-data-reordered/all/PDEA: Walay rehab center alang sa mga misurender.txt
/Users/rl-14/Desktop/Celine-Thesis/all-data-reordered/all/PDP-Laban party,nagka-faction.txt
/Users/rl-14/Desktop/Celine-Thesis/all-data-reordered/all/PDP-Laban wa matarog sa Hugpong.txt
/Users/rl-14/Desktop/Celine-Thesis/all-data-reordered/all/PDP-Laban,wa’y opisyal nga guv candidate sa MisOr.txt
/Users/rl-14/Desktop/Celine-Thesis/all-data-reordered/all/PDRRMO magtukod og 6 ka evacuation centers sa lalawigan sa Sugbo: Montaño.txt
/Users/rl-14/Desktop/Celine-Thesis/all-data-reordered/all/Peace na sila.txt
/Users/rl-14/Desktop/Celine-Thesis/all-data-reordered/all/Pearl Ungab , nasagmuyo sa mga tawo nga inay mutabangn, nag sige lang ug picture ug kuha ug video.txt
/Users/rl-14/Desktop/Celine-Thesis/all-data-reordered/all/Pederasyon sa Muslim groups tukuron sa Sugbo.txt
/Users/rl-14/Desktop/Celine-Thesis/all-data-reordered/all/Pekaf gisugdan.txt
/Users/rl-14/Desktop/Celine-Thesis/all-data-reordered/all/Peke nga agent napatay sa buy bust.txt
/Users/rl-14/Desktop/Celine-Thesis/all-data-reordered/all/Pekeng beauty products nasakmit.txt
/Users/rl-14/Desktop/Celine-Thesis/all-data-reordered/all/Pekeng ID sa pulis nakuha.txt
/Users/rl-14/Desktop/Celine-Thesis/all-data-reordered/all/Pekeng lisensya sakpan; gikan sa Cebu City?.txt
/Users/rl-14/Desktop/Celine-Thesis/all-data-reordered/all/Pekeng ‘yosi’ midaghan.txt
/Users/rl-14/Desktop/Celine-Thesis/all-data-reordered/all/Pelicans miilog sa no.8.txt
/Users/rl-14/Desktop/Celine-Thesis/all-data-reordered/all/Pelikula nga 'Beauty and the Beast' masaksihan pinaagi sa  Globe At Home.txt
/Users/rl-14/Desktop/Celine-Thesis/all-data-reordered/all/Pelikula ni Vic Sotto ug Vice Ganda mag-agbat gihapon!.txt
/Users/rl-14/Desktop/Celine-Thesis/all-data-reordered/all/Penelope Look-Alike.txt
/Users/rl-14/Desktop/Celine-Thesis/all-data-reordered/all/Penro giakusahang nangilkil.txt
/Users/rl-14/Desktop/Celine-Thesis/all-data-reordered/all/Peñalosa, Beristain: Manny mao gihapon ang modaog.txt
/Users/rl-14/Desktop/Celine-Thesis/all-data-reordered/all/Pepang cemetery himuon nga `semi-park’ ni Osmeña.txt
/Users/rl-14/Desktop/Celine-Thesis/all-data-reordered/all/Pepeng Kulot, obra sa Dabawenyong filmmaker.txt
/Users/rl-14/Desktop/Celine-Thesis/all-data-reordered/all/Peping gihagit ni Mon.txt
/Users/rl-14/Desktop/Celine-Thesis/all-data-reordered/all/Peping o Ricky?.txt
/Users/rl-14/Desktop/Celine-Thesis/all-data-reordered/all/Perandos: Paglaum ug pagsalig.txt
/Users/rl-14/Desktop/Celine-Thesis/all-data-reordered/all/Perandos: Viva! Pit Senyor!.txt
/Users/rl-14/Desktop/Celine-Thesis/all-data-reordered/all/Performance sa mga opisyal i-monitor sa DILG.txt
/Users/rl-14/Desktop/Celine-Thesis/all-data-reordered/all/Perlas Pilipinas gusto mobawos sa Indonesia sa women's basketball.txt
/Users/rl-14/Desktop/Celine-Thesis/all-data-reordered/all/Perlas Pilipinas vs. Singapore.txt
/Users/rl-14/Desktop/Celine-Thesis/all-data-reordered/all/Permanenteng 'inspection stations' imuntar sa Davao .txt
/Users/rl-14/Desktop/Celine-Thesis/all-data-reordered/all/Permit pagputol sa 5 ka kahoy kinahanglan.txt
/Users/rl-14/Desktop/Celine-Thesis/all-data-reordered/all/Permit sa mga establisemento gipugngan  .txt
/Users/rl-14/Desktop/Celine-Thesis/all-data-reordered/all/Permits sa 3 ka banko tan-awon ni Osmeña.txt
/Users/rl-14/Desktop/Celine-Thesis/all-data-reordered/all/Perpetual trophy nagdala og dakong bunos: Santos.txt
/Users/rl-14/Desktop/Celine-Thesis/all-data-reordered/all/Person of interest sa Bukidnon ambush, naka-kustodiya na sa PNP.txt
/Users/rl-14/Desktop/Celine-Thesis/all-data-reordered/all/Persona non grata gibakwi .txt
/Users/rl-14/Desktop/Celine-Thesis/all-data-reordered/all/Personal kong paghimamat kang Pacquiao (kataposang parti) .txt
/Users/rl-14/Desktop/Celine-Thesis/all-data-reordered/all/Persons of interest  si Joselito Melloria.txt
/Users/rl-14/Desktop/Celine-Thesis/all-data-reordered/all/Persons of interest sa kasong lugos ug pagpatay sa Digos City gibuhi-an na.txt
/Users/rl-14/Desktop/Celine-Thesis/all-data-reordered/all/Pescos, Abella nanghawod sa 7-Eleven run; Tabal daog sab.txt
/Users/rl-14/Desktop/Celine-Thesis/all-data-reordered/all/Pestaño: Babayeng tiguwang naka world record sa chess.txt
/Users/rl-14/Desktop/Celine-Thesis/all-data-reordered/all/Pestaño: Chess coach nanghinol og bata.txt
/Users/rl-14/Desktop/Celine-Thesis/all-data-reordered/all/Pestaño: Daghang nadawat nga kuwarta kining bayhana.txt
/Users/rl-14/Desktop/Celine-Thesis/all-data-reordered/all/Pestaño: Homeless tramp nabuhi sa chess.txt
/Users/rl-14/Desktop/Celine-Thesis/all-data-reordered/all/Pestaño: Iro miyembro sa chess team.txt
/Users/rl-14/Desktop/Celine-Thesis/all-data-reordered/all/Pestaño: Mangatawa sa ta karon.txt
/Users/rl-14/Desktop/Celine-Thesis/all-data-reordered/all/Pestaño: Mga chessplayers nga gusto ug sinumbagay.txt
/Users/rl-14/Desktop/Celine-Thesis/all-data-reordered/all/Pestaño: Mga grandmasters nga naay doctorate degree.txt
/Users/rl-14/Desktop/Celine-Thesis/all-data-reordered/all/Pestaño: Mga rekords nga lisud apason (part 1).txt
/Users/rl-14/Desktop/Celine-Thesis/all-data-reordered/all/Pestaño: Mga senyales nga maayo moduwa.txt
/Users/rl-14/Desktop/Celine-Thesis/all-data-reordered/all/Pestaño: Mga talagsaon nga kamatayon.txt
/Users/rl-14/Desktop/Celine-Thesis/all-data-reordered/all/Pestaño: Sikat nga babayeng chess players.txt
/Users/rl-14/Desktop/Celine-Thesis/all-data-reordered/all/Pestaño: Unsaon pag-umento sa imong duwa.txt
/Users/rl-14/Desktop/Celine-Thesis/all-data-reordered/all/Pestaño: Wala diay maghikog tungod napilde sa chess.txt
/Users/rl-14/Desktop/Celine-Thesis/all-data-reordered/all/Petecio napildi sa finals.txt
/Users/rl-14/Desktop/Celine-Thesis/all-data-reordered/all/Petecio, kampeyon.txt
/Users/rl-14/Desktop/Celine-Thesis/all-data-reordered/all/Peter Lim andam motubang sa DOJ, mihimakak mitago.txt
/Users/rl-14/Desktop/Celine-Thesis/all-data-reordered/all/Peter Lim giila sa driver ni Kerwin.txt
/Users/rl-14/Desktop/Celine-Thesis/all-data-reordered/all/Peter Lim nabalaka .txt
/Users/rl-14/Desktop/Celine-Thesis/all-data-reordered/all/Peter Lim patyon ni Duterte kung nalambigit gayud sa druga .txt
/Users/rl-14/Desktop/Celine-Thesis/all-data-reordered/all/Peter Lim wa makatambong sa unang DOJ investigation.txt
/Users/rl-14/Desktop/Celine-Thesis/all-data-reordered/all/Petisyon batok Escario gibasura sa korte .txt
/Users/rl-14/Desktop/Celine-Thesis/all-data-reordered/all/Petisyon batok Tomas gipaboran sa Comelec.txt
/Users/rl-14/Desktop/Celine-Thesis/all-data-reordered/all/Petisyon pag-forfeit sa resort ni Sabalones gi-serve sa PDEA 7.txt
/Users/rl-14/Desktop/Celine-Thesis/all-data-reordered/all/Petsa sa Araw ng Dabaw ipasusi sa Kongreso.txt
/Users/rl-14/Desktop/Celine-Thesis/all-data-reordered/all/pg20820.txt
/Users/rl-14/Desktop/Celine-Thesis/all-data-reordered/all/pg41540.txt
/Users/rl-14/Desktop/Celine-Thesis/all-data-reordered/all/pg47869.txt
/Users/rl-14/Desktop/Celine-Thesis/all-data-reordered/all/PGB duatlon sa Compostela, July 17.txt
/Users/rl-14/Desktop/Celine-Thesis/all-data-reordered/all/PH mobile internet no. 6 sa APAC: Akamai report.txt
/Users/rl-14/Desktop/Celine-Thesis/all-data-reordered/all/PH team mopakita'g aksiyon sa 9th Asean School Games.txt
/Users/rl-14/Desktop/Celine-Thesis/all-data-reordered/all/Phelps gilupig sa white shark sa linanguyay.txt
/Users/rl-14/Desktop/Celine-Thesis/all-data-reordered/all/Phil gusto'ng mobiya si Anthony sa Knicks.txt
/Users/rl-14/Desktop/Celine-Thesis/all-data-reordered/all/Phil. Association of Agencies in Kuwait giingung wala magkuwang sa pagtubag kung adunay mga OFWs sa Kuwait nga gustung mu uli.txt
/Users/rl-14/Desktop/Celine-Thesis/all-data-reordered/all/Phil. Team sa 6th place .txt
/Users/rl-14/Desktop/Celine-Thesis/all-data-reordered/all/Philam Life misubli sa ilang pakig-uban sa Globe Business.txt
/Users/rl-14/Desktop/Celine-Thesis/all-data-reordered/all/Philhealth misaulog sa 22nd anniversary.txt
/Users/rl-14/Desktop/Celine-Thesis/all-data-reordered/all/Philippine Airforce Member ang nakaplagan sa may Carcar City nga nasunog sulod sa sakyanan; Hinungdan sa pagpatay matud pa “love triangle”.txt
/Users/rl-14/Desktop/Celine-Thesis/all-data-reordered/all/Philippine Army ug PDEA magtambayayong.txt
/Users/rl-14/Desktop/Celine-Thesis/all-data-reordered/all/Philippines mikulata sa Malaysia.txt
/Users/rl-14/Desktop/Celine-Thesis/all-data-reordered/all/Philippines nag-una na.txt
/Users/rl-14/Desktop/Celine-Thesis/all-data-reordered/all/PHLPost mipahibalo bahin sa `Salamat Po’.txt
/Users/rl-14/Desktop/Celine-Thesis/all-data-reordered/all/PHO medical mission sa isla sa Kinatarcan.txt
/Users/rl-14/Desktop/Celine-Thesis/all-data-reordered/all/PHO midasig sa pagtaho sa di maayong serbisyo.txt
/Users/rl-14/Desktop/Celine-Thesis/all-data-reordered/all/Phoebe nasurpresa sa kadaugan.txt
/Users/rl-14/Desktop/Celine-Thesis/all-data-reordered/all/Phoebe Walker suportado si Mocha.txt
/Users/rl-14/Desktop/Celine-Thesis/all-data-reordered/all/Phoenix magpalig-on.txt
/Users/rl-14/Desktop/Celine-Thesis/all-data-reordered/all/Phoenix mosud sa PBA.txt
/Users/rl-14/Desktop/Celine-Thesis/all-data-reordered/all/Photo Ops: Luyo sa masulob-on nga Bag-ong Tuig.txt
/Users/rl-14/Desktop/Celine-Thesis/all-data-reordered/all/Photo-luminescent Exit Signs ordinance giduso sa Davao .txt
/Users/rl-14/Desktop/Celine-Thesis/all-data-reordered/all/Photoshoot ni Isabelle di isyu - Roque.txt
/Users/rl-14/Desktop/Celine-Thesis/all-data-reordered/all/PHP gilusad sa siyudad sa Sugbo.txt
/Users/rl-14/Desktop/Celine-Thesis/all-data-reordered/all/Pia daghan pa'g pasabog sa iyang career.txt
/Users/rl-14/Desktop/Celine-Thesis/all-data-reordered/all/Pia di gayud lung-an sa BIR.txt
/Users/rl-14/Desktop/Celine-Thesis/all-data-reordered/all/Pia emosyonal sa Father's Day.txt
/Users/rl-14/Desktop/Celine-Thesis/all-data-reordered/all/Pia gidoulan si Maxine ug gigakos.txt
/Users/rl-14/Desktop/Celine-Thesis/all-data-reordered/all/Pia girespeto ni Direk Mike.txt
/Users/rl-14/Desktop/Celine-Thesis/all-data-reordered/all/Pia hukason ang pagka-Miss U, alang ni Gerald.txt
/Users/rl-14/Desktop/Celine-Thesis/all-data-reordered/all/Pia isip program host ug artista.txt
/Users/rl-14/Desktop/Celine-Thesis/all-data-reordered/all/Pia may panawagan sa mga 'kababayans'.txt
/Users/rl-14/Desktop/Celine-Thesis/all-data-reordered/all/Pia miangkon nakigdate na gayud.txt
/Users/rl-14/Desktop/Celine-Thesis/all-data-reordered/all/Pia mibahad sa mga girls nga magkiringking ni Marlon.txt
/Users/rl-14/Desktop/Celine-Thesis/all-data-reordered/all/Pia miresbak sa bashers  SunStar.txt
/Users/rl-14/Desktop/Celine-Thesis/all-data-reordered/all/Pia nag-bikini kuyog ang uyab.txt
/Users/rl-14/Desktop/Celine-Thesis/all-data-reordered/all/Pia nakig-date og lain  SunStar.txt
/Users/rl-14/Desktop/Celine-Thesis/all-data-reordered/all/Pia nakurat nga giisyung dunay anak ang boyfriend.txt
/Users/rl-14/Desktop/Celine-Thesis/all-data-reordered/all/Pia okey ni Dr. Mike .txt
/Users/rl-14/Desktop/Celine-Thesis/all-data-reordered/all/Pia ug Marlon uyab na!.txt
/Users/rl-14/Desktop/Celine-Thesis/all-data-reordered/all/Pia ug Marlon wala pay plano sa kasal.txt
/Users/rl-14/Desktop/Celine-Thesis/all-data-reordered/all/Pia wala mitunga sa Star Magic Ball  SunStar.txt
/Users/rl-14/Desktop/Celine-Thesis/all-data-reordered/all/Pia, exempted na sa tax!.txt
/Users/rl-14/Desktop/Celine-Thesis/all-data-reordered/all/PIB mosusi kon drugs ba gyud.txt
/Users/rl-14/Desktop/Celine-Thesis/all-data-reordered/all/Pick-up points sa mga basura sa kabaranggayan sa Butuan, gihangyong wagtagnong na.txt
/Users/rl-14/Desktop/Celine-Thesis/all-data-reordered/all/Pickup nga may karga nga  unit sa slot machine tolendoy naharang sa kapulisan.txt
/Users/rl-14/Desktop/Celine-Thesis/all-data-reordered/all/Pido kampeyon sa Samal 55-K ultramarathon.txt
/Users/rl-14/Desktop/Celine-Thesis/all-data-reordered/all/Pido, Rabat nanguna sa Salomon City Trail Run.txt
/Users/rl-14/Desktop/Celine-Thesis/all-data-reordered/all/Pierce hingpit mobiya sa NBA.txt
/Users/rl-14/Desktop/Celine-Thesis/all-data-reordered/all/Pierce moretiro na inig human sa NBA 2016-17 season .txt
/Users/rl-14/Desktop/Celine-Thesis/all-data-reordered/all/Pilia og tarong ang mga proyekto: RDC.txt
/Users/rl-14/Desktop/Celine-Thesis/all-data-reordered/all/Piliay sa Mindanao, posibling makanselar.txt
/Users/rl-14/Desktop/Celine-Thesis/all-data-reordered/all/Pilipinas  nagsilbing  2nd home.txt
/Users/rl-14/Desktop/Celine-Thesis/all-data-reordered/all/Pilipinas 6 golds na.txt
/Users/rl-14/Desktop/Celine-Thesis/all-data-reordered/all/Pilipinas gikatakda nga mosunod nga tourism hub.txt
/Users/rl-14/Desktop/Celine-Thesis/all-data-reordered/all/Pilipinas giserohan sa Taipei sa Asian volley.txt
/Users/rl-14/Desktop/Celine-Thesis/all-data-reordered/all/Pilipinas inilog apan way kompiyansa: coach Baldwin.txt
/Users/rl-14/Desktop/Celine-Thesis/all-data-reordered/all/Pilipinas maoy mo-host sa 2019 SEA Games.txt
/Users/rl-14/Desktop/Celine-Thesis/all-data-reordered/all/Pilipinas mo-host sa World Pool Championship sa Oktubre.txt
/Users/rl-14/Desktop/Celine-Thesis/all-data-reordered/all/Pilipinas naghari sa 14th WEKAF Championship.txt
/Users/rl-14/Desktop/Celine-Thesis/all-data-reordered/all/Pilipinas naila sa Fortune magazine.txt
/Users/rl-14/Desktop/Celine-Thesis/all-data-reordered/all/Pilipinas naka-gold sa tennis.txt
/Users/rl-14/Desktop/Celine-Thesis/all-data-reordered/all/Pilipinas pildi sa Vietnam sa semifinals.txt
/Users/rl-14/Desktop/Celine-Thesis/all-data-reordered/all/Pilipinas pormal nang mi-bid sa Olympic qualifier.txt
/Users/rl-14/Desktop/Celine-Thesis/all-data-reordered/all/Pilipinas posibli mo-host sa OQT: Alapag.txt
/Users/rl-14/Desktop/Celine-Thesis/all-data-reordered/all/Pilipinas posibling suspensuhon sa IOC: Fernandez.txt
/Users/rl-14/Desktop/Celine-Thesis/all-data-reordered/all/Pinas target ang 2-peat sa 19th Asean chess fest.txt
/Users/rl-14/Desktop/Celine-Thesis/all-data-reordered/all/Pinaskuhan.txt
/Users/rl-14/Desktop/Celine-Thesis/all-data-reordered/all/Pinay nga gymnast kuhaon sa Disney.txt
/Users/rl-14/Desktop/Celine-Thesis/all-data-reordered/all/Pinay OFW sa HK midaug og awto.txt
/Users/rl-14/Desktop/Celine-Thesis/all-data-reordered/all/Pinay Olympic medalist moabot ron.txt
/Users/rl-14/Desktop/Celine-Thesis/all-data-reordered/all/Pinay sa Saudi nga gitukmod matud pa sa kaubang Pinay DH sa hagdanan, nakamata na gikan sa pagka-comatose.txt
/Users/rl-14/Desktop/Celine-Thesis/all-data-reordered/all/Pinay worker nga taga-Bukidnon, namatay tungod sa abusong pisikal didto sa Kuwait.txt
/Users/rl-14/Desktop/Celine-Thesis/all-data-reordered/all/Pinay worker sa Saudi Arabia nga adunay sakit, nagpatabang sa Bombo Radyo.txt
/Users/rl-14/Desktop/Celine-Thesis/all-data-reordered/all/Pinecrest Residences may ‘Wicked’ Halloween party.txt
/Users/rl-14/Desktop/Celine-Thesis/all-data-reordered/all/Ping Medina gi-ihian ni Baron.txt
/Users/rl-14/Desktop/Celine-Thesis/all-data-reordered/all/Pingris andam gihapon sa Gilas.txt
/Users/rl-14/Desktop/Celine-Thesis/all-data-reordered/all/Pingris gihagit og sumbagay.txt
/Users/rl-14/Desktop/Celine-Thesis/all-data-reordered/all/Pingris hingpit nga gidawat sa RP-Gilas.txt
/Users/rl-14/Desktop/Celine-Thesis/all-data-reordered/all/Pingris i-trade?.txt
/Users/rl-14/Desktop/Celine-Thesis/all-data-reordered/all/Pingris miklaro nga wa siya pugngi sa San Miguel Corp..txt
/Users/rl-14/Desktop/Celine-Thesis/all-data-reordered/all/Pingris moduwa na sa RP Gilas alang sa FIBA '15.txt
/Users/rl-14/Desktop/Celine-Thesis/all-data-reordered/all/Pingris moduwa sa Gilas.txt
/Users/rl-14/Desktop/Celine-Thesis/all-data-reordered/all/Pingris nasakitan.txt
/Users/rl-14/Desktop/Celine-Thesis/all-data-reordered/all/Pingris posibling di makaduwa sa Gilas.txt
/Users/rl-14/Desktop/Celine-Thesis/all-data-reordered/all/Pingris wa gihapon mopakita sa Gilas.txt
/Users/rl-14/Desktop/Celine-Thesis/all-data-reordered/all/Pingris wa kauyon sa sistema ni Webb? copy.txt
/Users/rl-14/Desktop/Celine-Thesis/all-data-reordered/all/Piniliay sa Brgy., SK sa Mayo 2018.txt
/Users/rl-14/Desktop/Celine-Thesis/all-data-reordered/all/Piniling tunghaan sa Bohol gitabangan.txt
/Users/rl-14/Desktop/Celine-Thesis/all-data-reordered/all/Piniriso gipusil-patay  .txt
/Users/rl-14/Desktop/Celine-Thesis/all-data-reordered/all/Piniriso mag-birthday sulod sa bartolina .txt
/Users/rl-14/Desktop/Celine-Thesis/all-data-reordered/all/Piniriso sa city jail ‘gi-raid’ sa pulis sa iyang selda.txt
/Users/rl-14/Desktop/Celine-Thesis/all-data-reordered/all/Piniriso, patay human giposposan sa iyahang kaubang piniriso sa CPDRC.txt
/Users/rl-14/Desktop/Celine-Thesis/all-data-reordered/all/pinisik gikan sa baybayon sa tacloban.txt
/Users/rl-14/Desktop/Celine-Thesis/all-data-reordered/all/Pink Run karong Oktubre 15 sa Terraces.txt
/Users/rl-14/Desktop/Celine-Thesis/all-data-reordered/all/Pinoy Aquaman gipasdunggan sa WWF.txt
/Users/rl-14/Desktop/Celine-Thesis/all-data-reordered/all/Pinoy Aquaman milampos sa paglangoy sa 7.8 k nga lawod.txt
/Users/rl-14/Desktop/Celine-Thesis/all-data-reordered/all/Pinoy Aquaman milampos.txt
/Users/rl-14/Desktop/Celine-Thesis/all-data-reordered/all/Pinoy Aquaman milangoy alang sa Mindanao .txt
/Users/rl-14/Desktop/Celine-Thesis/all-data-reordered/all/Pinoy fighter mihagit ni McGregor.txt
/Users/rl-14/Desktop/Celine-Thesis/all-data-reordered/all/Pinoy Games gitigian sa UM Professional Schools.txt
/Users/rl-14/Desktop/Celine-Thesis/all-data-reordered/all/Pinoy movies sa 2018 hinay.txt
/Users/rl-14/Desktop/Celine-Thesis/all-data-reordered/all/Pinoy pride 34 sa Hoops Dome.txt
/Users/rl-14/Desktop/Celine-Thesis/all-data-reordered/all/Pinoy rider malaumon sa Le Tour Filipinas.txt
/Users/rl-14/Desktop/Celine-Thesis/all-data-reordered/all/Pintor gipatay atubangan sa iyang pamilya.txt
/Users/rl-14/Desktop/Celine-Thesis/all-data-reordered/all/Pinusilay sa Cogon, mga suspek 'gun for hire' .txt
/Users/rl-14/Desktop/Celine-Thesis/all-data-reordered/all/Pinutos nga cocaine sa baybayon.txt
/Users/rl-14/Desktop/Celine-Thesis/all-data-reordered/all/Pinuy-anan sa doktora,nasunog sa CdeO.txt
/Users/rl-14/Desktop/Celine-Thesis/all-data-reordered/all/Piolo malipayon kang KC.txt
/Users/rl-14/Desktop/Celine-Thesis/all-data-reordered/all/Piolo maoy ihulip ni Lloydie?.txt
/Users/rl-14/Desktop/Celine-Thesis/all-data-reordered/all/Piolo mi-trending sa Twitter sa iyang papel sa 'MMK'.txt
/Users/rl-14/Desktop/Celine-Thesis/all-data-reordered/all/Piolo nganong pabiling single sa edad nga 40?.txt
/Users/rl-14/Desktop/Celine-Thesis/all-data-reordered/all/Piolo ug Toni may reunion movie.txt
/Users/rl-14/Desktop/Celine-Thesis/all-data-reordered/all/Pipeline idili na sa dalan.txt
/Users/rl-14/Desktop/Celine-Thesis/all-data-reordered/all/Pipila apektado sa strike.txt
/Users/rl-14/Desktop/Celine-Thesis/all-data-reordered/all/Pipila ka bahin sa NorMin,gitay-og sa linog.txt
/Users/rl-14/Desktop/Celine-Thesis/all-data-reordered/all/Pipila ka barangay sa Cagayan de Oro gibaha .txt
/Users/rl-14/Desktop/Celine-Thesis/all-data-reordered/all/Pipila ka classroom sa Libertad dili na mapuslan.txt
/Users/rl-14/Desktop/Celine-Thesis/all-data-reordered/all/Pipila ka dapit 31 ka oras nga way tubig.txt
/Users/rl-14/Desktop/Celine-Thesis/all-data-reordered/all/Pipila ka establismento namultahan kay kulang sa fire safety equipment.txt
/Users/rl-14/Desktop/Celine-Thesis/all-data-reordered/all/Pipila ka ginikanan dili magpapurga sa mga anak .txt
/Users/rl-14/Desktop/Celine-Thesis/all-data-reordered/all/Pipila ka Kagay-anon nabahin sa hisgotanang political dynasty .txt
/Users/rl-14/Desktop/Celine-Thesis/all-data-reordered/all/Pipila ka lungsod sa MisOr apektado sa Bagyong Basyang.txt
/Users/rl-14/Desktop/Celine-Thesis/all-data-reordered/all/Pipila ka market vendor, gibulgar ang modus-operandi sa tax collectors ning syudad.txt
/Users/rl-14/Desktop/Celine-Thesis/all-data-reordered/all/Pipila ka mga dan sa uptown sirhan ugma alang sa marathon.txt
/Users/rl-14/Desktop/Celine-Thesis/all-data-reordered/all/Pipila ka mga dapit way tubig: MCWD.txt
/Users/rl-14/Desktop/Celine-Thesis/all-data-reordered/all/Pipila ka mga traffic light sa Cebu City naguba .txt
/Users/rl-14/Desktop/Celine-Thesis/all-data-reordered/all/Pipila ka pamilya apektado sa sunog sa Misamis Oriental.txt
/Users/rl-14/Desktop/Celine-Thesis/all-data-reordered/all/Pipila ka Pinoy, nalisang sa linog sa Taiwan.txt
/Users/rl-14/Desktop/Celine-Thesis/all-data-reordered/all/Pipila ka sector, nasubo sa gidangatan sa mga OFWs didto sa Kuwait.txt
/Users/rl-14/Desktop/Celine-Thesis/all-data-reordered/all/Pipila ka sektor sa Mindanao, supak bag-uhon ang batakang balaod.txt
/Users/rl-14/Desktop/Celine-Thesis/all-data-reordered/all/PIPILA KA SUGYOT KALABOT SA PAG-UGMAD SA BINISAYAN.txt
/Users/rl-14/Desktop/Celine-Thesis/all-data-reordered/all/Pipila ka taxi makasingil na sa bag-ong pleti.txt
/Users/rl-14/Desktop/Celine-Thesis/all-data-reordered/all/Pisikal nga duwa ibalik na sa PBA .txt
/Users/rl-14/Desktop/Celine-Thesis/all-data-reordered/all/Pista sa Itom nga Nazareno malinawon.txt
/Users/rl-14/Desktop/Celine-Thesis/all-data-reordered/all/Piston di mangayo og umento sa pleti.txt
/Users/rl-14/Desktop/Celine-Thesis/all-data-reordered/all/Piston mangayo og diskwento sa mga oil company.txt
/Users/rl-14/Desktop/Celine-Thesis/all-data-reordered/all/Piston mangu sa rali karon.txt
/Users/rl-14/Desktop/Celine-Thesis/all-data-reordered/all/Piston mangulo sa nasudnong protesta sa transportasyon.txt
/Users/rl-14/Desktop/Celine-Thesis/all-data-reordered/all/Piston supak sa pagsulod sa solar jeep .txt
/Users/rl-14/Desktop/Celine-Thesis/all-data-reordered/all/Piston wa mahadlok sa hulga sa LTFRB.txt
/Users/rl-14/Desktop/Celine-Thesis/all-data-reordered/all/Pit Senyor! Sa mga Pinoy kini!.txt
/Users/rl-14/Desktop/Celine-Thesis/all-data-reordered/all/pitik_print.txt
/Users/rl-14/Desktop/Celine-Thesis/all-data-reordered/all/Pito ka balay nalunopan sa Misamis Oriental.txt
/Users/rl-14/Desktop/Celine-Thesis/all-data-reordered/all/Pito ka mga Sugbuanong trekkers posibli nga mapriso og unom ka tuig.txt
/Users/rl-14/Desktop/Celine-Thesis/all-data-reordered/all/Pito nagpositibo sa drugas.txt
/Users/rl-14/Desktop/Celine-Thesis/all-data-reordered/all/Planetarium tukoron sa El Salvador, Misamis Oriental.txt
/Users/rl-14/Desktop/Celine-Thesis/all-data-reordered/all/Plano gibutyag.txt
/Users/rl-14/Desktop/Celine-Thesis/all-data-reordered/all/Plantasyon sa marijuana napuhag sa Lanao del Norte.txt
/Users/rl-14/Desktop/Celine-Thesis/all-data-reordered/all/Plastic ban sa Mandaue buot palapdan.txt
/Users/rl-14/Desktop/Celine-Thesis/all-data-reordered/all/Plastic recycling project gilusad.txt
/Users/rl-14/Desktop/Celine-Thesis/all-data-reordered/all/Playoffs na!.txt
/Users/rl-14/Desktop/Celine-Thesis/all-data-reordered/all/Playoffs na.txt
/Users/rl-14/Desktop/Celine-Thesis/all-data-reordered/all/Playoffs spot tuyo sa RoS.txt
/Users/rl-14/Desktop/Celine-Thesis/all-data-reordered/all/PLDT Group nakigsabot sa Uber.txt
/Users/rl-14/Desktop/Celine-Thesis/all-data-reordered/all/PLDT mopahigayon og hackathon sa VisMin.txt
/Users/rl-14/Desktop/Celine-Thesis/all-data-reordered/all/PLDT sa APEC meetings.txt
/Users/rl-14/Desktop/Celine-Thesis/all-data-reordered/all/PLDT, Smart mipakusog sa koneksiyon sa internet.txt
/Users/rl-14/Desktop/Celine-Thesis/all-data-reordered/all/PLDT-Smart Thuraya milusad sa bag-ong satellite devices.txt
/Users/rl-14/Desktop/Celine-Thesis/all-data-reordered/all/Plenary Assembly sa CBCP, sugdan karong adlawa dinhi sa Sugbo.txt
/Users/rl-14/Desktop/Celine-Thesis/all-data-reordered/all/Plete sa motorela misaka .txt
/Users/rl-14/Desktop/Celine-Thesis/all-data-reordered/all/Pletihan sa bus mosaka sa Pebrero 1.txt
/Users/rl-14/Desktop/Celine-Thesis/all-data-reordered/all/Plite sa taxi mosaka sa Davao.txt
/Users/rl-14/Desktop/Celine-Thesis/all-data-reordered/all/Plunder ipaapil ni Binghay sa death penalty bill .txt
/Users/rl-14/Desktop/Celine-Thesis/all-data-reordered/all/PNoy, gihagit ni Sara magpaka-lalaki.txt
/Users/rl-14/Desktop/Celine-Thesis/all-data-reordered/all/PNP aduna nay person of interest sa pagbanhig patay kang Atty. Jonnah John Ungab.txt
/Users/rl-14/Desktop/Celine-Thesis/all-data-reordered/all/PNP chief banggaon si Cagas?.txt
/Users/rl-14/Desktop/Celine-Thesis/all-data-reordered/all/PNP chief Bato miabiba sa Ginebra.txt
/Users/rl-14/Desktop/Celine-Thesis/all-data-reordered/all/PNP di na kinahanglan mananghig sa presidente kon CHR dunay pangayuon.txt
/Users/rl-14/Desktop/Celine-Thesis/all-data-reordered/all/PNP Director for Operation, gipasi-atab ang pagsugod sa ilang operasyon sa Oplan Tokhang.txt
/Users/rl-14/Desktop/Celine-Thesis/all-data-reordered/all/PNP may hagit sa mga brgy officials.txt
/Users/rl-14/Desktop/Celine-Thesis/all-data-reordered/all/PNP misaulog sa iyang ika-26 nga kasumaran.txt
/Users/rl-14/Desktop/Celine-Thesis/all-data-reordered/all/PNP nangandam sa duaw ni Duterte.txt
/Users/rl-14/Desktop/Celine-Thesis/all-data-reordered/all/PNP sa illegal STL outlets:’Nagsira na’.txt
/Users/rl-14/Desktop/Celine-Thesis/all-data-reordered/all/PNP spot report di na ipakita.txt
/Users/rl-14/Desktop/Celine-Thesis/all-data-reordered/all/PNP wa nay gahom sa anti-drugs.txt
/Users/rl-14/Desktop/Celine-Thesis/all-data-reordered/all/PNP, masaligon pagsulbad sa Rotoras case sa CdeO.txt
/Users/rl-14/Desktop/Celine-Thesis/all-data-reordered/all/PNP, nagpahimangno sa publiko nga dili musugot bilinan ug tolendoy ang balay.txt
/Users/rl-14/Desktop/Celine-Thesis/all-data-reordered/all/PNP,gi-depensa ang paggamit sa snipers sa BN traslacion sa CdeO.txt
/Users/rl-14/Desktop/Celine-Thesis/all-data-reordered/all/PNP,gi-depensa ang paglugwa sa Rotoras killing witness identity.txt
/Users/rl-14/Desktop/Celine-Thesis/all-data-reordered/all/PNP,gi-hunting sa STL nga illegal sa CdeO.txt
/Users/rl-14/Desktop/Celine-Thesis/all-data-reordered/all/PNP,giila nga-POI ang USTP architect sa Rotroras killing.txt
/Users/rl-14/Desktop/Celine-Thesis/all-data-reordered/all/PNP-10 :’Pagsilbi sa sub·poe·na,dili ma-abuso’.txt
/Users/rl-14/Desktop/Celine-Thesis/all-data-reordered/all/PNP-10 candidate,andam na sa Search for GandangPulis 2018.txt
/Users/rl-14/Desktop/Celine-Thesis/all-data-reordered/all/PNP-10 sa mga kritiko:”Lehitimo ang WAs vs CCP secgen sa Ozamiz City”.txt
/Users/rl-14/Desktop/Celine-Thesis/all-data-reordered/all/PNP-10, gikalipay ang pagsikop sa kapikas ni bomber Zulkifli Binhir alyas Marwan.txt
/Users/rl-14/Desktop/Celine-Thesis/all-data-reordered/all/PNP-10, namugos nga promosyon ang pag-resuffle sa ilang pipila ka police officers.txt
/Users/rl-14/Desktop/Celine-Thesis/all-data-reordered/all/PNP-10, tutok na sa BN feast sa CdeO.txt
/Users/rl-14/Desktop/Celine-Thesis/all-data-reordered/all/PNP-10,gi-depensa ang pag-relib sa CdeO police head.txt
/Users/rl-14/Desktop/Celine-Thesis/all-data-reordered/all/PNP-10,gi-depensa ang pagbalik ni Pacleb sa NorMin.txt
/Users/rl-14/Desktop/Celine-Thesis/all-data-reordered/all/PNP-10,gipa-esplikar sa Camp Crame sa intel memo leakage.txt
/Users/rl-14/Desktop/Celine-Thesis/all-data-reordered/all/PNP-10,mihimakak nga may 15 ka pulis nga shabu positive.txt
/Users/rl-14/Desktop/Celine-Thesis/all-data-reordered/all/PNP-10,nagtinguha’g gold medal award sa Camp Crame.txt
/Users/rl-14/Desktop/Celine-Thesis/all-data-reordered/all/PNP-10,nangayo’g tabang sa rehab sa 84-K drug surrenderees.txt
/Users/rl-14/Desktop/Celine-Thesis/all-data-reordered/all/PNP-10,nasubo sa pagka-absuwelto ni Lovely Impal.txt
/Users/rl-14/Desktop/Celine-Thesis/all-data-reordered/all/PNP-10: 11-K Tokhang surrenderees,naluwas vs illegal drugs.txt
/Users/rl-14/Desktop/Celine-Thesis/all-data-reordered/all/PNP-10:’RD Pacleb,gihataga’g gradong 9′.txt
/Users/rl-14/Desktop/Celine-Thesis/all-data-reordered/all/PNP-10:”Mga promoted official,giawhag di mag-abusar”.txt
/Users/rl-14/Desktop/Celine-Thesis/all-data-reordered/all/PNP-10:”Pulpol commanders,sipaon vs illegal gambling activities”.txt
/Users/rl-14/Desktop/Celine-Thesis/all-data-reordered/all/PNP-10:”Tokhang re-launching,dili angay kahadlukan”.txt
/Users/rl-14/Desktop/Celine-Thesis/all-data-reordered/all/PNP-AFP,alerto vs terorism sa semana santa sa NorMin.txt
/Users/rl-14/Desktop/Celine-Thesis/all-data-reordered/all/PNP: 2017 sinugdanan sa paglambo sa Davao Occidental .txt
/Users/rl-14/Desktop/Celine-Thesis/all-data-reordered/all/PNP:’May report nga nagsulod ang foreign terrorists sa Mindanao’.txt
/Users/rl-14/Desktop/Celine-Thesis/all-data-reordered/all/PNP:”Bana naghikog-patay tungod sa selos sa CdeO?”.txt
/Users/rl-14/Desktop/Celine-Thesis/all-data-reordered/all/PNP:”CdeO residents nga masapon mag-inom,dakpon re Nazarene feast”.txt
/Users/rl-14/Desktop/Celine-Thesis/all-data-reordered/all/PNP:”CdeO’s NY, zero casualty”.txt
/Users/rl-14/Desktop/Celine-Thesis/all-data-reordered/all/PNP:”Ex-USTP prexy’ prime POI,hayan ma-suspek na”.txt
/Users/rl-14/Desktop/Celine-Thesis/all-data-reordered/all/PNP:”Govt workers,sikopon kon masapon sa casino houses”.txt
/Users/rl-14/Desktop/Celine-Thesis/all-data-reordered/all/PNP’s LAKAD Tokhang,ilusad sa CdeO.txt
/Users/rl-14/Desktop/Celine-Thesis/all-data-reordered/all/POC mohangyo ni Duterte.txt
/Users/rl-14/Desktop/Celine-Thesis/all-data-reordered/all/Poe mihimakak nga nanghakot.txt
/Users/rl-14/Desktop/Celine-Thesis/all-data-reordered/all/Poe tutukan ang problema sa tubig sa MisOr.txt
/Users/rl-14/Desktop/Celine-Thesis/all-data-reordered/all/Pogoy gustong mosunod sa lakang ni Dondon.txt
/Users/rl-14/Desktop/Celine-Thesis/all-data-reordered/all/Pogoy napili nga Player of the Week sa PBA.txt
/Users/rl-14/Desktop/Celine-Thesis/all-data-reordered/all/Pogoy temporaryong mohulip ni Castro.txt
/Users/rl-14/Desktop/Celine-Thesis/all-data-reordered/all/POI sa Rotoras case,sikop sa PNP joint ops sa CdeO.txt
/Users/rl-14/Desktop/Celine-Thesis/all-data-reordered/all/Pointguard na’s Lebron.txt
/Users/rl-14/Desktop/Celine-Thesis/all-data-reordered/all/Pointguards nanghawod sa NBA.txt
/Users/rl-14/Desktop/Celine-Thesis/all-data-reordered/all/Pokwang, stalker ang ex!.txt
/Users/rl-14/Desktop/Celine-Thesis/all-data-reordered/all/Polga miasumer isip OIC sa LTO hulip kang Tancinco isip direktor sa LTO.txt
/Users/rl-14/Desktop/Celine-Thesis/all-data-reordered/all/Police chief sa Iligan midepensa.txt
/Users/rl-14/Desktop/Celine-Thesis/all-data-reordered/all/Police nga nangulata ug nagpaboto ug armas gipasakaan na ug patong patong nga kaso.txt
/Users/rl-14/Desktop/Celine-Thesis/all-data-reordered/all/Police power ni Tomas ibalik na.txt
/Users/rl-14/Desktop/Celine-Thesis/all-data-reordered/all/Police Regional Office 12 director, nagbahad sa mga sakop nga masakpan sa mga pasugalan.txt
/Users/rl-14/Desktop/Celine-Thesis/all-data-reordered/all/Police visibility gimando ni dela Rosa sa kapolisan sa Misamis Oriental.txt
/Users/rl-14/Desktop/Celine-Thesis/all-data-reordered/all/Poligrates nagtinguhang mobalik sa PBA.txt
/Users/rl-14/Desktop/Celine-Thesis/all-data-reordered/all/Political crisis,nasinati sa Iligan City.txt
/Users/rl-14/Desktop/Celine-Thesis/all-data-reordered/all/Political parties nahiusa ni Vidal.txt
/Users/rl-14/Desktop/Celine-Thesis/all-data-reordered/all/Politika ang gitumbok nga motibo.txt
/Users/rl-14/Desktop/Celine-Thesis/all-data-reordered/all/Politiko modagsa sa Kadayawan: Execom .txt
/Users/rl-14/Desktop/Celine-Thesis/all-data-reordered/all/pony ride.txt
/Users/rl-14/Desktop/Celine-Thesis/all-data-reordered/all/Poor Señorita ni Regine, stress reliever.txt
/Users/rl-14/Desktop/Celine-Thesis/all-data-reordered/all/Popcom: Mga amahan dili lang taman sa palami.txt
/Users/rl-14/Desktop/Celine-Thesis/all-data-reordered/all/Pope Francis imbitahon sa Quincentinaryo.txt
/Users/rl-14/Desktop/Celine-Thesis/all-data-reordered/all/Popovich emosyunal.txt
/Users/rl-14/Desktop/Celine-Thesis/all-data-reordered/all/Popovich mohulip kang Krzyzewski isip Team USA coach.txt
/Users/rl-14/Desktop/Celine-Thesis/all-data-reordered/all/Popovich nanghinaot nga mobalik si Tim.txt
/Users/rl-14/Desktop/Celine-Thesis/all-data-reordered/all/Pops, Robin Nievera nag-shooting sa music video ni `Stephanie’.txt
/Users/rl-14/Desktop/Celine-Thesis/all-data-reordered/all/Porlon gigamit pagtokhang sa Suba.txt
/Users/rl-14/Desktop/Celine-Thesis/all-data-reordered/all/Porras, Ira naka-gold.txt
/Users/rl-14/Desktop/Celine-Thesis/all-data-reordered/all/Portville Prime gilusad sa Johndorf.txt
/Users/rl-14/Desktop/Celine-Thesis/all-data-reordered/all/Porzingis gustong mobiya sa Knicks?.txt
/Users/rl-14/Desktop/Celine-Thesis/all-data-reordered/all/Posible sa 2016.txt
/Users/rl-14/Desktop/Celine-Thesis/all-data-reordered/all/Posibleng madeklara nga world champ .txt
/Users/rl-14/Desktop/Celine-Thesis/all-data-reordered/all/Posibleng mobalik si Floyd.txt
/Users/rl-14/Desktop/Celine-Thesis/all-data-reordered/all/Posibling no. 1 pick mipraktis sa Lakers.txt
/Users/rl-14/Desktop/Celine-Thesis/all-data-reordered/all/Positibo sa drugs automatic taktakon.txt
/Users/rl-14/Desktop/Celine-Thesis/all-data-reordered/all/Posporo hinungdan sa sunog .txt
/Users/rl-14/Desktop/Celine-Thesis/all-data-reordered/all/Post ni Ellen Adarna gitubag ni Osmeña.txt
/Users/rl-14/Desktop/Celine-Thesis/all-data-reordered/all/Post Sinulog derby walay Pot Money.txt
/Users/rl-14/Desktop/Celine-Thesis/all-data-reordered/all/Poste sa Veco sa Talamban hapit matumba.txt
/Users/rl-14/Desktop/Celine-Thesis/all-data-reordered/all/Poster sa Facebook gipangita.txt
/Users/rl-14/Desktop/Celine-Thesis/all-data-reordered/all/Poster-making class gipahigayon.txt
/Users/rl-14/Desktop/Celine-Thesis/all-data-reordered/all/Poultry worker,gitigbas patay sa MisOr.txt
/Users/rl-14/Desktop/Celine-Thesis/all-data-reordered/all/Power plant sa Mindanao mi-synchronize uban sa grid .txt
/Users/rl-14/Desktop/Celine-Thesis/all-data-reordered/all/Powerplay Camp modawat og early registrants.txt
/Users/rl-14/Desktop/Celine-Thesis/all-data-reordered/all/PowerPlay Camp sugdan sa Abril 2 sa Lapu Auditorium.txt
/Users/rl-14/Desktop/Celine-Thesis/all-data-reordered/all/PPI nanawagan sa paghunong na sa pagpatay sa mga journalist.txt
/Users/rl-14/Desktop/Celine-Thesis/all-data-reordered/all/Ppipila ka mga lungsod sa habagatang bahin sa Sugbo nagpatuman ug pre-emptive evacuation.txt
/Users/rl-14/Desktop/Celine-Thesis/all-data-reordered/all/PPVI mipalapad sa berdeng talan-awon, kakahoyan sa Carcar City.txt
/Users/rl-14/Desktop/Celine-Thesis/all-data-reordered/all/PR man ni Pacquiao Arum nagbinirahay  SunStar.txt
/Users/rl-14/Desktop/Celine-Thesis/all-data-reordered/all/Praktis lang gihapon.txt
/Users/rl-14/Desktop/Celine-Thesis/all-data-reordered/all/Praktis lang.txt
/Users/rl-14/Desktop/Celine-Thesis/all-data-reordered/all/Praktis sa  pagka mayor.txt
/Users/rl-14/Desktop/Celine-Thesis/all-data-reordered/all/Praktis sa Gilas wala patan-awi.txt
/Users/rl-14/Desktop/Celine-Thesis/all-data-reordered/all/Prangkisa sa PUJ buksan na.txt
/Users/rl-14/Desktop/Celine-Thesis/all-data-reordered/all/Prayer rally for Justice sa USTP prexy,ilusad sa CdeO.txt
/Users/rl-14/Desktop/Celine-Thesis/all-data-reordered/all/Prayoridad ang gold.txt
/Users/rl-14/Desktop/Celine-Thesis/all-data-reordered/all/Pre-nup photo nila ni Billy ug Coleen gisaway.txt
/Users/rl-14/Desktop/Celine-Thesis/all-data-reordered/all/Pre-ticketing sa bus karong kalagkalag.txt
/Users/rl-14/Desktop/Celine-Thesis/all-data-reordered/all/Preliminary hearing re nabisto nga re-bagging sa NFA rice, ipahigayon ning adlawa.txt
/Users/rl-14/Desktop/Celine-Thesis/all-data-reordered/all/Pres. Serging mapaubsanon: VM Labella.txt
/Users/rl-14/Desktop/Celine-Thesis/all-data-reordered/all/Presensiya ni Bravo sa LDN dili ikabalaka .txt
/Users/rl-14/Desktop/Celine-Thesis/all-data-reordered/all/Presensya sa Isis bomber peke? .txt
/Users/rl-14/Desktop/Celine-Thesis/all-data-reordered/all/Presidente Duterte matapos sa 2022.txt
/Users/rl-14/Desktop/Celine-Thesis/all-data-reordered/all/Presidente Duterte mibisita sa namatay nga sundalo.txt
/Users/rl-14/Desktop/Celine-Thesis/all-data-reordered/all/Presidente mapasalamaton gihapon bisan og napakyas.txt
/Users/rl-14/Desktop/Celine-Thesis/all-data-reordered/all/Presidente og CEO sa K&A Holistic C ompany, gireklamo na usab ngadto sa kapulisan.txt
/Users/rl-14/Desktop/Celine-Thesis/all-data-reordered/all/Presidente sa tunghaan gilutos.txt
/Users/rl-14/Desktop/Celine-Thesis/all-data-reordered/all/Presidential debate i-boykot  .txt
/Users/rl-14/Desktop/Celine-Thesis/all-data-reordered/all/Presidential guards gi-ambush sa Marawi City.txt
/Users/rl-14/Desktop/Celine-Thesis/all-data-reordered/all/Press Freedom Run karong Sabado sa Ayala.txt
/Users/rl-14/Desktop/Celine-Thesis/all-data-reordered/all/Press Freedom Week nagpadayon ang kalihokan.txt
/Users/rl-14/Desktop/Celine-Thesis/all-data-reordered/all/Presscon nagubot.txt
/Users/rl-14/Desktop/Celine-Thesis/all-data-reordered/all/Presti malaumong di mobalhin si Durant .txt
/Users/rl-14/Desktop/Celine-Thesis/all-data-reordered/all/Presyo di pa angay usbawan.txt
/Users/rl-14/Desktop/Celine-Thesis/all-data-reordered/all/Presyo sa bulak 'taga-liog'.txt
/Users/rl-14/Desktop/Celine-Thesis/all-data-reordered/all/Presyo sa bulak midoble  .txt
/Users/rl-14/Desktop/Celine-Thesis/all-data-reordered/all/Presyo sa bulak misaka ug halos 100 porsiento atol sa Valentines Day.txt
/Users/rl-14/Desktop/Celine-Thesis/all-data-reordered/all/Presyo sa bulak misaka.txt
/Users/rl-14/Desktop/Celine-Thesis/all-data-reordered/all/Presyo sa bulak mosulbong.txt
/Users/rl-14/Desktop/Celine-Thesis/all-data-reordered/all/Presyo sa kandila pabilin sa naandan nga presyo.txt
/Users/rl-14/Desktop/Celine-Thesis/all-data-reordered/all/Presyo sa mga palaliton sa grocery stores sa Davao ubos pa ang presyo.txt
/Users/rl-14/Desktop/Celine-Thesis/all-data-reordered/all/Presyo sa mga prutas miusbaw sa merkado.txt
/Users/rl-14/Desktop/Celine-Thesis/all-data-reordered/all/Presyo sa prutas misaka na.txt
/Users/rl-14/Desktop/Celine-Thesis/all-data-reordered/all/Presyo sa ticket miabot og $100 T.txt
/Users/rl-14/Desktop/Celine-Thesis/all-data-reordered/all/Prevendido, nag-inusara midaug sa Pacquiao Cup.txt
/Users/rl-14/Desktop/Celine-Thesis/all-data-reordered/all/Pribadong kompaniya na unya ang mohakot sa basura sa Mandaue: Quisumbing.txt
/Users/rl-14/Desktop/Celine-Thesis/all-data-reordered/all/Prime mover vs motor, 1 patay.txt
/Users/rl-14/Desktop/Celine-Thesis/all-data-reordered/all/Prince 'dating stage' sa usa ka guy.txt
/Users/rl-14/Desktop/Celine-Thesis/all-data-reordered/all/Prince Hypermart mosaulog sa 10th Sari-Sari Store Festival.txt
/Users/rl-14/Desktop/Celine-Thesis/all-data-reordered/all/Prince mokampanya na sa Amerika .txt
/Users/rl-14/Desktop/Celine-Thesis/all-data-reordered/all/Principal milugos sa helper .txt
/Users/rl-14/Desktop/Celine-Thesis/all-data-reordered/all/Principal mobali og sumbong.txt
/Users/rl-14/Desktop/Celine-Thesis/all-data-reordered/all/Principal napasok sa sakyanan, patay  .txt
/Users/rl-14/Desktop/Celine-Thesis/all-data-reordered/all/Priso gipakaon, misuway pag-eskapo.txt
/Users/rl-14/Desktop/Celine-Thesis/all-data-reordered/all/Priso gipaum-om sa ‘junior’ sa polis.txt
/Users/rl-14/Desktop/Celine-Thesis/all-data-reordered/all/Priso mipuga human nakahibaw dunay laing lalaki ang kapuyo.txt
/Users/rl-14/Desktop/Celine-Thesis/all-data-reordered/all/Priso mipuga, gipusil.txt
/Users/rl-14/Desktop/Celine-Thesis/all-data-reordered/all/Priso nakuhaa’g shabu .txt
/Users/rl-14/Desktop/Celine-Thesis/all-data-reordered/all/Priso nga misuway og eskapo gisud sa bartolina .txt
/Users/rl-14/Desktop/Celine-Thesis/all-data-reordered/all/Priso nga naka-ikyas padayong gipangita.txt
/Users/rl-14/Desktop/Celine-Thesis/all-data-reordered/all/Priso sa CPDRC gikulata, patay.txt
/Users/rl-14/Desktop/Celine-Thesis/all-data-reordered/all/Priso sa CPDRC naghikog, patay.txt
/Users/rl-14/Desktop/Celine-Thesis/all-data-reordered/all/Prisuhan sa Talisay  City sa kababayen-an wa magamit .txt
/Users/rl-14/Desktop/Celine-Thesis/all-data-reordered/all/Private cars ipa-ban sa tipik sa N. Bacalso.txt
/Users/rl-14/Desktop/Celine-Thesis/all-data-reordered/all/Prk – Cabaguio sa Agdao, subling nagkatensyon human nga mibabag ang mga residnte sa pagkoral sa ilang lugar.txt
/Users/rl-14/Desktop/Celine-Thesis/all-data-reordered/all/PRO 7 chief bag-o.txt
/Users/rl-14/Desktop/Celine-Thesis/all-data-reordered/all/PRO 7 chief di uyon sa sugyot ni Sen. De Lima.txt
/Users/rl-14/Desktop/Celine-Thesis/all-data-reordered/all/PRO 7 miabag sa 2 ka pulis gikiha.txt
/Users/rl-14/Desktop/Celine-Thesis/all-data-reordered/all/PRO 7 mobisita sa mga banko aron pagsusi sa seguridad.txt
/Users/rl-14/Desktop/Celine-Thesis/all-data-reordered/all/PRO 7 moimbestigar ni Dong.txt
/Users/rl-14/Desktop/Celine-Thesis/all-data-reordered/all/PRO 7 mosusi nganong kapitan wa maronda.txt
/Users/rl-14/Desktop/Celine-Thesis/all-data-reordered/all/PRO 7 mosusi.txt
/Users/rl-14/Desktop/Celine-Thesis/all-data-reordered/all/PRO 7 uyon sa drug free stickers.txt
/Users/rl-14/Desktop/Celine-Thesis/all-data-reordered/all/Pro boxing sa Omega pormal nga gilusad.txt
/Users/rl-14/Desktop/Celine-Thesis/all-data-reordered/all/PRO XI andam na alang sa PNP Swat Challege karong adlawa.txt
/Users/rl-14/Desktop/Celine-Thesis/all-data-reordered/all/PRO-11 Director mi-awhag sa iyang mga ginsakpan sa pag-donate ug dugo sa Bombo.txt
/Users/rl-14/Desktop/Celine-Thesis/all-data-reordered/all/PRO-Davao: Di motuo sa bomb threats kon di gikan namo.txt
/Users/rl-14/Desktop/Celine-Thesis/all-data-reordered/all/PRO: Guidelines sa war on drugs hingusgan.txt
/Users/rl-14/Desktop/Celine-Thesis/all-data-reordered/all/Probinsiya gideklarar nga way klase.txt
/Users/rl-14/Desktop/Celine-Thesis/all-data-reordered/all/Probinsiya milusad og sports program sa Sisters of Mary.txt
/Users/rl-14/Desktop/Celine-Thesis/all-data-reordered/all/Probinsya at lungsod ng Cebu naka red at yellow alert status nunot sa walang hunong nga pag-uwan;baha ug landslide gikabalak-an.txt
/Users/rl-14/Desktop/Celine-Thesis/all-data-reordered/all/Probinsya mipasa sa katungdanan.txt
/Users/rl-14/Desktop/Celine-Thesis/all-data-reordered/all/Probinsya sa Bohol andam na sa paghost sa CVRAA, gasto mukabat na sa 100 million pesos.txt
/Users/rl-14/Desktop/Celine-Thesis/all-data-reordered/all/Probinsya sa Bohol nanguna sa medal tally sa CVRAA 2018.txt
/Users/rl-14/Desktop/Celine-Thesis/all-data-reordered/all/problema sa mga informal settlers gihatagan na ug pagtagad sa gobyerno.txt
/Users/rl-14/Desktop/Celine-Thesis/all-data-reordered/all/Problema sa trapik dili pa krisis: CCCI.txt
/Users/rl-14/Desktop/Celine-Thesis/all-data-reordered/all/Producers Savings Bank, Globe Business for G Suite nagkasabot.txt
/Users/rl-14/Desktop/Celine-Thesis/all-data-reordered/all/Profiling system sa mga residente ipatuman .txt
/Users/rl-14/Desktop/Celine-Thesis/all-data-reordered/all/Programa alang sa 'children at risk' tinguhang mugnaon.txt
/Users/rl-14/Desktop/Celine-Thesis/all-data-reordered/all/Programa sa Billiards.txt
/Users/rl-14/Desktop/Celine-Thesis/all-data-reordered/all/Programa sa mga mitahan sa Tokhang.txt
/Users/rl-14/Desktop/Celine-Thesis/all-data-reordered/all/Programa sa mga priso gipakusgan sa Maa City Jail.txt
/Users/rl-14/Desktop/Celine-Thesis/all-data-reordered/all/Project Connect gilusad sa VSU.txt
/Users/rl-14/Desktop/Celine-Thesis/all-data-reordered/all/Project Gutenberg_s A Dictionary of Cebuano Visaya.txt
/Users/rl-14/Desktop/Celine-Thesis/all-data-reordered/all/Project MORE, gilusad sa DepEd-Butuan.txt
/Users/rl-14/Desktop/Celine-Thesis/all-data-reordered/all/Promo dizer gipusil-patay sa Polomolok, South Cotabato.txt
/Users/rl-14/Desktop/Celine-Thesis/all-data-reordered/all/Promosyon ang pagbalhin ni Espenido sa Ozamiz .txt
/Users/rl-14/Desktop/Celine-Thesis/all-data-reordered/all/Promoter nahutda’g pasensiya ni Sonsona.txt
/Users/rl-14/Desktop/Celine-Thesis/all-data-reordered/all/Propesor sa MSU nagpasidaan og laing 'siege' sa Mindanao.txt
/Users/rl-14/Desktop/Celine-Thesis/all-data-reordered/all/Prosesyon malinawon; 40T ming-apil: pulis.txt
/Users/rl-14/Desktop/Celine-Thesis/all-data-reordered/all/Prosisyon sa pista sa Senyor.txt
/Users/rl-14/Desktop/Celine-Thesis/all-data-reordered/all/Protest rally batok Peping.txt
/Users/rl-14/Desktop/Celine-Thesis/all-data-reordered/all/Protesta gipahigayon atubangan sa LTFRB.txt
/Users/rl-14/Desktop/Celine-Thesis/all-data-reordered/all/Protesta ni Corro gibasura.txt
/Users/rl-14/Desktop/Celine-Thesis/all-data-reordered/all/Protesta sa buhatan sa LTFRB kasado karong Enero 20.txt
/Users/rl-14/Desktop/Celine-Thesis/all-data-reordered/all/Prov. tourism officer mihangyo sa kagamhanan sa Alcoy.txt
/Users/rl-14/Desktop/Celine-Thesis/all-data-reordered/all/Provincial Manager sa NFA-Surigao Del Norte, patay sa aksidente.txt
/Users/rl-14/Desktop/Celine-Thesis/all-data-reordered/all/PROX1 nanawagan sa CHR imbestigahan pagpatay sa NPA sa tribal leader.txt
/Users/rl-14/Desktop/Celine-Thesis/all-data-reordered/all/Proyekto ipahuman dayon.txt
/Users/rl-14/Desktop/Celine-Thesis/all-data-reordered/all/Proyekto milampos tungod sa teamwork.txt
/Users/rl-14/Desktop/Celine-Thesis/all-data-reordered/all/Proyekto sa Abraham Lee Construction ipasuspendi samtang nagpahigayon ang imbestigayon; 5 kumpirmadong patay samtang sobra sa 60 angol sa pagkahugno sa bunkhouse sa Archbishop Reyes Avenue.txt
/Users/rl-14/Desktop/Celine-Thesis/all-data-reordered/all/PS2, nanghatag ug bulak ning adlaw sa gugma.txt
/Users/rl-14/Desktop/Celine-Thesis/all-data-reordered/all/PS6 daog sa lahotay.txt
/Users/rl-14/Desktop/Celine-Thesis/all-data-reordered/all/PS9 gitinguha nga ma-smoke free ilang area.txt
/Users/rl-14/Desktop/Celine-Thesis/all-data-reordered/all/PS9 mikunhod ang krimen.txt
/Users/rl-14/Desktop/Celine-Thesis/all-data-reordered/all/PSA 7 mipausbaw sa ilang bayranan.txt
/Users/rl-14/Desktop/Celine-Thesis/all-data-reordered/all/PSA midasig sa publiko nga magpa-rehistro.txt
/Users/rl-14/Desktop/Celine-Thesis/all-data-reordered/all/Psalmstre boss miaktibo sa pagsuporta og talents.txt
/Users/rl-14/Desktop/Celine-Thesis/all-data-reordered/all/Psalmstre ug FDAP naghiusa.txt
/Users/rl-14/Desktop/Celine-Thesis/all-data-reordered/all/PSC mopahigayon og lumba'g langoy sa dagat karong Mayo 13.txt
/Users/rl-14/Desktop/Celine-Thesis/all-data-reordered/all/PSC moporma og national collegiate athletic federation.txt
/Users/rl-14/Desktop/Celine-Thesis/all-data-reordered/all/PSC-Pacquiao Amateur Boxing quarterfinals sa Naga.txt
/Users/rl-14/Desktop/Celine-Thesis/all-data-reordered/all/PSI dakong tabang.txt
/Users/rl-14/Desktop/Celine-Thesis/all-data-reordered/all/Public Apology.txt
/Users/rl-14/Desktop/Celine-Thesis/all-data-reordered/all/Publiko giawhag mohatag suhestyon sa Davao truck ban.txt
/Users/rl-14/Desktop/Celine-Thesis/all-data-reordered/all/Publiko gipahimangnuan batok sa 5 ka mga food products nga makadaut sa panglawas.txt
/Users/rl-14/Desktop/Celine-Thesis/all-data-reordered/all/Publiko gipasidan-an mag-amping kanunay .txt
/Users/rl-14/Desktop/Celine-Thesis/all-data-reordered/all/Publiko, gi-warningan ni Gordon sa posibling “pamulitika lang” sa plano nga pederelismo.txt
/Users/rl-14/Desktop/Celine-Thesis/all-data-reordered/all/Puerto NHS nagkalayo sa Oro SPEED .txt
/Users/rl-14/Desktop/Celine-Thesis/all-data-reordered/all/Puerto NHS nikampyon!.txt
/Users/rl-14/Desktop/Celine-Thesis/all-data-reordered/all/Puerto, Lapasan sulod sa district finals.txt
/Users/rl-14/Desktop/Celine-Thesis/all-data-reordered/all/Pugante nasikop sa Cebu .txt
/Users/rl-14/Desktop/Celine-Thesis/all-data-reordered/all/Pugante nasikop samtang nag-vigil .txt
/Users/rl-14/Desktop/Celine-Thesis/all-data-reordered/all/Pugante nasikop.txt
/Users/rl-14/Desktop/Celine-Thesis/all-data-reordered/all/Pugante sa CPDRC wa motahan; 8 ka tuig madugang sa pagsilot .txt
/Users/rl-14/Desktop/Celine-Thesis/all-data-reordered/all/Pugngan ang hari.txt
/Users/rl-14/Desktop/Celine-Thesis/all-data-reordered/all/PUJ driver gipusil, 14 ang samad .txt
/Users/rl-14/Desktop/Celine-Thesis/all-data-reordered/all/PUJ operator nga pusher tipi sa pulis.txt
/Users/rl-14/Desktop/Celine-Thesis/all-data-reordered/all/Puli ni Castro.txt
/Users/rl-14/Desktop/Celine-Thesis/all-data-reordered/all/Pulis 'gihinol, gihagkan' sa kauban.txt
/Users/rl-14/Desktop/Celine-Thesis/all-data-reordered/all/Pulis 'supplier' og shabu: hepe.txt
/Users/rl-14/Desktop/Celine-Thesis/all-data-reordered/all/Pulis `nanghinol; ID, tsapa gikuha.txt
/Users/rl-14/Desktop/Celine-Thesis/all-data-reordered/all/Pulis alerto sa ‘Araw ng Dabaw’.txt
/Users/rl-14/Desktop/Celine-Thesis/all-data-reordered/all/Pulis awardee sa Charter Day.txt
/Users/rl-14/Desktop/Celine-Thesis/all-data-reordered/all/Pulis awol gipusil-tipi.txt
/Users/rl-14/Desktop/Celine-Thesis/all-data-reordered/all/Pulis gi-buy bust, patay; 'drug lord' nadakpan.txt
/Users/rl-14/Desktop/Celine-Thesis/all-data-reordered/all/Pulis gi-buy bust, sikop.txt
/Users/rl-14/Desktop/Celine-Thesis/all-data-reordered/all/Pulis gibaharan sa empleyado sa Kapitolyo.txt
/Users/rl-14/Desktop/Celine-Thesis/all-data-reordered/all/Pulis gidayeg ni Amores sa pagsikop.txt
/Users/rl-14/Desktop/Celine-Thesis/all-data-reordered/all/Pulis giimbargohan sa armas sa PRO7.txt
/Users/rl-14/Desktop/Celine-Thesis/all-data-reordered/all/Pulis giimbarguhan sa iyang armas.txt
/Users/rl-14/Desktop/Celine-Thesis/all-data-reordered/all/Pulis gilapwaan sa misis.txt
/Users/rl-14/Desktop/Celine-Thesis/all-data-reordered/all/Pulis gipasidan-an sa mayor dili magtanum og ebidensiya .txt
/Users/rl-14/Desktop/Celine-Thesis/all-data-reordered/all/Pulis gipatay ang asawa.txt
/Users/rl-14/Desktop/Celine-Thesis/all-data-reordered/all/Pulis gipatay sa tandem .txt
/Users/rl-14/Desktop/Celine-Thesis/all-data-reordered/all/Pulis gipusil patay sulod sa iyang sakyanan, kauban niini angol.txt
/Users/rl-14/Desktop/Celine-Thesis/all-data-reordered/all/Pulis gisab-itan og medalya ni Bato.txt
/Users/rl-14/Desktop/Celine-Thesis/all-data-reordered/all/Pulis gisumbag og hubog  SunStar.txt
/Users/rl-14/Desktop/Celine-Thesis/all-data-reordered/all/Pulis imbestigahon.txt
/Users/rl-14/Desktop/Celine-Thesis/all-data-reordered/all/Pulis mag-atang sa lodge  .txt
/Users/rl-14/Desktop/Celine-Thesis/all-data-reordered/all/Pulis maoy utok sa pagpangrakrak: Tomas.txt
/Users/rl-14/Desktop/Celine-Thesis/all-data-reordered/all/Pulis mihangyo'g kiss gireklamo.txt
/Users/rl-14/Desktop/Celine-Thesis/all-data-reordered/all/Pulis mipatipi sa tanod?.txt
/Users/rl-14/Desktop/Celine-Thesis/all-data-reordered/all/Pulis mipindot?.txt
/Users/rl-14/Desktop/Celine-Thesis/all-data-reordered/all/Pulis naaktuhan nga nagka-casino nasikop.txt
/Users/rl-14/Desktop/Celine-Thesis/all-data-reordered/all/Pulis nag-prenda sa iyang pusil kasuhan .txt
/Users/rl-14/Desktop/Celine-Thesis/all-data-reordered/all/Pulis nag-shabu sikop sa mayor sud sa lodge.txt
/Users/rl-14/Desktop/Celine-Thesis/all-data-reordered/all/Pulis nagpa-live show gibartolina.txt
/Users/rl-14/Desktop/Celine-Thesis/all-data-reordered/all/Pulis nagpusil sa iyang ulo.txt
/Users/rl-14/Desktop/Celine-Thesis/all-data-reordered/all/Pulis nahubog, namukbok .txt
/Users/rl-14/Desktop/Celine-Thesis/all-data-reordered/all/Pulis nakaligis sa motorista, biktima patay!.txt
/Users/rl-14/Desktop/Celine-Thesis/all-data-reordered/all/Pulis nalambigit sa drugas?.txt
/Users/rl-14/Desktop/Celine-Thesis/all-data-reordered/all/Pulis nalutsan sa mga raliyesta .txt
/Users/rl-14/Desktop/Celine-Thesis/all-data-reordered/all/Pulis nasikop dihang gi-raid ang balay sa `drug pusher’.txt
/Users/rl-14/Desktop/Celine-Thesis/all-data-reordered/all/Pulis nasuko, 'mikulata' sa driver.txt
/Users/rl-14/Desktop/Celine-Thesis/all-data-reordered/all/Pulis naunay sa iyang pusil, namatay.txt
/Users/rl-14/Desktop/Celine-Thesis/all-data-reordered/all/Pulis nga `nangulata’ ipataktak; kauban nailhan sa kapulisan.txt
/Users/rl-14/Desktop/Celine-Thesis/all-data-reordered/all/Pulis nga `protektor’ mihimakak nga siyay nakit-an sa Carcar police.txt
/Users/rl-14/Desktop/Celine-Thesis/all-data-reordered/all/Pulis nga aktibo sa serbisyo sikop sa buybust operation.txt
/Users/rl-14/Desktop/Celine-Thesis/all-data-reordered/all/Pulis nga anak sa ex-police official,gikasuhan na sa CdeO.txt
/Users/rl-14/Desktop/Celine-Thesis/all-data-reordered/all/Pulis nga gireklamo nga nani-on ug pusil ug nanumbag og sibilyan, nagpaklaro.txt
/Users/rl-14/Desktop/Celine-Thesis/all-data-reordered/all/Pulis nga gisingil nangulata, nanion.txt
/Users/rl-14/Desktop/Celine-Thesis/all-data-reordered/all/Pulis nga gitipi ‘high value target’: hepe.txt
/Users/rl-14/Desktop/Celine-Thesis/all-data-reordered/all/Pulis nga nagpasiugda sa live show sa MisOr jail, usa ka semana ipaubos sa bortolina.txt
/Users/rl-14/Desktop/Celine-Thesis/all-data-reordered/all/Pulis nga nagsuyop nasikop.txt
/Users/rl-14/Desktop/Celine-Thesis/all-data-reordered/all/Pulis nga nani-on ug armas sa gwardiya, restricted ug gidis-armahan.txt
/Users/rl-14/Desktop/Celine-Thesis/all-data-reordered/all/Pulis nga nasikop uban sa pusher nag-duty diay.txt
/Users/rl-14/Desktop/Celine-Thesis/all-data-reordered/all/Pulis nga protector giimbestigar.txt
/Users/rl-14/Desktop/Celine-Thesis/all-data-reordered/all/Pulis patay atol sa drug operation batok sa usa ka high value target.txt
/Users/rl-14/Desktop/Celine-Thesis/all-data-reordered/all/Pulis patay sa pagkabalintong sa iyang motor human nabanggaan sa tricycle.txt
/Users/rl-14/Desktop/Celine-Thesis/all-data-reordered/all/Pulis sa CPDRC ipaimbestigar.txt
/Users/rl-14/Desktop/Celine-Thesis/all-data-reordered/all/Pulis sa Davao nasikop sa drug operation.txt
/Users/rl-14/Desktop/Celine-Thesis/all-data-reordered/all/Pulis ug 2 ka priso nga nag-live show sa MisOr jail,gi-bartolina.txt
/Users/rl-14/Desktop/Celine-Thesis/all-data-reordered/all/Pulis wa pay natipi?.txt
/Users/rl-14/Desktop/Celine-Thesis/all-data-reordered/all/Pulis ‘nangilkil’, nadakpan.txt
/Users/rl-14/Desktop/Celine-Thesis/all-data-reordered/all/Pulis, 2 ka tawo gitipi.txt
/Users/rl-14/Desktop/Celine-Thesis/all-data-reordered/all/Pulis, huwes igo sa skimming.txt
/Users/rl-14/Desktop/Celine-Thesis/all-data-reordered/all/Pulis, ig-agaw gipusil sa 2 ka tawo, patay.txt
/Users/rl-14/Desktop/Celine-Thesis/all-data-reordered/all/Pulis, ig-agaw sa viral video mingtahan.txt
/Users/rl-14/Desktop/Celine-Thesis/all-data-reordered/all/Pulis, kapuyo sikop sa MisOr drug bust.txt
/Users/rl-14/Desktop/Celine-Thesis/all-data-reordered/all/Pulis, konsehal nasikop sa casino.txt
/Users/rl-14/Desktop/Celine-Thesis/all-data-reordered/all/Pulis, priso human mapusilan patay ang 64 anyos nga naguyab sa iyahang 83 anyos nga inahan.txt
/Users/rl-14/Desktop/Celine-Thesis/all-data-reordered/all/Pulis, pusher patay sa buy-bust.txt
/Users/rl-14/Desktop/Celine-Thesis/all-data-reordered/all/Pulitika ang gisusi.txt
/Users/rl-14/Desktop/Celine-Thesis/all-data-reordered/all/Pulitika sudlon ni Derrick, soon!.txt
/Users/rl-14/Desktop/Celine-Thesis/all-data-reordered/all/Pulong 'official leave' sa roll call sa Konseho.txt
/Users/rl-14/Desktop/Celine-Thesis/all-data-reordered/all/Pulong ngadto sa UP: Tipigi ang honorary degree .txt
/Users/rl-14/Desktop/Celine-Thesis/all-data-reordered/all/Pulong sa mga kapitan: Tabang mo sa giyera kontra droga.txt
/Users/rl-14/Desktop/Celine-Thesis/all-data-reordered/all/Pumaren sa Adamson; Ayo sa DLSU.txt
/Users/rl-14/Desktop/Celine-Thesis/all-data-reordered/all/Punerarya gipaarakan.txt
/Users/rl-14/Desktop/Celine-Thesis/all-data-reordered/all/Puno sa pagsalig.txt
/Users/rl-14/Desktop/Celine-Thesis/all-data-reordered/all/Puntos ni Pacquiao di taghap.txt
/Users/rl-14/Desktop/Celine-Thesis/all-data-reordered/all/Puregold, AirAsia naghiusa.txt
/Users/rl-14/Desktop/Celine-Thesis/all-data-reordered/all/Pusher napatay sa Mandaue police.txt
/Users/rl-14/Desktop/Celine-Thesis/all-data-reordered/all/Pusher napatay; pulis naangol.txt
/Users/rl-14/Desktop/Celine-Thesis/all-data-reordered/all/Pusher nasikop sa buy bust sa Duljo.txt
/Users/rl-14/Desktop/Celine-Thesis/all-data-reordered/all/Pusher sa Liloan dakpan.txt
/Users/rl-14/Desktop/Celine-Thesis/all-data-reordered/all/Pusher tipi sa wa mailhing suspek.txt
/Users/rl-14/Desktop/Celine-Thesis/all-data-reordered/all/Pusher wa mosukol, gipatay: misis.txt
/Users/rl-14/Desktop/Celine-Thesis/all-data-reordered/all/Pusher ‘mibahad  nga mosukol’, napatay sa mga pulis nga mo-serve og warrant.txt
/Users/rl-14/Desktop/Celine-Thesis/all-data-reordered/all/Pushers nanago gikan sa Oplan Tokhang.txt
/Users/rl-14/Desktop/Celine-Thesis/all-data-reordered/all/Pusil sa sekyu nahulog mibuto, biktima dugu-an nga gidala sa hospital.txt
/Users/rl-14/Desktop/Celine-Thesis/all-data-reordered/all/Putlan og allowance kon curfew di ipatuman.txt
/Users/rl-14/Desktop/Celine-Thesis/all-data-reordered/all/PUV Operators sa Davao City Overland Transport Terminal, gi-reklamo ang dobleng singil sa terminal fee.txt
/Users/rl-14/Desktop/Celine-Thesis/all-data-reordered/all/Puwede sa NBA: Cone.txt
/Users/rl-14/Desktop/Celine-Thesis/all-data-reordered/all/Puwesto ni Green lisod hulipan: Kerr.txt
/Users/rl-14/Desktop/Celine-Thesis/all-data-reordered/all/Puya sud sa bag gibilin sa mall .txt
/Users/rl-14/Desktop/Celine-Thesis/all-data-reordered/all/Puyo duol sa landfill: hagit ni Joel kang Tomas.txt
/Users/rl-14/Desktop/Celine-Thesis/all-data-reordered/all/PWD nanghangyo og P1,000 nga usbaw.txt
/Users/rl-14/Desktop/Celine-Thesis/all-data-reordered/all/PWD nanginahanglan og tabang.txt
/Users/rl-14/Desktop/Celine-Thesis/all-data-reordered/all/PWD office giduso.txt
/Users/rl-14/Desktop/Celine-Thesis/all-data-reordered/all/Pwerting hasula.txt
/Users/rl-14/Desktop/Celine-Thesis/all-data-reordered/all/PXC-Laban MMA Cagayan de Oro, andam na!.txt
/Users/rl-14/Desktop/Celine-Thesis/all-data-reordered/all/Q&A with Gerald & Arci.txt
/Users/rl-14/Desktop/Celine-Thesis/all-data-reordered/all/Qualifications sa mga mudagan sa Kongreso, dugangan sa Consultative Committee ilalom sa pederalismo, sigon ni Pimentel.txt
/Users/rl-14/Desktop/Celine-Thesis/all-data-reordered/all/Quarry sa Danao nga namatyan wa nay permit; susihon sa taga MGB-7.txt
/Users/rl-14/Desktop/Celine-Thesis/all-data-reordered/all/Quarry sa Davao del Sur gipaundang .txt
/Users/rl-14/Desktop/Celine-Thesis/all-data-reordered/all/Queensland andam sa Pacquiao-Horn fight.txt
/Users/rl-14/Desktop/Celine-Thesis/all-data-reordered/all/Quiboloy gi-hold sa Hawaii.txt
/Users/rl-14/Desktop/Celine-Thesis/all-data-reordered/all/Quiboloy walay nalapas balaod sa US - abogado.txt
/Users/rl-14/Desktop/Celine-Thesis/all-data-reordered/all/Quipper gilusad sa Sugbo.txt
/Users/rl-14/Desktop/Celine-Thesis/all-data-reordered/all/Quipper School gilusad sa Punta Prinsesa Elementary School sa dakbayan sa Sugbo.txt
/Users/rl-14/Desktop/Celine-Thesis/all-data-reordered/all/Quisumbing gustong moduma sa skywalk.txt
/Users/rl-14/Desktop/Celine-Thesis/all-data-reordered/all/Quisumbing naalarma sa 'zombie drug'.txt
/Users/rl-14/Desktop/Celine-Thesis/all-data-reordered/all/Quisumbing nakigkita sa mga tindera, stall owners.txt
/Users/rl-14/Desktop/Celine-Thesis/all-data-reordered/all/Quisumbing wa modayon sa iyang biyahe sa Japan.txt
/Users/rl-14/Desktop/Celine-Thesis/all-data-reordered/all/Quisumbing, Radaza may pahimangno sa publiko.txt
/Users/rl-14/Desktop/Celine-Thesis/all-data-reordered/all/Quitain Jr. gipili nga 'majority floor leader'.txt
/Users/rl-14/Desktop/Celine-Thesis/all-data-reordered/all/Quo warrantor dili makalupig sa Konstitusyon – Atty. Barcenas.txt
/Users/rl-14/Desktop/Celine-Thesis/all-data-reordered/all/R.R Landon ray pasirhan sa Lunes.txt
/Users/rl-14/Desktop/Celine-Thesis/all-data-reordered/all/Raagas misakwat sa Xavier United ngadto sa daug.txt
/Users/rl-14/Desktop/Celine-Thesis/all-data-reordered/all/Rabacal: Aguirre angayang ilisdan.txt
/Users/rl-14/Desktop/Celine-Thesis/all-data-reordered/all/Rabacal: Bisaya na pud.txt
/Users/rl-14/Desktop/Celine-Thesis/all-data-reordered/all/Rabacal: Grasya gikan sa SRP.txt
/Users/rl-14/Desktop/Celine-Thesis/all-data-reordered/all/Rabacal: Grupong kabungkagon.txt
/Users/rl-14/Desktop/Celine-Thesis/all-data-reordered/all/Rabacal: Hadlok na sa bakuna.txt
/Users/rl-14/Desktop/Celine-Thesis/all-data-reordered/all/Rabacal: Isyu sa PDP-Laban giklaro.txt
/Users/rl-14/Desktop/Celine-Thesis/all-data-reordered/all/Rabacal: Labella pagka-mayor.txt
/Users/rl-14/Desktop/Celine-Thesis/all-data-reordered/all/Rabacal: Lalis sa Con-Ass.txt
/Users/rl-14/Desktop/Celine-Thesis/all-data-reordered/all/Rabacal: Political will ni Digong.txt
/Users/rl-14/Desktop/Celine-Thesis/all-data-reordered/all/Rabacal: Room no. 317.txt
/Users/rl-14/Desktop/Celine-Thesis/all-data-reordered/all/Rabacal: Silotan usab ang nabuthan.txt
/Users/rl-14/Desktop/Celine-Thesis/all-data-reordered/all/Rabacal: Tulay sa drugas.txt
/Users/rl-14/Desktop/Celine-Thesis/all-data-reordered/all/Rachel Peters mibahad.txt
/Users/rl-14/Desktop/Celine-Thesis/all-data-reordered/all/Racing scooter clinic gilusad.txt
/Users/rl-14/Desktop/Celine-Thesis/all-data-reordered/all/Radaza gisuspenso.txt
/Users/rl-14/Desktop/Celine-Thesis/all-data-reordered/all/Radaza gustong ilabay og layo ang tourist police nga gireklamo.txt
/Users/rl-14/Desktop/Celine-Thesis/all-data-reordered/all/Radaza mipasidaan sa mga kawani.txt
/Users/rl-14/Desktop/Celine-Thesis/all-data-reordered/all/Radaza mipasira sa internet cafe.txt
/Users/rl-14/Desktop/Celine-Thesis/all-data-reordered/all/Radaza mopatuman sa plastic ban sa Lapu-Lapu.txt
/Users/rl-14/Desktop/Celine-Thesis/all-data-reordered/all/Rafael ug Kiko lingawon ang Kagay-anon.txt
/Users/rl-14/Desktop/Celine-Thesis/all-data-reordered/all/RAFI mi-turnover sa bag-ong edipisyo.txt
/Users/rl-14/Desktop/Celine-Thesis/all-data-reordered/all/Rafi Micro-finance miabli og dugang 5 ka branches.txt
/Users/rl-14/Desktop/Celine-Thesis/all-data-reordered/all/Rafting sa Kawasan Falls gisuspenso.txt
/Users/rl-14/Desktop/Celine-Thesis/all-data-reordered/all/Raga di na suklan og parehas.txt
/Users/rl-14/Desktop/Celine-Thesis/all-data-reordered/all/Raga hari sa 1st Summer 10-Ball.txt
/Users/rl-14/Desktop/Celine-Thesis/all-data-reordered/all/Raga hari sa Mayor Diamante 10-Ball.txt
/Users/rl-14/Desktop/Celine-Thesis/all-data-reordered/all/Raga wala ka larga.txt
/Users/rl-14/Desktop/Celine-Thesis/all-data-reordered/all/Railway tukoron sa Mandaue City .txt
/Users/rl-14/Desktop/Celine-Thesis/all-data-reordered/all/Rain or Shine 2-0 ang tuyo.txt
/Users/rl-14/Desktop/Celine-Thesis/all-data-reordered/all/Rain or Shine coach Guiao andam mo-trade og players.txt
/Users/rl-14/Desktop/Celine-Thesis/all-data-reordered/all/Rain or Shine moilis na sab og import?.txt
/Users/rl-14/Desktop/Celine-Thesis/all-data-reordered/all/Rain or Shine molangkat sa titulo.txt
/Users/rl-14/Desktop/Celine-Thesis/all-data-reordered/all/Rainer Castillo balik showbiz .txt
/Users/rl-14/Desktop/Celine-Thesis/all-data-reordered/all/Rali nadisturbo.txt
/Users/rl-14/Desktop/Celine-Thesis/all-data-reordered/all/Rama ihulip ni Hanz Abella sa konseho?.txt
/Users/rl-14/Desktop/Celine-Thesis/all-data-reordered/all/Rama midepensa sa mga kapitan nga gikiha.txt
/Users/rl-14/Desktop/Celine-Thesis/all-data-reordered/all/Rama mihagit ni Osmeña og drug test.txt
/Users/rl-14/Desktop/Celine-Thesis/all-data-reordered/all/Rama mihangop sa hukom ni Sec. Lopez.txt
/Users/rl-14/Desktop/Celine-Thesis/all-data-reordered/all/Rama mokandidato pagbalik.txt
/Users/rl-14/Desktop/Celine-Thesis/all-data-reordered/all/Rama nakurat nga nalistang protektor.txt
/Users/rl-14/Desktop/Celine-Thesis/all-data-reordered/all/Rama subling mipadayag nga wa kaila ni Jaguar.txt
/Users/rl-14/Desktop/Celine-Thesis/all-data-reordered/all/Ramirez mapasigarbuhon sa kalampusan sa 2015 Triathlon.txt
/Users/rl-14/Desktop/Celine-Thesis/all-data-reordered/all/Ramirez may special treatment?; Sa ospital ‘gipriso’.txt
/Users/rl-14/Desktop/Celine-Thesis/all-data-reordered/all/Random drug test sa mga estudyante ibalik sa Deped.txt
/Users/rl-14/Desktop/Celine-Thesis/all-data-reordered/all/Randy gibiyaan ang Wowowin kay nagpokos sa ‘La Luna Sangre’.txt
/Users/rl-14/Desktop/Celine-Thesis/all-data-reordered/all/Ranidel naangol.txt
/Users/rl-14/Desktop/Celine-Thesis/all-data-reordered/all/Ranidel nagplanong dili na moduwa sa Gilas Pilipinas.txt
/Users/rl-14/Desktop/Celine-Thesis/all-data-reordered/all/Ransak sa Digos City misiaw.txt
/Users/rl-14/Desktop/Celine-Thesis/all-data-reordered/all/Rape misaka tungod sa 'serial rapist'.txt
/Users/rl-14/Desktop/Celine-Thesis/all-data-reordered/all/Rape suspect,isaka sa CdeO jail.txt
/Users/rl-14/Desktop/Celine-Thesis/all-data-reordered/all/Raptors gisalbar ni Lowry.txt
/Users/rl-14/Desktop/Celine-Thesis/all-data-reordered/all/Raptors mibawos.txt
/Users/rl-14/Desktop/Celine-Thesis/all-data-reordered/all/Raptors mosandig sa mga dumadapig.txt
/Users/rl-14/Desktop/Celine-Thesis/all-data-reordered/all/Raptors nakaipsot.txt
/Users/rl-14/Desktop/Celine-Thesis/all-data-reordered/all/Raptors nasugpo.txt
/Users/rl-14/Desktop/Celine-Thesis/all-data-reordered/all/Raptors vs. Cavs sa east.txt
/Users/rl-14/Desktop/Celine-Thesis/all-data-reordered/all/Raptors, Hawks 3-2.txt
/Users/rl-14/Desktop/Celine-Thesis/all-data-reordered/all/Raquel gidawat si ‘Jake Zyrus’.txt
/Users/rl-14/Desktop/Celine-Thesis/all-data-reordered/all/Ravena andam na sa PBA .txt
/Users/rl-14/Desktop/Celine-Thesis/all-data-reordered/all/Ravena gustong magpa-coach ni Guiao .txt
/Users/rl-14/Desktop/Celine-Thesis/all-data-reordered/all/Ravena masaligon nga gold makuha.txt
/Users/rl-14/Desktop/Celine-Thesis/all-data-reordered/all/Ravena misalmot sa praktis sa RP Gilas.txt
/Users/rl-14/Desktop/Celine-Thesis/all-data-reordered/all/Ravena mo tryout sa NBA D-League.txt
/Users/rl-14/Desktop/Celine-Thesis/all-data-reordered/all/Ravena naka-31 puntos pero NLEX napildi sa Hotshots.txt
/Users/rl-14/Desktop/Celine-Thesis/all-data-reordered/all/Ravena napiling MVP.txt
/Users/rl-14/Desktop/Celine-Thesis/all-data-reordered/all/Ravena POW awardee na sab.txt
/Users/rl-14/Desktop/Celine-Thesis/all-data-reordered/all/Ravena, NLEX vs. Fajardo, SMB.txt
/Users/rl-14/Desktop/Celine-Thesis/all-data-reordered/all/Ray Parks na-injured sa NBA pre-draft workouts.txt
/Users/rl-14/Desktop/Celine-Thesis/all-data-reordered/all/Raymundo moretiro na sa PBA.txt
/Users/rl-14/Desktop/Celine-Thesis/all-data-reordered/all/Rayver mikumpirma nga gipanguyaban si Janine.txt
/Users/rl-14/Desktop/Celine-Thesis/all-data-reordered/all/RCG Strikers midomina.txt
/Users/rl-14/Desktop/Celine-Thesis/all-data-reordered/all/RCWC padayong modawat og `pencils for poor students’.txt
/Users/rl-14/Desktop/Celine-Thesis/all-data-reordered/all/rd title sa XUHS  para kang Llavore  SunStar.txt
/Users/rl-14/Desktop/Celine-Thesis/all-data-reordered/all/RDC gisaway ni Osmeña; opisyal mipasabot nganong proyekto wa dayon uyoni.txt
/Users/rl-14/Desktop/Celine-Thesis/all-data-reordered/all/RDO gibuhian sa TNT; sa Meralco na punta.txt
/Users/rl-14/Desktop/Celine-Thesis/all-data-reordered/all/Re-routing sa Maguikay flyover giklaro.txt
/Users/rl-14/Desktop/Celine-Thesis/all-data-reordered/all/Real property tax pasakahan sa Kapitolyo.txt
/Users/rl-14/Desktop/Celine-Thesis/all-data-reordered/all/Rebolusyonaryong grupo mipalag sa kamatayon sa ilang kauban .txt
/Users/rl-14/Desktop/Celine-Thesis/all-data-reordered/all/Rebulto, mga bag `gikawat’ sa babaye nga buntis, `nalisoan’.txt
/Users/rl-14/Desktop/Celine-Thesis/all-data-reordered/all/Recla mihangyo ni Gullas nga station koralon.txt
/Users/rl-14/Desktop/Celine-Thesis/all-data-reordered/all/Recoletos de Cebu Cup andam na.txt
/Users/rl-14/Desktop/Celine-Thesis/all-data-reordered/all/Recoletos Run karong Dominggo.txt
/Users/rl-14/Desktop/Celine-Thesis/all-data-reordered/all/Record natupngan.txt
/Users/rl-14/Desktop/Celine-Thesis/all-data-reordered/all/Record ni Caidic gibuak ni Alapag.txt
/Users/rl-14/Desktop/Celine-Thesis/all-data-reordered/all/Record sa NBA natupngan na Golden State, 15-0.txt
/Users/rl-14/Desktop/Celine-Thesis/all-data-reordered/all/Record-breaking fight.txt
/Users/rl-14/Desktop/Celine-Thesis/all-data-reordered/all/Recovery specialists isip profession.txt
/Users/rl-14/Desktop/Celine-Thesis/all-data-reordered/all/Red Horse Muziklaban nisipa gabii.txt
/Users/rl-14/Desktop/Celine-Thesis/all-data-reordered/all/Red Scorpions batok Shooting Stars.txt
/Users/rl-14/Desktop/Celine-Thesis/all-data-reordered/all/Reed 3-PEAT!.txt
/Users/rl-14/Desktop/Celine-Thesis/all-data-reordered/all/Refill nga butane risgo.txt
/Users/rl-14/Desktop/Celine-Thesis/all-data-reordered/all/Regalo sa birthday ni Lebron.txt
/Users/rl-14/Desktop/Celine-Thesis/all-data-reordered/all/Regalo sa pagretiro.txt
/Users/rl-14/Desktop/Celine-Thesis/all-data-reordered/all/Regencia nakagawas na sa prisohan.txt
/Users/rl-14/Desktop/Celine-Thesis/all-data-reordered/all/Regine dawat nga laos na siya.txt
/Users/rl-14/Desktop/Celine-Thesis/all-data-reordered/all/Regine suportado ang anak ni Ogie nga si Leila.txt
/Users/rl-14/Desktop/Celine-Thesis/all-data-reordered/all/Regine Velasquez, nangita og bag-ong Singing Superstar.txt
/Users/rl-14/Desktop/Celine-Thesis/all-data-reordered/all/Region 12 athletes alang sa Palarong Pambansa, biyaheng Vigan na sa Abril 5.txt
/Users/rl-14/Desktop/Celine-Thesis/all-data-reordered/all/Region 7 PNP gipa-ubos sa drug test, Pulis nga magpositibo, automatic tangtang sa pwesto.txt
/Users/rl-14/Desktop/Celine-Thesis/all-data-reordered/all/Region-10, gitay-og sa linog.txt
/Users/rl-14/Desktop/Celine-Thesis/all-data-reordered/all/Registration alang sa mag-Haj sa Saudi Arabia, nagpadayon.txt
/Users/rl-14/Desktop/Celine-Thesis/all-data-reordered/all/Registration ipadayon .txt
/Users/rl-14/Desktop/Celine-Thesis/all-data-reordered/all/Registration sa Awum run hurot sud sa 28 minutos.txt
/Users/rl-14/Desktop/Celine-Thesis/all-data-reordered/all/Registration sa Hontiveros camp nagpadayon pa.txt
/Users/rl-14/Desktop/Celine-Thesis/all-data-reordered/all/Registration sa PSC-Sinulog Fun Run kutob ugma.txt
/Users/rl-14/Desktop/Celine-Thesis/all-data-reordered/all/Registration sa Sunsport, Marso 25.txt
/Users/rl-14/Desktop/Celine-Thesis/all-data-reordered/all/Registration sa Yaw-yan training gisugdan na.txt
/Users/rl-14/Desktop/Celine-Thesis/all-data-reordered/all/Rehab center nasunog, 3 mi-eskapo.txt
/Users/rl-14/Desktop/Celine-Thesis/all-data-reordered/all/Rehab center sa Masbate maoy himuong modelo sa Kabisay-an.txt
/Users/rl-14/Desktop/Celine-Thesis/all-data-reordered/all/Rehab centers sa mga ospital giduso.txt
/Users/rl-14/Desktop/Celine-Thesis/all-data-reordered/all/Rehistrasyon sa PowerPlay sugdan karon.txt
/Users/rl-14/Desktop/Celine-Thesis/all-data-reordered/all/Reika Ootaka sa Japan Mrs. Tourism 2018.txt
/Users/rl-14/Desktop/Celine-Thesis/all-data-reordered/all/Reklamo ni Onyok, performance sa RP athletes susihon ni Pacman.txt
/Users/rl-14/Desktop/Celine-Thesis/all-data-reordered/all/Reklamo sa mga motorista nga natubilan ug gasolina nga nay tubig, padayong gi-imbestigahan sa DOE.txt
/Users/rl-14/Desktop/Celine-Thesis/all-data-reordered/all/Reklamong admin batok  sa kapitan gituki sa komiti.txt
/Users/rl-14/Desktop/Celine-Thesis/all-data-reordered/all/Rekord ni MJ gibuak ni LBJ.txt
/Users/rl-14/Desktop/Celine-Thesis/all-data-reordered/all/Rekord sa Bulls buakon.txt
/Users/rl-14/Desktop/Celine-Thesis/all-data-reordered/all/Relasyon sa Aldub walay label .txt
/Users/rl-14/Desktop/Celine-Thesis/all-data-reordered/all/Relasyon sa Jadine pang promo lang?.txt
/Users/rl-14/Desktop/Celine-Thesis/all-data-reordered/all/Relasyon sa PSC, POC magpadayon.txt
/Users/rl-14/Desktop/Celine-Thesis/all-data-reordered/all/Relasyong Jadine 4 months na!.txt
/Users/rl-14/Desktop/Celine-Thesis/all-data-reordered/all/Relasyong KathNiel mas lig-on.txt
/Users/rl-14/Desktop/Celine-Thesis/all-data-reordered/all/Reluya naguol sa 3 ka konsehal.txt
/Users/rl-14/Desktop/Celine-Thesis/all-data-reordered/all/Rematch gikauyonan.txt
/Users/rl-14/Desktop/Celine-Thesis/all-data-reordered/all/Rematch o moretiro?.txt
/Users/rl-14/Desktop/Celine-Thesis/all-data-reordered/all/Rematch o retiro?.txt
/Users/rl-14/Desktop/Celine-Thesis/all-data-reordered/all/Rematch: ALA.txt
/Users/rl-14/Desktop/Celine-Thesis/all-data-reordered/all/Rematch? No way!: Floyd Jr..txt
/Users/rl-14/Desktop/Celine-Thesis/all-data-reordered/all/Rematch? No way: De La Hoya.txt
/Users/rl-14/Desktop/Celine-Thesis/all-data-reordered/all/Remittance centers sa Mandaue ipa-monitor.txt
/Users/rl-14/Desktop/Celine-Thesis/all-data-reordered/all/Remolino, Indaya daog sa Olango.txt
/Users/rl-14/Desktop/Celine-Thesis/all-data-reordered/all/Renewal sa business permit dili lugwayan.txt
/Users/rl-14/Desktop/Celine-Thesis/all-data-reordered/all/Renewal sa permit gihimo bisan holiday.txt
/Users/rl-14/Desktop/Celine-Thesis/all-data-reordered/all/Renovation sa City Hall Building, gi-planohan na.txt
/Users/rl-14/Desktop/Celine-Thesis/all-data-reordered/all/Renz namuyboy kang Kris?.txt
/Users/rl-14/Desktop/Celine-Thesis/all-data-reordered/all/Rep Floirendo pabiling dako ang pagsalig sa Justice system sa nasud..txt
/Users/rl-14/Desktop/Celine-Thesis/all-data-reordered/all/Rep. Johnny Pimentel, aminadong kulang sa panahon ang gidusong sugyot alang sa barangay og SK election postponement.txt
/Users/rl-14/Desktop/Celine-Thesis/all-data-reordered/all/Rep. Tom Villarin: “Delikadong mabungkag ang justice system sa Pilipinas sa pagpamulitika sa isyu kontra CJ Sereno”.txt
/Users/rl-14/Desktop/Celine-Thesis/all-data-reordered/all/Reporter `gihulga’ sa pulis; nagpa-blotter sa kahadlok.txt
/Users/rl-14/Desktop/Celine-Thesis/all-data-reordered/all/Reporter nakabayad kang Manny.txt
/Users/rl-14/Desktop/Celine-Thesis/all-data-reordered/all/Reporter sa Lapu gihulgang patyon.txt
/Users/rl-14/Desktop/Celine-Thesis/all-data-reordered/all/Representante sa Santo Papa, malipayon nga mipaambit sa iyahang kasinati-an sa Sinulog Festival.txt
/Users/rl-14/Desktop/Celine-Thesis/all-data-reordered/all/Republic of the Philippines-Republic of Indonesia Border Crossing Committee Chairmen’s Conference gisugdan na dinhi sa dakbayan sa Dabaw.txt
/Users/rl-14/Desktop/Celine-Thesis/all-data-reordered/all/Rerouting sa unang Mactan bridge himuon sa Lunes.txt
/Users/rl-14/Desktop/Celine-Thesis/all-data-reordered/all/Rescue team sa kapulisan nakaalerto.txt
/Users/rl-14/Desktop/Celine-Thesis/all-data-reordered/all/Rescuer sa PDRRMO giatake, patay.txt
/Users/rl-14/Desktop/Celine-Thesis/all-data-reordered/all/Research sa mga tinun-an sa USC midaug .txt
/Users/rl-14/Desktop/Celine-Thesis/all-data-reordered/all/Residente daplin sa creek mireak nga pahawaon.txt
/Users/rl-14/Desktop/Celine-Thesis/all-data-reordered/all/Residente sa P-26, Camarin, Maa, Riverside, nabalaka sa bahad sa demolition team.txt
/Users/rl-14/Desktop/Celine-Thesis/all-data-reordered/all/Resolusyong mag-postpone sa barangay og SK elections, isang-at na sa Liga ng mga Punong Barangay-Mindanao sa kamara.txt
/Users/rl-14/Desktop/Celine-Thesis/all-data-reordered/all/Responsable sa social media: Radaza.txt
/Users/rl-14/Desktop/Celine-Thesis/all-data-reordered/all/Restaurant wa nakabayad P31-M buhis, gisirhan .txt
/Users/rl-14/Desktop/Celine-Thesis/all-data-reordered/all/Restobar sa Mango di gukdon ni Tomas .txt
/Users/rl-14/Desktop/Celine-Thesis/all-data-reordered/all/Resulta sa imbestigasyon sa nabisto nga re-bagging sa NFA rice sa Gensan, ipagawas na unsa mang adlawa ning semanaha.txt
/Users/rl-14/Desktop/Celine-Thesis/all-data-reordered/all/Resulta sa imbestigasyon sa sunog sa NCCC Mall gisumite na.txt
/Users/rl-14/Desktop/Celine-Thesis/all-data-reordered/all/Resulta sa random drug testing sa tanang empleyado sa PDEA-Caraga, padayon pang gihulat.txt
/Users/rl-14/Desktop/Celine-Thesis/all-data-reordered/all/Retiradong pulis, dalaygong amahan.txt
/Users/rl-14/Desktop/Celine-Thesis/all-data-reordered/all/Retired police gipusil patay.txt
/Users/rl-14/Desktop/Celine-Thesis/all-data-reordered/all/Reunion sa PBB Teen Season 1 gigastuhan ni Niña.txt
/Users/rl-14/Desktop/Celine-Thesis/all-data-reordered/all/Revaca pabiling walay tatsa.txt
/Users/rl-14/Desktop/Celine-Thesis/all-data-reordered/all/Revaca solong nag-una.txt
/Users/rl-14/Desktop/Celine-Thesis/all-data-reordered/all/Reveco saludo sa kaidlas ug kalantip ni Nietes.txt
/Users/rl-14/Desktop/Celine-Thesis/all-data-reordered/all/Reveco wa mahadlok sa record ni Nietes.txt
/Users/rl-14/Desktop/Celine-Thesis/all-data-reordered/all/Revengers, P 400-M na pero nakuwangan ko.txt
/Users/rl-14/Desktop/Celine-Thesis/all-data-reordered/all/RevGov gipangusgan sa mga supporters.txt
/Users/rl-14/Desktop/Celine-Thesis/all-data-reordered/all/Reward money alang kang Enrique Fernandez P200 mil na  SunStar.txt
/Users/rl-14/Desktop/Celine-Thesis/all-data-reordered/all/Reward money gidugangan ni Jaraula.txt
/Users/rl-14/Desktop/Celine-Thesis/all-data-reordered/all/Reward money gihanyag sa makatudlo sa mamumuno sa pagpanigbas .txt
/Users/rl-14/Desktop/Celine-Thesis/all-data-reordered/all/Reyes nakasigpat og mga potensiyal nga mga Sugboanon.txt
/Users/rl-14/Desktop/Celine-Thesis/all-data-reordered/all/Reyes nakontento sa iyang RP-Gilas lineup.txt
/Users/rl-14/Desktop/Celine-Thesis/all-data-reordered/all/Rhian biktima sa sexual harassment.txt
/Users/rl-14/Desktop/Celine-Thesis/all-data-reordered/all/Rhian chill lang nga itandi kang Ate Vi.txt
/Users/rl-14/Desktop/Celine-Thesis/all-data-reordered/all/Rhian nag 'yes' sa FHM .txt
/Users/rl-14/Desktop/Celine-Thesis/all-data-reordered/all/Rhian nag-immersion.txt
/Users/rl-14/Desktop/Celine-Thesis/all-data-reordered/all/Rhian nahagit sa bag-ong role!.txt
/Users/rl-14/Desktop/Celine-Thesis/all-data-reordered/all/Rhian Ramos nag-audition sa ‘Saving Sally’.txt
/Users/rl-14/Desktop/Celine-Thesis/all-data-reordered/all/Rhian way planong mobiya sa Kapuso Network.txt
/Users/rl-14/Desktop/Celine-Thesis/all-data-reordered/all/Rhian, laug og jogjog sa Totga.txt
/Users/rl-14/Desktop/Celine-Thesis/all-data-reordered/all/RHWC-Davao nabalaka pagsaka sa natakbuyan sa HIV-Aids.txt
/Users/rl-14/Desktop/Celine-Thesis/all-data-reordered/all/Ria Artayde ug Joseph na link?.txt
/Users/rl-14/Desktop/Celine-Thesis/all-data-reordered/all/RIAS 8 gipasakahan og kaso sa drug pusher .txt
/Users/rl-14/Desktop/Celine-Thesis/all-data-reordered/all/Rice cooker hapit miugdaw ug balay.txt
/Users/rl-14/Desktop/Celine-Thesis/all-data-reordered/all/Rice gipamulta og P.5 million.txt
/Users/rl-14/Desktop/Celine-Thesis/all-data-reordered/all/Rich ug uyab nailad og P400,000.txt
/Users/rl-14/Desktop/Celine-Thesis/all-data-reordered/all/Richard Yap nibata, unsa kahay sikreto?.txt
/Users/rl-14/Desktop/Celine-Thesis/all-data-reordered/all/Ricky Davao, Unsay sikreto nga nagmalungtaron?.txt
/Users/rl-14/Desktop/Celine-Thesis/all-data-reordered/all/Ricky Ramirez ipa-drug test .txt
/Users/rl-14/Desktop/Celine-Thesis/all-data-reordered/all/Rico's Lechon midaug og silver sa 2017 Asia-Pacific Stevie Awards.txt
/Users/rl-14/Desktop/Celine-Thesis/all-data-reordered/all/Rider Omega, Trap nag-partner.txt
/Users/rl-14/Desktop/Celine-Thesis/all-data-reordered/all/Rider sa 'Wall of Death'.txt
/Users/rl-14/Desktop/Celine-Thesis/all-data-reordered/all/Riding in tandem sikop.txt
/Users/rl-14/Desktop/Celine-Thesis/all-data-reordered/all/Riley nagbasol sa pagbiya ni Wade.txt
/Users/rl-14/Desktop/Celine-Thesis/all-data-reordered/all/Rios gi-knockout.txt
/Users/rl-14/Desktop/Celine-Thesis/all-data-reordered/all/Rios wa moretiro: manager.txt
/Users/rl-14/Desktop/Celine-Thesis/all-data-reordered/all/Riot diriyot moulbo sa CPDRC; dalaw sa piniriso gisuspenso.txt
/Users/rl-14/Desktop/Celine-Thesis/all-data-reordered/all/Risso’s Dolphin napalgang patay sa Oro.txt
/Users/rl-14/Desktop/Celine-Thesis/all-data-reordered/all/Ritz Azul bida diay unta sa Encantadia.txt
/Users/rl-14/Desktop/Celine-Thesis/all-data-reordered/all/Ritz excited sa Kapamilya.txt
/Users/rl-14/Desktop/Celine-Thesis/all-data-reordered/all/Rivers gipamulta.txt
/Users/rl-14/Desktop/Celine-Thesis/all-data-reordered/all/RMSC dili ipabaligya.txt
/Users/rl-14/Desktop/Celine-Thesis/all-data-reordered/all/Ro-Ro, lantsa istriktuhan pag-renew sa permit .txt
/Users/rl-14/Desktop/Celine-Thesis/all-data-reordered/all/Roach adunay ‘secret weapon’ batok Floyd.txt
/Users/rl-14/Desktop/Celine-Thesis/all-data-reordered/all/Roach andam mo-train kang Conor McGregor .txt
/Users/rl-14/Desktop/Celine-Thesis/all-data-reordered/all/Roach di motuo nga moretiro na si Pacquiao.txt
/Users/rl-14/Desktop/Celine-Thesis/all-data-reordered/all/Roach gusto nga Pacman moaway pa.txt
/Users/rl-14/Desktop/Celine-Thesis/all-data-reordered/all/Roach gustog rematch.txt
/Users/rl-14/Desktop/Celine-Thesis/all-data-reordered/all/Roach kuntento sa iyang nakita kang Pacquiao.txt
/Users/rl-14/Desktop/Celine-Thesis/all-data-reordered/all/Roach maoy hinungdan: Cotto.txt
/Users/rl-14/Desktop/Celine-Thesis/all-data-reordered/all/Roach mas pabor sa Pacquiao-Broner fight.txt
/Users/rl-14/Desktop/Celine-Thesis/all-data-reordered/all/Roach midayeg ni Manny sa sparring.txt
/Users/rl-14/Desktop/Celine-Thesis/all-data-reordered/all/Roach mihangop nga Pacquiao underdog.txt
/Users/rl-14/Desktop/Celine-Thesis/all-data-reordered/all/Roach mokuhag langyaw nga sparring partner ni Pacquiao.txt
/Users/rl-14/Desktop/Celine-Thesis/all-data-reordered/all/Roach nabalaka sa kahago ni Manny.txt
/Users/rl-14/Desktop/Celine-Thesis/all-data-reordered/all/Roach nagdala og sparring partner ni Pacquiao nga sakto sa gitas-on.txt
/Users/rl-14/Desktop/Celine-Thesis/all-data-reordered/all/Roach nagtuo nga Pacman moaway pa.txt
/Users/rl-14/Desktop/Celine-Thesis/all-data-reordered/all/Roach nangita’g dekalidad nga  kontra.txt
/Users/rl-14/Desktop/Celine-Thesis/all-data-reordered/all/Roach out na sab sa Team Pacquiao?.txt
/Users/rl-14/Desktop/Celine-Thesis/all-data-reordered/all/Roach padayong miinsister.txt
/Users/rl-14/Desktop/Celine-Thesis/all-data-reordered/all/Roach posibli moretiro.txt
/Users/rl-14/Desktop/Celine-Thesis/all-data-reordered/all/Roach taliabot alang sa training ni Manny.txt
/Users/rl-14/Desktop/Celine-Thesis/all-data-reordered/all/Roach wa kauyon.txt
/Users/rl-14/Desktop/Celine-Thesis/all-data-reordered/all/Roach, Pacquiao gipikhan ni Malignaggi.txt
/Users/rl-14/Desktop/Celine-Thesis/all-data-reordered/all/Roach: Pacquiao duha ka away na lang .txt
/Users/rl-14/Desktop/Celine-Thesis/all-data-reordered/all/Roach: Pacquiao vs Crawford madayon.txt
/Users/rl-14/Desktop/Celine-Thesis/all-data-reordered/all/Road project sa Mandaue.txt
/Users/rl-14/Desktop/Celine-Thesis/all-data-reordered/all/Road show sa modernong PUJ gipahigayon sa LTFRB sa City Hall.txt
/Users/rl-14/Desktop/Celine-Thesis/all-data-reordered/all/Road signages ipaimbentaryo.txt
/Users/rl-14/Desktop/Celine-Thesis/all-data-reordered/all/Road to SEA games 2019.txt
/Users/rl-14/Desktop/Celine-Thesis/all-data-reordered/all/Road train, magpahigayon ug road test paingon sa GenSan Fishport.txt
/Users/rl-14/Desktop/Celine-Thesis/all-data-reordered/all/Roberto Legaspi gitangtang na isip OIC sa CPDRC, gibalik sa CSU.txt
/Users/rl-14/Desktop/Celine-Thesis/all-data-reordered/all/Robi dili pa andam magminyo  SunStar.txt
/Users/rl-14/Desktop/Celine-Thesis/all-data-reordered/all/Robin gitagaan og pardon ni Presidente Duterte.txt
/Users/rl-14/Desktop/Celine-Thesis/all-data-reordered/all/Robin Hood nakuhaan og P1-M shabu .txt
/Users/rl-14/Desktop/Celine-Thesis/all-data-reordered/all/Robin may hangyo.txt
/Users/rl-14/Desktop/Celine-Thesis/all-data-reordered/all/Robin midepensa sa artista.txt
/Users/rl-14/Desktop/Celine-Thesis/all-data-reordered/all/Robin motabang ni Duterte.txt
/Users/rl-14/Desktop/Celine-Thesis/all-data-reordered/all/Robin nakauban ra gyod ang anak!.txt
/Users/rl-14/Desktop/Celine-Thesis/all-data-reordered/all/Robin nangayog despinsa ni Jodi.txt
/Users/rl-14/Desktop/Celine-Thesis/all-data-reordered/all/Robin Padilla di na mobiya sa manager.txt
/Users/rl-14/Desktop/Celine-Thesis/all-data-reordered/all/Robin Padilla mihatag og blessings sa anak ug bana.txt
/Users/rl-14/Desktop/Celine-Thesis/all-data-reordered/all/Robin Padilla, giyagyag ang pagbati sa Unexpectedly Yours.txt
/Users/rl-14/Desktop/Celine-Thesis/all-data-reordered/all/Robin ug Aljur nagtagbo.txt
/Users/rl-14/Desktop/Celine-Thesis/all-data-reordered/all/Robredo di makatambong.txt
/Users/rl-14/Desktop/Celine-Thesis/all-data-reordered/all/Robredo miduaw sa City Jail.txt
/Users/rl-14/Desktop/Celine-Thesis/all-data-reordered/all/Rockets buhi pa! .txt
/Users/rl-14/Desktop/Celine-Thesis/all-data-reordered/all/Rockets buhi pa.txt
/Users/rl-14/Desktop/Celine-Thesis/all-data-reordered/all/Rockets coach gitaktak.txt
/Users/rl-14/Desktop/Celine-Thesis/all-data-reordered/all/Rockets gihagsa.txt
/Users/rl-14/Desktop/Celine-Thesis/all-data-reordered/all/Rockets gipatugpa sa Mavs.txt
/Users/rl-14/Desktop/Celine-Thesis/all-data-reordered/all/Rockets gipatugpa.txt
/Users/rl-14/Desktop/Celine-Thesis/all-data-reordered/all/Rockets in; Clippers out.txt
/Users/rl-14/Desktop/Celine-Thesis/all-data-reordered/all/Rockets lubong sa Cavs.txt
/Users/rl-14/Desktop/Celine-Thesis/all-data-reordered/all/Rockets mibuak ug franchise record.txt
/Users/rl-14/Desktop/Celine-Thesis/all-data-reordered/all/Rockets misulbong.txt
/Users/rl-14/Desktop/Celine-Thesis/all-data-reordered/all/Rockets nakabawos.txt
/Users/rl-14/Desktop/Celine-Thesis/all-data-reordered/all/Rockets nakaipsot.txt
/Users/rl-14/Desktop/Celine-Thesis/all-data-reordered/all/Rockets out na; Spurs sa finals.txt
/Users/rl-14/Desktop/Celine-Thesis/all-data-reordered/all/Rockets padayon nga misulbong  SunStar.txt
/Users/rl-14/Desktop/Celine-Thesis/all-data-reordered/all/Rockets wala ra’y problema.txt
/Users/rl-14/Desktop/Celine-Thesis/all-data-reordered/all/Roldan: 'Viva Junior Santo Niño!'.txt
/Users/rl-14/Desktop/Celine-Thesis/all-data-reordered/all/Roldan: Alisngaw sa politika.txt
/Users/rl-14/Desktop/Celine-Thesis/all-data-reordered/all/Roldan: Bugtaw sa delicadeza.txt
/Users/rl-14/Desktop/Celine-Thesis/all-data-reordered/all/Roldan: Komunista vs Komunista?.txt
/Users/rl-14/Desktop/Celine-Thesis/all-data-reordered/all/Roldan: Napagan sa kahadlok.txt
/Users/rl-14/Desktop/Celine-Thesis/all-data-reordered/all/Roldan: Pag-sure mo, barangay officials.txt
/Users/rl-14/Desktop/Celine-Thesis/all-data-reordered/all/Roldan: Train law go na!.txt
/Users/rl-14/Desktop/Celine-Thesis/all-data-reordered/all/Roldan: Uyon ka sa diborsyo?.txt
/Users/rl-14/Desktop/Celine-Thesis/all-data-reordered/all/Roll over sa wala magamit nga free data.txt
/Users/rl-14/Desktop/Celine-Thesis/all-data-reordered/all/Rollway maoy nakampyon.txt
/Users/rl-14/Desktop/Celine-Thesis/all-data-reordered/all/Roma mitudlo og relatore ni Camomot.txt
/Users/rl-14/Desktop/Celine-Thesis/all-data-reordered/all/Romeo andam nang moduwa sa Gilas.txt
/Users/rl-14/Desktop/Celine-Thesis/all-data-reordered/all/Romeo di mobiya sa BP.txt
/Users/rl-14/Desktop/Celine-Thesis/all-data-reordered/all/Romeo gapanikad.txt
/Users/rl-14/Desktop/Celine-Thesis/all-data-reordered/all/Romeo gikasurprisa ang pagkahimo niyang star player sa Jones Cup.txt
/Users/rl-14/Desktop/Celine-Thesis/all-data-reordered/all/Romeo gitanyagan lang og 4 ka buwan nga kontrata?.txt
/Users/rl-14/Desktop/Celine-Thesis/all-data-reordered/all/Romeo gusto'ng mobalhin.txt
/Users/rl-14/Desktop/Celine-Thesis/all-data-reordered/all/Romeo kinahanglang mo-adjust sa FIBA .txt
/Users/rl-14/Desktop/Celine-Thesis/all-data-reordered/all/Romeo magpalambo pa sa iyang abilidad.txt
/Users/rl-14/Desktop/Celine-Thesis/all-data-reordered/all/Romeo malaumon gihapon.txt
/Users/rl-14/Desktop/Celine-Thesis/all-data-reordered/all/Romeo mi-idolo ni Irving ug Iverson.txt
/Users/rl-14/Desktop/Celine-Thesis/all-data-reordered/all/Romeo nag-idolo nila Irving, Curry .txt
/Users/rl-14/Desktop/Celine-Thesis/all-data-reordered/all/Romeo nagsugod pa lang.txt
/Users/rl-14/Desktop/Celine-Thesis/all-data-reordered/all/Romeo sama ni Iverson, asoy ni Clarkson.txt
/Users/rl-14/Desktop/Celine-Thesis/all-data-reordered/all/Romeo wa gihapon.txt
/Users/rl-14/Desktop/Celine-Thesis/all-data-reordered/all/Romeo wa kapugngi.txt
/Users/rl-14/Desktop/Celine-Thesis/all-data-reordered/all/Romeo wa mokuyog sa Gilas.txt
/Users/rl-14/Desktop/Celine-Thesis/all-data-reordered/all/Romeo, Batang Pier nagbikil?.txt
/Users/rl-14/Desktop/Celine-Thesis/all-data-reordered/all/Romuls Power pabiling nag-una.txt
/Users/rl-14/Desktop/Celine-Thesis/all-data-reordered/all/Ronda Mayor Blanco midepensa, dili kaya nga ipapatay si Atty. Ungab; anggulo sa politika layo sa kamatu-uran.txt
/Users/rl-14/Desktop/Celine-Thesis/all-data-reordered/all/Ronda mopagawas og pundo sa reward money.txt
/Users/rl-14/Desktop/Celine-Thesis/all-data-reordered/all/Ronda Rousey gihulagway nga maoy Mike Tyson sa UFC.txt
/Users/rl-14/Desktop/Celine-Thesis/all-data-reordered/all/Rondo nangayo’g pasaylo sa bayot .txt
/Users/rl-14/Desktop/Celine-Thesis/all-data-reordered/all/Ronnie miklaro wala nanguyab ni Loisa .txt
/Users/rl-14/Desktop/Celine-Thesis/all-data-reordered/all/Rookie bag-ong lider sa Lakers.txt
/Users/rl-14/Desktop/Celine-Thesis/all-data-reordered/all/Rookie guard Player of the Week awardee.txt
/Users/rl-14/Desktop/Celine-Thesis/all-data-reordered/all/Roque sa DepEd:”CS ang gipapangita’g pondo alang sa salary hike”.txt
/Users/rl-14/Desktop/Celine-Thesis/all-data-reordered/all/RoS 3-1 ang tuyo.txt
/Users/rl-14/Desktop/Celine-Thesis/all-data-reordered/all/ROS batok Bolts.txt
/Users/rl-14/Desktop/Celine-Thesis/all-data-reordered/all/ROS hidlaw sa titulo.txt
/Users/rl-14/Desktop/Celine-Thesis/all-data-reordered/all/ROS kompleto’g puwersa kontra SMB.txt
/Users/rl-14/Desktop/Celine-Thesis/all-data-reordered/all/RoS mosulod sa finals.txt
/Users/rl-14/Desktop/Celine-Thesis/all-data-reordered/all/RoS nakuryente sa Bolts.txt
/Users/rl-14/Desktop/Celine-Thesis/all-data-reordered/all/RoS napakgang na sab sa Alaska.txt
/Users/rl-14/Desktop/Celine-Thesis/all-data-reordered/all/RoS sud sa finals.txt
/Users/rl-14/Desktop/Celine-Thesis/all-data-reordered/all/ROS vs. TNT: tinaktakay.txt
/Users/rl-14/Desktop/Celine-Thesis/all-data-reordered/all/RoS, Blackwater magtinaktakay.txt
/Users/rl-14/Desktop/Celine-Thesis/all-data-reordered/all/Rosauro subhan sa One Championship.txt
/Users/rl-14/Desktop/Celine-Thesis/all-data-reordered/all/Rose gipamulta sa NY Knicks.txt
/Users/rl-14/Desktop/Celine-Thesis/all-data-reordered/all/Rose gituohang nahiubos sa Bulls.txt
/Users/rl-14/Desktop/Celine-Thesis/all-data-reordered/all/Rose naangol na sab.txt
/Users/rl-14/Desktop/Celine-Thesis/all-data-reordered/all/Rose nagbangis sa ika-3 niyang duwa.txt
/Users/rl-14/Desktop/Celine-Thesis/all-data-reordered/all/Rose sa NY na.txt
/Users/rl-14/Desktop/Celine-Thesis/all-data-reordered/all/Rose wala ka tunga.txt
/Users/rl-14/Desktop/Celine-Thesis/all-data-reordered/all/Rota sa 'Para sa Pagbabago Fun Ride Bike' hingpit na.txt
/Users/rl-14/Desktop/Celine-Thesis/all-data-reordered/all/Rota sa monorail patas-an.txt
/Users/rl-14/Desktop/Celine-Thesis/all-data-reordered/all/Rotarian fun run himuon sa Aug. 7.txt
/Users/rl-14/Desktop/Celine-Thesis/all-data-reordered/all/Rotoras family,dismayado sa SITG probe vs mastermind disclosure sa CdeO.txt
/Users/rl-14/Desktop/Celine-Thesis/all-data-reordered/all/Rotoras family,no comment vs contractor sa CdeO.txt
/Users/rl-14/Desktop/Celine-Thesis/all-data-reordered/all/Rotoras killing’s POI,na hospital arrest.txt
/Users/rl-14/Desktop/Celine-Thesis/all-data-reordered/all/Rousey dugay-dugay pa una makabalik og away.txt
/Users/rl-14/Desktop/Celine-Thesis/all-data-reordered/all/Rousey hapit maghikog.txt
/Users/rl-14/Desktop/Celine-Thesis/all-data-reordered/all/Rousey inilog.txt
/Users/rl-14/Desktop/Celine-Thesis/all-data-reordered/all/Rousey mobawi; posibling adunay rematch vs. Holm.txt
/Users/rl-14/Desktop/Celine-Thesis/all-data-reordered/all/Rousey wa mopakita sa iyang bun-og.txt
/Users/rl-14/Desktop/Celine-Thesis/all-data-reordered/all/Roy Ucat ug Akiko Solon, Magbuwag ta Kay: The making.txt
/Users/rl-14/Desktop/Celine-Thesis/all-data-reordered/all/RP boxers malaumon.txt
/Users/rl-14/Desktop/Celine-Thesis/all-data-reordered/all/RP Davis gipalukapa.txt
/Users/rl-14/Desktop/Celine-Thesis/all-data-reordered/all/RP delegation miabot na sa Rio.txt
/Users/rl-14/Desktop/Celine-Thesis/all-data-reordered/all/RP Final 12 gibutyag.txt
/Users/rl-14/Desktop/Celine-Thesis/all-data-reordered/all/RP Gilas moasdang sa Japan sa 2nd round sa World Cup Asian qualifiers.txt
/Users/rl-14/Desktop/Celine-Thesis/all-data-reordered/all/RP Gilas nakitaan og maayong potensyal.txt
/Users/rl-14/Desktop/Celine-Thesis/all-data-reordered/all/RP Gilas, 3-1.txt
/Users/rl-14/Desktop/Celine-Thesis/all-data-reordered/all/RP host sa Seaba.txt
/Users/rl-14/Desktop/Celine-Thesis/all-data-reordered/all/RP judoka misunod og panamilit.txt
/Users/rl-14/Desktop/Celine-Thesis/all-data-reordered/all/RP maayog kombate sa trafficking.txt
/Users/rl-14/Desktop/Celine-Thesis/all-data-reordered/all/RP taekwondoteam mipasaka og protesta.txt
/Users/rl-14/Desktop/Celine-Thesis/all-data-reordered/all/RP team member apil.txt
/Users/rl-14/Desktop/Celine-Thesis/all-data-reordered/all/RP vs. Singapore.txt
/Users/rl-14/Desktop/Celine-Thesis/all-data-reordered/all/RP women’s volleyball superstar fan ni LeBron.txt
/Users/rl-14/Desktop/Celine-Thesis/all-data-reordered/all/RP women’s volleyball team naghinamhinam.txt
/Users/rl-14/Desktop/Celine-Thesis/all-data-reordered/all/RP-Gilas dako pag trabahuon: Romeo.txt
/Users/rl-14/Desktop/Celine-Thesis/all-data-reordered/all/RP-Gilas di masurprisa sa mga NBA players sa OQT.txt
/Users/rl-14/Desktop/Celine-Thesis/all-data-reordered/all/RP-Gilas mikastigo sa Malaysia, 106-51.txt
/Users/rl-14/Desktop/Celine-Thesis/all-data-reordered/all/RP-Gilas mobawos sa Turkey.txt
/Users/rl-14/Desktop/Celine-Thesis/all-data-reordered/all/RPOC chair, may pasidaan sa public officials vs CPP-NPA.txt
/Users/rl-14/Desktop/Celine-Thesis/all-data-reordered/all/RPOC chairman, nagpasidaan sa mga kaubang elected officials.txt
/Users/rl-14/Desktop/Celine-Thesis/all-data-reordered/all/RPOC sa publiko:”Di magkumpiyansa vs mga terorista”.txt
/Users/rl-14/Desktop/Celine-Thesis/all-data-reordered/all/RTA killing sa CdeO,case close na.txt
/Users/rl-14/Desktop/Celine-Thesis/all-data-reordered/all/RTA mikondena pagpatay sa ilang kauban .txt
/Users/rl-14/Desktop/Celine-Thesis/all-data-reordered/all/RTA overseer, gihulipan sa CdeO.txt
/Users/rl-14/Desktop/Celine-Thesis/all-data-reordered/all/RTA, andam na sa CdeOs BN traslacion.txt
/Users/rl-14/Desktop/Celine-Thesis/all-data-reordered/all/Ruelan Open chess sa E-Mall karon.txt
/Users/rl-14/Desktop/Celine-Thesis/all-data-reordered/all/Rufa Mae 'meant to be' ang pagbalhin sa Dos.txt
/Users/rl-14/Desktop/Celine-Thesis/all-data-reordered/all/Rufa Mae, kalima na operahan sa dughan.txt
/Users/rl-14/Desktop/Celine-Thesis/all-data-reordered/all/Ruffa gitubag ang isyu nga offer ni Duterte kang Annabelelle.txt
/Users/rl-14/Desktop/Celine-Thesis/all-data-reordered/all/Ruffa going strong ang lovelife.txt
/Users/rl-14/Desktop/Celine-Thesis/all-data-reordered/all/Ruffa nag-beast mode human gibastos ang anak.txt
/Users/rl-14/Desktop/Celine-Thesis/all-data-reordered/all/Rufus mihimakak nga gisugo iyang supporters.txt
/Users/rl-14/Desktop/Celine-Thesis/all-data-reordered/all/Rufus mipahalipay kang Moreno.txt
/Users/rl-14/Desktop/Celine-Thesis/all-data-reordered/all/Rumble sa Mango One.txt
/Users/rl-14/Desktop/Celine-Thesis/all-data-reordered/all/Run For A Cause sa Bogo City, Nobiyembre 7.txt
/Users/rl-14/Desktop/Celine-Thesis/all-data-reordered/all/Run for Mary ipahigayon sa Redemptorist Church .txt
/Users/rl-14/Desktop/Celine-Thesis/all-data-reordered/all/Run for Ur Future-Cebu, July 31.txt
/Users/rl-14/Desktop/Celine-Thesis/all-data-reordered/all/Run for Your Family, Hunyo 4.txt
/Users/rl-14/Desktop/Celine-Thesis/all-data-reordered/all/Runner patay atol sa Fun Run.txt
/Users/rl-14/Desktop/Celine-Thesis/all-data-reordered/all/Rupinta dunay hulga nga nadawat.txt
/Users/rl-14/Desktop/Celine-Thesis/all-data-reordered/all/Rupinta, 7 ka konsehal gisuspenso.txt
/Users/rl-14/Desktop/Celine-Thesis/all-data-reordered/all/Rupinta, kaubanan miduso og mosyon.txt
/Users/rl-14/Desktop/Celine-Thesis/all-data-reordered/all/Ruru fight lang sa intriga.txt
/Users/rl-14/Desktop/Celine-Thesis/all-data-reordered/all/Ruru Madrid dili pa andam makigrelasyon .txt
/Users/rl-14/Desktop/Celine-Thesis/all-data-reordered/all/Ruru Madrid, Matt Evans misidlak sa Sherlock Jr..txt
/Users/rl-14/Desktop/Celine-Thesis/all-data-reordered/all/Russell maayo nga kauban.txt
/Users/rl-14/Desktop/Celine-Thesis/all-data-reordered/all/Russians sa Sugbo misaulog sa kadaugan batok Nazis sa WWII.txt
/Users/rl-14/Desktop/Celine-Thesis/all-data-reordered/all/S.A. Spurs nadagit sa Hawks.txt
/Users/rl-14/Desktop/Celine-Thesis/all-data-reordered/all/sa daklit nga higayon nga paghingalan sa dalan sa akong handumanan.txt
/Users/rl-14/Desktop/Celine-Thesis/all-data-reordered/all/Sa Lunes mahibaw-an kon duna bay laing may Zika.txt
/Users/rl-14/Desktop/Celine-Thesis/all-data-reordered/all/Sa mauna lang: Edito.txt
/Users/rl-14/Desktop/Celine-Thesis/all-data-reordered/all/Sa Mga Kamot Sa NCCA.txt
/Users/rl-14/Desktop/Celine-Thesis/all-data-reordered/all/Sa SRP ilabay ang mga basura.txt
/Users/rl-14/Desktop/Celine-Thesis/all-data-reordered/all/Sa sunod nalang Amerika  .txt
/Users/rl-14/Desktop/Celine-Thesis/all-data-reordered/all/Sa UAE ipahigayon.txt
/Users/rl-14/Desktop/Celine-Thesis/all-data-reordered/all/Saba-saba sa taga USC batok sa death penalty.txt
/Users/rl-14/Desktop/Celine-Thesis/all-data-reordered/all/Sabalones daghan og gitug-an: PNP.txt
/Users/rl-14/Desktop/Celine-Thesis/all-data-reordered/all/Sabalones group nabanhaw: PNP.txt
/Users/rl-14/Desktop/Celine-Thesis/all-data-reordered/all/Sabalones wa na sa illegal drugs: abogado.txt
/Users/rl-14/Desktop/Celine-Thesis/all-data-reordered/all/Sacred Heart high school mihawod.txt
/Users/rl-14/Desktop/Celine-Thesis/all-data-reordered/all/Sacred Heart nabawsan sa San Beda sa SM-NBTC.txt
/Users/rl-14/Desktop/Celine-Thesis/all-data-reordered/all/Sadya nga pagsugat sa Chinese New Year gi-atangan.txt
/Users/rl-14/Desktop/Celine-Thesis/all-data-reordered/all/SAF Bong Go, nagpasalamat sa endorsement kaniya nga mudagan pagka-senador.txt
/Users/rl-14/Desktop/Celine-Thesis/all-data-reordered/all/Sagunson nga daog sa Celtics giputol sa Heat.txt
/Users/rl-14/Desktop/Celine-Thesis/all-data-reordered/all/Sagunson.txt
/Users/rl-14/Desktop/Celine-Thesis/all-data-reordered/all/Saigon gisilaban sa Alab .txt
/Users/rl-14/Desktop/Celine-Thesis/all-data-reordered/all/Saint Mary, Indahag NHS mihawod.txt
/Users/rl-14/Desktop/Celine-Thesis/all-data-reordered/all/Saint Mary’s vs Corpus, SPC vs AMS .txt
/Users/rl-14/Desktop/Celine-Thesis/all-data-reordered/all/Sakdap Concert makalingaw.txt
/Users/rl-14/Desktop/Celine-Thesis/all-data-reordered/all/Sakit nga tubercolosis pabiling problema sa syudad.txt
/Users/rl-14/Desktop/Celine-Thesis/all-data-reordered/all/Sakop ni Jaguar sikop.txt
/Users/rl-14/Desktop/Celine-Thesis/all-data-reordered/all/Sakop sa  frat apil sa top 10 wanted sa Cebu City, nadakpan sa Iligan City.txt
/Users/rl-14/Desktop/Celine-Thesis/all-data-reordered/all/Sakop sa Abu Sayyaf miabot sa Tubigon; nag-inusarang nangayo og pagkaon.txt
/Users/rl-14/Desktop/Celine-Thesis/all-data-reordered/all/Sakop sa Abu Sayyaf sikop.txt
/Users/rl-14/Desktop/Celine-Thesis/all-data-reordered/all/Sakop sa Bangga-Bangga nasikop sa ilang gibiktima.txt
/Users/rl-14/Desktop/Celine-Thesis/all-data-reordered/all/Sakop sa Citom gi-buy bust, nasikop.txt
/Users/rl-14/Desktop/Celine-Thesis/all-data-reordered/all/Sakop sa CLAF gitipi .txt
/Users/rl-14/Desktop/Celine-Thesis/all-data-reordered/all/Sakop sa Highway Patrol Team nga nangilkil, kasuhan sa Iligan City.txt
/Users/rl-14/Desktop/Celine-Thesis/all-data-reordered/all/Sakop sa Korean mafia ania pa sa Sugbo: Talino.txt
/Users/rl-14/Desktop/Celine-Thesis/all-data-reordered/all/Sakop sa Lapu-Lapu Allied Force taktakonon?.txt
/Users/rl-14/Desktop/Celine-Thesis/all-data-reordered/all/Sakop sa MILF gipusil, patay.txt
/Users/rl-14/Desktop/Celine-Thesis/all-data-reordered/all/Sakop sa NBI-10, nagpayuhot ug shabu?.txt
/Users/rl-14/Desktop/Celine-Thesis/all-data-reordered/all/Sakop sa RTA gihukasa'g uniporme.txt
/Users/rl-14/Desktop/Celine-Thesis/all-data-reordered/all/Sakop sa RTA samdan pagpasalba sa sundalo.txt
/Users/rl-14/Desktop/Celine-Thesis/all-data-reordered/all/Sakop sa Team Rama gibawsan ni Tomas .txt
/Users/rl-14/Desktop/Celine-Thesis/all-data-reordered/all/Sakristan patay sa operasyon.txt
/Users/rl-14/Desktop/Celine-Thesis/all-data-reordered/all/Saksak sinagol ang gibati ni Alapag.txt
/Users/rl-14/Desktop/Celine-Thesis/all-data-reordered/all/Saksi sa pagpatay sa managsuon mitumaw.txt
/Users/rl-14/Desktop/Celine-Thesis/all-data-reordered/all/Sakyanan girakrakan.txt
/Users/rl-14/Desktop/Celine-Thesis/all-data-reordered/all/Sakyanan nga gi-ayo misilaob.txt
/Users/rl-14/Desktop/Celine-Thesis/all-data-reordered/all/Sakyanan nga miagi sa costal road gibato.txt
/Users/rl-14/Desktop/Celine-Thesis/all-data-reordered/all/Sakyanan sa 4 ka konsehal gi-clamp.txt
/Users/rl-14/Desktop/Celine-Thesis/all-data-reordered/all/Sakyanan sa mga pulis gi-inspeksiyon  SunStar.txt
/Users/rl-14/Desktop/Celine-Thesis/all-data-reordered/all/Sakyanan sa PDRRMO nakadasmag.txt
/Users/rl-14/Desktop/Celine-Thesis/all-data-reordered/all/Sakyanan sa PNP paliton.txt
/Users/rl-14/Desktop/Celine-Thesis/all-data-reordered/all/Sakyanang flammable ang karga gidili ilawom sa bridge.txt
/Users/rl-14/Desktop/Celine-Thesis/all-data-reordered/all/Sakyanang mohunong sa junction box, pedestrian lane pangdakpon.txt
/Users/rl-14/Desktop/Celine-Thesis/all-data-reordered/all/SAL mipresentar sa labing maayong tanyag sa biyahe.txt
/Users/rl-14/Desktop/Celine-Thesis/all-data-reordered/all/Salamat Celtics.txt
/Users/rl-14/Desktop/Celine-Thesis/all-data-reordered/all/Salamat milabni og gold sa cycling.txt
/Users/rl-14/Desktop/Celine-Thesis/all-data-reordered/all/Salamat sa inyong suporta: Jerusalem.txt
/Users/rl-14/Desktop/Celine-Thesis/all-data-reordered/all/Sales lady sa nasunog nga mall dili mudawat sa tanyag sa Metro nga relocation ngadto sa laing branch;tabang pinansyal ang kinahanglan.txt
/Users/rl-14/Desktop/Celine-Thesis/all-data-reordered/all/Salisi Gang napakyas sa ilang modus.txt
/Users/rl-14/Desktop/Celine-Thesis/all-data-reordered/all/Salubre, Sumatra midomina sa Open, Youth sa APM Chess.txt
/Users/rl-14/Desktop/Celine-Thesis/all-data-reordered/all/Saludar mosuway paglangkat og world title.txt
/Users/rl-14/Desktop/Celine-Thesis/all-data-reordered/all/Saludo Kami: Ang gahum sa pagtuo.txt
/Users/rl-14/Desktop/Celine-Thesis/all-data-reordered/all/Saludo Kami: Bunga sa kakugi.txt
/Users/rl-14/Desktop/Celine-Thesis/all-data-reordered/all/Saludo Kami: Gugma sa musika.txt
/Users/rl-14/Desktop/Celine-Thesis/all-data-reordered/all/Saludo Kami: Gugma sa trabaho.txt
/Users/rl-14/Desktop/Celine-Thesis/all-data-reordered/all/Saludo Kami: Kasinatian lamang.txt
/Users/rl-14/Desktop/Celine-Thesis/all-data-reordered/all/Saludo Kami: Pagdasig sa kaugalingon.txt
/Users/rl-14/Desktop/Celine-Thesis/all-data-reordered/all/Saludo Kami: Paghatod sa serbisyo.txt
/Users/rl-14/Desktop/Celine-Thesis/all-data-reordered/all/Saludo kami: Panahon .txt
/Users/rl-14/Desktop/Celine-Thesis/all-data-reordered/all/Saludo Kami: Pasidungog sa kalampusan.txt
/Users/rl-14/Desktop/Celine-Thesis/all-data-reordered/all/Saludo Kami: Pasyon sa kinabuhi.txt
/Users/rl-14/Desktop/Celine-Thesis/all-data-reordered/all/Saludo Kami: Serbisyo publiko.txt
/Users/rl-14/Desktop/Celine-Thesis/all-data-reordered/all/Saludo Kami: Serbisyong dulot sa kasingkasing.txt
/Users/rl-14/Desktop/Celine-Thesis/all-data-reordered/all/Saludo Kami: Walay kondisyon nga gugma.txt
/Users/rl-14/Desktop/Celine-Thesis/all-data-reordered/all/Saludo sa mga bombero, mga boluntaryo.txt
/Users/rl-14/Desktop/Celine-Thesis/all-data-reordered/all/Saludo sa mga Titser! .txt
/Users/rl-14/Desktop/Celine-Thesis/all-data-reordered/all/Sam dili na type si Maja.txt
/Users/rl-14/Desktop/Celine-Thesis/all-data-reordered/all/Sam dugay naka-move on ni Anne.txt
/Users/rl-14/Desktop/Celine-Thesis/all-data-reordered/all/Sam Milby never say die sa Hollywood dream.txt
/Users/rl-14/Desktop/Celine-Thesis/all-data-reordered/all/Samboan misagop sa SHINE program.txt
/Users/rl-14/Desktop/Celine-Thesis/all-data-reordered/all/Samboan RHU gipalambo.txt
/Users/rl-14/Desktop/Celine-Thesis/all-data-reordered/all/Sami Miro ug Zac Efron bulag na.txt
/Users/rl-14/Desktop/Celine-Thesis/all-data-reordered/all/Sample sa dugo, laway nagtakdo.txt
/Users/rl-14/Desktop/Celine-Thesis/all-data-reordered/all/Samsam 5 hari sa Emil’s Cup.txt
/Users/rl-14/Desktop/Celine-Thesis/all-data-reordered/all/Samsam batok Bucao sa Talisay sa 2019?.txt
/Users/rl-14/Desktop/Celine-Thesis/all-data-reordered/all/Samsam dili uyon sa ihulip nga fire marshal sa Talisay.txt
/Users/rl-14/Desktop/Celine-Thesis/all-data-reordered/all/Samsung Galaxy S9, S9+ pwede na ma-pre-order .txt
/Users/rl-14/Desktop/Celine-Thesis/all-data-reordered/all/San Beda-Lyceum finals rematch sa 2018 PCCL.txt
/Users/rl-14/Desktop/Celine-Thesis/all-data-reordered/all/San Benito, Surigao del Norte mayor Rushford Dedumo, gipasuspinde sa Ombudsman.txt
/Users/rl-14/Desktop/Celine-Thesis/all-data-reordered/all/San Fernando Basketball Camp sugdan sa Marso 16.txt
/Users/rl-14/Desktop/Celine-Thesis/all-data-reordered/all/San Fernando hari sa 2nd Samsam Cup.txt
/Users/rl-14/Desktop/Celine-Thesis/all-data-reordered/all/San Fernando misuporta sa Pantawid.txt
/Users/rl-14/Desktop/Celine-Thesis/all-data-reordered/all/San Fernando training sugdan ugma.txt
/Users/rl-14/Desktop/Celine-Thesis/all-data-reordered/all/San Mig import miuli na sa US.txt
/Users/rl-14/Desktop/Celine-Thesis/all-data-reordered/all/San Miguel naa'y bag-ong import.txt
/Users/rl-14/Desktop/Celine-Thesis/all-data-reordered/all/San Roque, Tangke  nagsungi  sa utlanan  .txt
/Users/rl-14/Desktop/Celine-Thesis/all-data-reordered/all/Sanchez hara sa 5TH AWUM RUN.txt
/Users/rl-14/Desktop/Celine-Thesis/all-data-reordered/all/Sanchez mihagit sa Cosap sa confirmatory test ni Lopez.txt
/Users/rl-14/Desktop/Celine-Thesis/all-data-reordered/all/Sanchez misakwat sa IAM   SunStar.txt
/Users/rl-14/Desktop/Celine-Thesis/all-data-reordered/all/Sanchez misakwat sa IAM 98.txt
/Users/rl-14/Desktop/Celine-Thesis/all-data-reordered/all/Sandara friends lang si Robi!.txt
/Users/rl-14/Desktop/Celine-Thesis/all-data-reordered/all/Sandara two-years ang gibuno sa training.txt
/Users/rl-14/Desktop/Celine-Thesis/all-data-reordered/all/Sangalang vs. Kraken .txt
/Users/rl-14/Desktop/Celine-Thesis/all-data-reordered/all/Sangalang wala na motunga sa praktis.txt
/Users/rl-14/Desktop/Celine-Thesis/all-data-reordered/all/Sangka sa pagpakabuhi.txt
/Users/rl-14/Desktop/Celine-Thesis/all-data-reordered/all/Santino magpabilin sa ALA Promotions.txt
/Users/rl-14/Desktop/Celine-Thesis/all-data-reordered/all/Santino vs. Indon.txt
/Users/rl-14/Desktop/Celine-Thesis/all-data-reordered/all/Santisima andam na batok Indon.txt
/Users/rl-14/Desktop/Celine-Thesis/all-data-reordered/all/Santisima milarga sa Japan, gikuha nga sparring partner.txt
/Users/rl-14/Desktop/Celine-Thesis/all-data-reordered/all/Santos miluwas sa Beermen.txt
/Users/rl-14/Desktop/Celine-Thesis/all-data-reordered/all/Sanya mas gipili ang career.txt
/Users/rl-14/Desktop/Celine-Thesis/all-data-reordered/all/Sapatos ni James lainlai’g kolor.txt
/Users/rl-14/Desktop/Celine-Thesis/all-data-reordered/all/Sara Duterte biktima sa lugos.txt
/Users/rl-14/Desktop/Celine-Thesis/all-data-reordered/all/Sara Duterte-Carpio: P2-M ganti sa makatudlo sa namomba.txt
/Users/rl-14/Desktop/Celine-Thesis/all-data-reordered/all/Sara: Buhing gugma panahon sa kuwaresma.txt
/Users/rl-14/Desktop/Celine-Thesis/all-data-reordered/all/Sara: Dagmali ayaw ang kinabuhi, dignidad sa tawo.txt
/Users/rl-14/Desktop/Celine-Thesis/all-data-reordered/all/Sara: DepEd giila isip CPD service provider.txt
/Users/rl-14/Desktop/Celine-Thesis/all-data-reordered/all/Sara: Desisyon sa Malakanyang pag-resayn ni Pulong, gihulat.txt
/Users/rl-14/Desktop/Celine-Thesis/all-data-reordered/all/Sara: Kalooy ug dili pagpatay sa mga adik.txt
/Users/rl-14/Desktop/Celine-Thesis/all-data-reordered/all/Sara: Kuwaresma: Panahon sa Grasya (1).txt
/Users/rl-14/Desktop/Celine-Thesis/all-data-reordered/all/Sara: Metanoia: Ang tawag sa pagbasol ug paghinulsol.txt
/Users/rl-14/Desktop/Celine-Thesis/all-data-reordered/all/Sara: Mga ginikanan, kauban ug sukaranan sa kalampusan.txt
/Users/rl-14/Desktop/Celine-Thesis/all-data-reordered/all/Sara: Pamilya: Tinubdan sa gugma ug kinabuhi.txt
/Users/rl-14/Desktop/Celine-Thesis/all-data-reordered/all/Sara: PBB gipanghatag na ngadto sa mga magtutudlo?.txt
/Users/rl-14/Desktop/Celine-Thesis/all-data-reordered/all/Sara: Youth: Instrumento sa kabag-ohan.txt
/Users/rl-14/Desktop/Celine-Thesis/all-data-reordered/all/Sarah balik trabaho na!.txt
/Users/rl-14/Desktop/Celine-Thesis/all-data-reordered/all/Sarah bet sa mother ni Matteo.txt
/Users/rl-14/Desktop/Celine-Thesis/all-data-reordered/all/Sarah di buot maghawod-hawod.txt
/Users/rl-14/Desktop/Celine-Thesis/all-data-reordered/all/Sarah G mag-concert.txt
/Users/rl-14/Desktop/Celine-Thesis/all-data-reordered/all/Sarah Geronimo naay regalo sa fans.txt
/Users/rl-14/Desktop/Celine-Thesis/all-data-reordered/all/Sarah Lahbati feel modala og kontrabida role.txt
/Users/rl-14/Desktop/Celine-Thesis/all-data-reordered/all/Sarah Lahbati kabado kang Richard.txt
/Users/rl-14/Desktop/Celine-Thesis/all-data-reordered/all/Sarah Lahbati mag kontrabida!.txt
/Users/rl-14/Desktop/Celine-Thesis/all-data-reordered/all/Sarah malipayon sa pagbiya isip coach sa The Voice Kids.txt
/Users/rl-14/Desktop/Celine-Thesis/all-data-reordered/all/Sarah misuway og pole dancing.txt
/Users/rl-14/Desktop/Celine-Thesis/all-data-reordered/all/Sarah naglaum maminyo before 30 years old.txt
/Users/rl-14/Desktop/Celine-Thesis/all-data-reordered/all/Sarah ug Richard planong magka 2nd baby.txt
/Users/rl-14/Desktop/Celine-Thesis/all-data-reordered/all/Saraos nisuprisa sab  SunStar.txt
/Users/rl-14/Desktop/Celine-Thesis/all-data-reordered/all/Satanas maoy misugod sa fake news?.txt
/Users/rl-14/Desktop/Celine-Thesis/all-data-reordered/all/Satellite Bus Terminal, suportado sa DCOTT.txt
/Users/rl-14/Desktop/Celine-Thesis/all-data-reordered/all/Saulong pakyas sa pagsuway og labni sa world title.txt
/Users/rl-14/Desktop/Celine-Thesis/all-data-reordered/all/Save Our Forest Run ipahigayon sa Abril 29.txt
/Users/rl-14/Desktop/Celine-Thesis/all-data-reordered/all/Say ni Shara: Wa ko mangandoy nga mosikat.txt
/Users/rl-14/Desktop/Celine-Thesis/all-data-reordered/all/Sayaw sa kinabuhi.txt
/Users/rl-14/Desktop/Celine-Thesis/all-data-reordered/all/sayaw sa nisalop nga adlaw.txt
/Users/rl-14/Desktop/Celine-Thesis/all-data-reordered/all/Sayo nga kadaugan: Pacquiao.txt
/Users/rl-14/Desktop/Celine-Thesis/all-data-reordered/all/Sayop nga winner gideklara sa Oscars.txt
/Users/rl-14/Desktop/Celine-Thesis/all-data-reordered/all/Sayop sa usa, pagan ang tanan: warden.txt
/Users/rl-14/Desktop/Celine-Thesis/all-data-reordered/all/SB-Glan, gipasalamatan ang Bombo Radyo sa suporta sa ‘Dugtong Buhay Program’.txt
/Users/rl-14/Desktop/Celine-Thesis/all-data-reordered/all/SBP executives makighugpong sa Los Angeles Lakers.txt
/Users/rl-14/Desktop/Celine-Thesis/all-data-reordered/all/SBP malaumon.txt
/Users/rl-14/Desktop/Celine-Thesis/all-data-reordered/all/SBP mogasto og P200M.txt
/Users/rl-14/Desktop/Celine-Thesis/all-data-reordered/all/SBP motudlo og Batang Gilas coach.txt
/Users/rl-14/Desktop/Celine-Thesis/all-data-reordered/all/SBP purisigido nga i-host ang Fiba 2019.txt
/Users/rl-14/Desktop/Celine-Thesis/all-data-reordered/all/SBP silotan kon di  moduwa sa OQT.txt
/Users/rl-14/Desktop/Celine-Thesis/all-data-reordered/all/SBP U16 3x3 dulaon sa Sabado .txt
/Users/rl-14/Desktop/Celine-Thesis/all-data-reordered/all/SC mibasura sa motion sa Salcon.txt
/Users/rl-14/Desktop/Celine-Thesis/all-data-reordered/all/Scammer nga Canadian national dakpan sa entrapment operation.txt
/Users/rl-14/Desktop/Celine-Thesis/all-data-reordered/all/Scandal giangkon ni Mike.txt
/Users/rl-14/Desktop/Celine-Thesis/all-data-reordered/all/Scarlett nakig-divorce sa iyang bana .txt
/Users/rl-14/Desktop/Celine-Thesis/all-data-reordered/all/Schedule sa Senado dili maapektohan: Pacman.txt
/Users/rl-14/Desktop/Celine-Thesis/all-data-reordered/all/Scholars nga honor may incentives.txt
/Users/rl-14/Desktop/Celine-Thesis/all-data-reordered/all/Scholarship sa Taiheiyo gipalapdan.txt
/Users/rl-14/Desktop/Celine-Thesis/all-data-reordered/all/Schooling nagpasalamat sa mga Pinoy.txt
/Users/rl-14/Desktop/Celine-Thesis/all-data-reordered/all/Scottie mas mokayod.txt
/Users/rl-14/Desktop/Celine-Thesis/all-data-reordered/all/Scratch cards ni Duterte di na gamiton.txt
/Users/rl-14/Desktop/Celine-Thesis/all-data-reordered/all/SEA Games sunod target ni Kiamco.txt
/Users/rl-14/Desktop/Celine-Thesis/all-data-reordered/all/Search and rescue gihunong kay bawod.txt
/Users/rl-14/Desktop/Celine-Thesis/all-data-reordered/all/Search and retrieval operations, nagpadayon sa 5 missing sa Surigao Del Norte tungod sa Bagyong Basyang; patay, nadugangan ug 4.txt
/Users/rl-14/Desktop/Celine-Thesis/all-data-reordered/all/Search for Gandang Pulis, gipangandaman sa PNP-10.txt
/Users/rl-14/Desktop/Celine-Thesis/all-data-reordered/all/Search for Huwarang Pantawid Pamilya 2017.txt
/Users/rl-14/Desktop/Celine-Thesis/all-data-reordered/all/Search for Most Pomising Designer 2016 sa AirAsia.txt
/Users/rl-14/Desktop/Celine-Thesis/all-data-reordered/all/Search sa mga missing sa lunod ipadayon sa PDRRMO.txt
/Users/rl-14/Desktop/Celine-Thesis/all-data-reordered/all/Seaweed production pakusgon sa Bfar.txt
/Users/rl-14/Desktop/Celine-Thesis/all-data-reordered/all/Second book target ni Andrea.txt
/Users/rl-14/Desktop/Celine-Thesis/all-data-reordered/all/Secretary sa NPA nadakpan sa Ozamiz.txt
/Users/rl-14/Desktop/Celine-Thesis/all-data-reordered/all/Security agency sa Bukidnon gi-atake sa NPA .txt
/Users/rl-14/Desktop/Celine-Thesis/all-data-reordered/all/Security guard nahimong campus superstar.txt
/Users/rl-14/Desktop/Celine-Thesis/all-data-reordered/all/Security guard nahulgan og hook sa crane sa construction site sa Barangay Apas, patay.txt
/Users/rl-14/Desktop/Celine-Thesis/all-data-reordered/all/Security measure sa piyesta ni Sr. Sto. Niño de Bula, all set na.txt
/Users/rl-14/Desktop/Celine-Thesis/all-data-reordered/all/Sef mi-deny nga duna silay relasyon ni Maine .txt
/Users/rl-14/Desktop/Celine-Thesis/all-data-reordered/all/Sef mi-deny nga gi-date si Maine.txt
/Users/rl-14/Desktop/Celine-Thesis/all-data-reordered/all/Sef ug Andrea medyo libog ang panagbuwag.txt
/Users/rl-14/Desktop/Celine-Thesis/all-data-reordered/all/Seguridad  para Semana Santa.txt
/Users/rl-14/Desktop/Celine-Thesis/all-data-reordered/all/Seguridad alang sa mga atleta nga mosalmot sa DAVRAA plansado na.txt
/Users/rl-14/Desktop/Celine-Thesis/all-data-reordered/all/Seguridad andam na alang sa selebrasyon sa Chinese new year.txt
/Users/rl-14/Desktop/Celine-Thesis/all-data-reordered/all/Seguridad Ayala Mall.txt
/Users/rl-14/Desktop/Celine-Thesis/all-data-reordered/all/Seguridad batok NPA gipahugtan.txt
/Users/rl-14/Desktop/Celine-Thesis/all-data-reordered/all/Seguridad gihigpitan.txt
/Users/rl-14/Desktop/Celine-Thesis/all-data-reordered/all/Seguridad nag-una nga prayoridad alang sa Alveo Ironman 70.3 Davao.txt
/Users/rl-14/Desktop/Celine-Thesis/all-data-reordered/all/Seguridad padayong gihigpitan.txt
/Users/rl-14/Desktop/Celine-Thesis/all-data-reordered/all/Seguridad pagbukas sa klase andam na.txt
/Users/rl-14/Desktop/Celine-Thesis/all-data-reordered/all/Seguridad sa Araw ng Dabaw gipahugtan .txt
/Users/rl-14/Desktop/Celine-Thesis/all-data-reordered/all/Seguridad sa Banisilan, North Cotabato gihugtan tungod sa bomba.txt
/Users/rl-14/Desktop/Celine-Thesis/all-data-reordered/all/Seguridad sa Basilica.txt
/Users/rl-14/Desktop/Celine-Thesis/all-data-reordered/all/Seguridad sa city jail gihugtan.txt
/Users/rl-14/Desktop/Celine-Thesis/all-data-reordered/all/Seguridad sa dakbayan sa Mandaue, Lapu gipahugtan.txt
/Users/rl-14/Desktop/Celine-Thesis/all-data-reordered/all/Seguridad sa Davao del Sur gihugtan .txt
/Users/rl-14/Desktop/Celine-Thesis/all-data-reordered/all/Seguridad sa Davao del Sur gihugtan sa militar.txt
/Users/rl-14/Desktop/Celine-Thesis/all-data-reordered/all/Seguridad sa Davao Gulf hugtanon nga ginabantayan.txt
/Users/rl-14/Desktop/Celine-Thesis/all-data-reordered/all/Seguridad sa Davao Sur gihugtan batok terorista.txt
/Users/rl-14/Desktop/Celine-Thesis/all-data-reordered/all/Seguridad sa Davraa hugtan.txt
/Users/rl-14/Desktop/Celine-Thesis/all-data-reordered/all/Seguridad sa Gensan Airport gipahugtan human gipa-demolish ang mga residente sa kilid sa airport.txt
/Users/rl-14/Desktop/Celine-Thesis/all-data-reordered/all/Seguridad sa kapistahan sa Iligan mas gipahugtan.txt
/Users/rl-14/Desktop/Celine-Thesis/all-data-reordered/all/Seguridad sa Magsaysay gihugtan.txt
/Users/rl-14/Desktop/Celine-Thesis/all-data-reordered/all/Seguridad sa mga tinun-an gihugtan.txt
/Users/rl-14/Desktop/Celine-Thesis/all-data-reordered/all/Seguridad sa misa de gallo higpitan.txt
/Users/rl-14/Desktop/Celine-Thesis/all-data-reordered/all/Seguridad sa pagkaon sa Siargao Island, gipaneguro sa LGU.txt
/Users/rl-14/Desktop/Celine-Thesis/all-data-reordered/all/Seguridad sa Rio Olympics pahugtan.txt
/Users/rl-14/Desktop/Celine-Thesis/all-data-reordered/all/Seguridad tutokan.txt
/Users/rl-14/Desktop/Celine-Thesis/all-data-reordered/all/Seguridad, pabiling isyu sa Mindanao.txt
/Users/rl-14/Desktop/Celine-Thesis/all-data-reordered/all/Sekreto ni Alice sa edad nga 46.txt
/Users/rl-14/Desktop/Celine-Thesis/all-data-reordered/all/Sekreto sa taas nga kinabuhi ni Lola.txt
/Users/rl-14/Desktop/Celine-Thesis/all-data-reordered/all/Sekretong jail susihon sa PRO 7.txt
/Users/rl-14/Desktop/Celine-Thesis/all-data-reordered/all/Sekretong pagtaho ipaagi sa ‘drop box’.txt
/Users/rl-14/Desktop/Celine-Thesis/all-data-reordered/all/Sekyu aksidenteng napusilan, patay!.txt
/Users/rl-14/Desktop/Celine-Thesis/all-data-reordered/all/Sekyu gidunggab-patay sa CdeO.txt
/Users/rl-14/Desktop/Celine-Thesis/all-data-reordered/all/Sekyu giihaw sa sikad driver .txt
/Users/rl-14/Desktop/Celine-Thesis/all-data-reordered/all/Sekyu gilugos ang anak.txt
/Users/rl-14/Desktop/Celine-Thesis/all-data-reordered/all/Sekyu gipatay sa kauban.txt
/Users/rl-14/Desktop/Celine-Thesis/all-data-reordered/all/Sekyu gipatay sa kaubang sekyu sa CdeO.txt
/Users/rl-14/Desktop/Celine-Thesis/all-data-reordered/all/Sekyu gipusil, patay .txt
/Users/rl-14/Desktop/Celine-Thesis/all-data-reordered/all/Sekyu mga mipatay sa manager nangayo og pasaylo .txt
/Users/rl-14/Desktop/Celine-Thesis/all-data-reordered/all/Sekyu mipusil sa kaugalingon.txt
/Users/rl-14/Desktop/Celine-Thesis/all-data-reordered/all/Sekyu nanigbas.txt
/Users/rl-14/Desktop/Celine-Thesis/all-data-reordered/all/Sekyu nanulis sa negosyante, napusilan .txt
/Users/rl-14/Desktop/Celine-Thesis/all-data-reordered/all/Sekyu nga na-late gitipi ang kauban .txt
/Users/rl-14/Desktop/Celine-Thesis/all-data-reordered/all/Sekyu nga natulog gipusil sa kawatan.txt
/Users/rl-14/Desktop/Celine-Thesis/all-data-reordered/all/Sekyu sa Northern Mindanao Medical Center, nakit-ang patay.txt
/Users/rl-14/Desktop/Celine-Thesis/all-data-reordered/all/Sekyu,sikop sa kasong rape sa CdeO.txt
/Users/rl-14/Desktop/Celine-Thesis/all-data-reordered/all/Selfie ni Mayor Sara, Go ug Roque gikagubtan sa socmed.txt
/Users/rl-14/Desktop/Celine-Thesis/all-data-reordered/all/Selyado na.txt
/Users/rl-14/Desktop/Celine-Thesis/all-data-reordered/all/Sementeryo, terminal gidagsa na sa katawhan.txt
/Users/rl-14/Desktop/Celine-Thesis/all-data-reordered/all/Seminar sa Microsoft Excel .txt
/Users/rl-14/Desktop/Celine-Thesis/all-data-reordered/all/Semis ang punterya.txt
/Users/rl-14/Desktop/Celine-Thesis/all-data-reordered/all/Semis sugdan karon.txt
/Users/rl-14/Desktop/Celine-Thesis/all-data-reordered/all/Sen Aquino, gustong mapadali ang hustisya sa kamatayon ni Dr Rotoras.txt
/Users/rl-14/Desktop/Celine-Thesis/all-data-reordered/all/Sen. Bong gipadalha'g chocolates si Sen. de Lima.txt
/Users/rl-14/Desktop/Celine-Thesis/all-data-reordered/all/Sen. Chiz mihirit og 3 ka anak kang Heart.txt
/Users/rl-14/Desktop/Celine-Thesis/all-data-reordered/all/Sen. Chiz, Heart motunga.txt
/Users/rl-14/Desktop/Celine-Thesis/all-data-reordered/all/Sen. Manny Pacquiao gidasig ang mga atleta sa DAVRAA meet 2018.txt
/Users/rl-14/Desktop/Celine-Thesis/all-data-reordered/all/Sen. Pacquiao gibawalan matud pa ang iyang mga anak nga musulod sa boxing.txt
/Users/rl-14/Desktop/Celine-Thesis/all-data-reordered/all/Sen. Pacquiao, gikagubtan sa grand opening sa Davao Region Athletic Association (DAVRAA) Meet 2018.txt
/Users/rl-14/Desktop/Celine-Thesis/all-data-reordered/all/Sen. Pacquiao, sugdan na ang training sunod bulan alang sa engkwentro batok kang Matthysse.txt
/Users/rl-14/Desktop/Celine-Thesis/all-data-reordered/all/Sen. Riza Hontiveros , gihulagway nga “genuine partnership” ang hingpit nga pagka-upgrade sa Cebu Provincial Hospital sa Bogo City.txt
/Users/rl-14/Desktop/Celine-Thesis/all-data-reordered/all/Sen. Sonny Angara mipasalig nga mas munindot na karon ang Health Care sa Pinas;libre tanan hasta check up.txt
/Users/rl-14/Desktop/Celine-Thesis/all-data-reordered/all/Senado mihimo og public hearing alang sa Universal Health Care .txt
/Users/rl-14/Desktop/Celine-Thesis/all-data-reordered/all/Senador 'naadik' sa cocaine.txt
/Users/rl-14/Desktop/Celine-Thesis/all-data-reordered/all/Senador Angara nagtinguha og libreng check-up.txt
/Users/rl-14/Desktop/Celine-Thesis/all-data-reordered/all/Senate hearing re P8.7 bilyon RROW scam sa GenSan, gisibog sunod bulan.txt
/Users/rl-14/Desktop/Celine-Thesis/all-data-reordered/all/Senate inquiry sa P8.7B Road Right of Way Scam, ipahigayon sa GenSan sa March 16.txt
/Users/rl-14/Desktop/Celine-Thesis/all-data-reordered/all/Senator Kiko gilimpyo ang ngalan ni Sharon.txt
/Users/rl-14/Desktop/Celine-Thesis/all-data-reordered/all/Senator Sotto giulan og batikos.txt
/Users/rl-14/Desktop/Celine-Thesis/all-data-reordered/all/Sendong survivor,sikop sa buy-bust sa CdeO.txt
/Users/rl-14/Desktop/Celine-Thesis/all-data-reordered/all/Senegal naglungot pa sa Gilas.txt
/Users/rl-14/Desktop/Celine-Thesis/all-data-reordered/all/Senegal naglungot-lungot pa sa Gilas.txt
/Users/rl-14/Desktop/Celine-Thesis/all-data-reordered/all/Senemanang payola sa drugs.txt
/Users/rl-14/Desktop/Celine-Thesis/all-data-reordered/all/Senior Citizen nga naligsan patay sa Utility vehicle sa PDRRMO, aksidente lang gyud; gasto gi-abaga sa kapitolyo.txt
/Users/rl-14/Desktop/Celine-Thesis/all-data-reordered/all/Senior citizen,naghikog-patay sa CdeO.txt
/Users/rl-14/Desktop/Celine-Thesis/all-data-reordered/all/Senior, PWD nakadawat og wheel chair gikan sa Agak ni Guardo .txt
/Users/rl-14/Desktop/Celine-Thesis/all-data-reordered/all/Sentimento sa Rehiyon 7 kalabot sa pag-amyendar sa 1987 Constitution pare-pareho lang sa mga nag-una nga public hearing- Sen. Pangilinan; Cebu Archbishopo gi-ampo nalang ang resulta niini.txt
/Users/rl-14/Desktop/Celine-Thesis/all-data-reordered/all/Sentro sa Hong Kong bilib ni Blatche.txt
/Users/rl-14/Desktop/Celine-Thesis/all-data-reordered/all/Sentro sa Warriors gihulga.txt
/Users/rl-14/Desktop/Celine-Thesis/all-data-reordered/all/Sept. 21 di holiday.txt
/Users/rl-14/Desktop/Celine-Thesis/all-data-reordered/all/Septic tank services naglabay og hugaw sa kanal, giukoy .txt
/Users/rl-14/Desktop/Celine-Thesis/all-data-reordered/all/Serbisyo caravan sa Davao Oriental target nga makaabot sa 100 ka mga barangay.txt
/Users/rl-14/Desktop/Celine-Thesis/all-data-reordered/all/Serbisyo sa  mga reservist sa AFP ipakuha ni Tumulak.txt
/Users/rl-14/Desktop/Celine-Thesis/all-data-reordered/all/Serbisyo sa TCH apektado karon.txt
/Users/rl-14/Desktop/Celine-Thesis/all-data-reordered/all/Serena  naglisod batok sa di inila.txt
/Users/rl-14/Desktop/Celine-Thesis/all-data-reordered/all/Sereno wa mahadlok sa impeachment.txt
/Users/rl-14/Desktop/Celine-Thesis/all-data-reordered/all/Serial rapist nagdala og sakit.txt
/Users/rl-14/Desktop/Celine-Thesis/all-data-reordered/all/Serna: Alegre (ug subo) nga mga kalambuan.txt
/Users/rl-14/Desktop/Celine-Thesis/all-data-reordered/all/Serna: Bilib kong Kris Aquino ning higayona.txt
/Users/rl-14/Desktop/Celine-Thesis/all-data-reordered/all/Serna: Derek ug Coleen dili madayon sa Cebu.txt
/Users/rl-14/Desktop/Celine-Thesis/all-data-reordered/all/Serna: Kasa-ulogan sa Pasko nagkaduol na.txt
/Users/rl-14/Desktop/Celine-Thesis/all-data-reordered/all/Serna: Mayo, bulan sa pista ug mga bulak.txt
/Users/rl-14/Desktop/Celine-Thesis/all-data-reordered/all/Serna: Mga artista sa ‘Etiquette for Mistresses’ moanhi.txt
/Users/rl-14/Desktop/Celine-Thesis/all-data-reordered/all/Serna: Mga turista kinahanglan tudlu-an paghipos sa basura.txt
/Users/rl-14/Desktop/Celine-Thesis/all-data-reordered/all/Serna: Nagsagol ang reaction sa kadaugan ni Donald Trump isip US Pres..txt
/Users/rl-14/Desktop/Celine-Thesis/all-data-reordered/all/Serna: Nakapadasig sa mga batan-on.txt
/Users/rl-14/Desktop/Celine-Thesis/all-data-reordered/all/Serna: Puros duslak… yopak!.txt
/Users/rl-14/Desktop/Celine-Thesis/all-data-reordered/all/Serna: Queen, Ironman – malampuson, makalingaw.txt
/Users/rl-14/Desktop/Celine-Thesis/all-data-reordered/all/Serna: Rampada, mga artista sa reenactment gipaabot.txt
/Users/rl-14/Desktop/Celine-Thesis/all-data-reordered/all/Serna: Si Piolo na sab ang mobisita sa Cebu.txt
/Users/rl-14/Desktop/Celine-Thesis/all-data-reordered/all/Serna: Silang Richard, Dawn, Bea gyud diay.txt
/Users/rl-14/Desktop/Celine-Thesis/all-data-reordered/all/Serna: Sininggitay na sab ni ron!.txt
/Users/rl-14/Desktop/Celine-Thesis/all-data-reordered/all/Serna: Tabang, inay saway ang gikinahanglan.txt
/Users/rl-14/Desktop/Celine-Thesis/all-data-reordered/all/Serna: Wala lang damha!.txt
/Users/rl-14/Desktop/Celine-Thesis/all-data-reordered/all/Servania pakyas.txt
/Users/rl-14/Desktop/Celine-Thesis/all-data-reordered/all/Servania sa top rank na.txt
/Users/rl-14/Desktop/Celine-Thesis/all-data-reordered/all/Serye ni Andrea Torres gitapos na!.txt
/Users/rl-14/Desktop/Celine-Thesis/all-data-reordered/all/Set-up nila Chiz ug Heart, weird!.txt
/Users/rl-14/Desktop/Celine-Thesis/all-data-reordered/all/Sex apil sa initiation rites sa mga gang sa Lapu-Lapu.txt
/Users/rl-14/Desktop/Celine-Thesis/all-data-reordered/all/Sex worker nga nangawat sa kustomer sikop.txt
/Users/rl-14/Desktop/Celine-Thesis/all-data-reordered/all/SG gipildi sa Abrenica.txt
/Users/rl-14/Desktop/Celine-Thesis/all-data-reordered/all/Shabu bayad pagpalabada.txt
/Users/rl-14/Desktop/Celine-Thesis/all-data-reordered/all/Shabu gisuksok sa karneng baboy  .txt
/Users/rl-14/Desktop/Celine-Thesis/all-data-reordered/all/Shabu lab sa Cebu posible.txt
/Users/rl-14/Desktop/Celine-Thesis/all-data-reordered/all/Shabu nahug sa dan, napunitan sa taga-traffic.txt
/Users/rl-14/Desktop/Celine-Thesis/all-data-reordered/all/Shabu SA CPDRC sakmit.txt
/Users/rl-14/Desktop/Celine-Thesis/all-data-reordered/all/Shabu sa kahon nasakmit sa city jail.txt
/Users/rl-14/Desktop/Celine-Thesis/all-data-reordered/all/Shabu, gambling machines sakmit.txt
/Users/rl-14/Desktop/Celine-Thesis/all-data-reordered/all/Shabu, granada naa sa locker sa pulis.txt
/Users/rl-14/Desktop/Celine-Thesis/all-data-reordered/all/Shaina chill lang bisan 3 years ng loveless.txt
/Users/rl-14/Desktop/Celine-Thesis/all-data-reordered/all/Shaina fan ni Maine.txt
/Users/rl-14/Desktop/Celine-Thesis/all-data-reordered/all/Shaina mibida sa Visayan movie  SunStar.txt
/Users/rl-14/Desktop/Celine-Thesis/all-data-reordered/all/Shaina mitingog sa pagka-link kang Piolo.txt
/Users/rl-14/Desktop/Celine-Thesis/all-data-reordered/all/Shaina nagplano nga magmadre.txt
/Users/rl-14/Desktop/Celine-Thesis/all-data-reordered/all/Shaina nakigdate na? .txt
/Users/rl-14/Desktop/Celine-Thesis/all-data-reordered/all/Shamcey dunay advice ni Maxine  .txt
/Users/rl-14/Desktop/Celine-Thesis/all-data-reordered/all/Sharapova gisuspenso sa UN isip ambassador.txt
/Users/rl-14/Desktop/Celine-Thesis/all-data-reordered/all/Share sa LGU-GenSan gikan sa STL operation gihangyo nga himuong 5%.txt
/Users/rl-14/Desktop/Celine-Thesis/all-data-reordered/all/Sharks gusto mobalos sa COC sa Loyola Cup.txt
/Users/rl-14/Desktop/Celine-Thesis/all-data-reordered/all/Sharks maputol ang pahulay.txt
/Users/rl-14/Desktop/Celine-Thesis/all-data-reordered/all/Sharon mitingog sa isyu sa Bilibid.txt
/Users/rl-14/Desktop/Celine-Thesis/all-data-reordered/all/Sharon todo na sa iyang paseksi goal.txt
/Users/rl-14/Desktop/Celine-Thesis/all-data-reordered/all/Shawarma gipangalaan ni Juday.txt
/Users/rl-14/Desktop/Celine-Thesis/all-data-reordered/all/Shell chess registration gapadayon.txt
/Users/rl-14/Desktop/Celine-Thesis/all-data-reordered/all/Sherlyn Doloriel, Miss Cagayan de Oro 2016.txt
/Users/rl-14/Desktop/Celine-Thesis/all-data-reordered/all/Sheryl nakatilaw og kasaba kang Ali.txt
/Users/rl-14/Desktop/Celine-Thesis/all-data-reordered/all/Sheryn nakahilak sa kamatayon ni `Tito Al’.txt
/Users/rl-14/Desktop/Celine-Thesis/all-data-reordered/all/Shine nag-andam og milyon alang sa eye operation.txt
/Users/rl-14/Desktop/Celine-Thesis/all-data-reordered/all/Shooting sa bag-ong serye sa GMA gihimo sa Cebu.txt
/Users/rl-14/Desktop/Celine-Thesis/all-data-reordered/all/Short films, super blue blood moon.txt
/Users/rl-14/Desktop/Celine-Thesis/all-data-reordered/all/Showbiz Chika.txt
/Users/rl-14/Desktop/Celine-Thesis/all-data-reordered/all/Showbiz Chika: `Forevermore’ finale nanghawod.txt
/Users/rl-14/Desktop/Celine-Thesis/all-data-reordered/all/Showbiz Chika: Child Star of the Year sa PEPsters’ Choice.txt
/Users/rl-14/Desktop/Celine-Thesis/all-data-reordered/all/Showbiz Chika: Kris gusto og happy ending?.txt
/Users/rl-14/Desktop/Celine-Thesis/all-data-reordered/all/Showbiz Chika: KrisTek mo-click kaha?.txt
/Users/rl-14/Desktop/Celine-Thesis/all-data-reordered/all/Showbiz Chika: Luis, Alex nagdungan og panihapon.txt
/Users/rl-14/Desktop/Celine-Thesis/all-data-reordered/all/Showbiz Chika: Maja wala nagbasol.txt
/Users/rl-14/Desktop/Celine-Thesis/all-data-reordered/all/Showbiz Chika: Maris apektado sa loveteam .txt
/Users/rl-14/Desktop/Celine-Thesis/all-data-reordered/all/Showbiz Chika: Rhian miangkon, naglisud sa ‘Rich Man’s Daughter’.txt
/Users/rl-14/Desktop/Celine-Thesis/all-data-reordered/all/Showbiz Chika: Sam ready na magminyo.txt
/Users/rl-14/Desktop/Celine-Thesis/all-data-reordered/all/Showbiz Chika: Surprise birthday .txt
/Users/rl-14/Desktop/Celine-Thesis/all-data-reordered/all/Showbiz Chika: Winwyn nakilig ni Enrique Gil.txt
/Users/rl-14/Desktop/Celine-Thesis/all-data-reordered/all/Showbiz Chika: Wish ni Angel kang Luis.txt
/Users/rl-14/Desktop/Celine-Thesis/all-data-reordered/all/Showbiz hapit gilayasan ni Lloydie.txt
/Users/rl-14/Desktop/Celine-Thesis/all-data-reordered/all/Showbiz naghilak sa pagpanaw ni Direk Maryo.txt
/Users/rl-14/Desktop/Celine-Thesis/all-data-reordered/all/SHS-Ateneo mapasigarbuhon gihapon.txt
/Users/rl-14/Desktop/Celine-Thesis/all-data-reordered/all/SHS-Cebu mipukan sa Ateneo-Mla pero napildi sa NU sa semifinals.txt
/Users/rl-14/Desktop/Celine-Thesis/all-data-reordered/all/Si Cocoy ang Embalsamador  .txt
/Users/rl-14/Desktop/Celine-Thesis/all-data-reordered/all/Si David batok HIV.txt
/Users/rl-14/Desktop/Celine-Thesis/all-data-reordered/all/Si lolo sa iyang katuigan.txt
/Users/rl-14/Desktop/Celine-Thesis/all-data-reordered/all/Si Manang Merin Ug Ang Kasing.txt
/Users/rl-14/Desktop/Celine-Thesis/all-data-reordered/all/Si Paypa ug ang iyang damgo.txt
/Users/rl-14/Desktop/Celine-Thesis/all-data-reordered/all/Si Tawing ang 'promising' Master.txt
/Users/rl-14/Desktop/Celine-Thesis/all-data-reordered/all/Sialana: Iron wood negusyo sa batan-ong amahan.txt
/Users/rl-14/Desktop/Celine-Thesis/all-data-reordered/all/Sialana: Kwarta sa mga tanom.txt
/Users/rl-14/Desktop/Celine-Thesis/all-data-reordered/all/Siao supak sa death penalty pero ‘yes’ ang boto.txt
/Users/rl-14/Desktop/Celine-Thesis/all-data-reordered/all/Sid nagbungol ni Alessandra.txt
/Users/rl-14/Desktop/Celine-Thesis/all-data-reordered/all/Siddhartha The Musical ika-100 nga pasundayag.txt
/Users/rl-14/Desktop/Celine-Thesis/all-data-reordered/all/Sidewalk sa LaPunTi gihawanan sa Probe aron malimpyo ang lugar .txt
/Users/rl-14/Desktop/Celine-Thesis/all-data-reordered/all/Siete mil ka mga pangalan, gipapa sa COMELEC-Davao.txt
/Users/rl-14/Desktop/Celine-Thesis/all-data-reordered/all/Signal jam wala pa nasabutan.txt
/Users/rl-14/Desktop/Celine-Thesis/all-data-reordered/all/Signboard ibutang sa SRP tunnel .txt
/Users/rl-14/Desktop/Celine-Thesis/all-data-reordered/all/Sikad drayber naalaang nagbilin og bomba.txt
/Users/rl-14/Desktop/Celine-Thesis/all-data-reordered/all/Sikad driver gilapa.txt
/Users/rl-14/Desktop/Celine-Thesis/all-data-reordered/all/Sikad driver giluba sa 5 ka batan-on, patay .txt
/Users/rl-14/Desktop/Celine-Thesis/all-data-reordered/all/Sikad driver nga nanglugos sa 11 yrs.old, i-commit na sa Lanton City Jail.txt
/Users/rl-14/Desktop/Celine-Thesis/all-data-reordered/all/Sikad-driver,gidunggab-patay sa CdeO.txt
/Users/rl-14/Desktop/Celine-Thesis/all-data-reordered/all/Sikat nga Korean actor, Anne Curtis naay movie together .txt
/Users/rl-14/Desktop/Celine-Thesis/all-data-reordered/all/Sikop sa sugal gipatuong tokhang?.txt
/Users/rl-14/Desktop/Celine-Thesis/all-data-reordered/all/Sikyu giakusahan nga nanglugos, gisikop, nanghimakak.txt
/Users/rl-14/Desktop/Celine-Thesis/all-data-reordered/all/Silent killer.txt
/Users/rl-14/Desktop/Celine-Thesis/all-data-reordered/all/Silhig Festival gipalapdan, gipanindot ning tuiga: Brgy. Kapitan Soco.txt
/Users/rl-14/Desktop/Celine-Thesis/all-data-reordered/all/Silot nga kamatayon tukion sa Kongreso.txt
/Users/rl-14/Desktop/Celine-Thesis/all-data-reordered/all/Silver medal sa Pilipinas.txt
/Users/rl-14/Desktop/Celine-Thesis/all-data-reordered/all/Simbahan di mouban sa operasyon sa droga.txt
/Users/rl-14/Desktop/Celine-Thesis/all-data-reordered/all/Simbahan gilamoy sa kalayo.txt
/Users/rl-14/Desktop/Celine-Thesis/all-data-reordered/all/Simbahan giransak, mga donasyon nawagtang.txt
/Users/rl-14/Desktop/Celine-Thesis/all-data-reordered/all/Simbahan gisuwayan og haylo? .txt
/Users/rl-14/Desktop/Celine-Thesis/all-data-reordered/all/Simbahan sa Baclayon gibuksan.txt
/Users/rl-14/Desktop/Celine-Thesis/all-data-reordered/all/Simply Share Foundation gilusad.txt
/Users/rl-14/Desktop/Celine-Thesis/all-data-reordered/all/Simul run sa  7-Eleven, Peb. 4 .txt
/Users/rl-14/Desktop/Celine-Thesis/all-data-reordered/all/Simulation exercise sa dakbayan, nagmalampuson.txt
/Users/rl-14/Desktop/Celine-Thesis/all-data-reordered/all/Simulation exercise sa kapulisan nakapakurat sa publiko.txt
/Users/rl-14/Desktop/Celine-Thesis/all-data-reordered/all/Sinakong basura gikan sa Korea nadiskobrehan.txt
/Users/rl-14/Desktop/Celine-Thesis/all-data-reordered/all/Sinakong uling gisakmit sa DENR sa Tuburan .txt
/Users/rl-14/Desktop/Celine-Thesis/all-data-reordered/all/Sinaligan ni Kerwin Espinosa misukol sa pag-aresto, patay.txt
/Users/rl-14/Desktop/Celine-Thesis/all-data-reordered/all/Sindikato gi-buy bust.txt
/Users/rl-14/Desktop/Celine-Thesis/all-data-reordered/all/Sindikato gikan sa bilibid tiklo.txt
/Users/rl-14/Desktop/Celine-Thesis/all-data-reordered/all/Singgit atol sa paglubong ni PO2 Casiban: Hustisya!.txt
/Users/rl-14/Desktop/Celine-Thesis/all-data-reordered/all/Singgit sa Ginebra fans: ‘Calvin, nganga!’.txt
/Users/rl-14/Desktop/Celine-Thesis/all-data-reordered/all/Single mom naligsan patay.txt
/Users/rl-14/Desktop/Celine-Thesis/all-data-reordered/all/Single mother tukoran og dormitory .txt
/Users/rl-14/Desktop/Celine-Thesis/all-data-reordered/all/Sinon bukas na sa iyang British husband.txt
/Users/rl-14/Desktop/Celine-Thesis/all-data-reordered/all/Sinon gibansagan nga ‘King of catwalk’.txt
/Users/rl-14/Desktop/Celine-Thesis/all-data-reordered/all/Sinulog 2017 gilusad pinaagi sa misa, parade.txt
/Users/rl-14/Desktop/Celine-Thesis/all-data-reordered/all/Sinulog basura watch gilusad.txt
/Users/rl-14/Desktop/Celine-Thesis/all-data-reordered/all/Sinulog Cup 10-Ball sa Jancor pormal gisugdan kagahapon.txt
/Users/rl-14/Desktop/Celine-Thesis/all-data-reordered/all/Sinulog Cup Invitational, Jan. 7-12.txt
/Users/rl-14/Desktop/Celine-Thesis/all-data-reordered/all/Sinulog Grand Mardigras 2018, gikahinaman na karong adlawa.txt
/Users/rl-14/Desktop/Celine-Thesis/all-data-reordered/all/Sinulog holiday sa Navona, P5k diskwento sa Enero 23.txt
/Users/rl-14/Desktop/Celine-Thesis/all-data-reordered/all/Sinulog isip espirituhanong tinubdan sa kahiusahan.txt
/Users/rl-14/Desktop/Celine-Thesis/all-data-reordered/all/Sinulog nalangay.txt
/Users/rl-14/Desktop/Celine-Thesis/all-data-reordered/all/Sinulog Run, pagdiskobre og laing Mary Joy Tabal.txt
/Users/rl-14/Desktop/Celine-Thesis/all-data-reordered/all/Sinulog sa barangay magpadayon: Tomas .txt
/Users/rl-14/Desktop/Celine-Thesis/all-data-reordered/all/Sinulog sa Palm Grass.txt
/Users/rl-14/Desktop/Celine-Thesis/all-data-reordered/all/Sinumbagay na sa Bohol.txt
/Users/rl-14/Desktop/Celine-Thesis/all-data-reordered/all/Sinumbagay sa Kawit, Marso 5.txt
/Users/rl-14/Desktop/Celine-Thesis/all-data-reordered/all/Siomai run sa Tisa, Septiyembre 19.txt
/Users/rl-14/Desktop/Celine-Thesis/all-data-reordered/all/Sirad-an 1 ka lane sa F. Llamas .txt
/Users/rl-14/Desktop/Celine-Thesis/all-data-reordered/all/Sismundo: Kakuwang sa training ang hinungdan sa kapildihan.txt
/Users/rl-14/Desktop/Celine-Thesis/all-data-reordered/all/Sistema sa birth registration sa Pilipinas, gitawag nga anti-poor ni Cong. Lawrence Fortun.txt
/Users/rl-14/Desktop/Celine-Thesis/all-data-reordered/all/Sistema sa Uber, grab sundon sa city hall.txt
/Users/rl-14/Desktop/Celine-Thesis/all-data-reordered/all/Sister city agreement lagdaan tali sa syudad Davao ug Marawi City.txt
/Users/rl-14/Desktop/Celine-Thesis/all-data-reordered/all/Sister city agreement tali sa Kaua’i County sa Hawaii lagdaan sa syudad sa Dabaw.txt
/Users/rl-14/Desktop/Celine-Thesis/all-data-reordered/all/Sisterhood agreement lagdaan sa dakbayan sa Dabaw tali Marawi City.txt
/Users/rl-14/Desktop/Celine-Thesis/all-data-reordered/all/SITG giumol aron mosusi sa Korean nga namatay .txt
/Users/rl-14/Desktop/Celine-Thesis/all-data-reordered/all/SITG giumol sa nahitabong pamomba .txt
/Users/rl-14/Desktop/Celine-Thesis/all-data-reordered/all/SITG, giawhag ang testigo sa Rotoras killing nga makig-koordinar sa PNP.txt
/Users/rl-14/Desktop/Celine-Thesis/all-data-reordered/all/SITG, namugos nga sulbad na ang kasong pagpatay ni USTP Pres Dr Rotoras.txt
/Users/rl-14/Desktop/Celine-Thesis/all-data-reordered/all/SITG,namugos nga dili fall guy ang sikop nga USTP prexy killer.txt
/Users/rl-14/Desktop/Celine-Thesis/all-data-reordered/all/SITG-,abli pa ang Rotoras killing probe sa CdeO.txt
/Users/rl-14/Desktop/Celine-Thesis/all-data-reordered/all/SITG-Rotoras, pakyas pa gihapon makahupot ebedensiya batok Arch. Galua sa Rotoras.txt
/Users/rl-14/Desktop/Celine-Thesis/all-data-reordered/all/SITG-Rotoras,intresado sa testimonya sa USTP contractor.txt
/Users/rl-14/Desktop/Celine-Thesis/all-data-reordered/all/SITG-Rotoras,nagka-minus pagsulbad sa USTP prexy killing sa CdeO.txt
/Users/rl-14/Desktop/Celine-Thesis/all-data-reordered/all/SITG-Rotoras,naglugwa’g ‘gag order’ re:Rotoras killing.txt
/Users/rl-14/Desktop/Celine-Thesis/all-data-reordered/all/SITG-Rotoras,nakatumbok na sa Rotoras killers sa CdeO.txt
/Users/rl-14/Desktop/Celine-Thesis/all-data-reordered/all/SITG-Rotoras,namugos nga lig-on ang kaso vs ex-USTP architect.txt
/Users/rl-14/Desktop/Celine-Thesis/all-data-reordered/all/SITG:”Dugang 3 ka POI sa Rotoras killing,naila na sa CdeO’.txt
/Users/rl-14/Desktop/Celine-Thesis/all-data-reordered/all/Sixers gikastigo sa Warriors.txt
/Users/rl-14/Desktop/Celine-Thesis/all-data-reordered/all/Sixers mitipi sa Cavaliers.txt
/Users/rl-14/Desktop/Celine-Thesis/all-data-reordered/all/Siyudad dunay 19 ka kalapasan sa pagbukas sa landfill: EMB 7.txt
/Users/rl-14/Desktop/Celine-Thesis/all-data-reordered/all/SK ug barangay elections madayon.txt
/Users/rl-14/Desktop/Celine-Thesis/all-data-reordered/all/SK ug Brgy. Eleksyon posibleng maoktaba na usab.txt
/Users/rl-14/Desktop/Celine-Thesis/all-data-reordered/all/Skating camp ni Martinez sa SM Seaside gisugdan.txt
/Users/rl-14/Desktop/Celine-Thesis/all-data-reordered/all/Skin911 miabli sa Banawa.txt
/Users/rl-14/Desktop/Celine-Thesis/all-data-reordered/all/Skin911 miabli sa Consolacion.txt
/Users/rl-14/Desktop/Celine-Thesis/all-data-reordered/all/Skina Balak.txt
/Users/rl-14/Desktop/Celine-Thesis/all-data-reordered/all/SKO overall champ sa Davao.txt
/Users/rl-14/Desktop/Celine-Thesis/all-data-reordered/all/Skygo milusad sa agresibong promusyon.txt
/Users/rl-14/Desktop/Celine-Thesis/all-data-reordered/all/Slaughter di makaduwa sa playoffs?.txt
/Users/rl-14/Desktop/Celine-Thesis/all-data-reordered/all/Slaughter gisubhag pildi.txt
/Users/rl-14/Desktop/Celine-Thesis/all-data-reordered/all/Slaughter makaduwa: SBP.txt
/Users/rl-14/Desktop/Celine-Thesis/all-data-reordered/all/Slaughter maoy bugtong  makapugong ni Fajardo .txt
/Users/rl-14/Desktop/Celine-Thesis/all-data-reordered/all/Slaughter mas palabihon ang title kay sa MVP award.txt
/Users/rl-14/Desktop/Celine-Thesis/all-data-reordered/all/Slaughter migukod ni Fajardo.txt
/Users/rl-14/Desktop/Celine-Thesis/all-data-reordered/all/Slaughter posibleng mobalik na'g duwa kontra Beermen.txt
/Users/rl-14/Desktop/Celine-Thesis/all-data-reordered/all/Slaughter, Tenorio miaswat sa Gins; Bolts 4-0 na.txt
/Users/rl-14/Desktop/Celine-Thesis/all-data-reordered/all/SLP misuporta sa negosyo sa sektor.txt
/Users/rl-14/Desktop/Celine-Thesis/all-data-reordered/all/SM Store, PayMaya Phils. milusad sa panag-uban.txt
/Users/rl-14/Desktop/Celine-Thesis/all-data-reordered/all/Smart Infocast mipalambo sa disaster preparedness sa Dumanjug.txt
/Users/rl-14/Desktop/Celine-Thesis/all-data-reordered/all/Smart Infocast sa Bogo.txt
/Users/rl-14/Desktop/Celine-Thesis/all-data-reordered/all/Smart Infocast sa Diocese of Dumaguete.txt
/Users/rl-14/Desktop/Celine-Thesis/all-data-reordered/all/Smart miasoy sa mga bata nga Bol-anon sa nindot sa mga istorya.txt
/Users/rl-14/Desktop/Celine-Thesis/all-data-reordered/all/Smart midala og dugang LTE devices .txt
/Users/rl-14/Desktop/Celine-Thesis/all-data-reordered/all/Smart miduso sa social media.txt
/Users/rl-14/Desktop/Celine-Thesis/all-data-reordered/all/Smart mikonek sa mga Pinoy sa kalibotan.txt
/Users/rl-14/Desktop/Celine-Thesis/all-data-reordered/all/Smart milibot sa mga tunghaan.txt
/Users/rl-14/Desktop/Celine-Thesis/all-data-reordered/all/Smart milusad sa sistema alang sa panglawas.txt
/Users/rl-14/Desktop/Celine-Thesis/all-data-reordered/all/Smart milusad sa SmartLife app sa Pinoy.txt
/Users/rl-14/Desktop/Celine-Thesis/all-data-reordered/all/Smart milusad sa ‘BRO-Kada’ promo.txt
/Users/rl-14/Desktop/Celine-Thesis/all-data-reordered/all/Smart mipakita sa yano nga app innovations.txt
/Users/rl-14/Desktop/Celine-Thesis/all-data-reordered/all/Smart mipakusog sa network sa LTE coverage sa tibuok nasod.txt
/Users/rl-14/Desktop/Celine-Thesis/all-data-reordered/all/Smart mipalambo sa rural health services.txt
/Users/rl-14/Desktop/Celine-Thesis/all-data-reordered/all/Smart mipalig-on sa ilang kampanya sa tree planting .txt
/Users/rl-14/Desktop/Celine-Thesis/all-data-reordered/all/Smart misuporta sa jobs fair.txt
/Users/rl-14/Desktop/Celine-Thesis/all-data-reordered/all/Smart mitanyag sa load nga may libreng accident insurance.txt
/Users/rl-14/Desktop/Celine-Thesis/all-data-reordered/all/Smart mobile data gipakusgan sa PH.txt
/Users/rl-14/Desktop/Celine-Thesis/all-data-reordered/all/Smart mobile technology dako'g tabang.txt
/Users/rl-14/Desktop/Celine-Thesis/all-data-reordered/all/Smart Padala milusad sa Smart Padala Ka-partner.txt
/Users/rl-14/Desktop/Celine-Thesis/all-data-reordered/all/Smart travel WiFi alang sa mga Pinoy sa abroad.txt
/Users/rl-14/Desktop/Celine-Thesis/all-data-reordered/all/Smart Wifi gipakusgan sa nag-unang airports.txt
/Users/rl-14/Desktop/Celine-Thesis/all-data-reordered/all/Smart, Ateneo milusad sa libreng Operation Smile app .txt
/Users/rl-14/Desktop/Celine-Thesis/all-data-reordered/all/Smart, Cash Credit naghiusa sa serbisyo.txt
/Users/rl-14/Desktop/Celine-Thesis/all-data-reordered/all/Smart, Earth Hour 2015.txt
/Users/rl-14/Desktop/Celine-Thesis/all-data-reordered/all/Smart, MARINA miila sa Pinoy seafarers.txt
/Users/rl-14/Desktop/Celine-Thesis/all-data-reordered/all/Smart, Next Wave manning agency nagkasabot.txt
/Users/rl-14/Desktop/Celine-Thesis/all-data-reordered/all/Smart’s PayMaya mipalapad sa stations.txt
/Users/rl-14/Desktop/Celine-Thesis/all-data-reordered/all/SMB batok GlobalPort sa Lapu karong hapon.txt
/Users/rl-14/Desktop/Celine-Thesis/all-data-reordered/all/SMB Commissioner’s Cup king.txt
/Users/rl-14/Desktop/Celine-Thesis/all-data-reordered/all/SMB giusban sa TNT.txt
/Users/rl-14/Desktop/Celine-Thesis/all-data-reordered/all/SMB molangkat sa kampiyonato  SunStar.txt
/Users/rl-14/Desktop/Celine-Thesis/all-data-reordered/all/SMB mosuway'g tapos sa series.txt
/Users/rl-14/Desktop/Celine-Thesis/all-data-reordered/all/SMB nakauna; gipukan ang TNT.txt
/Users/rl-14/Desktop/Celine-Thesis/all-data-reordered/all/SMB naproblema tungod sa mga injuries.txt
/Users/rl-14/Desktop/Celine-Thesis/all-data-reordered/all/SMB subha’g daog.txt
/Users/rl-14/Desktop/Celine-Thesis/all-data-reordered/all/SMB sud sa finals.txt
/Users/rl-14/Desktop/Celine-Thesis/all-data-reordered/all/SMB vs. Star.txt
/Users/rl-14/Desktop/Celine-Thesis/all-data-reordered/all/SMB-Hotshots finals sugdan .txt
/Users/rl-14/Desktop/Celine-Thesis/all-data-reordered/all/SMB-Kia trade gipikhan sa team owner sa Alaska.txt
/Users/rl-14/Desktop/Celine-Thesis/all-data-reordered/all/SMB-RoS semis sugdan karon.txt
/Users/rl-14/Desktop/Celine-Thesis/all-data-reordered/all/SMC-SAC Awards karong Marso 26.txt
/Users/rl-14/Desktop/Celine-Thesis/all-data-reordered/all/SMC-SAC Awards, Marso 7.txt
/Users/rl-14/Desktop/Celine-Thesis/all-data-reordered/all/SMC-SAC Sports awards sa Robinson's Galleria karon.txt
/Users/rl-14/Desktop/Celine-Thesis/all-data-reordered/all/Smith miagak sa Cavaliers.txt
/Users/rl-14/Desktop/Celine-Thesis/all-data-reordered/all/Smith mipirma na og balik sa Cavaliers?.txt
/Users/rl-14/Desktop/Celine-Thesis/all-data-reordered/all/Smith, Cavaliers nagkasabot na.txt
/Users/rl-14/Desktop/Celine-Thesis/all-data-reordered/all/Smith, Ka Tropa andam mobawos sa Beermen.txt
/Users/rl-14/Desktop/Celine-Thesis/all-data-reordered/all/Smoking ban gipirmahan ni Duterte.txt
/Users/rl-14/Desktop/Celine-Thesis/all-data-reordered/all/Smoking ban ipatuman ni Osmeña apan di estrikto kay negusyo madaut.txt
/Users/rl-14/Desktop/Celine-Thesis/all-data-reordered/all/So kampiyon sa US Championship chess tournament.txt
/Users/rl-14/Desktop/Celine-Thesis/all-data-reordered/all/Soberano: Industry Entrepreneur of the Year awardee .txt
/Users/rl-14/Desktop/Celine-Thesis/all-data-reordered/all/Sobra katunga sa populasyon sa kabataan sa dakbayan, natoplokan sa anti-measles vaccine.txt
/Users/rl-14/Desktop/Celine-Thesis/all-data-reordered/all/Soccer superstar Messi gisuspenso.txt
/Users/rl-14/Desktop/Celine-Thesis/all-data-reordered/all/Social media comments, tubagon o di?.txt
/Users/rl-14/Desktop/Celine-Thesis/all-data-reordered/all/Social worker ‘miabuso’ sa 7 ka menor.txt
/Users/rl-14/Desktop/Celine-Thesis/all-data-reordered/all/Soco mihangyo, nanawagan sa mga kongresista.txt
/Users/rl-14/Desktop/Celine-Thesis/all-data-reordered/all/Sofia miklaro dili uyab si Diego.txt
/Users/rl-14/Desktop/Celine-Thesis/all-data-reordered/all/Sogod triathlon karong Sabado.txt
/Users/rl-14/Desktop/Celine-Thesis/all-data-reordered/all/Sohoton Cave palambuon.txt
/Users/rl-14/Desktop/Celine-Thesis/all-data-reordered/all/Solar Panel sa CSBT.txt
/Users/rl-14/Desktop/Celine-Thesis/all-data-reordered/all/Solar panels gipangtaod sa CSBT, magamit na sunod buwan.txt
/Users/rl-14/Desktop/Celine-Thesis/all-data-reordered/all/Solar power gibutang sa Bantayan island.txt
/Users/rl-14/Desktop/Celine-Thesis/all-data-reordered/all/Solar powered water system sa Siquijor	.txt
/Users/rl-14/Desktop/Celine-Thesis/all-data-reordered/all/Solenn dili mobiya sa Kapuso Network.txt
/Users/rl-14/Desktop/Celine-Thesis/all-data-reordered/all/Solenn gamay rag oras sa bana!.txt
/Users/rl-14/Desktop/Celine-Thesis/all-data-reordered/all/Solenn gitawag og ‘mabawg utok’ ang basher.txt
/Users/rl-14/Desktop/Celine-Thesis/all-data-reordered/all/Solenn hate ang photo filtering.txt
/Users/rl-14/Desktop/Celine-Thesis/all-data-reordered/all/Solenn miklaro dili adik.txt
/Users/rl-14/Desktop/Celine-Thesis/all-data-reordered/all/Solenn walay plano magkaanak? .txt
/Users/rl-14/Desktop/Celine-Thesis/all-data-reordered/all/Solenn, negatibo sa drug test.txt
/Users/rl-14/Desktop/Celine-Thesis/all-data-reordered/all/Solid Earth miabag sa mga mananagat.txt
/Users/rl-14/Desktop/Celine-Thesis/all-data-reordered/all/Solong liderato tuyo sa Aces .txt
/Users/rl-14/Desktop/Celine-Thesis/all-data-reordered/all/Solusyon sa trahedya .txt
/Users/rl-14/Desktop/Celine-Thesis/all-data-reordered/all/Sona ni Dutere miani og reaksyon.txt
/Users/rl-14/Desktop/Celine-Thesis/all-data-reordered/all/Sonsona moaway karon.txt
/Users/rl-14/Desktop/Celine-Thesis/all-data-reordered/all/Sonsona seryuso na kaha mobalik?.txt
/Users/rl-14/Desktop/Celine-Thesis/all-data-reordered/all/Sophie Albert nahiluna na ang career.txt
/Users/rl-14/Desktop/Celine-Thesis/all-data-reordered/all/Sorongon hara sa ThreeSixty Run.txt
/Users/rl-14/Desktop/Celine-Thesis/all-data-reordered/all/Sorongon midaog sa katkatay'g bldg..txt
/Users/rl-14/Desktop/Celine-Thesis/all-data-reordered/all/Sorry Mavs: Jordan.txt
/Users/rl-14/Desktop/Celine-Thesis/all-data-reordered/all/Sorry Ronda: Floyd.txt
/Users/rl-14/Desktop/Celine-Thesis/all-data-reordered/all/Sotto nagpanikad.txt
/Users/rl-14/Desktop/Celine-Thesis/all-data-reordered/all/Source generation ug fiscal allocation, gihisgutan na para sa pederalismo.txt
/Users/rl-14/Desktop/Celine-Thesis/all-data-reordered/all/South gialerto nang daan; pulis gipakatap.txt
/Users/rl-14/Desktop/Celine-Thesis/all-data-reordered/all/South Star Drug modawat og GCash .txt
/Users/rl-14/Desktop/Celine-Thesis/all-data-reordered/all/South terminal sirhan sugod karong gabii.txt
/Users/rl-14/Desktop/Celine-Thesis/all-data-reordered/all/South terminal sirhan sugod sa Sabado sa gabii.txt
/Users/rl-14/Desktop/Celine-Thesis/all-data-reordered/all/South-East Asia Japan Cable System nahuman.txt
/Users/rl-14/Desktop/Celine-Thesis/all-data-reordered/all/SP vs mga inotil pagsanta sa illegal STL,ilusad sa CdeO.txt
/Users/rl-14/Desktop/Celine-Thesis/all-data-reordered/all/Spain kaging sa Brazil sa Olympics caging.txt
/Users/rl-14/Desktop/Celine-Thesis/all-data-reordered/all/Sparring partner ni Pacman nagkadugo.txt
/Users/rl-14/Desktop/Celine-Thesis/all-data-reordered/all/SPC 3-0 na!.txt
/Users/rl-14/Desktop/Celine-Thesis/all-data-reordered/all/SPC batok XU karon.txt
/Users/rl-14/Desktop/Celine-Thesis/all-data-reordered/all/SPC batok XU madayon karon .txt
/Users/rl-14/Desktop/Celine-Thesis/all-data-reordered/all/SPC dili magkumpyansa sa XU.txt
/Users/rl-14/Desktop/Celine-Thesis/all-data-reordered/all/SPC gipahunong sa St. Columba.txt
/Users/rl-14/Desktop/Celine-Thesis/all-data-reordered/all/SPC gipaluhod sa XU .txt
/Users/rl-14/Desktop/Celine-Thesis/all-data-reordered/all/SPC Junior Sharks gideklarar nga kampyon.txt
/Users/rl-14/Desktop/Celine-Thesis/all-data-reordered/all/SPC kontra IMCC karon .txt
/Users/rl-14/Desktop/Celine-Thesis/all-data-reordered/all/SPC mosulay pag-abante sa semis kontra City High.txt
/Users/rl-14/Desktop/Celine-Thesis/all-data-reordered/all/SPC nakabalos.txt
/Users/rl-14/Desktop/Celine-Thesis/all-data-reordered/all/SPC nakaeskapo aron angkonon ang titulo.txt
/Users/rl-14/Desktop/Celine-Thesis/all-data-reordered/all/SPC napakyas.txt
/Users/rl-14/Desktop/Celine-Thesis/all-data-reordered/all/SPC Sharks sa regional finals.txt
/Users/rl-14/Desktop/Celine-Thesis/all-data-reordered/all/SPC Sharks sulod na sa semis.txt
/Users/rl-14/Desktop/Celine-Thesis/all-data-reordered/all/SPC vs PWA, Bukidnon Faith sa men’s, 18U final.txt
/Users/rl-14/Desktop/Celine-Thesis/all-data-reordered/all/SPC wala tugta og grand slam sa XU  SunStar.txt
/Users/rl-14/Desktop/Celine-Thesis/all-data-reordered/all/SPC wala tugta og grand slam sa XU.txt
/Users/rl-14/Desktop/Celine-Thesis/all-data-reordered/all/SPC, Corpus miuli og duha ka titulo.txt
/Users/rl-14/Desktop/Celine-Thesis/all-data-reordered/all/SPC, XU giimbitar sa Bukidnon basketball tourney .txt
/Users/rl-14/Desktop/Celine-Thesis/all-data-reordered/all/SPC, XU mag-agbat sa finals.txt
/Users/rl-14/Desktop/Celine-Thesis/all-data-reordered/all/SPC, XU mag-ilog sa kampyonato.txt
/Users/rl-14/Desktop/Celine-Thesis/all-data-reordered/all/SPC, XU mag-ilog sa unang pwesto.txt
/Users/rl-14/Desktop/Celine-Thesis/all-data-reordered/all/SPC, XU sa finals .txt
/Users/rl-14/Desktop/Celine-Thesis/all-data-reordered/all/Special child nga namatay nasikop sa wa pa ma-missing? Di tinuod: pulis.txt
/Users/rl-14/Desktop/Celine-Thesis/all-data-reordered/all/Special election hugtanong gibantayan.txt
/Users/rl-14/Desktop/Celine-Thesis/all-data-reordered/all/Speed limit, trapik sa SRP tukion sa Talisay, Cebu City.txt
/Users/rl-14/Desktop/Celine-Thesis/all-data-reordered/all/sphinx: usa ka mangtas nga tahas ug ang tulo ka tulobagon sa pag-ila.txt
/Users/rl-14/Desktop/Celine-Thesis/all-data-reordered/all/Splash bros. miarangkada.txt
/Users/rl-14/Desktop/Celine-Thesis/all-data-reordered/all/SPO3 Lascañas gilimod ang pasangil ni Matobato.txt
/Users/rl-14/Desktop/Celine-Thesis/all-data-reordered/all/Spoelstra magpabilin nga coach sa Heat.txt
/Users/rl-14/Desktop/Celine-Thesis/all-data-reordered/all/Spoelstra, Coach of the year?.txt
/Users/rl-14/Desktop/Celine-Thesis/all-data-reordered/all/Sports center sa MisOr mikita og P3.5 milyon.txt
/Users/rl-14/Desktop/Celine-Thesis/all-data-reordered/all/Sports complex tukuron sa UM  .txt
/Users/rl-14/Desktop/Celine-Thesis/all-data-reordered/all/Sports development og peace and order, tutukan sa bag-ong kapitan sa San Vicente, Butuan City.txt
/Users/rl-14/Desktop/Celine-Thesis/all-data-reordered/all/Sports Idol: Ang paambit ni Smith.txt
/Users/rl-14/Desktop/Celine-Thesis/all-data-reordered/all/Sports Idol: Ang pagdagan ni Tatay Andoy.txt
/Users/rl-14/Desktop/Celine-Thesis/all-data-reordered/all/Sports Idol: Ang pangandoy ni Gretchen.txt
/Users/rl-14/Desktop/Celine-Thesis/all-data-reordered/all/Sports Idol: Ang prinsipe sa RP boxing.txt
/Users/rl-14/Desktop/Celine-Thesis/all-data-reordered/all/Sports Idol: Ang sugilanon sa mga Siso.txt
/Users/rl-14/Desktop/Celine-Thesis/all-data-reordered/all/Sports Idol: Ang tindak sa Rotarian.txt
/Users/rl-14/Desktop/Celine-Thesis/all-data-reordered/all/Sports Idol: Damgo ug inspirasyon.txt
/Users/rl-14/Desktop/Celine-Thesis/all-data-reordered/all/Sports Idol: Golden Boy sa Ormoc.txt
/Users/rl-14/Desktop/Celine-Thesis/all-data-reordered/all/Sports Idol: Hi, Westbrook!.txt
/Users/rl-14/Desktop/Celine-Thesis/all-data-reordered/all/Sports Idol: Sugilanon sa Batang Mandaue.txt
/Users/rl-14/Desktop/Celine-Thesis/all-data-reordered/all/Sports institute ilusad .txt
/Users/rl-14/Desktop/Celine-Thesis/all-data-reordered/all/Spotter sa killers ni Ungab nakit-an sa CCTV.txt
/Users/rl-14/Desktop/Celine-Thesis/all-data-reordered/all/Spotter, gunman  klaro sa CCTV cam.txt
/Users/rl-14/Desktop/Celine-Thesis/all-data-reordered/all/Spray plane sa Sumifru banana plantation sa Surigao del Sur, girakrakan sa mga rebelde , piloto patay.txt
/Users/rl-14/Desktop/Celine-Thesis/all-data-reordered/all/Spurs dili mo-relax v. Warriors.txt
/Users/rl-14/Desktop/Celine-Thesis/all-data-reordered/all/Spurs giagak ni Aldridge.txt
/Users/rl-14/Desktop/Celine-Thesis/all-data-reordered/all/Spurs gibawsan sa Warriors.txt
/Users/rl-14/Desktop/Celine-Thesis/all-data-reordered/all/Spurs gibungog sa OKC Thunder.txt
/Users/rl-14/Desktop/Celine-Thesis/all-data-reordered/all/Spurs gikilatan.txt
/Users/rl-14/Desktop/Celine-Thesis/all-data-reordered/all/Spurs gipalagpot sa Clippers.txt
/Users/rl-14/Desktop/Celine-Thesis/all-data-reordered/all/Spurs gisanta sa Pacers.txt
/Users/rl-14/Desktop/Celine-Thesis/all-data-reordered/all/Spurs kaging sa Mavericks.txt
/Users/rl-14/Desktop/Celine-Thesis/all-data-reordered/all/Spurs kaging sa OKC, 102-92.txt
/Users/rl-14/Desktop/Celine-Thesis/all-data-reordered/all/Spurs lubong sa Warriors.txt
/Users/rl-14/Desktop/Celine-Thesis/all-data-reordered/all/Spurs nagpadayon.txt
/Users/rl-14/Desktop/Celine-Thesis/all-data-reordered/all/Spurs nakatupong sa ilang rekord.txt
/Users/rl-14/Desktop/Celine-Thesis/all-data-reordered/all/Spurs no.1 na.txt
/Users/rl-14/Desktop/Celine-Thesis/all-data-reordered/all/Spurs player gustong mobisita sa Pilipinas.txt
/Users/rl-14/Desktop/Celine-Thesis/all-data-reordered/all/Spurs, 3-0.txt
/Users/rl-14/Desktop/Celine-Thesis/all-data-reordered/all/Spurs, Hawks parehong 2-0.txt
/Users/rl-14/Desktop/Celine-Thesis/all-data-reordered/all/Sr Sto Niño, giingong nagmilagro sa CdeO.txt
/Users/rl-14/Desktop/Celine-Thesis/all-data-reordered/all/Sr. Sto. Niño tinubdan sa kahiusahan: Palma.txt
/Users/rl-14/Desktop/Celine-Thesis/all-data-reordered/all/SRP dili na iapil sa truck ban sa dakbayan sa Talisay.txt
/Users/rl-14/Desktop/Celine-Thesis/all-data-reordered/all/SSI nakahimo na sa paghatag ug P5.7 million sa ilang mga empleyado ug sa pamilya sa namatay sa sunog sa NCCC Mall.txt
/Users/rl-14/Desktop/Celine-Thesis/all-data-reordered/all/SSS Cebu-NRA miabli sa Robinsons Galleria.txt
/Users/rl-14/Desktop/Celine-Thesis/all-data-reordered/all/SSS Davao gipasalig nga wala’y mamahimong usbaw sa kontribusyon sa mga membro.txt
/Users/rl-14/Desktop/Celine-Thesis/all-data-reordered/all/SSS: Pensioners luwason gikan sa 'loan sharks'.txt
/Users/rl-14/Desktop/Celine-Thesis/all-data-reordered/all/St. Mary’s abante sa secondary ug elementary final.txt
/Users/rl-14/Desktop/Celine-Thesis/all-data-reordered/all/Sta. Rosa mieskapo sa Team Oro.txt
/Users/rl-14/Desktop/Celine-Thesis/all-data-reordered/all/Staff sa Apas BMO gitaktak.txt
/Users/rl-14/Desktop/Celine-Thesis/all-data-reordered/all/Stakeholders miduki sa plano, sugyot sa social media.txt
/Users/rl-14/Desktop/Celine-Thesis/all-data-reordered/all/Stalag  nikampyon sa Talakag tatluhan chessfest  SunStar.txt
/Users/rl-14/Desktop/Celine-Thesis/all-data-reordered/all/Stalag 45 nikampyon sa Talakag tatluhan chessfest.txt
/Users/rl-14/Desktop/Celine-Thesis/all-data-reordered/all/Stand pipes ipaayo alang sa daling pagtubag sa sunog.txt
/Users/rl-14/Desktop/Celine-Thesis/all-data-reordered/all/Standhardinger 'halimaw': Charles .txt
/Users/rl-14/Desktop/Celine-Thesis/all-data-reordered/all/Star finals tirada.txt
/Users/rl-14/Desktop/Celine-Thesis/all-data-reordered/all/Star mibuntog sa Ginebra sa G#1.txt
/Users/rl-14/Desktop/Celine-Thesis/all-data-reordered/all/Star mimakmak sa Batang Pier.txt
/Users/rl-14/Desktop/Celine-Thesis/all-data-reordered/all/Star vs. GlobalPort.txt
/Users/rl-14/Desktop/Celine-Thesis/all-data-reordered/all/Star, TNT sa semis.txt
/Users/rl-14/Desktop/Celine-Thesis/all-data-reordered/all/Star-KTD Team-Cebu  second overall.txt
/Users/rl-14/Desktop/Celine-Thesis/all-data-reordered/all/Star-Warriors; Elite vs. Ka Tropa.txt
/Users/rl-14/Desktop/Celine-Thesis/all-data-reordered/all/STAREX-PISTON NorMin,may petition vs PUVs modernization program.txt
/Users/rl-14/Desktop/Celine-Thesis/all-data-reordered/all/STAREX-Piston, nag bahad nga mohimog daghang lihok-protesta sa Rehiyon-10.txt
/Users/rl-14/Desktop/Celine-Thesis/all-data-reordered/all/Stars Hotshots kaging sa Barako.txt
/Users/rl-14/Desktop/Celine-Thesis/all-data-reordered/all/State of calamity northern Cebu tungod ni Urduja.txt
/Users/rl-14/Desktop/Celine-Thesis/all-data-reordered/all/State of calamity, gi-isa sa Bukidnon.txt
/Users/rl-14/Desktop/Celine-Thesis/all-data-reordered/all/State of emergency sa south district.txt
/Users/rl-14/Desktop/Celine-Thesis/all-data-reordered/all/State of Emergency susihon pag-ayo.txt
/Users/rl-14/Desktop/Celine-Thesis/all-data-reordered/all/State of Lawlessness gideklarar ni Duterte.txt
/Users/rl-14/Desktop/Celine-Thesis/all-data-reordered/all/Station 3 napiling Most Child Friendly Police Station sa Oro .txt
/Users/rl-14/Desktop/Celine-Thesis/all-data-reordered/all/Status quo ante order naangkon ni Oca.txt
/Users/rl-14/Desktop/Celine-Thesis/all-data-reordered/all/Steven Seagal gihagit ni George Foreman.txt
/Users/rl-14/Desktop/Celine-Thesis/all-data-reordered/all/STI mosulay og depensa.txt
/Users/rl-14/Desktop/Celine-Thesis/all-data-reordered/all/STL operators di ka operate kon walay permit: LMP.txt
/Users/rl-14/Desktop/Celine-Thesis/all-data-reordered/all/STL pusta, ayaw sa masiao: pulis.txt
/Users/rl-14/Desktop/Celine-Thesis/all-data-reordered/all/Sto. Niño sa city jail.txt
/Users/rl-14/Desktop/Celine-Thesis/all-data-reordered/all/Stock nga NFA rice sa GenSan ug Sarangani, gikulang na.txt
/Users/rl-14/Desktop/Celine-Thesis/all-data-reordered/all/Stock sa NFA rice minos na.txt
/Users/rl-14/Desktop/Celine-Thesis/all-data-reordered/all/Stoudemire miretirong usa ka Knick.txt
/Users/rl-14/Desktop/Celine-Thesis/all-data-reordered/all/Stoudemire padayong moduwa.txt
/Users/rl-14/Desktop/Celine-Thesis/all-data-reordered/all/Stress buster.txt
/Users/rl-14/Desktop/Celine-Thesis/all-data-reordered/all/Suarez, Ladon andam na.txt
/Users/rl-14/Desktop/Celine-Thesis/all-data-reordered/all/Subha’g daog .txt
/Users/rl-14/Desktop/Celine-Thesis/all-data-reordered/all/Subling pagpabukas sa landfill kadudahan?.txt
/Users/rl-14/Desktop/Celine-Thesis/all-data-reordered/all/Subrang pag-antos sa katawhan.txt
/Users/rl-14/Desktop/Celine-Thesis/all-data-reordered/all/Subsub nga training ni Horn gipangandaman ni Pacquiao.txt
/Users/rl-14/Desktop/Celine-Thesis/all-data-reordered/all/Sue Ramirez mihulip ni Jessy.txt
/Users/rl-14/Desktop/Celine-Thesis/all-data-reordered/all/Sugalan doul sa simbahan gireklamo  .txt
/Users/rl-14/Desktop/Celine-Thesis/all-data-reordered/all/Sugbo di angay mabalaka sa NPA: Davide.txt
/Users/rl-14/Desktop/Celine-Thesis/all-data-reordered/all/Sugbo igo sa landslides, baha.txt
/Users/rl-14/Desktop/Celine-Thesis/all-data-reordered/all/Sugbo motabang sa naapektohan sa bagyong ‘Lawin’.txt
/Users/rl-14/Desktop/Celine-Thesis/all-data-reordered/all/Sugboanon apil sa RP Team.txt
/Users/rl-14/Desktop/Celine-Thesis/all-data-reordered/all/Sugboanon midominar sa Tough Drifting events.txt
/Users/rl-14/Desktop/Celine-Thesis/all-data-reordered/all/Sugboanon nadala sa Batang Gilas.txt
/Users/rl-14/Desktop/Celine-Thesis/all-data-reordered/all/Sugboanong Gesta nagtuo nga kanhi sparringmate Linares iyang mabuntog.txt
/Users/rl-14/Desktop/Celine-Thesis/all-data-reordered/all/Sugboanong paratriathlete nadasig alang sa Tokyo 2020 Olympics.txt
/Users/rl-14/Desktop/Celine-Thesis/all-data-reordered/all/Sugdan na.txt
/Users/rl-14/Desktop/Celine-Thesis/all-data-reordered/all/Sugilanon ni Joy isalida sa MMK karong Sabado.txt
/Users/rl-14/Desktop/Celine-Thesis/all-data-reordered/all/SUGILANON TUBOD.txt
/Users/rl-14/Desktop/Celine-Thesis/all-data-reordered/all/Sugilanon: Aberiya.txt
/Users/rl-14/Desktop/Celine-Thesis/all-data-reordered/all/Sugilanon: Akasiya.txt
/Users/rl-14/Desktop/Celine-Thesis/all-data-reordered/all/Sugilanon: Ako ang nakaingon.txt
/Users/rl-14/Desktop/Celine-Thesis/all-data-reordered/all/Sugilanon: Alias Steph Curry.txt
/Users/rl-14/Desktop/Celine-Thesis/all-data-reordered/all/Sugilanon: Alibangbang sa mata.txt
/Users/rl-14/Desktop/Celine-Thesis/all-data-reordered/all/Sugilanon: Alimuot nga gabii.txt
/Users/rl-14/Desktop/Celine-Thesis/all-data-reordered/all/Sugilanon: Amerkanong dakog utang.txt
/Users/rl-14/Desktop/Celine-Thesis/all-data-reordered/all/Sugilanon: Anak nga nawala.txt
/Users/rl-14/Desktop/Celine-Thesis/all-data-reordered/all/Sugilanon: Ang  mabudhion.txt
/Users/rl-14/Desktop/Celine-Thesis/all-data-reordered/all/Sugilanon: Ang agta sa menteryo.txt
/Users/rl-14/Desktop/Celine-Thesis/all-data-reordered/all/Sugilanon: Ang akong gikahibudngan.txt
/Users/rl-14/Desktop/Celine-Thesis/all-data-reordered/all/Sugilanon: Ang akong silingan.txt
/Users/rl-14/Desktop/Celine-Thesis/all-data-reordered/all/Sugilanon: Ang albularyo.txt
/Users/rl-14/Desktop/Celine-Thesis/all-data-reordered/all/Sugilanon: Ang asawa ni Celso.txt
/Users/rl-14/Desktop/Celine-Thesis/all-data-reordered/all/Sugilanon: Ang Asawa ni Manoy Leon.txt
/Users/rl-14/Desktop/Celine-Thesis/all-data-reordered/all/Sugilanon: Ang awit sa mga balod.txt
/Users/rl-14/Desktop/Celine-Thesis/all-data-reordered/all/Sugilanon: Ang babaye nga gigutom.txt
/Users/rl-14/Desktop/Celine-Thesis/all-data-reordered/all/Sugilanon: Ang babaye sa baligkataw.txt
/Users/rl-14/Desktop/Celine-Thesis/all-data-reordered/all/Sugilanon: Ang babaye sa lapyahan.txt
/Users/rl-14/Desktop/Celine-Thesis/all-data-reordered/all/Sugilanon: Ang bag-ong manager.txt
/Users/rl-14/Desktop/Celine-Thesis/all-data-reordered/all/Sugilanon: Ang balay og sawa.txt
/Users/rl-14/Desktop/Celine-Thesis/all-data-reordered/all/Sugilanon: Ang bana nga amaw .txt
/Users/rl-14/Desktop/Celine-Thesis/all-data-reordered/all/Sugilanon: Ang bana nga magul-anon.txt
/Users/rl-14/Desktop/Celine-Thesis/all-data-reordered/all/Sugilanon: Ang bana ni Bitsey.txt
/Users/rl-14/Desktop/Celine-Thesis/all-data-reordered/all/Sugilanon: Ang bana ni Juana.txt
/Users/rl-14/Desktop/Celine-Thesis/all-data-reordered/all/Sugilanon: Ang bangas ni Butsoy.txt
/Users/rl-14/Desktop/Celine-Thesis/all-data-reordered/all/Sugilanon: Ang batang Dimas.txt
/Users/rl-14/Desktop/Celine-Thesis/all-data-reordered/all/Sugilanon: Ang batang hubakon.txt
/Users/rl-14/Desktop/Celine-Thesis/all-data-reordered/all/Sugilanon: Ang batang laa’g dila.txt
/Users/rl-14/Desktop/Celine-Thesis/all-data-reordered/all/Sugilanon: Ang bayad.txt
/Users/rl-14/Desktop/Celine-Thesis/all-data-reordered/all/Sugilanon: Ang bisita.txt
/Users/rl-14/Desktop/Celine-Thesis/all-data-reordered/all/Sugilanon: Ang buktot sa Notradam.txt
/Users/rl-14/Desktop/Celine-Thesis/all-data-reordered/all/Sugilanon: Ang bunga.txt
/Users/rl-14/Desktop/Celine-Thesis/all-data-reordered/all/Sugilanon: Ang dakpunon.txt
/Users/rl-14/Desktop/Celine-Thesis/all-data-reordered/all/Sugilanon: Ang duyan.txt
/Users/rl-14/Desktop/Celine-Thesis/all-data-reordered/all/Sugilanon: Ang Gibawos.txt
/Users/rl-14/Desktop/Celine-Thesis/all-data-reordered/all/Sugilanon: Ang gipangayo ni Tessie.txt
/Users/rl-14/Desktop/Celine-Thesis/all-data-reordered/all/Sugilanon: Ang gipili.txt
/Users/rl-14/Desktop/Celine-Thesis/all-data-reordered/all/Sugilanon: Ang gipiling Valentino.txt
/Users/rl-14/Desktop/Celine-Thesis/all-data-reordered/all/Sugilanon: Ang giuli nga agwa.txt
/Users/rl-14/Desktop/Celine-Thesis/all-data-reordered/all/Sugilanon: Ang gugma ni Shirley.txt
/Users/rl-14/Desktop/Celine-Thesis/all-data-reordered/all/Sugilanon: Ang gugma ni Vina.txt
/Users/rl-14/Desktop/Celine-Thesis/all-data-reordered/all/Sugilanon: Ang hagok.txt
/Users/rl-14/Desktop/Celine-Thesis/all-data-reordered/all/Sugilanon: Ang higala kong Nefilim.txt
/Users/rl-14/Desktop/Celine-Thesis/all-data-reordered/all/Sugilanon: Ang hiluan.txt
/Users/rl-14/Desktop/Celine-Thesis/all-data-reordered/all/Sugilanon: Ang hinikalimtan.txt
/Users/rl-14/Desktop/Celine-Thesis/all-data-reordered/all/Sugilanon: Ang hiniktan ni Jessy.txt
/Users/rl-14/Desktop/Celine-Thesis/all-data-reordered/all/Sugilanon: Ang ihatag nga pinaskuhan.txt
/Users/rl-14/Desktop/Celine-Thesis/all-data-reordered/all/Sugilanon: Ang ilang awit.txt
/Users/rl-14/Desktop/Celine-Thesis/all-data-reordered/all/Sugilanon: Ang ilang sekreto.txt
/Users/rl-14/Desktop/Celine-Thesis/all-data-reordered/all/Sugilanon: Ang ilang silingan.txt
/Users/rl-14/Desktop/Celine-Thesis/all-data-reordered/all/Sugilanon: Ang Iring.txt
/Users/rl-14/Desktop/Celine-Thesis/all-data-reordered/all/Sugilanon: Ang isda.txt
/Users/rl-14/Desktop/Celine-Thesis/all-data-reordered/all/Sugilanon: Ang iyang balibad.txt
/Users/rl-14/Desktop/Celine-Thesis/all-data-reordered/all/Sugilanon: Ang kahulogan.txt
/Users/rl-14/Desktop/Celine-Thesis/all-data-reordered/all/Sugilanon: Ang kaka.txt
/Users/rl-14/Desktop/Celine-Thesis/all-data-reordered/all/Sugilanon: Ang kalag ni Taldo.txt
/Users/rl-14/Desktop/Celine-Thesis/all-data-reordered/all/Sugilanon: Ang kapalaran ni sindangaw.txt
/Users/rl-14/Desktop/Celine-Thesis/all-data-reordered/all/Sugilanon: Ang kargador kong amahan.txt
/Users/rl-14/Desktop/Celine-Thesis/all-data-reordered/all/Sugilanon: Ang Kikik.txt
/Users/rl-14/Desktop/Celine-Thesis/all-data-reordered/all/Sugilanon: Ang kulang.txt
/Users/rl-14/Desktop/Celine-Thesis/all-data-reordered/all/Sugilanon: Ang kuwarta ni Fiona.txt
/Users/rl-14/Desktop/Celine-Thesis/all-data-reordered/all/Sugilanon: Ang Lapida.txt
/Users/rl-14/Desktop/Celine-Thesis/all-data-reordered/all/Sugilanon: Ang larawan sa lubong.txt
/Users/rl-14/Desktop/Celine-Thesis/all-data-reordered/all/Sugilanon: Ang linalang sa heritage hotel.txt
/Users/rl-14/Desktop/Celine-Thesis/all-data-reordered/all/Sugilanon: Ang linalang ug ang bituon.txt
/Users/rl-14/Desktop/Celine-Thesis/all-data-reordered/all/Sugilanon: Ang Lolo kong Bungol.txt
/Users/rl-14/Desktop/Celine-Thesis/all-data-reordered/all/Sugilanon: Ang lubnganan ni Noy Teryo.txt
/Users/rl-14/Desktop/Celine-Thesis/all-data-reordered/all/Sugilanon: Ang lubong ni Diego.txt
/Users/rl-14/Desktop/Celine-Thesis/all-data-reordered/all/Sugilanon: Ang madyikero.txt
/Users/rl-14/Desktop/Celine-Thesis/all-data-reordered/all/Sugilanon: Ang mag-aawit.txt
/Users/rl-14/Desktop/Celine-Thesis/all-data-reordered/all/Sugilanon: Ang maghuhukom.txt
/Users/rl-14/Desktop/Celine-Thesis/all-data-reordered/all/Sugilanon: Ang magtiayon sa Yanawila.txt
/Users/rl-14/Desktop/Celine-Thesis/all-data-reordered/all/Sugilanon: Ang makaluluoy.txt
/Users/rl-14/Desktop/Celine-Thesis/all-data-reordered/all/Sugilanon: Ang makililimos ug ako.txt
/Users/rl-14/Desktop/Celine-Thesis/all-data-reordered/all/Sugilanon: Ang mangangayam.txt
/Users/rl-14/Desktop/Celine-Thesis/all-data-reordered/all/Sugilanon: Ang mangasawa.txt
/Users/rl-14/Desktop/Celine-Thesis/all-data-reordered/all/Sugilanon: Ang manglungkabay .txt
/Users/rl-14/Desktop/Celine-Thesis/all-data-reordered/all/Sugilanon: Ang mangtas.txt
/Users/rl-14/Desktop/Celine-Thesis/all-data-reordered/all/Sugilanon: Ang manluluwas.txt
/Users/rl-14/Desktop/Celine-Thesis/all-data-reordered/all/Sugilanon: Ang masigang bituon.txt
/Users/rl-14/Desktop/Celine-Thesis/all-data-reordered/all/Sugilanon: Ang masulub-ong pintor.txt
/Users/rl-14/Desktop/Celine-Thesis/all-data-reordered/all/Sugilanon: Ang mga hangol.txt
/Users/rl-14/Desktop/Celine-Thesis/all-data-reordered/all/Sugilanon: Ang mga ungo.txt
/Users/rl-14/Desktop/Celine-Thesis/all-data-reordered/all/Sugilanon: Ang multo ni Simeon.txt
/Users/rl-14/Desktop/Celine-Thesis/all-data-reordered/all/Sugilanon: Ang nawalang manuskrito.txt
/Users/rl-14/Desktop/Celine-Thesis/all-data-reordered/all/Sugilanon: Ang palad nagbuot.txt
/Users/rl-14/Desktop/Celine-Thesis/all-data-reordered/all/Sugilanon: Ang palad ni Jose.txt
/Users/rl-14/Desktop/Celine-Thesis/all-data-reordered/all/Sugilanon: Ang pamanhunon.txt
/Users/rl-14/Desktop/Celine-Thesis/all-data-reordered/all/Sugilanon: Ang panugon ni Sinai.txt
/Users/rl-14/Desktop/Celine-Thesis/all-data-reordered/all/Sugilanon: Ang Pasko ni April.txt
/Users/rl-14/Desktop/Celine-Thesis/all-data-reordered/all/Sugilanon: Ang pasko ni Lolo M.txt
/Users/rl-14/Desktop/Celine-Thesis/all-data-reordered/all/Sugilanon: Ang pasko ni Nitoy.txt
/Users/rl-14/Desktop/Celine-Thesis/all-data-reordered/all/Sugilanon: Ang pinaskuhan ni Roy.txt
/Users/rl-14/Desktop/Celine-Thesis/all-data-reordered/all/Sugilanon: Ang pintor.txt
/Users/rl-14/Desktop/Celine-Thesis/all-data-reordered/all/Sugilanon: Ang piyon.txt
/Users/rl-14/Desktop/Celine-Thesis/all-data-reordered/all/Sugilanon: Ang plahuta.txt
/Users/rl-14/Desktop/Celine-Thesis/all-data-reordered/all/Sugilanon: Ang premyo.txt
/Users/rl-14/Desktop/Celine-Thesis/all-data-reordered/all/Sugilanon: Ang problema ni Jerome.txt
/Users/rl-14/Desktop/Celine-Thesis/all-data-reordered/all/Sugilanon: Ang punoan sa dakit.txt
/Users/rl-14/Desktop/Celine-Thesis/all-data-reordered/all/Sugilanon: Ang relo ni Tisoy.txt
/Users/rl-14/Desktop/Celine-Thesis/all-data-reordered/all/Sugilanon: Ang sakit ni Alma.txt
/Users/rl-14/Desktop/Celine-Thesis/all-data-reordered/all/Sugilanon: Ang sakit ni Nico.txt
/Users/rl-14/Desktop/Celine-Thesis/all-data-reordered/all/Sugilanon: Ang saksi.txt
/Users/rl-14/Desktop/Celine-Thesis/all-data-reordered/all/Sugilanon: Ang sala ni Derek.txt
/Users/rl-14/Desktop/Celine-Thesis/all-data-reordered/all/Sugilanon: Ang salingsing.txt
/Users/rl-14/Desktop/Celine-Thesis/all-data-reordered/all/Sugilanon: Ang sanga.txt
/Users/rl-14/Desktop/Celine-Thesis/all-data-reordered/all/Sugilanon: Ang sanggutan ni tatay.txt
/Users/rl-14/Desktop/Celine-Thesis/all-data-reordered/all/Sugilanon: Ang sinalikway.txt
/Users/rl-14/Desktop/Celine-Thesis/all-data-reordered/all/Sugilanon: Ang solusyon.txt
/Users/rl-14/Desktop/Celine-Thesis/all-data-reordered/all/Sugilanon: Ang suki ni Susan.txt
/Users/rl-14/Desktop/Celine-Thesis/all-data-reordered/all/Sugilanon: Ang sulat ni Mary Ann.txt
/Users/rl-14/Desktop/Celine-Thesis/all-data-reordered/all/Sugilanon: Ang suwerte ni Dory.txt
/Users/rl-14/Desktop/Celine-Thesis/all-data-reordered/all/Sugilanon: Ang Tamsi ug Ang Agila.txt
/Users/rl-14/Desktop/Celine-Thesis/all-data-reordered/all/Sugilanon: Ang tatay ni Esmer.txt
/Users/rl-14/Desktop/Celine-Thesis/all-data-reordered/all/Sugilanon: Ang tawo nga baratuhon.txt
/Users/rl-14/Desktop/Celine-Thesis/all-data-reordered/all/Sugilanon: Ang teknisyan.txt
/Users/rl-14/Desktop/Celine-Thesis/all-data-reordered/all/Sugilanon: Ang tiaw ni Jumar.txt
/Users/rl-14/Desktop/Celine-Thesis/all-data-reordered/all/Sugilanon: Ang Tikarol.txt
/Users/rl-14/Desktop/Celine-Thesis/all-data-reordered/all/Sugilanon: Ang tinaguan .txt
/Users/rl-14/Desktop/Celine-Thesis/all-data-reordered/all/Sugilanon: Ang tinaguan.txt
/Users/rl-14/Desktop/Celine-Thesis/all-data-reordered/all/Sugilanon: Ang tinuod nga magbabalak.txt
/Users/rl-14/Desktop/Celine-Thesis/all-data-reordered/all/Sugilanon: Ang tirador.txt
/Users/rl-14/Desktop/Celine-Thesis/all-data-reordered/all/Sugilanon: Ang trabaho ni Tirso.txt
/Users/rl-14/Desktop/Celine-Thesis/all-data-reordered/all/Sugilanon: Ang Tsinelas.txt
/Users/rl-14/Desktop/Celine-Thesis/all-data-reordered/all/Sugilanon: Ang tubag.txt
/Users/rl-14/Desktop/Celine-Thesis/all-data-reordered/all/Sugilanon: Ang una kong gugma.txt
/Users/rl-14/Desktop/Celine-Thesis/all-data-reordered/all/Sugilanon: Ang ungo.txt
/Users/rl-14/Desktop/Celine-Thesis/all-data-reordered/all/Sugilanon: Ang Valentina ni Tatay.txt
/Users/rl-14/Desktop/Celine-Thesis/all-data-reordered/all/Sugilanon: Ang ‘Garb’ nga nawala.txt
/Users/rl-14/Desktop/Celine-Thesis/all-data-reordered/all/Sugilanon: Ang ‘idol’ ni ming.txt
/Users/rl-14/Desktop/Celine-Thesis/all-data-reordered/all/Sugilanon: Ang ‘sexy’ nga ungo.txt
/Users/rl-14/Desktop/Celine-Thesis/all-data-reordered/all/Sugilanon: Ang ‘Uyab’ ni Conrad.txt
/Users/rl-14/Desktop/Celine-Thesis/all-data-reordered/all/Sugilanon: Angkunon ta ang gabii.txt
/Users/rl-14/Desktop/Celine-Thesis/all-data-reordered/all/Sugilanon: Anino sa berso libre.txt
/Users/rl-14/Desktop/Celine-Thesis/all-data-reordered/all/Sugilanon: Antulihaw sa payag.txt
/Users/rl-14/Desktop/Celine-Thesis/all-data-reordered/all/Sugilanon: Apil sa giampo.txt
/Users/rl-14/Desktop/Celine-Thesis/all-data-reordered/all/Sugilanon: Asawa nga giuli.txt
/Users/rl-14/Desktop/Celine-Thesis/all-data-reordered/all/Sugilanon: Asawa ni Marco.txt
/Users/rl-14/Desktop/Celine-Thesis/all-data-reordered/all/Sugilanon: Aslom nga kadaugan.txt
/Users/rl-14/Desktop/Celine-Thesis/all-data-reordered/all/Sugilanon: Asoy.txt
/Users/rl-14/Desktop/Celine-Thesis/all-data-reordered/all/Sugilanon: Atabay ni Nanay Orang.txt
/Users/rl-14/Desktop/Celine-Thesis/all-data-reordered/all/Sugilanon: August Moon.txt
/Users/rl-14/Desktop/Celine-Thesis/all-data-reordered/all/Sugilanon: Awit ni Huron.txt
/Users/rl-14/Desktop/Celine-Thesis/all-data-reordered/all/Sugilanon: Awit sa paglaom.txt
/Users/rl-14/Desktop/Celine-Thesis/all-data-reordered/all/Sugilanon: Awit sa Pasko.txt
/Users/rl-14/Desktop/Celine-Thesis/all-data-reordered/all/Sugilanon: Awit sa suba.txt
/Users/rl-14/Desktop/Celine-Thesis/all-data-reordered/all/Sugilanon: Ay, ambot nimo!.txt
/Users/rl-14/Desktop/Celine-Thesis/all-data-reordered/all/Sugilanon: Babayeng mikatkat sa koral.txt
/Users/rl-14/Desktop/Celine-Thesis/all-data-reordered/all/Sugilanon: Bag-ong buwan.txt
/Users/rl-14/Desktop/Celine-Thesis/all-data-reordered/all/Sugilanon: Bag-ong dugo.txt
/Users/rl-14/Desktop/Celine-Thesis/all-data-reordered/all/Sugilanon: Bag-ong kinabuhi.txt
/Users/rl-14/Desktop/Celine-Thesis/all-data-reordered/all/Sugilanon: Bag-ong Tuig ni Aden.txt
/Users/rl-14/Desktop/Celine-Thesis/all-data-reordered/all/Sugilanon: Bag-ong tuig sa bag-ong kalibutan.txt
/Users/rl-14/Desktop/Celine-Thesis/all-data-reordered/all/Sugilanon: Bagat sa gugma.txt
/Users/rl-14/Desktop/Celine-Thesis/all-data-reordered/all/Sugilanon: Bahala na!.txt
/Users/rl-14/Desktop/Celine-Thesis/all-data-reordered/all/Sugilanon: Baiid sa iring.txt
/Users/rl-14/Desktop/Celine-Thesis/all-data-reordered/all/Sugilanon: Bakike.txt
/Users/rl-14/Desktop/Celine-Thesis/all-data-reordered/all/Sugilanon: Balak, bi!.txt
/Users/rl-14/Desktop/Celine-Thesis/all-data-reordered/all/Sugilanon: Balaod.txt
/Users/rl-14/Desktop/Celine-Thesis/all-data-reordered/all/Sugilanon: Balibari ayaw ang pagbati.txt
/Users/rl-14/Desktop/Celine-Thesis/all-data-reordered/all/Sugilanon: Baligho sa palad.txt
/Users/rl-14/Desktop/Celine-Thesis/all-data-reordered/all/Sugilanon: Balik sa lapyahan.txt
/Users/rl-14/Desktop/Celine-Thesis/all-data-reordered/all/Sugilanon: Bangaw sa magbabalak.txt
/Users/rl-14/Desktop/Celine-Thesis/all-data-reordered/all/Sugilanon: Banika.txt
/Users/rl-14/Desktop/Celine-Thesis/all-data-reordered/all/Sugilanon: Banko ni Betsey.txt
/Users/rl-14/Desktop/Celine-Thesis/all-data-reordered/all/Sugilanon: Baruganan.txt
/Users/rl-14/Desktop/Celine-Thesis/all-data-reordered/all/Sugilanon: Bata nga pula og sinina.txt
/Users/rl-14/Desktop/Celine-Thesis/all-data-reordered/all/Sugilanon: Bayad sa mga luha.txt
/Users/rl-14/Desktop/Celine-Thesis/all-data-reordered/all/Sugilanon: Bayaw.txt
/Users/rl-14/Desktop/Celine-Thesis/all-data-reordered/all/Sugilanon: Baybayon sa saad.txt
/Users/rl-14/Desktop/Celine-Thesis/all-data-reordered/all/Sugilanon: Baynti singko sentabos.txt
/Users/rl-14/Desktop/Celine-Thesis/all-data-reordered/all/Sugilanon: Beauty Queen.txt
/Users/rl-14/Desktop/Celine-Thesis/all-data-reordered/all/Sugilanon: Biktima.txt
/Users/rl-14/Desktop/Celine-Thesis/all-data-reordered/all/Sugilanon: Bilanggoan sa kasingkasing.txt
/Users/rl-14/Desktop/Celine-Thesis/all-data-reordered/all/Sugilanon: Bililhon sa kaminyuon.txt
/Users/rl-14/Desktop/Celine-Thesis/all-data-reordered/all/Sugilanon: Binaling panaygon.txt
/Users/rl-14/Desktop/Celine-Thesis/all-data-reordered/all/Sugilanon: Binhi sa kaayo .txt
/Users/rl-14/Desktop/Celine-Thesis/all-data-reordered/all/Sugilanon: Biological clock.txt
/Users/rl-14/Desktop/Celine-Thesis/all-data-reordered/all/Sugilanon: Birthday gift.txt
/Users/rl-14/Desktop/Celine-Thesis/all-data-reordered/all/Sugilanon: Bisan laya na ang bulak.txt
/Users/rl-14/Desktop/Celine-Thesis/all-data-reordered/all/Sugilanon: Bitin nga tapayan.txt
/Users/rl-14/Desktop/Celine-Thesis/all-data-reordered/all/Sugilanon: Biya sa daang kalibutan.txt
/Users/rl-14/Desktop/Celine-Thesis/all-data-reordered/all/Sugilanon: Biyaan ko na ikaw.txt
/Users/rl-14/Desktop/Celine-Thesis/all-data-reordered/all/Sugilanon: Biyernes Santo sa madyongero.txt
/Users/rl-14/Desktop/Celine-Thesis/all-data-reordered/all/Sugilanon: Black rider.txt
/Users/rl-14/Desktop/Celine-Thesis/all-data-reordered/all/Sugilanon: Bomba sa Pasko.txt
/Users/rl-14/Desktop/Celine-Thesis/all-data-reordered/all/Sugilanon: Bomba.txt
/Users/rl-14/Desktop/Celine-Thesis/all-data-reordered/all/Sugilanon: Break.txt
/Users/rl-14/Desktop/Celine-Thesis/all-data-reordered/all/Sugilanon: Buak nga Paraiso.txt
/Users/rl-14/Desktop/Celine-Thesis/all-data-reordered/all/Sugilanon: Budhi.txt
/Users/rl-14/Desktop/Celine-Thesis/all-data-reordered/all/Sugilanon: Bugti.txt
/Users/rl-14/Desktop/Celine-Thesis/all-data-reordered/all/Sugilanon: Buhing Walog.txt
/Users/rl-14/Desktop/Celine-Thesis/all-data-reordered/all/Sugilanon: Bulto.txt
/Users/rl-14/Desktop/Celine-Thesis/all-data-reordered/all/Sugilanon: Bunga sa tikas.txt
/Users/rl-14/Desktop/Celine-Thesis/all-data-reordered/all/Sugilanon: Bunhok nga nanguyamang.txt
/Users/rl-14/Desktop/Celine-Thesis/all-data-reordered/all/Sugilanon: Buotan ang Ginuo.txt
/Users/rl-14/Desktop/Celine-Thesis/all-data-reordered/all/Sugilanon: Buotang asawa.txt
/Users/rl-14/Desktop/Celine-Thesis/all-data-reordered/all/Sugilanon: Buta nga Valentina.txt
/Users/rl-14/Desktop/Celine-Thesis/all-data-reordered/all/Sugilanon: Buta-bungol.txt
/Users/rl-14/Desktop/Celine-Thesis/all-data-reordered/all/Sugilanon: Butangan og sakit.txt
/Users/rl-14/Desktop/Celine-Thesis/all-data-reordered/all/Sugilanon: Buwak sa otot-otot.txt
/Users/rl-14/Desktop/Celine-Thesis/all-data-reordered/all/Sugilanon: Buwan-Buwan .txt
/Users/rl-14/Desktop/Celine-Thesis/all-data-reordered/all/Sugilanon: Cadena de Amor.txt
/Users/rl-14/Desktop/Celine-Thesis/all-data-reordered/all/Sugilanon: Campus hold-up.txt
/Users/rl-14/Desktop/Celine-Thesis/all-data-reordered/all/Sugilanon: Camus.txt
/Users/rl-14/Desktop/Celine-Thesis/all-data-reordered/all/Sugilanon: Chess.txt
/Users/rl-14/Desktop/Celine-Thesis/all-data-reordered/all/Sugilanon: Christmas gift.txt
/Users/rl-14/Desktop/Celine-Thesis/all-data-reordered/all/Sugilanon: Crispulo Bohemyo.txt
/Users/rl-14/Desktop/Celine-Thesis/all-data-reordered/all/Sugilanon: Daginutang inahan.txt
/Users/rl-14/Desktop/Celine-Thesis/all-data-reordered/all/Sugilanon: Dagkong balod.txt
/Users/rl-14/Desktop/Celine-Thesis/all-data-reordered/all/Sugilanon: Daklit nga kahilom.txt
/Users/rl-14/Desktop/Celine-Thesis/all-data-reordered/all/Sugilanon: Daklit sa kamatuoran.txt
/Users/rl-14/Desktop/Celine-Thesis/all-data-reordered/all/Sugilanon: Dakong kabaw.txt
/Users/rl-14/Desktop/Celine-Thesis/all-data-reordered/all/Sugilanon: Dalan sa arte ug kamatayon.txt
/Users/rl-14/Desktop/Celine-Thesis/all-data-reordered/all/Sugilanon: Dalikyat nga panagkita.txt
/Users/rl-14/Desktop/Celine-Thesis/all-data-reordered/all/Sugilanon: Dalilang sa kawasan.txt
/Users/rl-14/Desktop/Celine-Thesis/all-data-reordered/all/Sugilanon: Damgo ni Filoteo.txt
/Users/rl-14/Desktop/Celine-Thesis/all-data-reordered/all/Sugilanon: Damgo sa kangitngit.txt
/Users/rl-14/Desktop/Celine-Thesis/all-data-reordered/all/Sugilanon: Danggas.txt
/Users/rl-14/Desktop/Celine-Thesis/all-data-reordered/all/Sugilanon: Deliryo sa tagay.txt
/Users/rl-14/Desktop/Celine-Thesis/all-data-reordered/all/Sugilanon: Di angay ipakasal.txt
/Users/rl-14/Desktop/Celine-Thesis/all-data-reordered/all/Sugilanon: Di ko mogukod sa imong mga lakang.txt
/Users/rl-14/Desktop/Celine-Thesis/all-data-reordered/all/Sugilanon: Di matag-an ang tawo.txt
/Users/rl-14/Desktop/Celine-Thesis/all-data-reordered/all/Sugilanon: Di na kinahanglan.txt
/Users/rl-14/Desktop/Celine-Thesis/all-data-reordered/all/Sugilanon: Di na mobalik sa Aguinid.txt
/Users/rl-14/Desktop/Celine-Thesis/all-data-reordered/all/Sugilanon: Di pa pakasal si Ma’am.txt
/Users/rl-14/Desktop/Celine-Thesis/all-data-reordered/all/Sugilanon: Dihang bali nang pako.txt
/Users/rl-14/Desktop/Celine-Thesis/all-data-reordered/all/Sugilanon: Dihang nahigmata ang gabii.txt
/Users/rl-14/Desktop/Celine-Thesis/all-data-reordered/all/Sugilanon: Dili bayot si Nodel.txt
/Users/rl-14/Desktop/Celine-Thesis/all-data-reordered/all/Sugilanon: Dili bugoy si Pipoy.txt
/Users/rl-14/Desktop/Celine-Thesis/all-data-reordered/all/Sugilanon: Dili humok iyang ilong.txt
/Users/rl-14/Desktop/Celine-Thesis/all-data-reordered/all/Sugilanon: Dili mohilak ang maniniktik.txt
/Users/rl-14/Desktop/Celine-Thesis/all-data-reordered/all/Sugilanon: Dili na motabang.txt
/Users/rl-14/Desktop/Celine-Thesis/all-data-reordered/all/Sugilanon: Dili pa ulahi.txt
/Users/rl-14/Desktop/Celine-Thesis/all-data-reordered/all/Sugilanon: Diploma.txt
/Users/rl-14/Desktop/Celine-Thesis/all-data-reordered/all/Sugilanon: Diskarte ni Fredmon.txt
/Users/rl-14/Desktop/Celine-Thesis/all-data-reordered/all/Sugilanon: Diwa sa Pasko.txt
/Users/rl-14/Desktop/Celine-Thesis/all-data-reordered/all/Sugilanon: Drama sa dyip.txt
/Users/rl-14/Desktop/Celine-Thesis/all-data-reordered/all/Sugilanon: Drug runner.txt
/Users/rl-14/Desktop/Celine-Thesis/all-data-reordered/all/Sugilanon: Duda.txt
/Users/rl-14/Desktop/Celine-Thesis/all-data-reordered/all/Sugilanon: Dugo sa ostiya.txt
/Users/rl-14/Desktop/Celine-Thesis/all-data-reordered/all/Sugilanon: Duha ka batang babaye.txt
/Users/rl-14/Desktop/Celine-Thesis/all-data-reordered/all/Sugilanon: Duha ka dagkong sugo.txt
/Users/rl-14/Desktop/Celine-Thesis/all-data-reordered/all/Sugilanon: Duha ka kalampusan.txt
/Users/rl-14/Desktop/Celine-Thesis/all-data-reordered/all/Sugilanon: Duha ka mananagat.txt
/Users/rl-14/Desktop/Celine-Thesis/all-data-reordered/all/Sugilanon: Duha ka Valentino.txt
/Users/rl-14/Desktop/Celine-Thesis/all-data-reordered/all/Sugilanon: Ecclesiastes.txt
/Users/rl-14/Desktop/Celine-Thesis/all-data-reordered/all/Sugilanon: Edukasyon.txt
/Users/rl-14/Desktop/Celine-Thesis/all-data-reordered/all/Sugilanon: Espagete Blawos.txt
/Users/rl-14/Desktop/Celine-Thesis/all-data-reordered/all/Sugilanon: Ex-girlfriend.txt
/Users/rl-14/Desktop/Celine-Thesis/all-data-reordered/all/Sugilanon: Ex-seminarian.txt
/Users/rl-14/Desktop/Celine-Thesis/all-data-reordered/all/Sugilanon: Facebook.txt
/Users/rl-14/Desktop/Celine-Thesis/all-data-reordered/all/Sugilanon: Gaba kang Loleta.txt
/Users/rl-14/Desktop/Celine-Thesis/all-data-reordered/all/Sugilanon: Gaba.txt
/Users/rl-14/Desktop/Celine-Thesis/all-data-reordered/all/Sugilanon: Gabii nga di na mobuntag.txt
/Users/rl-14/Desktop/Celine-Thesis/all-data-reordered/all/Sugilanon: Gabii nga didto ko sa langit.txt
/Users/rl-14/Desktop/Celine-Thesis/all-data-reordered/all/Sugilanon: Gahom sa gugma.txt
/Users/rl-14/Desktop/Celine-Thesis/all-data-reordered/all/Sugilanon: Gamhanang sungkod.txt
/Users/rl-14/Desktop/Celine-Thesis/all-data-reordered/all/Sugilanon: Ganti sa kamatinud-anon.txt
/Users/rl-14/Desktop/Celine-Thesis/all-data-reordered/all/Sugilanon: Ganti sa pag-antos.txt
/Users/rl-14/Desktop/Celine-Thesis/all-data-reordered/all/Sugilanon: Gapas.txt
/Users/rl-14/Desktop/Celine-Thesis/all-data-reordered/all/Sugilanon: Gigisi ang kamatayon.txt
/Users/rl-14/Desktop/Celine-Thesis/all-data-reordered/all/Sugilanon: Giguba nga baybayon.txt
/Users/rl-14/Desktop/Celine-Thesis/all-data-reordered/all/Sugilanon: Gihulat ko ikaw.txt
/Users/rl-14/Desktop/Celine-Thesis/all-data-reordered/all/Sugilanon: Gikapoy na ang kriminal.txt
/Users/rl-14/Desktop/Celine-Thesis/all-data-reordered/all/Sugilanon: Gilay-on.txt
/Users/rl-14/Desktop/Celine-Thesis/all-data-reordered/all/Sugilanon: Gimilagrohan.txt
/Users/rl-14/Desktop/Celine-Thesis/all-data-reordered/all/Sugilanon: Gipangita ang lingin.txt
/Users/rl-14/Desktop/Celine-Thesis/all-data-reordered/all/Sugilanon: Gisunog ang libreto.txt
/Users/rl-14/Desktop/Celine-Thesis/all-data-reordered/all/Sugilanon: Goodbye, Miss Dangilag.txt
/Users/rl-14/Desktop/Celine-Thesis/all-data-reordered/all/Sugilanon: Gozos.txt
/Users/rl-14/Desktop/Celine-Thesis/all-data-reordered/all/Sugilanon: Grasya sa bag-ong tuig.txt
/Users/rl-14/Desktop/Celine-Thesis/all-data-reordered/all/Sugilanon: Gugma diha sa lubnganan .txt
/Users/rl-14/Desktop/Celine-Thesis/all-data-reordered/all/Sugilanon: Gugma ni Teddy.txt
/Users/rl-14/Desktop/Celine-Thesis/all-data-reordered/all/Sugilanon: Gugma ni Wilson.txt
/Users/rl-14/Desktop/Celine-Thesis/all-data-reordered/all/Sugilanon: Gugma pa ‘More’.txt
/Users/rl-14/Desktop/Celine-Thesis/all-data-reordered/all/Sugilanon: Gugma sa apuhan.txt
/Users/rl-14/Desktop/Celine-Thesis/all-data-reordered/all/Sugilanon: Gugma taliwala sa uwan.txt
/Users/rl-14/Desktop/Celine-Thesis/all-data-reordered/all/Sugilanon: Gunting.txt
/Users/rl-14/Desktop/Celine-Thesis/all-data-reordered/all/Sugilanon: Gustong moasenso.txt
/Users/rl-14/Desktop/Celine-Thesis/all-data-reordered/all/Sugilanon: Habal-habal.txt
/Users/rl-14/Desktop/Celine-Thesis/all-data-reordered/all/Sugilanon: Hagit ni Pinky.txt
/Users/rl-14/Desktop/Celine-Thesis/all-data-reordered/all/Sugilanon: Hagit sa Pasko.txt
/Users/rl-14/Desktop/Celine-Thesis/all-data-reordered/all/Sugilanon: Hagit.txt
/Users/rl-14/Desktop/Celine-Thesis/all-data-reordered/all/Sugilanon: Hain na si Peter?.txt
/Users/rl-14/Desktop/Celine-Thesis/all-data-reordered/all/Sugilanon: Hain si Chona.txt
/Users/rl-14/Desktop/Celine-Thesis/all-data-reordered/all/Sugilanon: Hain si Prinsesa Ludima?.txt
/Users/rl-14/Desktop/Celine-Thesis/all-data-reordered/all/Sugilanon: Hakog og bahandi.txt
/Users/rl-14/Desktop/Celine-Thesis/all-data-reordered/all/Sugilanon: Halad sa gugma.txt
/Users/rl-14/Desktop/Celine-Thesis/all-data-reordered/all/Sugilanon: Halad sa kalagkalag.txt
/Users/rl-14/Desktop/Celine-Thesis/all-data-reordered/all/Sugilanon: Halin sa tamatis.txt
/Users/rl-14/Desktop/Celine-Thesis/all-data-reordered/all/Sugilanon: Halok sa bagis.txt
/Users/rl-14/Desktop/Celine-Thesis/all-data-reordered/all/Sugilanon: Halok sa kasakit.txt
/Users/rl-14/Desktop/Celine-Thesis/all-data-reordered/all/Sugilanon: Hamok.txt
/Users/rl-14/Desktop/Celine-Thesis/all-data-reordered/all/Sugilanon: Hapit ma-first honor.txt
/Users/rl-14/Desktop/Celine-Thesis/all-data-reordered/all/Sugilanon: Happy birthday, tatay!.txt
/Users/rl-14/Desktop/Celine-Thesis/all-data-reordered/all/Sugilanon: Harana ni Bosyong.txt
/Users/rl-14/Desktop/Celine-Thesis/all-data-reordered/all/Sugilanon: Haranista sa tungang gabii.txt
/Users/rl-14/Desktop/Celine-Thesis/all-data-reordered/all/Sugilanon: Hawid.txt
/Users/rl-14/Desktop/Celine-Thesis/all-data-reordered/all/Sugilanon: Hazing.txt
/Users/rl-14/Desktop/Celine-Thesis/all-data-reordered/all/Sugilanon: Higayon sa pagpasaylo.txt
/Users/rl-14/Desktop/Celine-Thesis/all-data-reordered/all/Sugilanon: Higayon sa panimalos.txt
/Users/rl-14/Desktop/Celine-Thesis/all-data-reordered/all/Sugilanon: Hikog.txt
/Users/rl-14/Desktop/Celine-Thesis/all-data-reordered/all/Sugilanon: Hilom ang katawa ni Flor.txt
/Users/rl-14/Desktop/Celine-Thesis/all-data-reordered/all/Sugilanon: Hinagiban sa hubog.txt
/Users/rl-14/Desktop/Celine-Thesis/all-data-reordered/all/Sugilanon: Hinungdan sa pagbag-o.txt
/Users/rl-14/Desktop/Celine-Thesis/all-data-reordered/all/Sugilanon: Hiwi nga sumbanan.txt
/Users/rl-14/Desktop/Celine-Thesis/all-data-reordered/all/Sugilanon: Hot Spot.txt
/Users/rl-14/Desktop/Celine-Thesis/all-data-reordered/all/Sugilanon: Hukom ni Flora Mae.txt
/Users/rl-14/Desktop/Celine-Thesis/all-data-reordered/all/Sugilanon: Hukom ni Jessie.txt
/Users/rl-14/Desktop/Celine-Thesis/all-data-reordered/all/Sugilanon: Hulma sa damgo ug tagna.txt
/Users/rl-14/Desktop/Celine-Thesis/all-data-reordered/all/Sugilanon: Hunasan.txt
/Users/rl-14/Desktop/Celine-Thesis/all-data-reordered/all/Sugilanon: Husay sa balakero.txt
/Users/rl-14/Desktop/Celine-Thesis/all-data-reordered/all/Sugilanon: Husto ka, Mama.txt
/Users/rl-14/Desktop/Celine-Thesis/all-data-reordered/all/Sugilanon: Idlas man dakpan ra.txt
/Users/rl-14/Desktop/Celine-Thesis/all-data-reordered/all/Sugilanon: Igo na ang pagpasaylo.txt
/Users/rl-14/Desktop/Celine-Thesis/all-data-reordered/all/Sugilanon: Ikatulong caesarian.txt
/Users/rl-14/Desktop/Celine-Thesis/all-data-reordered/all/Sugilanon: Ikaw bay bayot, lalim ba!.txt
/Users/rl-14/Desktop/Celine-Thesis/all-data-reordered/all/Sugilanon: Ilad sa gugma.txt
/Users/rl-14/Desktop/Celine-Thesis/all-data-reordered/all/Sugilanon: Imbitasyon.txt
/Users/rl-14/Desktop/Celine-Thesis/all-data-reordered/all/Sugilanon: Imperyo sa kasingkasing.txt
/Users/rl-14/Desktop/Celine-Thesis/all-data-reordered/all/Sugilanon: Inahan, tan-awa ang imong anak.txt
/Users/rl-14/Desktop/Celine-Thesis/all-data-reordered/all/Sugilanon: Inandam nga asawa.txt
/Users/rl-14/Desktop/Celine-Thesis/all-data-reordered/all/Sugilanon: Interbyu ni Lolo Atoy.txt
/Users/rl-14/Desktop/Celine-Thesis/all-data-reordered/all/Sugilanon: Iring sungkaban.txt
/Users/rl-14/Desktop/Celine-Thesis/all-data-reordered/all/Sugilanon: June groom .txt
/Users/rl-14/Desktop/Celine-Thesis/all-data-reordered/all/Sugilanon: Kaanugon sa higala.txt
/Users/rl-14/Desktop/Celine-Thesis/all-data-reordered/all/Sugilanon: Kabalaka.txt
/Users/rl-14/Desktop/Celine-Thesis/all-data-reordered/all/Sugilanon: Kaban.txt
/Users/rl-14/Desktop/Celine-Thesis/all-data-reordered/all/Sugilanon: Kabilin nga asawa.txt
/Users/rl-14/Desktop/Celine-Thesis/all-data-reordered/all/Sugilanon: Kabuang sa gugma.txt
/Users/rl-14/Desktop/Celine-Thesis/all-data-reordered/all/Sugilanon: Kadaugan.txt
/Users/rl-14/Desktop/Celine-Thesis/all-data-reordered/all/Sugilanon: Kaduol sa langit.txt
/Users/rl-14/Desktop/Celine-Thesis/all-data-reordered/all/Sugilanon: Kaguliyang.txt
/Users/rl-14/Desktop/Celine-Thesis/all-data-reordered/all/Sugilanon: Kahapunon nga nagpaabot.txt
/Users/rl-14/Desktop/Celine-Thesis/all-data-reordered/all/Sugilanon: Kahiamgo sa Biyernes Santo.txt
/Users/rl-14/Desktop/Celine-Thesis/all-data-reordered/all/Sugilanon: Kahiamgo sa Valentine's Day.txt
/Users/rl-14/Desktop/Celine-Thesis/all-data-reordered/all/Sugilanon: Kahimatngon.txt
/Users/rl-14/Desktop/Celine-Thesis/all-data-reordered/all/Sugilanon: Kalag nga mikanta.txt
/Users/rl-14/Desktop/Celine-Thesis/all-data-reordered/all/Sugilanon: Kalubngan.txt
/Users/rl-14/Desktop/Celine-Thesis/all-data-reordered/all/Sugilanon: Kaluha nga kagahapon.txt
/Users/rl-14/Desktop/Celine-Thesis/all-data-reordered/all/Sugilanon: Kamaisan ni Asan.txt
/Users/rl-14/Desktop/Celine-Thesis/all-data-reordered/all/Sugilanon: Kamandag sa gugma.txt
/Users/rl-14/Desktop/Celine-Thesis/all-data-reordered/all/Sugilanon: Kamatayon ni Dr. Valerio Amante.txt
/Users/rl-14/Desktop/Celine-Thesis/all-data-reordered/all/Sugilanon: Kamatayon ni Rodelito.txt
/Users/rl-14/Desktop/Celine-Thesis/all-data-reordered/all/Sugilanon: Kamatayon sa ilang gugma.txt
/Users/rl-14/Desktop/Celine-Thesis/all-data-reordered/all/Sugilanon: Kamot.txt
/Users/rl-14/Desktop/Celine-Thesis/all-data-reordered/all/Sugilanon: Kandiis mo, Angelina.txt
/Users/rl-14/Desktop/Celine-Thesis/all-data-reordered/all/Sugilanon: Kapait sa iyang Pasko.txt
/Users/rl-14/Desktop/Celine-Thesis/all-data-reordered/all/Sugilanon: Kapalaran ni Frank .txt
/Users/rl-14/Desktop/Celine-Thesis/all-data-reordered/all/Sugilanon: Kapritso.txt
/Users/rl-14/Desktop/Celine-Thesis/all-data-reordered/all/Sugilanon: Kapuyo.txt
/Users/rl-14/Desktop/Celine-Thesis/all-data-reordered/all/Sugilanon: Karaang balay.txt
/Users/rl-14/Desktop/Celine-Thesis/all-data-reordered/all/Sugilanon: Karibal.txt
/Users/rl-14/Desktop/Celine-Thesis/all-data-reordered/all/Sugilanon: Kasing sa kasingkasing.txt
/Users/rl-14/Desktop/Celine-Thesis/all-data-reordered/all/Sugilanon: Kasingkasing ni Maximo.txt
/Users/rl-14/Desktop/Celine-Thesis/all-data-reordered/all/Sugilanon: Kasingkasing sa buwan.txt
/Users/rl-14/Desktop/Celine-Thesis/all-data-reordered/all/Sugilanon: Kasingkasing sa Prinsesa.txt
/Users/rl-14/Desktop/Celine-Thesis/all-data-reordered/all/Sugilanon: Kasingkasing sa sapa.txt
/Users/rl-14/Desktop/Celine-Thesis/all-data-reordered/all/Sugilanon: Kasugiran sa Gapnod-Dagsa.txt
/Users/rl-14/Desktop/Celine-Thesis/all-data-reordered/all/Sugilanon: Katabang nga tabian.txt
/Users/rl-14/Desktop/Celine-Thesis/all-data-reordered/all/Sugilanon: Katapusang manununod.txt
/Users/rl-14/Desktop/Celine-Thesis/all-data-reordered/all/Sugilanon: Katapusang panihapon.txt
/Users/rl-14/Desktop/Celine-Thesis/all-data-reordered/all/Sugilanon: Katapusang saad.txt
/Users/rl-14/Desktop/Celine-Thesis/all-data-reordered/all/Sugilanon: Kauhaw ni Melot.txt
/Users/rl-14/Desktop/Celine-Thesis/all-data-reordered/all/Sugilanon: Kay hubog si kumpare.txt
/Users/rl-14/Desktop/Celine-Thesis/all-data-reordered/all/Sugilanon: Kay matuod ilang gugma.txt
/Users/rl-14/Desktop/Celine-Thesis/all-data-reordered/all/Sugilanon: Kilumkilom na pag-abot ni Homer.txt
/Users/rl-14/Desktop/Celine-Thesis/all-data-reordered/all/Sugilanon: Kinsay nagpatay.txt
/Users/rl-14/Desktop/Celine-Thesis/all-data-reordered/all/Sugilanon: Kinutoban sa gugma.txt
/Users/rl-14/Desktop/Celine-Thesis/all-data-reordered/all/Sugilanon: Kolor blue ang kahaw-ang.txt
/Users/rl-14/Desktop/Celine-Thesis/all-data-reordered/all/Sugilanon: Komedya sa gugma.txt
/Users/rl-14/Desktop/Celine-Thesis/all-data-reordered/all/Sugilanon: Kon buhi pa unta si Tony.txt
/Users/rl-14/Desktop/Celine-Thesis/all-data-reordered/all/Sugilanon: Kon para sa usa’g usa.txt
/Users/rl-14/Desktop/Celine-Thesis/all-data-reordered/all/Sugilanon: Kon pula ang langit.txt
/Users/rl-14/Desktop/Celine-Thesis/all-data-reordered/all/Sugilanon: Kontrolado sa asawa.txt
/Users/rl-14/Desktop/Celine-Thesis/all-data-reordered/all/Sugilanon: Korona sa batang kulot.txt
/Users/rl-14/Desktop/Celine-Thesis/all-data-reordered/all/Sugilanon: Krus ni Semion.txt
/Users/rl-14/Desktop/Celine-Thesis/all-data-reordered/all/Sugilanon: Kuhaay.txt
/Users/rl-14/Desktop/Celine-Thesis/all-data-reordered/all/Sugilanon: Kuhit-kuhit, hikap-hikap.txt
/Users/rl-14/Desktop/Celine-Thesis/all-data-reordered/all/Sugilanon: Kumpisal.txt
/Users/rl-14/Desktop/Celine-Thesis/all-data-reordered/all/Sugilanon: Kunsabo.txt
/Users/rl-14/Desktop/Celine-Thesis/all-data-reordered/all/Sugilanon: Kusog nga ulan.txt
/Users/rl-14/Desktop/Celine-Thesis/all-data-reordered/all/Sugilanon: Kutihan nga Bata.txt
/Users/rl-14/Desktop/Celine-Thesis/all-data-reordered/all/Sugilanon: Kuwentas nga sampagita.txt
/Users/rl-14/Desktop/Celine-Thesis/all-data-reordered/all/Sugilanon: Lahi nga panamilit.txt
/Users/rl-14/Desktop/Celine-Thesis/all-data-reordered/all/Sugilanon: Lahi si Lindsy.txt
/Users/rl-14/Desktop/Celine-Thesis/all-data-reordered/all/Sugilanon: Laing gugma.txt
/Users/rl-14/Desktop/Celine-Thesis/all-data-reordered/all/Sugilanon: Laing matang sa unos.txt
/Users/rl-14/Desktop/Celine-Thesis/all-data-reordered/all/Sugilanon: Lainlain og paagi.txt
/Users/rl-14/Desktop/Celine-Thesis/all-data-reordered/all/Sugilanon: Lamdag ni Santo Niño.txt
/Users/rl-14/Desktop/Celine-Thesis/all-data-reordered/all/Sugilanon: Langob ni Maria Cacao.txt
/Users/rl-14/Desktop/Celine-Thesis/all-data-reordered/all/Sugilanon: Lapukon nga tunob.txt
/Users/rl-14/Desktop/Celine-Thesis/all-data-reordered/all/Sugilanon: Lawgan la’g mumho.txt
/Users/rl-14/Desktop/Celine-Thesis/all-data-reordered/all/Sugilanon: Lawos nga buwak.txt
/Users/rl-14/Desktop/Celine-Thesis/all-data-reordered/all/Sugilanon: Let Me Love You Tonight.txt
/Users/rl-14/Desktop/Celine-Thesis/all-data-reordered/all/Sugilanon: Libro nga may gisi.txt
/Users/rl-14/Desktop/Celine-Thesis/all-data-reordered/all/Sugilanon: Ligid sa kinabuhi.txt
/Users/rl-14/Desktop/Celine-Thesis/all-data-reordered/all/Sugilanon: Limos.txt
/Users/rl-14/Desktop/Celine-Thesis/all-data-reordered/all/Sugilanon: Linakangan .txt
/Users/rl-14/Desktop/Celine-Thesis/all-data-reordered/all/Sugilanon: Linugdangan sa sapot.txt
/Users/rl-14/Desktop/Celine-Thesis/all-data-reordered/all/Sugilanon: Liso sa mansanas.txt
/Users/rl-14/Desktop/Celine-Thesis/all-data-reordered/all/Sugilanon: Liti sa ting-init.txt
/Users/rl-14/Desktop/Celine-Thesis/all-data-reordered/all/Sugilanon: Love on wheels.txt
/Users/rl-14/Desktop/Celine-Thesis/all-data-reordered/all/Sugilanon: Lugos.txt
/Users/rl-14/Desktop/Celine-Thesis/all-data-reordered/all/Sugilanon: Luha sa nangka.txt
/Users/rl-14/Desktop/Celine-Thesis/all-data-reordered/all/Sugilanon: Lungag sa dunggan.txt
/Users/rl-14/Desktop/Celine-Thesis/all-data-reordered/all/Sugilanon: Lungon ni kamatayon.txt
/Users/rl-14/Desktop/Celine-Thesis/all-data-reordered/all/Sugilanon: Lunhaw.txt
/Users/rl-14/Desktop/Celine-Thesis/all-data-reordered/all/Sugilanon: Lupang hinirang.txt
/Users/rl-14/Desktop/Celine-Thesis/all-data-reordered/all/Sugilanon: Lupong tagapamayapa.txt
/Users/rl-14/Desktop/Celine-Thesis/all-data-reordered/all/Sugilanon: Lutong makaw.txt
/Users/rl-14/Desktop/Celine-Thesis/all-data-reordered/all/Sugilanon: Madam Agnes Corzon.txt
/Users/rl-14/Desktop/Celine-Thesis/all-data-reordered/all/Sugilanon: Maestra na, Doktora pa.txt
/Users/rl-14/Desktop/Celine-Thesis/all-data-reordered/all/Sugilanon: Maestro.txt
/Users/rl-14/Desktop/Celine-Thesis/all-data-reordered/all/Sugilanon: Maghuwat ra ang kamatayon.txt
/Users/rl-14/Desktop/Celine-Thesis/all-data-reordered/all/Sugilanon: Magic Inidoro.txt
/Users/rl-14/Desktop/Celine-Thesis/all-data-reordered/all/Sugilanon: Magminyo na si David.txt
/Users/rl-14/Desktop/Celine-Thesis/all-data-reordered/all/Sugilanon: Magsikyu sila.txt
/Users/rl-14/Desktop/Celine-Thesis/all-data-reordered/all/Sugilanon: Makab-ot sab ang langit.txt
/Users/rl-14/Desktop/Celine-Thesis/all-data-reordered/all/Sugilanon: Makamao na.txt
/Users/rl-14/Desktop/Celine-Thesis/all-data-reordered/all/Sugilanon: Makiangayon ang langit.txt
/Users/rl-14/Desktop/Celine-Thesis/all-data-reordered/all/Sugilanon: Malipayong adlaw sa inahan.txt
/Users/rl-14/Desktop/Celine-Thesis/all-data-reordered/all/Sugilanon: Malipayong gradwasyon.txt
/Users/rl-14/Desktop/Celine-Thesis/all-data-reordered/all/Sugilanon: Mask.txt
/Users/rl-14/Desktop/Celine-Thesis/all-data-reordered/all/Sugilanon: Maskara.txt
/Users/rl-14/Desktop/Celine-Thesis/all-data-reordered/all/Sugilanon: Mata sa bungtod.txt
/Users/rl-14/Desktop/Celine-Thesis/all-data-reordered/all/Sugilanon: Mata sa Ginuo.txt
/Users/rl-14/Desktop/Celine-Thesis/all-data-reordered/all/Sugilanon: Matag takdol sa buwan.txt
/Users/rl-14/Desktop/Celine-Thesis/all-data-reordered/all/Sugilanon: Mate.txt
/Users/rl-14/Desktop/Celine-Thesis/all-data-reordered/all/Sugilanon: May gahom ang kalimot .txt
/Users/rl-14/Desktop/Celine-Thesis/all-data-reordered/all/Sugilanon: May kahayag ang ugma .txt
/Users/rl-14/Desktop/Celine-Thesis/all-data-reordered/all/Sugilanon: May kalinaw sa Bag-ong Tuig.txt
/Users/rl-14/Desktop/Celine-Thesis/all-data-reordered/all/Sugilanon: May kalipay ang Pasko.txt
/Users/rl-14/Desktop/Celine-Thesis/all-data-reordered/all/Sugilanon: May kalipay sa sayop.txt
/Users/rl-14/Desktop/Celine-Thesis/all-data-reordered/all/Sugilanon: May kaluha ang gugma.txt
/Users/rl-14/Desktop/Celine-Thesis/all-data-reordered/all/Sugilanon: May mihilak sa Pasko.txt
/Users/rl-14/Desktop/Celine-Thesis/all-data-reordered/all/Sugilanon: May panahon ang gugma.txt
/Users/rl-14/Desktop/Celine-Thesis/all-data-reordered/all/Sugilanon: May papa si Jares.txt
/Users/rl-14/Desktop/Celine-Thesis/all-data-reordered/all/Sugilanon: May tabon ang kahulogan.txt
/Users/rl-14/Desktop/Celine-Thesis/all-data-reordered/all/Sugilanon: Medalya ni Blessil.txt
/Users/rl-14/Desktop/Celine-Thesis/all-data-reordered/all/Sugilanon: Mensahe sa ulan.txt
/Users/rl-14/Desktop/Celine-Thesis/all-data-reordered/all/Sugilanon: Merry Christmas Darling!.txt
/Users/rl-14/Desktop/Celine-Thesis/all-data-reordered/all/Sugilanon: Mga abog sa kinabuhi.txt
/Users/rl-14/Desktop/Celine-Thesis/all-data-reordered/all/Sugilanon: Mga Angel ni Poldo.txt
/Users/rl-14/Desktop/Celine-Thesis/all-data-reordered/all/Sugilanon: Mga balili sa bungtod.txt
/Users/rl-14/Desktop/Celine-Thesis/all-data-reordered/all/Sugilanon: Mga bisita sa Pasko.txt
/Users/rl-14/Desktop/Celine-Thesis/all-data-reordered/all/Sugilanon: Mga Dahong Laya.txt
/Users/rl-14/Desktop/Celine-Thesis/all-data-reordered/all/Sugilanon: Mga dalaga nga nag-zumba.txt
/Users/rl-14/Desktop/Celine-Thesis/all-data-reordered/all/Sugilanon: Mga damgong nakab-ot.txt
/Users/rl-14/Desktop/Celine-Thesis/all-data-reordered/all/Sugilanon: Mga kalag di ko hikalimtan.txt
/Users/rl-14/Desktop/Celine-Thesis/all-data-reordered/all/Sugilanon: Mga kalag sa gugma.txt
/Users/rl-14/Desktop/Celine-Thesis/all-data-reordered/all/Sugilanon: Mga kalag sa purgatoryo.txt
/Users/rl-14/Desktop/Celine-Thesis/all-data-reordered/all/Sugilanon: Mga koneho ni Titing.txt
/Users/rl-14/Desktop/Celine-Thesis/all-data-reordered/all/Sugilanon: Mga laang sa gabii.txt
/Users/rl-14/Desktop/Celine-Thesis/all-data-reordered/all/Sugilanon: Mga Lagda ni Art.txt
/Users/rl-14/Desktop/Celine-Thesis/all-data-reordered/all/Sugilanon: Mga liso nga gitisok ko.txt
/Users/rl-14/Desktop/Celine-Thesis/all-data-reordered/all/Sugilanon: Mga luha sa Pasko.txt
/Users/rl-14/Desktop/Celine-Thesis/all-data-reordered/all/Sugilanon: Mga luog.txt
/Users/rl-14/Desktop/Celine-Thesis/all-data-reordered/all/Sugilanon: Mga madyikero.txt
/Users/rl-14/Desktop/Celine-Thesis/all-data-reordered/all/Sugilanon: Mga mangingilad.txt
/Users/rl-14/Desktop/Celine-Thesis/all-data-reordered/all/Sugilanon: Mga mata sa dakbayan.txt
/Users/rl-14/Desktop/Celine-Thesis/all-data-reordered/all/Sugilanon: Mga mata sa ulan.txt
/Users/rl-14/Desktop/Celine-Thesis/all-data-reordered/all/Sugilanon: Mga maya sa Mayo.txt
/Users/rl-14/Desktop/Celine-Thesis/all-data-reordered/all/Sugilanon: Mga Pako sa Maya.txt
/Users/rl-14/Desktop/Celine-Thesis/all-data-reordered/all/Sugilanon: Mga pal-ak sa kamunggay.txt
/Users/rl-14/Desktop/Celine-Thesis/all-data-reordered/all/Sugilanon: Mga pasaherong patay.txt
/Users/rl-14/Desktop/Celine-Thesis/all-data-reordered/all/Sugilanon: Mga Santa Klaus.txt
/Users/rl-14/Desktop/Celine-Thesis/all-data-reordered/all/Sugilanon: Mga sugilanon ni Alex.txt
/Users/rl-14/Desktop/Celine-Thesis/all-data-reordered/all/Sugilanon: Mga tabi-tabi.txt
/Users/rl-14/Desktop/Celine-Thesis/all-data-reordered/all/Sugilanon: Mga tunob sa baybayon.txt
/Users/rl-14/Desktop/Celine-Thesis/all-data-reordered/all/Sugilanon: Mga tunob sa bonbon.txt
/Users/rl-14/Desktop/Celine-Thesis/all-data-reordered/all/Sugilanon: Mga ungo sa Binalyo.txt
/Users/rl-14/Desktop/Celine-Thesis/all-data-reordered/all/Sugilanon: Miabot ang paghunas.txt
/Users/rl-14/Desktop/Celine-Thesis/all-data-reordered/all/Sugilanon: Mibalik ako.txt
/Users/rl-14/Desktop/Celine-Thesis/all-data-reordered/all/Sugilanon: Mibalik si Veronica.txt
/Users/rl-14/Desktop/Celine-Thesis/all-data-reordered/all/Sugilanon: Mibiya na lang.txt
/Users/rl-14/Desktop/Celine-Thesis/all-data-reordered/all/Sugilanon: Mibunok ang ulan.txt
/Users/rl-14/Desktop/Celine-Thesis/all-data-reordered/all/Sugilanon: Midag-om ang langit.txt
/Users/rl-14/Desktop/Celine-Thesis/all-data-reordered/all/Sugilanon: Midaog si Mariella.txt
/Users/rl-14/Desktop/Celine-Thesis/all-data-reordered/all/Sugilanon: Migitib ang bag-ong gugma.txt
/Users/rl-14/Desktop/Celine-Thesis/all-data-reordered/all/Sugilanon: Mihilak ang bagis .txt
/Users/rl-14/Desktop/Celine-Thesis/all-data-reordered/all/Sugilanon: Milagro sa Biyernes Santo.txt
/Users/rl-14/Desktop/Celine-Thesis/all-data-reordered/all/Sugilanon: Milagro sa Ulan.txt
/Users/rl-14/Desktop/Celine-Thesis/all-data-reordered/all/Sugilanon: Miliwat sa tinamay.txt
/Users/rl-14/Desktop/Celine-Thesis/all-data-reordered/all/Sugilanon: Mineral water.txt
/Users/rl-14/Desktop/Celine-Thesis/all-data-reordered/all/Sugilanon: Mipahiyom ang buwan sa Pasko.txt
/Users/rl-14/Desktop/Celine-Thesis/all-data-reordered/all/Sugilanon: Mipauli ang vigilante.txt
/Users/rl-14/Desktop/Celine-Thesis/all-data-reordered/all/Sugilanon: Mipauli si Bentot.txt
/Users/rl-14/Desktop/Celine-Thesis/all-data-reordered/all/Sugilanon: Miranda warning.txt
/Users/rl-14/Desktop/Celine-Thesis/all-data-reordered/all/Sugilanon: Misalir si Fred.txt
/Users/rl-14/Desktop/Celine-Thesis/all-data-reordered/all/Sugilanon: Mister Valentino.txt
/Users/rl-14/Desktop/Celine-Thesis/all-data-reordered/all/Sugilanon: Misurender si Ingko Datoy.txt
/Users/rl-14/Desktop/Celine-Thesis/all-data-reordered/all/Sugilanon: Mitadlas sa habagatan ang lalakeng walay ngalan.txt
/Users/rl-14/Desktop/Celine-Thesis/all-data-reordered/all/Sugilanon: Mithi sa usa ka amahan.txt
/Users/rl-14/Desktop/Celine-Thesis/all-data-reordered/all/Sugilanon: Mituo sa pagtulon-an.txt
/Users/rl-14/Desktop/Celine-Thesis/all-data-reordered/all/Sugilanon: Miungot ang mga takna.txt
/Users/rl-14/Desktop/Celine-Thesis/all-data-reordered/all/Sugilanon: Modus.txt
/Users/rl-14/Desktop/Celine-Thesis/all-data-reordered/all/Sugilanon: Mokuyog ko nimo.txt
/Users/rl-14/Desktop/Celine-Thesis/all-data-reordered/all/Sugilanon: Molubad pay bulawan.txt
/Users/rl-14/Desktop/Celine-Thesis/all-data-reordered/all/Sugilanon: Morag si Tarzan.txt
/Users/rl-14/Desktop/Celine-Thesis/all-data-reordered/all/Sugilanon: Motabang ang Diyos.txt
/Users/rl-14/Desktop/Celine-Thesis/all-data-reordered/all/Sugilanon: Mr. Apocalypse.txt
/Users/rl-14/Desktop/Celine-Thesis/all-data-reordered/all/Sugilanon: Mutya sa kahoy.txt
/Users/rl-14/Desktop/Celine-Thesis/all-data-reordered/all/Sugilanon: Naangkon ang kalinaw.txt
/Users/rl-14/Desktop/Celine-Thesis/all-data-reordered/all/Sugilanon: Naanod nga White Lady.txt
/Users/rl-14/Desktop/Celine-Thesis/all-data-reordered/all/Sugilanon: Nabanhaw ang dagat.txt
/Users/rl-14/Desktop/Celine-Thesis/all-data-reordered/all/Sugilanon: Nabanhaw si Eddie.txt
/Users/rl-14/Desktop/Celine-Thesis/all-data-reordered/all/Sugilanon: Naghagok nga nagmata.txt
/Users/rl-14/Desktop/Celine-Thesis/all-data-reordered/all/Sugilanon: Naghandom.txt
/Users/rl-14/Desktop/Celine-Thesis/all-data-reordered/all/Sugilanon: Nagmaskarang kalibutan.txt
/Users/rl-14/Desktop/Celine-Thesis/all-data-reordered/all/Sugilanon: Nagselos si Lucy.txt
/Users/rl-14/Desktop/Celine-Thesis/all-data-reordered/all/Sugilanon: Nagsinulog ang palahubog.txt
/Users/rl-14/Desktop/Celine-Thesis/all-data-reordered/all/Sugilanon: Nagtakdong mga pagbati.txt
/Users/rl-14/Desktop/Celine-Thesis/all-data-reordered/all/Sugilanon: Nakalusot si Archie.txt
/Users/rl-14/Desktop/Celine-Thesis/all-data-reordered/all/Sugilanon: Nakasakay sa tren.txt
/Users/rl-14/Desktop/Celine-Thesis/all-data-reordered/all/Sugilanon: Nakauna si Katrina.txt
/Users/rl-14/Desktop/Celine-Thesis/all-data-reordered/all/Sugilanon: Nakuryentihan.txt
/Users/rl-14/Desktop/Celine-Thesis/all-data-reordered/all/Sugilanon: Nalisoan.txt
/Users/rl-14/Desktop/Celine-Thesis/all-data-reordered/all/Sugilanon: Nalit-ag.txt
/Users/rl-14/Desktop/Celine-Thesis/all-data-reordered/all/Sugilanon: Namalikhawng kahoy (Tinuod nga hitabo).txt
/Users/rl-14/Desktop/Celine-Thesis/all-data-reordered/all/Sugilanon: Napilde si Merlyn.txt
/Users/rl-14/Desktop/Celine-Thesis/all-data-reordered/all/Sugilanon: Nasipyat si Isyang.txt
/Users/rl-14/Desktop/Celine-Thesis/all-data-reordered/all/Sugilanon: Natag-anang kapalaran.txt
/Users/rl-14/Desktop/Celine-Thesis/all-data-reordered/all/Sugilanon: Natunaw ang katimgas.txt
/Users/rl-14/Desktop/Celine-Thesis/all-data-reordered/all/Sugilanon: Naunay sa tari.txt
/Users/rl-14/Desktop/Celine-Thesis/all-data-reordered/all/Sugilanon: News reporter.txt
/Users/rl-14/Desktop/Celine-Thesis/all-data-reordered/all/Sugilanon: Noche buena nilang Eloy.txt
/Users/rl-14/Desktop/Celine-Thesis/all-data-reordered/all/Sugilanon: Numero sa buang.txt
/Users/rl-14/Desktop/Celine-Thesis/all-data-reordered/all/Sugilanon: OFW driver.txt
/Users/rl-14/Desktop/Celine-Thesis/all-data-reordered/all/Sugilanon: Okey kaayo.txt
/Users/rl-14/Desktop/Celine-Thesis/all-data-reordered/all/Sugilanon: Okey ra si Susan.txt
/Users/rl-14/Desktop/Celine-Thesis/all-data-reordered/all/Sugilanon: One in a million.txt
/Users/rl-14/Desktop/Celine-Thesis/all-data-reordered/all/Sugilanon: Pag-awop sa pangandoy.txt
/Users/rl-14/Desktop/Celine-Thesis/all-data-reordered/all/Sugilanon: Pagbalik ni Randy.txt
/Users/rl-14/Desktop/Celine-Thesis/all-data-reordered/all/Sugilanon: Pagbunok sa ulan.txt
/Users/rl-14/Desktop/Celine-Thesis/all-data-reordered/all/Sugilanon: Pagbuot sa gugma.txt
/Users/rl-14/Desktop/Celine-Thesis/all-data-reordered/all/Sugilanon: Pagbuswak sa pangandoy.txt
/Users/rl-14/Desktop/Celine-Thesis/all-data-reordered/all/Sugilanon: Pagbuto sa bolang kristal.txt
/Users/rl-14/Desktop/Celine-Thesis/all-data-reordered/all/Sugilanon: Pagduaw ni Aleah.txt
/Users/rl-14/Desktop/Celine-Thesis/all-data-reordered/all/Sugilanon: Paghandom.txt
/Users/rl-14/Desktop/Celine-Thesis/all-data-reordered/all/Sugilanon: Paghibalik.txt
/Users/rl-14/Desktop/Celine-Thesis/all-data-reordered/all/Sugilanon: Paghinulsol sa tulisan.txt
/Users/rl-14/Desktop/Celine-Thesis/all-data-reordered/all/Sugilanon: Pagkalugtab sa kahaw-ang.txt
/Users/rl-14/Desktop/Celine-Thesis/all-data-reordered/all/Sugilanon: Pagkatin-aw sa tubig.txt
/Users/rl-14/Desktop/Celine-Thesis/all-data-reordered/all/Sugilanon: Pagkawala ni Grace.txt
/Users/rl-14/Desktop/Celine-Thesis/all-data-reordered/all/Sugilanon: Pagkawala ni Lemuel.txt
/Users/rl-14/Desktop/Celine-Thesis/all-data-reordered/all/Sugilanon: Paglawig sa kinabuhi.txt
/Users/rl-14/Desktop/Celine-Thesis/all-data-reordered/all/Sugilanon: Paglurang sa kaisog.txt
/Users/rl-14/Desktop/Celine-Thesis/all-data-reordered/all/Sugilanon: Paglurang sa mga kasakit.txt
/Users/rl-14/Desktop/Celine-Thesis/all-data-reordered/all/Sugilanon: Pagpanluod sa bituon.txt
/Users/rl-14/Desktop/Celine-Thesis/all-data-reordered/all/Sugilanon: Pagpas-an sa krus.txt
/Users/rl-14/Desktop/Celine-Thesis/all-data-reordered/all/Sugilanon: Pagpusa sa dag-om.txt
/Users/rl-14/Desktop/Celine-Thesis/all-data-reordered/all/Sugilanon: Pagsulay.txt
/Users/rl-14/Desktop/Celine-Thesis/all-data-reordered/all/Sugilanon: Pagtuang sa ulan.txt
/Users/rl-14/Desktop/Celine-Thesis/all-data-reordered/all/Sugilanon: Pagtugyan.txt
/Users/rl-14/Desktop/Celine-Thesis/all-data-reordered/all/Sugilanon: Pagtulon-an.txt
/Users/rl-14/Desktop/Celine-Thesis/all-data-reordered/all/Sugilanon: Pagtuo .txt
/Users/rl-14/Desktop/Celine-Thesis/all-data-reordered/all/Sugilanon: Pahinumdom sa kalag.txt
/Users/rl-14/Desktop/Celine-Thesis/all-data-reordered/all/Sugilanon: Pahiyom ni Monalisa.txt
/Users/rl-14/Desktop/Celine-Thesis/all-data-reordered/all/Sugilanon: Palad nila.txt
/Users/rl-14/Desktop/Celine-Thesis/all-data-reordered/all/Sugilanon: Palasyo sa batan-ong Hari.txt
/Users/rl-14/Desktop/Celine-Thesis/all-data-reordered/all/Sugilanon: Pamahaw mo, Noy!.txt
/Users/rl-14/Desktop/Celine-Thesis/all-data-reordered/all/Sugilanon: Pamalandong.txt
/Users/rl-14/Desktop/Celine-Thesis/all-data-reordered/all/Sugilanon: Pamuyboy.txt
/Users/rl-14/Desktop/Celine-Thesis/all-data-reordered/all/Sugilanon: Panabang sa Balaang Bata.txt
/Users/rl-14/Desktop/Celine-Thesis/all-data-reordered/all/Sugilanon: Panagbagat .txt
/Users/rl-14/Desktop/Celine-Thesis/all-data-reordered/all/Sugilanon: Panagbagat.txt
/Users/rl-14/Desktop/Celine-Thesis/all-data-reordered/all/Sugilanon: Panagsumpay sa kagahapon.txt
/Users/rl-14/Desktop/Celine-Thesis/all-data-reordered/all/Sugilanon: Panagtakos.txt
/Users/rl-14/Desktop/Celine-Thesis/all-data-reordered/all/Sugilanon: Panamilit Ni Gino.txt
/Users/rl-14/Desktop/Celine-Thesis/all-data-reordered/all/Sugilanon: Panamilit ni Marcmajanski.txt
/Users/rl-14/Desktop/Celine-Thesis/all-data-reordered/all/Sugilanon: Panaw ni Agaw Marman.txt
/Users/rl-14/Desktop/Celine-Thesis/all-data-reordered/all/Sugilanon: Panaw ni Rodrino.txt
/Users/rl-14/Desktop/Celine-Thesis/all-data-reordered/all/Sugilanon: Pangandoy nga pinaskuhan.txt
/Users/rl-14/Desktop/Celine-Thesis/all-data-reordered/all/Sugilanon: Pangindahay.txt
/Users/rl-14/Desktop/Celine-Thesis/all-data-reordered/all/Sugilanon: Pangluod.txt
/Users/rl-14/Desktop/Celine-Thesis/all-data-reordered/all/Sugilanon: Panimalos sa sawa.txt
/Users/rl-14/Desktop/Celine-Thesis/all-data-reordered/all/Sugilanon: Panimawos ni Olimpia.txt
/Users/rl-14/Desktop/Celine-Thesis/all-data-reordered/all/Sugilanon: Parke sa kagahapon.txt
/Users/rl-14/Desktop/Celine-Thesis/all-data-reordered/all/Sugilanon: Parol nga gigisi.txt
/Users/rl-14/Desktop/Celine-Thesis/all-data-reordered/all/Sugilanon: Parol ni Junny.txt
/Users/rl-14/Desktop/Celine-Thesis/all-data-reordered/all/Sugilanon: Pasalamat.txt
/Users/rl-14/Desktop/Celine-Thesis/all-data-reordered/all/Sugilanon: Pasko sa 7-Eleven.txt
/Users/rl-14/Desktop/Celine-Thesis/all-data-reordered/all/Sugilanon: Pasko sa mga minahal.txt
/Users/rl-14/Desktop/Celine-Thesis/all-data-reordered/all/Sugilanon: Pasko sa tulo ka binilanggo.txt
/Users/rl-14/Desktop/Celine-Thesis/all-data-reordered/all/Sugilanon: Pasko: Panahon sa gugma.txt
/Users/rl-14/Desktop/Celine-Thesis/all-data-reordered/all/Sugilanon: Payag nga way kamingaw.txt
/Users/rl-14/Desktop/Celine-Thesis/all-data-reordered/all/Sugilanon: Peke.txt
/Users/rl-14/Desktop/Celine-Thesis/all-data-reordered/all/Sugilanon: Pinaskuhan.txt
/Users/rl-14/Desktop/Celine-Thesis/all-data-reordered/all/Sugilanon: Pinitik sa kasingkasing.txt
/Users/rl-14/Desktop/Celine-Thesis/all-data-reordered/all/Sugilanon: Pistola nga gibilin.txt
/Users/rl-14/Desktop/Celine-Thesis/all-data-reordered/all/Sugilanon: Pitik sa bidlisiw.txt
/Users/rl-14/Desktop/Celine-Thesis/all-data-reordered/all/Sugilanon: Plano sa kalampusan.txt
/Users/rl-14/Desktop/Celine-Thesis/all-data-reordered/all/Sugilanon: Prinsesa nga labandera.txt
/Users/rl-14/Desktop/Celine-Thesis/all-data-reordered/all/Sugilanon: Proyekto ni Ella.txt
/Users/rl-14/Desktop/Celine-Thesis/all-data-reordered/all/Sugilanon: Puasa.txt
/Users/rl-14/Desktop/Celine-Thesis/all-data-reordered/all/Sugilanon: Pulseras.txt
/Users/rl-14/Desktop/Celine-Thesis/all-data-reordered/all/Sugilanon: Putos sa kendi.txt
/Users/rl-14/Desktop/Celine-Thesis/all-data-reordered/all/Sugilanon: Regalo.txt
/Users/rl-14/Desktop/Celine-Thesis/all-data-reordered/all/Sugilanon: Romansa sa plasa.txt
/Users/rl-14/Desktop/Celine-Thesis/all-data-reordered/all/Sugilanon: Sa binggohan ni Gemma.txt
/Users/rl-14/Desktop/Celine-Thesis/all-data-reordered/all/Sugilanon: Sa gabiing mihawok ang yawa sa Ginuo.txt
/Users/rl-14/Desktop/Celine-Thesis/all-data-reordered/all/Sugilanon: Sa ikaduhang higayon.txt
/Users/rl-14/Desktop/Celine-Thesis/all-data-reordered/all/Sugilanon: Sa ikaduhang panaghibalag.txt
/Users/rl-14/Desktop/Celine-Thesis/all-data-reordered/all/Sugilanon: Sa ilang panag-abot.txt
/Users/rl-14/Desktop/Celine-Thesis/all-data-reordered/all/Sugilanon: Sa iyang pagkapukan.txt
/Users/rl-14/Desktop/Celine-Thesis/all-data-reordered/all/Sugilanon: Sa iyang pagpauli.txt
/Users/rl-14/Desktop/Celine-Thesis/all-data-reordered/all/Sugilanon: Sa kan-anan ni George.txt
/Users/rl-14/Desktop/Celine-Thesis/all-data-reordered/all/Sugilanon: Sa kinto limbo.txt
/Users/rl-14/Desktop/Celine-Thesis/all-data-reordered/all/Sugilanon: Sa lugawan ni Sanang.txt
/Users/rl-14/Desktop/Celine-Thesis/all-data-reordered/all/Sugilanon: Sa lunhaw pa ang balili.txt
/Users/rl-14/Desktop/Celine-Thesis/all-data-reordered/all/Sugilanon: Sa Nagtagong Baybayon.txt
/Users/rl-14/Desktop/Celine-Thesis/all-data-reordered/all/Sugilanon: Sa pagkapa-kapa sa mga dahon.txt
/Users/rl-14/Desktop/Celine-Thesis/all-data-reordered/all/Sugilanon: Sa sabakan sa kaadlawon.txt
/Users/rl-14/Desktop/Celine-Thesis/all-data-reordered/all/Sugilanon: Sa tiilan sa dakong krus.txt
/Users/rl-14/Desktop/Celine-Thesis/all-data-reordered/all/Sugilanon: Sa tumoy sa dalan.txt
/Users/rl-14/Desktop/Celine-Thesis/all-data-reordered/all/Sugilanon: Sa unang panagkita.txt
/Users/rl-14/Desktop/Celine-Thesis/all-data-reordered/all/Sugilanon: Saksi ang mga bituon.txt
/Users/rl-14/Desktop/Celine-Thesis/all-data-reordered/all/Sugilanon: Salamat Senyor Santo Niño.txt
/Users/rl-14/Desktop/Celine-Thesis/all-data-reordered/all/Sugilanon: Samaran nga kasingkasing.txt
/Users/rl-14/Desktop/Celine-Thesis/all-data-reordered/all/Sugilanon: Samin.txt
/Users/rl-14/Desktop/Celine-Thesis/all-data-reordered/all/Sugilanon: Sanaw.txt
/Users/rl-14/Desktop/Celine-Thesis/all-data-reordered/all/Sugilanon: Sangod.txt
/Users/rl-14/Desktop/Celine-Thesis/all-data-reordered/all/Sugilanon: Santa Klaus sa Pasko.txt
/Users/rl-14/Desktop/Celine-Thesis/all-data-reordered/all/Sugilanon: Sapatos ni Jordan.txt
/Users/rl-14/Desktop/Celine-Thesis/all-data-reordered/all/Sugilanon: Second fiddle.txt
/Users/rl-14/Desktop/Celine-Thesis/all-data-reordered/all/Sugilanon: Sekreto ni Helen.txt
/Users/rl-14/Desktop/Celine-Thesis/all-data-reordered/all/Sugilanon: Sekretong tambal.txt
/Users/rl-14/Desktop/Celine-Thesis/all-data-reordered/all/Sugilanon: Selpon nga napusgay.txt
/Users/rl-14/Desktop/Celine-Thesis/all-data-reordered/all/Sugilanon: Senior textmates.txt
/Users/rl-14/Desktop/Celine-Thesis/all-data-reordered/all/Sugilanon: Shoplifter.txt
/Users/rl-14/Desktop/Celine-Thesis/all-data-reordered/all/Sugilanon: Shoulder bag.txt
/Users/rl-14/Desktop/Celine-Thesis/all-data-reordered/all/Sugilanon: Si Al Adik .txt
/Users/rl-14/Desktop/Celine-Thesis/all-data-reordered/all/Sugilanon: Si Andres walhon.txt
/Users/rl-14/Desktop/Celine-Thesis/all-data-reordered/all/Sugilanon: Si Andy ug ang Superbalita.txt
/Users/rl-14/Desktop/Celine-Thesis/all-data-reordered/all/Sugilanon: Si Asyang Ungo.txt
/Users/rl-14/Desktop/Celine-Thesis/all-data-reordered/all/Sugilanon: Si Aya tambok.txt
/Users/rl-14/Desktop/Celine-Thesis/all-data-reordered/all/Sugilanon: Si Bonibondo.txt
/Users/rl-14/Desktop/Celine-Thesis/all-data-reordered/all/Sugilanon: Si Burukito.txt
/Users/rl-14/Desktop/Celine-Thesis/all-data-reordered/all/Sugilanon: Si Caldo taas og buhok.txt
/Users/rl-14/Desktop/Celine-Thesis/all-data-reordered/all/Sugilanon: Si Cherry Anne.txt
/Users/rl-14/Desktop/Celine-Thesis/all-data-reordered/all/Sugilanon: Si Christo.txt
/Users/rl-14/Desktop/Celine-Thesis/all-data-reordered/all/Sugilanon: Si Dr. Joseph Najam, Jr..txt
/Users/rl-14/Desktop/Celine-Thesis/all-data-reordered/all/Sugilanon: Si Eduk ug ang mga dalaga.txt
/Users/rl-14/Desktop/Celine-Thesis/all-data-reordered/all/Sugilanon: Si Escariote.txt
/Users/rl-14/Desktop/Celine-Thesis/all-data-reordered/all/Sugilanon: Si Floran.txt
/Users/rl-14/Desktop/Celine-Thesis/all-data-reordered/all/Sugilanon: Si Inday Sisay.txt
/Users/rl-14/Desktop/Celine-Thesis/all-data-reordered/all/Sugilanon: Si Inting laksot.txt
/Users/rl-14/Desktop/Celine-Thesis/all-data-reordered/all/Sugilanon: Si Isko pulis.txt
/Users/rl-14/Desktop/Celine-Thesis/all-data-reordered/all/Sugilanon: Si Itok abogado.txt
/Users/rl-14/Desktop/Celine-Thesis/all-data-reordered/all/Sugilanon: Si Iyo Ambrosio.txt
/Users/rl-14/Desktop/Celine-Thesis/all-data-reordered/all/Sugilanon: Si Jenny.txt
/Users/rl-14/Desktop/Celine-Thesis/all-data-reordered/all/Sugilanon: Si Jerry.txt
/Users/rl-14/Desktop/Celine-Thesis/all-data-reordered/all/Sugilanon: Si Kabang.txt
/Users/rl-14/Desktop/Celine-Thesis/all-data-reordered/all/Sugilanon: Si Loisa ug si Mariz.txt
/Users/rl-14/Desktop/Celine-Thesis/all-data-reordered/all/Sugilanon: Si Lucy.txt
/Users/rl-14/Desktop/Celine-Thesis/all-data-reordered/all/Sugilanon: Si Macario ug ang Agta.txt
/Users/rl-14/Desktop/Celine-Thesis/all-data-reordered/all/Sugilanon: Si Mama Pilang.txt
/Users/rl-14/Desktop/Celine-Thesis/all-data-reordered/all/Sugilanon: Si Mama Virginia.txt
/Users/rl-14/Desktop/Celine-Thesis/all-data-reordered/all/Sugilanon: Si Manoy Antoy.txt
/Users/rl-14/Desktop/Celine-Thesis/all-data-reordered/all/Sugilanon: Si Mar.txt
/Users/rl-14/Desktop/Celine-Thesis/all-data-reordered/all/Sugilanon: Si Mariel laksot.txt
/Users/rl-14/Desktop/Celine-Thesis/all-data-reordered/all/Sugilanon: Si Nang Lily.txt
/Users/rl-14/Desktop/Celine-Thesis/all-data-reordered/all/Sugilanon: Si Novie ug ang bata.txt
/Users/rl-14/Desktop/Celine-Thesis/all-data-reordered/all/Sugilanon: Si Papa Ben.txt
/Users/rl-14/Desktop/Celine-Thesis/all-data-reordered/all/Sugilanon: Si Papa Fred .txt
/Users/rl-14/Desktop/Celine-Thesis/all-data-reordered/all/Sugilanon: Si Pedro ug ang bato.txt
/Users/rl-14/Desktop/Celine-Thesis/all-data-reordered/all/Sugilanon: Si Prinsesa Elena.txt
/Users/rl-14/Desktop/Celine-Thesis/all-data-reordered/all/Sugilanon: Si Ruben.txt
/Users/rl-14/Desktop/Celine-Thesis/all-data-reordered/all/Sugilanon: Si Samuel ug ang Sirena.txt
/Users/rl-14/Desktop/Celine-Thesis/all-data-reordered/all/Sugilanon: Si Spinx.txt
/Users/rl-14/Desktop/Celine-Thesis/all-data-reordered/all/Sugilanon: Si Telesforo.txt
/Users/rl-14/Desktop/Celine-Thesis/all-data-reordered/all/Sugilanon: Si Tikyo ug si Hesus.txt
/Users/rl-14/Desktop/Celine-Thesis/all-data-reordered/all/Sugilanon: Si Tisay Setinta.txt
/Users/rl-14/Desktop/Celine-Thesis/all-data-reordered/all/Sugilanon: Si Tisoy ug ang Agta.txt
/Users/rl-14/Desktop/Celine-Thesis/all-data-reordered/all/Sugilanon: Si Tisoy ug si Prinsipe Agukoy.txt
/Users/rl-14/Desktop/Celine-Thesis/all-data-reordered/all/Sugilanon: Si Titi Gundoy.txt
/Users/rl-14/Desktop/Celine-Thesis/all-data-reordered/all/Sugilanon: Si Tiyo Totskie.txt
/Users/rl-14/Desktop/Celine-Thesis/all-data-reordered/all/Sugilanon: Si Tuko ug si Idok.txt
/Users/rl-14/Desktop/Celine-Thesis/all-data-reordered/all/Sugilanon: Si Uldarico ug si Linda.txt
/Users/rl-14/Desktop/Celine-Thesis/all-data-reordered/all/Sugilanon: Si Witwit ug si Tiwtiw.txt
/Users/rl-14/Desktop/Celine-Thesis/all-data-reordered/all/Sugilanon: Sigbin.txt
/Users/rl-14/Desktop/Celine-Thesis/all-data-reordered/all/Sugilanon: Simbulo sa kadato.txt
/Users/rl-14/Desktop/Celine-Thesis/all-data-reordered/all/Sugilanon: Simpatiya.txt
/Users/rl-14/Desktop/Celine-Thesis/all-data-reordered/all/Sugilanon: Sinalikway.txt
/Users/rl-14/Desktop/Celine-Thesis/all-data-reordered/all/Sugilanon: Sinugdanan sa estorya.txt
/Users/rl-14/Desktop/Celine-Thesis/all-data-reordered/all/Sugilanon: Sipyat.txt
/Users/rl-14/Desktop/Celine-Thesis/all-data-reordered/all/Sugilanon: Sitsit sa asawa.txt
/Users/rl-14/Desktop/Celine-Thesis/all-data-reordered/all/Sugilanon: Siya.txt
/Users/rl-14/Desktop/Celine-Thesis/all-data-reordered/all/Sugilanon: Sonata sa kangitngit.txt
/Users/rl-14/Desktop/Celine-Thesis/all-data-reordered/all/Sugilanon: Sorry, Joyce.txt
/Users/rl-14/Desktop/Celine-Thesis/all-data-reordered/all/Sugilanon: Sud-an gikan sa Bato.txt
/Users/rl-14/Desktop/Celine-Thesis/all-data-reordered/all/Sugilanon: Sud-ong.txt
/Users/rl-14/Desktop/Celine-Thesis/all-data-reordered/all/Sugilanon: Sudya sa wa matawong puya.txt
/Users/rl-14/Desktop/Celine-Thesis/all-data-reordered/all/Sugilanon: Suga sa kangitngit.txt
/Users/rl-14/Desktop/Celine-Thesis/all-data-reordered/all/Sugilanon: Sukli sa gibayad.txt
/Users/rl-14/Desktop/Celine-Thesis/all-data-reordered/all/Sugilanon: Sulbad sa kasina.txt
/Users/rl-14/Desktop/Celine-Thesis/all-data-reordered/all/Sugilanon: Suliran ni Maya.txt
/Users/rl-14/Desktop/Celine-Thesis/all-data-reordered/all/Sugilanon: Sumbalik sa gilabay.txt
/Users/rl-14/Desktop/Celine-Thesis/all-data-reordered/all/Sugilanon: Sungog sa kapalaran.txt
/Users/rl-14/Desktop/Celine-Thesis/all-data-reordered/all/Sugilanon: Surambaw.txt
/Users/rl-14/Desktop/Celine-Thesis/all-data-reordered/all/Sugilanon: Surprisa sa gugma.txt
/Users/rl-14/Desktop/Celine-Thesis/all-data-reordered/all/Sugilanon: Surprisa.txt
/Users/rl-14/Desktop/Celine-Thesis/all-data-reordered/all/Sugilanon: Suwab.txt
/Users/rl-14/Desktop/Celine-Thesis/all-data-reordered/all/Sugilanon: Suwerte si Reden.txt
/Users/rl-14/Desktop/Celine-Thesis/all-data-reordered/all/Sugilanon: Suwerteng naguti-guti.txt
/Users/rl-14/Desktop/Celine-Thesis/all-data-reordered/all/SUGILANON: Taban.txt
/Users/rl-14/Desktop/Celine-Thesis/all-data-reordered/all/Sugilanon: Tadlas sa kahilom.txt
/Users/rl-14/Desktop/Celine-Thesis/all-data-reordered/all/Sugilanon: Tagal.txt
/Users/rl-14/Desktop/Celine-Thesis/all-data-reordered/all/Sugilanon: Tagay sa pinulongang Sugbuanon.txt
/Users/rl-14/Desktop/Celine-Thesis/all-data-reordered/all/Sugilanon: Tagbuanan.txt
/Users/rl-14/Desktop/Celine-Thesis/all-data-reordered/all/Sugilanon: Tahas sa Ginuo.txt
/Users/rl-14/Desktop/Celine-Thesis/all-data-reordered/all/Sugilanon: Takyap sa damgo.txt
/Users/rl-14/Desktop/Celine-Thesis/all-data-reordered/all/Sugilanon: Talagsaong estudyante.txt
/Users/rl-14/Desktop/Celine-Thesis/all-data-reordered/all/Sugilanon: Talagsaong pasko.txt
/Users/rl-14/Desktop/Celine-Thesis/all-data-reordered/all/Sugilanon: Talagsaong sinugatan.txt
/Users/rl-14/Desktop/Celine-Thesis/all-data-reordered/all/Sugilanon: Talagsaong swerte.txt
/Users/rl-14/Desktop/Celine-Thesis/all-data-reordered/all/Sugilanon: Taluktok sa bungtod.txt
/Users/rl-14/Desktop/Celine-Thesis/all-data-reordered/all/Sugilanon: Tambal ni Nanay.txt
/Users/rl-14/Desktop/Celine-Thesis/all-data-reordered/all/Sugilanon: Tambok nga way sakit.txt
/Users/rl-14/Desktop/Celine-Thesis/all-data-reordered/all/Sugilanon: Tampi.txt
/Users/rl-14/Desktop/Celine-Thesis/all-data-reordered/all/Sugilanon: Taob.txt
/Users/rl-14/Desktop/Celine-Thesis/all-data-reordered/all/Sugilanon: Tawag sa katungdanan.txt
/Users/rl-14/Desktop/Celine-Thesis/all-data-reordered/all/Sugilanon: Tawong way ginuo.txt
/Users/rl-14/Desktop/Celine-Thesis/all-data-reordered/all/Sugilanon: Taym sa, Madam Martinez.txt
/Users/rl-14/Desktop/Celine-Thesis/all-data-reordered/all/Sugilanon: Taytayan ang kapakyasan.txt
/Users/rl-14/Desktop/Celine-Thesis/all-data-reordered/all/Sugilanon: Taytayan sa kalipay.txt
/Users/rl-14/Desktop/Celine-Thesis/all-data-reordered/all/Sugilanon: Tentasyon.txt
/Users/rl-14/Desktop/Celine-Thesis/all-data-reordered/all/Sugilanon: Tiaw sa gugma.txt
/Users/rl-14/Desktop/Celine-Thesis/all-data-reordered/all/Sugilanon: Tiaw sa lotto.txt
/Users/rl-14/Desktop/Celine-Thesis/all-data-reordered/all/Sugilanon: Tigpatanto sa kamatayon.txt
/Users/rl-14/Desktop/Celine-Thesis/all-data-reordered/all/Sugilanon: Tikas.txt
/Users/rl-14/Desktop/Celine-Thesis/all-data-reordered/all/Sugilanon: Timailhan sa unang ulan.txt
/Users/rl-14/Desktop/Celine-Thesis/all-data-reordered/all/Sugilanon: Tinaguan.txt
/Users/rl-14/Desktop/Celine-Thesis/all-data-reordered/all/Sugilanon: Tingog sa diyos.txt
/Users/rl-14/Desktop/Celine-Thesis/all-data-reordered/all/Sugilanon: Tinuod nga kinabuhi.txt
/Users/rl-14/Desktop/Celine-Thesis/all-data-reordered/all/Sugilanon: Trahedya sa karaang atabay.txt
/Users/rl-14/Desktop/Celine-Thesis/all-data-reordered/all/Sugilanon: Trahedya sa lasang.txt
/Users/rl-14/Desktop/Celine-Thesis/all-data-reordered/all/Sugilanon: Tubig ra.txt
/Users/rl-14/Desktop/Celine-Thesis/all-data-reordered/all/Sugilanon: Tubig sa hulaw.txt
/Users/rl-14/Desktop/Celine-Thesis/all-data-reordered/all/Sugilanon: Tudlo ni Judas.txt
/Users/rl-14/Desktop/Celine-Thesis/all-data-reordered/all/Sugilanon: Tugon.txt
/Users/rl-14/Desktop/Celine-Thesis/all-data-reordered/all/Sugilanon: Tuktok luthang.txt
/Users/rl-14/Desktop/Celine-Thesis/all-data-reordered/all/Sugilanon: Tuli.txt
/Users/rl-14/Desktop/Celine-Thesis/all-data-reordered/all/Sugilanon: Tulo ka langgam.txt
/Users/rl-14/Desktop/Celine-Thesis/all-data-reordered/all/Sugilanon: Tulo ka libakera.txt
/Users/rl-14/Desktop/Celine-Thesis/all-data-reordered/all/Sugilanon: Tulo ka rosas.txt
/Users/rl-14/Desktop/Celine-Thesis/all-data-reordered/all/Sugilanon: Tulog na, palit ta ugma.txt
/Users/rl-14/Desktop/Celine-Thesis/all-data-reordered/all/Sugilanon: Tunglo.txt
/Users/rl-14/Desktop/Celine-Thesis/all-data-reordered/all/Sugilanon: Tunob sa kagahapon.txt
/Users/rl-14/Desktop/Celine-Thesis/all-data-reordered/all/Sugilanon: Tupi.txt
/Users/rl-14/Desktop/Celine-Thesis/all-data-reordered/all/Sugilanon: Turned off.txt
/Users/rl-14/Desktop/Celine-Thesis/all-data-reordered/all/Sugilanon: Ubos sa super moon.txt
/Users/rl-14/Desktop/Celine-Thesis/all-data-reordered/all/Sugilanon: Udtong tutok.txt
/Users/rl-14/Desktop/Celine-Thesis/all-data-reordered/all/Sugilanon: UFO sa kurbada.txt
/Users/rl-14/Desktop/Celine-Thesis/all-data-reordered/all/Sugilanon: Ug misayaw ang krusipiho (Tinuod nga hitabo).txt
/Users/rl-14/Desktop/Celine-Thesis/all-data-reordered/all/Sugilanon: Ukay-ukay nga mekaniko.txt
/Users/rl-14/Desktop/Celine-Thesis/all-data-reordered/all/Sugilanon: Ulahi na .txt
/Users/rl-14/Desktop/Celine-Thesis/all-data-reordered/all/Sugilanon: Ulan sa kasingkasing.txt
/Users/rl-14/Desktop/Celine-Thesis/all-data-reordered/all/Sugilanon: Ulan.txt
/Users/rl-14/Desktop/Celine-Thesis/all-data-reordered/all/Sugilanon: Ulipon sa musika.txt
/Users/rl-14/Desktop/Celine-Thesis/all-data-reordered/all/Sugilanon: Ulipon sa pagbasol.txt
/Users/rl-14/Desktop/Celine-Thesis/all-data-reordered/all/Sugilanon: Ulo ni Manoy Roldan.txt
/Users/rl-14/Desktop/Celine-Thesis/all-data-reordered/all/Sugilanon: Unahan.txt
/Users/rl-14/Desktop/Celine-Thesis/all-data-reordered/all/Sugilanon: Unang ulan sa Mayo.txt
/Users/rl-14/Desktop/Celine-Thesis/all-data-reordered/all/Sugilanon: Urakan.txt
/Users/rl-14/Desktop/Celine-Thesis/all-data-reordered/all/Sugilanon: Usa ka gabii.txt
/Users/rl-14/Desktop/Celine-Thesis/all-data-reordered/all/Sugilanon: Utlanan.txt
/Users/rl-14/Desktop/Celine-Thesis/all-data-reordered/all/Sugilanon: Utokan si Tisoy.txt
/Users/rl-14/Desktop/Celine-Thesis/all-data-reordered/all/Sugilanon: Valentina nga gi-reserba.txt
/Users/rl-14/Desktop/Celine-Thesis/all-data-reordered/all/Sugilanon: Wa nay amigo.txt
/Users/rl-14/Desktop/Celine-Thesis/all-data-reordered/all/Sugilanon: Wala mausab ang bungtod.txt
/Users/rl-14/Desktop/Celine-Thesis/all-data-reordered/all/Sugilanon: Wala moangkon.txt
/Users/rl-14/Desktop/Celine-Thesis/all-data-reordered/all/Sugilanon: Walay tsunami.txt
/Users/rl-14/Desktop/Celine-Thesis/all-data-reordered/all/Sugilanon: Walhon.txt
/Users/rl-14/Desktop/Celine-Thesis/all-data-reordered/all/Sugilanon: Wanang.txt
/Users/rl-14/Desktop/Celine-Thesis/all-data-reordered/all/Sugilanon: Wanted: Druglord Alive!.txt
/Users/rl-14/Desktop/Celine-Thesis/all-data-reordered/all/Sugilanon: Way bugti nga kaayo.txt
/Users/rl-14/Desktop/Celine-Thesis/all-data-reordered/all/Sugilanon: Way kamatayon.txt
/Users/rl-14/Desktop/Celine-Thesis/all-data-reordered/all/Sugilanon: Way katam-is ang pagpaubos.txt
/Users/rl-14/Desktop/Celine-Thesis/all-data-reordered/all/Sugilanon: Way katapusan.txt
/Users/rl-14/Desktop/Celine-Thesis/all-data-reordered/all/Sugilanon: Way sukod nga kalipay.txt
/Users/rl-14/Desktop/Celine-Thesis/all-data-reordered/all/Sugilanon: Western Moon.txt
/Users/rl-14/Desktop/Celine-Thesis/all-data-reordered/all/Sugilanon: Yabag nga tingog sa bata.txt
/Users/rl-14/Desktop/Celine-Thesis/all-data-reordered/all/Sugilanon: Yawe sa kalampusan.txt
/Users/rl-14/Desktop/Celine-Thesis/all-data-reordered/all/Sugilanon: Yinukboan sa Pasko.txt
/Users/rl-14/Desktop/Celine-Thesis/all-data-reordered/all/Sugilanon: You change my life.txt
/Users/rl-14/Desktop/Celine-Thesis/all-data-reordered/all/Sugilanon: Yugto sa kinabuhi.txt
/Users/rl-14/Desktop/Celine-Thesis/all-data-reordered/all/Sugilanon: Zumbagay.txt
/Users/rl-14/Desktop/Celine-Thesis/all-data-reordered/all/Sugilanon: ‘Ander de bunal’.txt
/Users/rl-14/Desktop/Celine-Thesis/all-data-reordered/all/Sugilanon: ‘Dead man tell no tales’.txt
/Users/rl-14/Desktop/Celine-Thesis/all-data-reordered/all/Sugilanon: ‘God is good’.txt
/Users/rl-14/Desktop/Celine-Thesis/all-data-reordered/all/Sugilanon: ‘I love you’.txt
/Users/rl-14/Desktop/Celine-Thesis/all-data-reordered/all/Sugilanon: ‘Literary icon’.txt
/Users/rl-14/Desktop/Celine-Thesis/all-data-reordered/all/Sugilanon: ‘Police comedy’.txt
/Users/rl-14/Desktop/Celine-Thesis/all-data-reordered/all/Sugilanon: ‘Rape plan’.txt
/Users/rl-14/Desktop/Celine-Thesis/all-data-reordered/all/Sugilanon: ‘Remember the poor’.txt
/Users/rl-14/Desktop/Celine-Thesis/all-data-reordered/all/Sugilanon: ‘Second chance’.txt
/Users/rl-14/Desktop/Celine-Thesis/all-data-reordered/all/Sugilanon: ‘Serendipity’ sa pagbati.txt
/Users/rl-14/Desktop/Celine-Thesis/all-data-reordered/all/Sugilanon: ‘Untouchable’.txt
/Users/rl-14/Desktop/Celine-Thesis/all-data-reordered/all/Sugilanon: “Antimortem”.txt
/Users/rl-14/Desktop/Celine-Thesis/all-data-reordered/all/Sugmat.txt
/Users/rl-14/Desktop/Celine-Thesis/all-data-reordered/all/SuGod rehab program sa Cebu gidayeg ni Pope Francis.txt
/Users/rl-14/Desktop/Celine-Thesis/all-data-reordered/all/Sugod sa dinastiya.txt
/Users/rl-14/Desktop/Celine-Thesis/all-data-reordered/all/Sugyot pagkuha og dugang pulis nakalusot 1st reading sa Konseho.txt
/Users/rl-14/Desktop/Celine-Thesis/all-data-reordered/all/Sugyot: monorail line sa SRP-M'dAue.txt
/Users/rl-14/Desktop/Celine-Thesis/all-data-reordered/all/Suholan sa titser gihisgutan atol sa World Teachers’ Day .txt
/Users/rl-14/Desktop/Celine-Thesis/all-data-reordered/all/sui generis.txt
/Users/rl-14/Desktop/Celine-Thesis/all-data-reordered/all/Sulayan ang asido sa Indahag NHS .txt
/Users/rl-14/Desktop/Celine-Thesis/all-data-reordered/all/Suliran gihapon ang trapik sa Lapu.txt
/Users/rl-14/Desktop/Celine-Thesis/all-data-reordered/all/Sultan andam na batok sa iyang idolo Casimero.txt
/Users/rl-14/Desktop/Celine-Thesis/all-data-reordered/all/Sultan determinado; hugot nangandam .txt
/Users/rl-14/Desktop/Celine-Thesis/all-data-reordered/all/Sultan di pa andam batok ni Ancajas .txt
/Users/rl-14/Desktop/Celine-Thesis/all-data-reordered/all/Sultan surpresa nga midaog sa S. Africa.txt
/Users/rl-14/Desktop/Celine-Thesis/all-data-reordered/all/Sulti ni Duterte nasaypan sa pagsabot: Tumulak.txt
/Users/rl-14/Desktop/Celine-Thesis/all-data-reordered/all/Sulting Dayan, Kerwin nagkasumpaki.txt
/Users/rl-14/Desktop/Celine-Thesis/all-data-reordered/all/Sulundon.txt
/Users/rl-14/Desktop/Celine-Thesis/all-data-reordered/all/Sumbagay na sa mall.txt
/Users/rl-14/Desktop/Celine-Thesis/all-data-reordered/all/Sumbagay na.txt
/Users/rl-14/Desktop/Celine-Thesis/all-data-reordered/all/Sumbagay sa Bacolod.txt
/Users/rl-14/Desktop/Celine-Thesis/all-data-reordered/all/Sumbagay sa Vegas.txt
/Users/rl-14/Desktop/Celine-Thesis/all-data-reordered/all/Summer sports motapos, Mayo 31.txt
/Users/rl-14/Desktop/Celine-Thesis/all-data-reordered/all/Sumo Brand nasungkit unang daug.txt
/Users/rl-14/Desktop/Celine-Thesis/all-data-reordered/all/Sun Savings mitala og 41% growth rate, total assets miabot og P1.23 B.txt
/Users/rl-14/Desktop/Celine-Thesis/all-data-reordered/all/Sun.Star cheerdance gilusad.txt
/Users/rl-14/Desktop/Celine-Thesis/all-data-reordered/all/Sunda ang mando sa balaud: Fortuna.txt
/Users/rl-14/Desktop/Celine-Thesis/all-data-reordered/all/Sundalo gilubnga'g bala sa ulo, patay.txt
/Users/rl-14/Desktop/Celine-Thesis/all-data-reordered/all/Sundalo nabanggaan og ambulansya, patay.txt
/Users/rl-14/Desktop/Celine-Thesis/all-data-reordered/all/Sundalo nga misuway pagpanglugos labihan ang pagbasol.txt
/Users/rl-14/Desktop/Celine-Thesis/all-data-reordered/all/Sundalo samdan sa engkwentro batok NPA.txt
/Users/rl-14/Desktop/Celine-Thesis/all-data-reordered/all/Sundalo,samaron sa engkuwentro sa Bukidnon.txt
/Users/rl-14/Desktop/Celine-Thesis/all-data-reordered/all/Sundawo nasamdan .txt
/Users/rl-14/Desktop/Celine-Thesis/all-data-reordered/all/Sunod nga boxing match matigayon sa Malaysia sa June 24- Ex-boxing champion Manny Pacquiao.txt
/Users/rl-14/Desktop/Celine-Thesis/all-data-reordered/all/Sunod-sunod nga sunog,natala sa MisOr-CdeO.txt
/Users/rl-14/Desktop/Celine-Thesis/all-data-reordered/all/Sunodsunod nga mga derby sugdan.txt
/Users/rl-14/Desktop/Celine-Thesis/all-data-reordered/all/Sunodsunod patay tungod sa druga.txt
/Users/rl-14/Desktop/Celine-Thesis/all-data-reordered/all/Sunog miigo nunot sa `tingi-tingi’ nga gas.txt
/Users/rl-14/Desktop/Celine-Thesis/all-data-reordered/all/Sunog miigo sa sityo Beltran sa Barangay Quiot, Cebu City.txt
/Users/rl-14/Desktop/Celine-Thesis/all-data-reordered/all/Sunog mitumaw sa Brgy. Pasil Cebu City, danyos gibana-bana nga 3 milyones ka pesos.txt
/Users/rl-14/Desktop/Celine-Thesis/all-data-reordered/all/Sunog miulbo atol sa fire prevention month sa CdeO.txt
/Users/rl-14/Desktop/Celine-Thesis/all-data-reordered/all/Sunog sa brgy. Apas nagbilin ug dul-an tunga sa milyon nga danyos.txt
/Users/rl-14/Desktop/Celine-Thesis/all-data-reordered/all/Sunog sa Calinan ning syudad mitala ug halos tunga sa milyon ka pesos nga damyos.txt
/Users/rl-14/Desktop/Celine-Thesis/all-data-reordered/all/Sunog sa hotel miabot og 12 oras.txt
/Users/rl-14/Desktop/Celine-Thesis/all-data-reordered/all/Sunog sa KaKing kapin P2-M ang damyos .txt
/Users/rl-14/Desktop/Celine-Thesis/all-data-reordered/all/Sunog sa merkado sa Digos gituyo? .txt
/Users/rl-14/Desktop/Celine-Thesis/all-data-reordered/all/Sunog sa Metro Ayala Department Store under control na.txt
/Users/rl-14/Desktop/Celine-Thesis/all-data-reordered/all/Sunog sa Metro Ayala muabot na sa sobra 9 ka oras.txt
/Users/rl-14/Desktop/Celine-Thesis/all-data-reordered/all/Sunog sa Metro Ayala.txt
/Users/rl-14/Desktop/Celine-Thesis/all-data-reordered/all/Suns gipasawop sa Lakers.txt
/Users/rl-14/Desktop/Celine-Thesis/all-data-reordered/all/Sunshine beastmode na sab, email gi-hack.txt
/Users/rl-14/Desktop/Celine-Thesis/all-data-reordered/all/Sunshine Dizon nagpaseksi?.txt
/Users/rl-14/Desktop/Celine-Thesis/all-data-reordered/all/Sunshine gihagit ang kerida sa bana nga mopatim-aw.txt
/Users/rl-14/Desktop/Celine-Thesis/all-data-reordered/all/Sunshine malipayon ni Macky.txt
/Users/rl-14/Desktop/Celine-Thesis/all-data-reordered/all/Sunshine milimod nga KSP.txt
/Users/rl-14/Desktop/Celine-Thesis/all-data-reordered/all/Sunshine nabalaka ni Diego.txt
/Users/rl-14/Desktop/Celine-Thesis/all-data-reordered/all/Sunshine naghuwat gihapon ni Mr. Right.txt
/Users/rl-14/Desktop/Celine-Thesis/all-data-reordered/all/Sunshine naka-feel og ‘spark’ kang Macky.txt
/Users/rl-14/Desktop/Celine-Thesis/all-data-reordered/all/Sunshine nakauyab na!.txt
/Users/rl-14/Desktop/Celine-Thesis/all-data-reordered/all/Sunshine palaban, annullment dili ihatag sa bana.txt
/Users/rl-14/Desktop/Celine-Thesis/all-data-reordered/all/Sunshine proud mom.txt
/Users/rl-14/Desktop/Celine-Thesis/all-data-reordered/all/Sunshine ug Timothy wala nagbalik.txt
/Users/rl-14/Desktop/Celine-Thesis/all-data-reordered/all/Sunsport Camp mosugod, Apr. 2.txt
/Users/rl-14/Desktop/Celine-Thesis/all-data-reordered/all/Sunsport Camp sa duha ka venue.txt
/Users/rl-14/Desktop/Celine-Thesis/all-data-reordered/all/SunStar BB James mikampyon!.txt
/Users/rl-14/Desktop/Celine-Thesis/all-data-reordered/all/SunStar BB James sulod na sa semis.txt
/Users/rl-14/Desktop/Celine-Thesis/all-data-reordered/all/SunStar Cagayan de Oro team mibugsay human sa Liceo U Dragonoids.txt
/Users/rl-14/Desktop/Celine-Thesis/all-data-reordered/all/Sunud-sunod nga operasyon gipahigayon sa PDEA sa SOCCSKSARGEN.txt
/Users/rl-14/Desktop/Celine-Thesis/all-data-reordered/all/Sunud-sunod nga pagpamusil sa GenSan, ginapatutukan sa kapulisan.txt
/Users/rl-14/Desktop/Celine-Thesis/all-data-reordered/all/Supak sa drug free .txt
/Users/rl-14/Desktop/Celine-Thesis/all-data-reordered/all/Super Bilib: 'Di siya bug-at kay akong igsuon'.txt
/Users/rl-14/Desktop/Celine-Thesis/all-data-reordered/all/Super Bilib: Adbokasiya gidala niya sa U.S..txt
/Users/rl-14/Desktop/Celine-Thesis/all-data-reordered/all/Super Bilib: Ampo armas batok sa mga kalisdanan.txt
/Users/rl-14/Desktop/Celine-Thesis/all-data-reordered/all/Super Bilib: Ang 3 ka mga tig-tattoo.txt
/Users/rl-14/Desktop/Celine-Thesis/all-data-reordered/all/Super Bilib: Ang katam-is sa aslom.txt
/Users/rl-14/Desktop/Celine-Thesis/all-data-reordered/all/Super Bilib: Ang mananggot.txt
/Users/rl-14/Desktop/Celine-Thesis/all-data-reordered/all/Super Bilib: Ang sakripisyo ni Mario.txt
/Users/rl-14/Desktop/Celine-Thesis/all-data-reordered/all/Super Bilib: Awto gama sa kahoy.txt
/Users/rl-14/Desktop/Celine-Thesis/all-data-reordered/all/Super Bilib: Baba gamit sa drawing.txt
/Users/rl-14/Desktop/Celine-Thesis/all-data-reordered/all/Super Bilib: Batid na sa kalibutan.txt
/Users/rl-14/Desktop/Celine-Thesis/all-data-reordered/all/Super Bilib: Bisan ka duha nahagbong.txt
/Users/rl-14/Desktop/Celine-Thesis/all-data-reordered/all/Super Bilib: Damgong magnegusyo.txt
/Users/rl-14/Desktop/Celine-Thesis/all-data-reordered/all/Super Bilib: Dihang nahugno ang ‘haligi’.txt
/Users/rl-14/Desktop/Celine-Thesis/all-data-reordered/all/Super Bilib: Drayber na-brodkaster.txt
/Users/rl-14/Desktop/Celine-Thesis/all-data-reordered/all/Super Bilib: Giantos ang pag-helper.txt
/Users/rl-14/Desktop/Celine-Thesis/all-data-reordered/all/Super Bilib: Hagit sa unsay naandan.txt
/Users/rl-14/Desktop/Celine-Thesis/all-data-reordered/all/Super Bilib: Iyang damgo nga magbombero.txt
/Users/rl-14/Desktop/Celine-Thesis/all-data-reordered/all/Super Bilib: Kabataan duol sa iyang dughan.txt
/Users/rl-14/Desktop/Celine-Thesis/all-data-reordered/all/Super Bilib: Kanhi trabahante karon negusyante.txt
/Users/rl-14/Desktop/Celine-Thesis/all-data-reordered/all/Super Bilib: Lahi ang damgo.txt
/Users/rl-14/Desktop/Celine-Thesis/all-data-reordered/all/Super Bilib: Lantip bisan gamay.txt
/Users/rl-14/Desktop/Celine-Thesis/all-data-reordered/all/Super Bilib: Maorag Manny Pacquiao.txt
/Users/rl-14/Desktop/Celine-Thesis/all-data-reordered/all/Super Bilib: Mensahero na-abogado.txt
/Users/rl-14/Desktop/Celine-Thesis/all-data-reordered/all/Super Bilib: Mga anak salamin sa kalampusan.txt
/Users/rl-14/Desktop/Celine-Thesis/all-data-reordered/all/Super Bilib: Mga huni ni Tay Pabling.txt
/Users/rl-14/Desktop/Celine-Thesis/all-data-reordered/all/Super Bilib: Milagro nga nabuhi.txt
/Users/rl-14/Desktop/Celine-Thesis/all-data-reordered/all/Super Bilib: Mitahi sa kalampusan.txt
/Users/rl-14/Desktop/Celine-Thesis/all-data-reordered/all/Super Bilib: Nakuptan ang kalampusan .txt
/Users/rl-14/Desktop/Celine-Thesis/all-data-reordered/all/Super Bilib: Nganong nangisog siya og hangyo sa mayor.txt
/Users/rl-14/Desktop/Celine-Thesis/all-data-reordered/all/Super Bilib: Pagtabang ang misyon.txt
/Users/rl-14/Desktop/Celine-Thesis/all-data-reordered/all/Super Bilib: Pakigbisog sa binabaye.txt
/Users/rl-14/Desktop/Celine-Thesis/all-data-reordered/all/Super Bilib: Sa pamanday naharuhay.txt
/Users/rl-14/Desktop/Celine-Thesis/all-data-reordered/all/Super Bilib: Sa pangarga gikan ang kalampusan.txt
/Users/rl-14/Desktop/Celine-Thesis/all-data-reordered/all/Super Bilib: Sa siomai sila miasenso.txt
/Users/rl-14/Desktop/Celine-Thesis/all-data-reordered/all/Super Bilib: Shine boy nga migilaw.txt
/Users/rl-14/Desktop/Celine-Thesis/all-data-reordered/all/Super Bilib: Single mother ‘mihari’.txt
/Users/rl-14/Desktop/Celine-Thesis/all-data-reordered/all/Super Bilib: Sud-an mao ang ilang gisandigan.txt
/Users/rl-14/Desktop/Celine-Thesis/all-data-reordered/all/Super Bilib: Tag-iya na og tunghaan.txt
/Users/rl-14/Desktop/Celine-Thesis/all-data-reordered/all/Super Bilib: Top sukad sa elementary.txt
/Users/rl-14/Desktop/Celine-Thesis/all-data-reordered/all/Super Bilib: Way edad ang kalampusan.txt
/Users/rl-14/Desktop/Celine-Thesis/all-data-reordered/all/Super Blowout: 'Wonder Woman' si Kap.txt
/Users/rl-14/Desktop/Celine-Thesis/all-data-reordered/all/Super Blowout: 'Z'-elebrasyon .txt
/Users/rl-14/Desktop/Celine-Thesis/all-data-reordered/all/Super Blowout: 775 ka mga Liloanon mi-graduate sa ALS.txt
/Users/rl-14/Desktop/Celine-Thesis/all-data-reordered/all/Super Blowout: Gasa sa gugma.txt
/Users/rl-14/Desktop/Celine-Thesis/all-data-reordered/all/Super Blowout: Gasa sa kahitas-an.txt
/Users/rl-14/Desktop/Celine-Thesis/all-data-reordered/all/Super Blowout: Gidawat atubangan sa Diyos.txt
/Users/rl-14/Desktop/Celine-Thesis/all-data-reordered/all/Super Blowout: Gikan Italya paingon Pinas.txt
/Users/rl-14/Desktop/Celine-Thesis/all-data-reordered/all/Super Blowout: Gipaagi og balak.txt
/Users/rl-14/Desktop/Celine-Thesis/all-data-reordered/all/Super Blowout: Gipaagi sa kuha, hatod.txt
/Users/rl-14/Desktop/Celine-Thesis/all-data-reordered/all/Super Blowout: Gipukaw og surprisa .txt
/Users/rl-14/Desktop/Celine-Thesis/all-data-reordered/all/Super Blowout: Gisugot dihang nagkita.txt
/Users/rl-14/Desktop/Celine-Thesis/all-data-reordered/all/Super Blowout: Gold gasa sa birthday .txt
/Users/rl-14/Desktop/Celine-Thesis/all-data-reordered/all/Super Blowout: Grasya gikan sa tubig.txt
/Users/rl-14/Desktop/Celine-Thesis/all-data-reordered/all/Super Blowout: Gugma nga bunga sa sungogsungog .txt
/Users/rl-14/Desktop/Celine-Thesis/all-data-reordered/all/Super Blowout: Happy birthday katulo!.txt
/Users/rl-14/Desktop/Celine-Thesis/all-data-reordered/all/Super Blowout: Hudyaka sa Juniors.txt
/Users/rl-14/Desktop/Celine-Thesis/all-data-reordered/all/Super Blowout: Kalamboan sa parokya ang gipangandoy.txt
/Users/rl-14/Desktop/Celine-Thesis/all-data-reordered/all/Super Blowout: Kalipay nabati bugti sa kasakit.txt
/Users/rl-14/Desktop/Celine-Thesis/all-data-reordered/all/Super Blowout: Kaluhang kasaulogan.txt
/Users/rl-14/Desktop/Celine-Thesis/all-data-reordered/all/Super Blowout: Kharra 18 na!.txt
/Users/rl-14/Desktop/Celine-Thesis/all-data-reordered/all/Super Blowout: Luha sa kalampusan.txt
/Users/rl-14/Desktop/Celine-Thesis/all-data-reordered/all/Super Blowout: Mipaambit og grasya sa iyang birthday.txt
/Users/rl-14/Desktop/Celine-Thesis/all-data-reordered/all/Super Blowout: Misugot kay humot .txt
/Users/rl-14/Desktop/Celine-Thesis/all-data-reordered/all/Super Blowout: Nag-birthday uban sa mga libud-suroy.txt
/Users/rl-14/Desktop/Celine-Thesis/all-data-reordered/all/Super Blowout: Nakalukso sa kalipay.txt
/Users/rl-14/Desktop/Celine-Thesis/all-data-reordered/all/Super Blowout: Pagpasa sa yawe.txt
/Users/rl-14/Desktop/Celine-Thesis/all-data-reordered/all/Super Blowout: Prinsesa sa debut .txt
/Users/rl-14/Desktop/Celine-Thesis/all-data-reordered/all/Super Blowout: Relihiyon di babag sa gugma.txt
/Users/rl-14/Desktop/Celine-Thesis/all-data-reordered/all/Super Blowout: Si Bestfriend ang gikadayon.txt
/Users/rl-14/Desktop/Celine-Thesis/all-data-reordered/all/Super Blowout: Special b-day sa Disneyland.txt
/Users/rl-14/Desktop/Celine-Thesis/all-data-reordered/all/Super Blowout: Wa damha nga gugma.txt
/Users/rl-14/Desktop/Celine-Thesis/all-data-reordered/all/Super Blowout: Welcome, Baby Zia!.txt
/Users/rl-14/Desktop/Celine-Thesis/all-data-reordered/all/Super Blowout: Yes, I do: soulmate.txt
/Users/rl-14/Desktop/Celine-Thesis/all-data-reordered/all/Super Blowout: ‘Yawe’ sa pamilya.txt
/Users/rl-14/Desktop/Celine-Thesis/all-data-reordered/all/Super Blue Blood Moon pakyas nga masaksihan sa mga Dabawenyo.txt
/Users/rl-14/Desktop/Celine-Thesis/all-data-reordered/all/Super Board: 2017 Children’s month gisaulog.txt
/Users/rl-14/Desktop/Celine-Thesis/all-data-reordered/all/Super Board: Save On Surplus miabli sa Tacloban.txt
/Users/rl-14/Desktop/Celine-Thesis/all-data-reordered/all/Super idol: Ang 'anting-anting' ni Bata.txt
/Users/rl-14/Desktop/Celine-Thesis/all-data-reordered/all/Super idol: Ang kabagsik likod sa kaanyag.txt
/Users/rl-14/Desktop/Celine-Thesis/all-data-reordered/all/Super Idol: Ang moantos, ma-santos.txt
/Users/rl-14/Desktop/Celine-Thesis/all-data-reordered/all/Super Idol: Ang paglangoy sa wala'y tiil.txt
/Users/rl-14/Desktop/Celine-Thesis/all-data-reordered/all/Super Idol: Biktima sa bulllying.txt
/Users/rl-14/Desktop/Celine-Thesis/all-data-reordered/all/Super Idol: Bisaya mihimo’g pangalan sa UK.txt
/Users/rl-14/Desktop/Celine-Thesis/all-data-reordered/all/Super Idol: ChatBals: From US with love.txt
/Users/rl-14/Desktop/Celine-Thesis/all-data-reordered/all/Super Idol: Dagan sa kinabuhi.txt
/Users/rl-14/Desktop/Celine-Thesis/all-data-reordered/all/Super Idol: Depensa saKaugalingon.txt
/Users/rl-14/Desktop/Celine-Thesis/all-data-reordered/all/Super Idol: Langoy alang sa kaugmaon.txt
/Users/rl-14/Desktop/Celine-Thesis/all-data-reordered/all/Super Idol: Nahagit si Tenyente.txt
/Users/rl-14/Desktop/Celine-Thesis/all-data-reordered/all/Super idol: Nakamarka na og pangalan.txt
/Users/rl-14/Desktop/Celine-Thesis/all-data-reordered/all/Super idol: Pacquiao idolo ni Magnifico.txt
/Users/rl-14/Desktop/Celine-Thesis/all-data-reordered/all/Super Idol: Romeo Bisaya diay’ng dako.txt
/Users/rl-14/Desktop/Celine-Thesis/all-data-reordered/all/Super Kilig: Ang 12 ka `golden rules’ sa malipayon ug malungtarong kaminyuon.txt
/Users/rl-14/Desktop/Celine-Thesis/all-data-reordered/all/Super Kilig: Dihang ang langit mihawok sa yuta.txt
/Users/rl-14/Desktop/Celine-Thesis/all-data-reordered/all/Super Kilig: Giunsa nimo pag move on sa sakit nga relasyon?.txt
/Users/rl-14/Desktop/Celine-Thesis/all-data-reordered/all/Super Kilig: Unsa ka mahinungdanon ang komunikasyon sa relasyon.txt
/Users/rl-14/Desktop/Celine-Thesis/all-data-reordered/all/Super Kilig: Unsay gipangita sa mga babaye?.txt
/Users/rl-14/Desktop/Celine-Thesis/all-data-reordered/all/Super Laag! Bisita na sa Mt. Capistrano ug Nasuli Spring resort.txt
/Users/rl-14/Desktop/Celine-Thesis/all-data-reordered/all/Super Laag: Lake Apo sa Bukidnon.txt
/Users/rl-14/Desktop/Celine-Thesis/all-data-reordered/all/Super Laag: Pabugnaw ta sa Blueview Resort  .txt
/Users/rl-14/Desktop/Celine-Thesis/all-data-reordered/all/Super Laag: Thrilling adventure sa Kampo Juan.txt
/Users/rl-14/Desktop/Celine-Thesis/all-data-reordered/all/Super Laag: White Island Camiguin.txt
/Users/rl-14/Desktop/Celine-Thesis/all-data-reordered/all/Super Lami: Nag-inusarang ramen house sa Japan nia sa Sugbo.txt
/Users/rl-14/Desktop/Celine-Thesis/all-data-reordered/all/Super Lami: Unsay naa sa The Village.txt
/Users/rl-14/Desktop/Celine-Thesis/all-data-reordered/all/Super Love Story: Nabuta sa gugma.txt
/Users/rl-14/Desktop/Celine-Thesis/all-data-reordered/all/Super Love Story: Nasakitan sa gugma.txt
/Users/rl-14/Desktop/Celine-Thesis/all-data-reordered/all/Super Love Story: Sentro sa simbahan ang paghinigugmaay.txt
/Users/rl-14/Desktop/Celine-Thesis/all-data-reordered/all/Super Pista: Liloan nagtuyok sa rosquillos.txt
/Users/rl-14/Desktop/Celine-Thesis/all-data-reordered/all/Super Pista: Malampuson ang unang ‘Bantawan Festival’.txt
/Users/rl-14/Desktop/Celine-Thesis/all-data-reordered/all/Super Pista: Mangga Festival sa Kalunasan .txt
/Users/rl-14/Desktop/Celine-Thesis/all-data-reordered/all/Super Pista: Uwan wa makapugong sa 3rd Siomai Festival.txt
/Users/rl-14/Desktop/Celine-Thesis/all-data-reordered/all/Super Special: Ang Portuna ni Fortunato Pilit.txt
/Users/rl-14/Desktop/Celine-Thesis/all-data-reordered/all/Super Special: Gidili una ang pagpamutol sa Lubi.txt
/Users/rl-14/Desktop/Celine-Thesis/all-data-reordered/all/Super Spurs naporma.txt
/Users/rl-14/Desktop/Celine-Thesis/all-data-reordered/all/Super Suroy: 'Miracle Art' nga makalingaw.txt
/Users/rl-14/Desktop/Celine-Thesis/all-data-reordered/all/Super Suroy: 10,000 roses nga halad sa gugma.txt
/Users/rl-14/Desktop/Celine-Thesis/all-data-reordered/all/Super Suroy: 3 ka garbo sa Hindang.txt
/Users/rl-14/Desktop/Celine-Thesis/all-data-reordered/all/Super Suroy: 7 ka simbahan alang sa bisita Iglesia.txt
/Users/rl-14/Desktop/Celine-Thesis/all-data-reordered/all/Super Suroy: Alibangbang, anunugba sa dakbayan.txt
/Users/rl-14/Desktop/Celine-Thesis/all-data-reordered/all/Super Suroy: Ang atraksyon sa Luyang.txt
/Users/rl-14/Desktop/Celine-Thesis/all-data-reordered/all/Super Suroy: Ang balay sa 'good energy' Hale Manna.txt
/Users/rl-14/Desktop/Celine-Thesis/all-data-reordered/all/Super Suroy: Ang Ili sa Boljoon.txt
/Users/rl-14/Desktop/Celine-Thesis/all-data-reordered/all/Super Suroy: Ang Kawasan Falls sa San Fernando.txt
/Users/rl-14/Desktop/Celine-Thesis/all-data-reordered/all/Super Suroy: Ang Langob sa Dumanjug.txt
/Users/rl-14/Desktop/Celine-Thesis/all-data-reordered/all/Super Suroy: Ang tinaguang kaanyag sa Coron.txt
/Users/rl-14/Desktop/Celine-Thesis/all-data-reordered/all/Super Suroy: Cherry Blossom sa Sibonga.txt
/Users/rl-14/Desktop/Celine-Thesis/all-data-reordered/all/Super Suroy: Eukaristiya-Garden of Thanksgiving.txt
/Users/rl-14/Desktop/Celine-Thesis/all-data-reordered/all/Super Suroy: Gahuwat nimo ang Lusno Falls!.txt
/Users/rl-14/Desktop/Celine-Thesis/all-data-reordered/all/Super Suroy: Gikalingawan nga duyan sa San Fernando.txt
/Users/rl-14/Desktop/Celine-Thesis/all-data-reordered/all/Super Suroy: Gusto kang mawala ang problema sa SyBreeze na!.txt
/Users/rl-14/Desktop/Celine-Thesis/all-data-reordered/all/Super Suroy: Happy Mong, labing dako nga indoor park sa Cebu.txt
/Users/rl-14/Desktop/Celine-Thesis/all-data-reordered/all/Super Suroy: Heritage church anaa sa Miagao .txt
/Users/rl-14/Desktop/Celine-Thesis/all-data-reordered/all/Super Suroy: Hilom, malinawon nga Pangeas Beach Resort.txt
/Users/rl-14/Desktop/Celine-Thesis/all-data-reordered/all/Super Suroy: Kaba-Kaba, mangga sa Tubigon, Bohol.txt
/Users/rl-14/Desktop/Celine-Thesis/all-data-reordered/all/Super Suroy: Kalaagan nga anaa ra sa dakbayan .txt
/Users/rl-14/Desktop/Celine-Thesis/all-data-reordered/all/Super Suroy: Kamaisan, kalubihan nahimong mountain resort.txt
/Users/rl-14/Desktop/Celine-Thesis/all-data-reordered/all/Super Suroy: Kamanggahan nahimong atraksyon.txt
/Users/rl-14/Desktop/Celine-Thesis/all-data-reordered/all/Super Suroy: Katahom sa Kandungaw Peak.txt
/Users/rl-14/Desktop/Celine-Thesis/all-data-reordered/all/Super Suroy: Kinadak-ang food court sa Sugbo.txt
/Users/rl-14/Desktop/Celine-Thesis/all-data-reordered/all/Super Suroy: Labing unang Indoor Trampoliner Park.txt
/Users/rl-14/Desktop/Celine-Thesis/all-data-reordered/all/Super Suroy: Longboarding sa San Fernando.txt
/Users/rl-14/Desktop/Celine-Thesis/all-data-reordered/all/Super Suroy: Lunangan kaniadto, resort na karon.txt
/Users/rl-14/Desktop/Celine-Thesis/all-data-reordered/all/Super Suroy: Maanindot ang Ibabaw Resort.txt
/Users/rl-14/Desktop/Celine-Thesis/all-data-reordered/all/Super Suroy: Mag-camping ta sa Ablayan Peak .txt
/Users/rl-14/Desktop/Celine-Thesis/all-data-reordered/all/Super Suroy: Maglingaw ta sa San Remigio Beach Club.txt
/Users/rl-14/Desktop/Celine-Thesis/all-data-reordered/all/Super Suroy: Magpabugnaw, malingaw sa Lake Danao.txt
/Users/rl-14/Desktop/Celine-Thesis/all-data-reordered/all/Super Suroy: Makadani ang Bluewater Sumilon Island Resort.txt
/Users/rl-14/Desktop/Celine-Thesis/all-data-reordered/all/Super Suroy: Makalingaw ang Big Boom sa Sugbo .txt
/Users/rl-14/Desktop/Celine-Thesis/all-data-reordered/all/Super Suroy: Makasaysayanong kabilin sa gubat.txt
/Users/rl-14/Desktop/Celine-Thesis/all-data-reordered/all/Super Suroy: Mangape, magtuon ta sa public library.txt
/Users/rl-14/Desktop/Celine-Thesis/all-data-reordered/all/Super Suroy: Manglaag ta sa Malapascua.txt
/Users/rl-14/Desktop/Celine-Thesis/all-data-reordered/all/Super Suroy: Matahom nga boardwalk sa Naga.txt
/Users/rl-14/Desktop/Celine-Thesis/all-data-reordered/all/Super Suroy: Maze garden sa Toledo City.txt
/Users/rl-14/Desktop/Celine-Thesis/all-data-reordered/all/Super Suroy: Nagpangamay ang dagat sa Kota Park.txt
/Users/rl-14/Desktop/Celine-Thesis/all-data-reordered/all/Super Suroy: ORP, nature trek destinasyon sa Sugbo.txt
/Users/rl-14/Desktop/Celine-Thesis/all-data-reordered/all/Super Suroy: Rice Terraces nga ipasigarbo sa Sugbo.txt
/Users/rl-14/Desktop/Celine-Thesis/all-data-reordered/all/Super Suroy: Sampaguita Resort, ang ‘green resort’ sa Moalboal.txt
/Users/rl-14/Desktop/Celine-Thesis/all-data-reordered/all/Super Suroy: Sauloga ang Semana Santa sa Tabor Hill.txt
/Users/rl-14/Desktop/Celine-Thesis/all-data-reordered/all/Super Suroy: Sidlak sa adlaw sa Kiltepan Peak sa Sagada.txt
/Users/rl-14/Desktop/Celine-Thesis/all-data-reordered/all/Super Suroy: Swimming pool sa kalampusan.txt
/Users/rl-14/Desktop/Celine-Thesis/all-data-reordered/all/Super Suroy: Tinubdan Falls, kabilin sa Catmon.txt
/Users/rl-14/Desktop/Celine-Thesis/all-data-reordered/all/Super Tips: Hustong paagisa pagkaligo.txt
/Users/rl-14/Desktop/Celine-Thesis/all-data-reordered/all/Super Tips: Unsay buhaton aron pabilin nga puti ang imong ngipon.txt
/Users/rl-14/Desktop/Celine-Thesis/all-data-reordered/all/Super Tsika: Hate gihapon ni Annabelle.txt
/Users/rl-14/Desktop/Celine-Thesis/all-data-reordered/all/Super Uso: Lami, makabusog na mga street food.txt
/Users/rl-14/Desktop/Celine-Thesis/all-data-reordered/all/Super Uso: Pamilya Biseklita.txt
/Users/rl-14/Desktop/Celine-Thesis/all-data-reordered/all/Super Viral: Bilog ug Bunak.txt
/Users/rl-14/Desktop/Celine-Thesis/all-data-reordered/all/Super Viral: Gugma sa amahan.txt
/Users/rl-14/Desktop/Celine-Thesis/all-data-reordered/all/Super Viral: Studyante sa Beslink College.txt
/Users/rl-14/Desktop/Celine-Thesis/all-data-reordered/all/SuperB miani og 5 ka awards sa CAMMA.txt
/Users/rl-14/Desktop/Celine-Thesis/all-data-reordered/all/Superyacht Academy  miabli sa Sugbo.txt
/Users/rl-14/Desktop/Celine-Thesis/all-data-reordered/all/Suplay sa NFA rice hapit na mahurot.txt
/Users/rl-14/Desktop/Celine-Thesis/all-data-reordered/all/Suplay sa shabu sa Davao Region minihit.txt
/Users/rl-14/Desktop/Celine-Thesis/all-data-reordered/all/Suportado ni Dondon.txt
/Users/rl-14/Desktop/Celine-Thesis/all-data-reordered/all/Suporter sa mayor sa Iligan mibabag sa gate.txt
/Users/rl-14/Desktop/Celine-Thesis/all-data-reordered/all/Supply sa MCWD kuwang gihapon.txt
/Users/rl-14/Desktop/Celine-Thesis/all-data-reordered/all/Supply sa nutrition dili angay ikabalaka: NCC 7.txt
/Users/rl-14/Desktop/Celine-Thesis/all-data-reordered/all/Supply sa tubig maputol og 10 ka oras.txt
/Users/rl-14/Desktop/Celine-Thesis/all-data-reordered/all/Supporter ni Duterte mokampanya ugma .txt
/Users/rl-14/Desktop/Celine-Thesis/all-data-reordered/all/Supporter sa Warriors nanigbas.txt
/Users/rl-14/Desktop/Celine-Thesis/all-data-reordered/all/Supporters ni Duterte nagtapok.txt
/Users/rl-14/Desktop/Celine-Thesis/all-data-reordered/all/Surigao City, ipa-ilalom na sa state of calamity karong adlawa.txt
/Users/rl-14/Desktop/Celine-Thesis/all-data-reordered/all/Surigao City-LGU, wala’y kalihukan alang sa unang anibersaryo sa magnitude 6.7 nga linog tungod sa trauma.txt
/Users/rl-14/Desktop/Celine-Thesis/all-data-reordered/all/Surpresa.txt
/Users/rl-14/Desktop/Celine-Thesis/all-data-reordered/all/Surprise drug test sa mga kawani sa Consolacion ipadayon: Mayor.txt
/Users/rl-14/Desktop/Celine-Thesis/all-data-reordered/all/Survivor nagtuo nga mamatay na siya sa dagat.txt
/Users/rl-14/Desktop/Celine-Thesis/all-data-reordered/all/Susan Millan, Cebu’s Acoustic Princess.txt
/Users/rl-14/Desktop/Celine-Thesis/all-data-reordered/all/Suson mibalik sa iyang katungdanan.txt
/Users/rl-14/Desktop/Celine-Thesis/all-data-reordered/all/Suspect sa pagpanglugos sa 11 anyos nga batang babaye gipasakaan na ug kaso.txt
/Users/rl-14/Desktop/Celine-Thesis/all-data-reordered/all/Suspek maoy witness sa kaso ni Sgt. Oberes.txt
/Users/rl-14/Desktop/Celine-Thesis/all-data-reordered/all/Suspek namugos nga sinabotan, dili rape.txt
/Users/rl-14/Desktop/Celine-Thesis/all-data-reordered/all/Suspek nga midagit og motosikol, nahutdan og gasolina, nasikop.txt
/Users/rl-14/Desktop/Celine-Thesis/all-data-reordered/all/Suspek nga napusilan-patay sa kapulisan sa shootout sa Polomolok, gilubong na.txt
/Users/rl-14/Desktop/Celine-Thesis/all-data-reordered/all/Suspek niangkon nga nag-drugs.txt
/Users/rl-14/Desktop/Celine-Thesis/all-data-reordered/all/Suspek pag-ambush sa Bombo CdeO anchor,napatay sa MisOr.txt
/Users/rl-14/Desktop/Celine-Thesis/all-data-reordered/all/Suspek pag-ambush sa Bombo CdeO anchor.txt
/Users/rl-14/Desktop/Celine-Thesis/all-data-reordered/all/Suspek paglugos sa menor,gikasuhan na sa CdeO.txt
/Users/rl-14/Desktop/Celine-Thesis/all-data-reordered/all/Suspek pagpatay sa Macanhan nasikop .txt
/Users/rl-14/Desktop/Celine-Thesis/all-data-reordered/all/Suspek pagpatay sa maestro sikop sa NBI .txt
/Users/rl-14/Desktop/Celine-Thesis/all-data-reordered/all/Suspek pagpatay sikop.txt
/Users/rl-14/Desktop/Celine-Thesis/all-data-reordered/all/Suspek sa budol-budol miangkon nga walay anting-anting .txt
/Users/rl-14/Desktop/Celine-Thesis/all-data-reordered/all/Suspek sa Bukas-kotse gitabanga’g kulata.txt
/Users/rl-14/Desktop/Celine-Thesis/all-data-reordered/all/Suspek sa indiscriminate firing,sikop sa MisOr.txt
/Users/rl-14/Desktop/Celine-Thesis/all-data-reordered/all/Suspek sa kawat himuong saksi.txt
/Users/rl-14/Desktop/Celine-Thesis/all-data-reordered/all/Suspek sa pag-rape sa masuso gisikop.txt
/Users/rl-14/Desktop/Celine-Thesis/all-data-reordered/all/Suspek sa pagpangawat sa botika 15 minutos pa lamang nakagawas sa police station, gipusil-patay.txt
/Users/rl-14/Desktop/Celine-Thesis/all-data-reordered/all/Suspek sa pagpatay mitahan.txt
/Users/rl-14/Desktop/Celine-Thesis/all-data-reordered/all/Suspek sa pagpatay nakasibat sa drug bust.txt
/Users/rl-14/Desktop/Celine-Thesis/all-data-reordered/all/Suspek sa pagpatay ni Nuñez mihimakak.txt
/Users/rl-14/Desktop/Celine-Thesis/all-data-reordered/all/Suspek sa pagpatay ni PO1 Mae Sasing sa Lapu police nasikop.txt
/Users/rl-14/Desktop/Celine-Thesis/all-data-reordered/all/Suspek sa pagpatay ni Rupinta ang mihimakak kay diha ra siya sa balay.txt
/Users/rl-14/Desktop/Celine-Thesis/all-data-reordered/all/Suspek sa pagpatay sa 13 anyos mitahan.txt
/Users/rl-14/Desktop/Celine-Thesis/all-data-reordered/all/Suspek sa pagpatay sa 15 anyos sikop.txt
/Users/rl-14/Desktop/Celine-Thesis/all-data-reordered/all/Suspek sa pagpatay sa RTA may laing ‘tirahon’ .txt
/Users/rl-14/Desktop/Celine-Thesis/all-data-reordered/all/Suspek sa pagtipi sa sikyu sikop.txt
/Users/rl-14/Desktop/Celine-Thesis/all-data-reordered/all/Suspek sa tulis ‘misukol,’ ‘naa-an’ pamilya.txt
/Users/rl-14/Desktop/Celine-Thesis/all-data-reordered/all/Suspek sa Valentine's bombing idemanda .txt
/Users/rl-14/Desktop/Celine-Thesis/all-data-reordered/all/Suspek: 'Manoy' luya na.txt
/Users/rl-14/Desktop/Celine-Thesis/all-data-reordered/all/Suspek: Wala nako gilugos, gihalokan ra .txt
/Users/rl-14/Desktop/Celine-Thesis/all-data-reordered/all/Suspensiyon sa van operator.txt
/Users/rl-14/Desktop/Celine-Thesis/all-data-reordered/all/Suspetsadong Indonesian terrorist giposasan.txt
/Users/rl-14/Desktop/Celine-Thesis/all-data-reordered/all/Suspetsadong NPA nadakpan sa kapulisan.txt
/Users/rl-14/Desktop/Celine-Thesis/all-data-reordered/all/Suta-on ang kilig sa paresan nga Pia ug Gerald .txt
/Users/rl-14/Desktop/Celine-Thesis/all-data-reordered/all/suwat alang sa akong lawas.txt
/Users/rl-14/Desktop/Celine-Thesis/all-data-reordered/all/Suweldo gipasakahan.txt
/Users/rl-14/Desktop/Celine-Thesis/all-data-reordered/all/Sweden sunod atakon ni Shaolin.txt
/Users/rl-14/Desktop/Celine-Thesis/all-data-reordered/all/Swimmer nalumos.txt
/Users/rl-14/Desktop/Celine-Thesis/all-data-reordered/all/Swimsuit ni Solenn daug kaayo!.txt
/Users/rl-14/Desktop/Celine-Thesis/all-data-reordered/all/SWU Phinma Village pormal gilusad .txt
/Users/rl-14/Desktop/Celine-Thesis/all-data-reordered/all/SWU vs. Yayoy gikahinaman.txt
/Users/rl-14/Desktop/Celine-Thesis/all-data-reordered/all/Sy gitudlong sa PSC Visayas coordinator.txt
/Users/rl-14/Desktop/Celine-Thesis/all-data-reordered/all/Sy mipadayag sa iyang kasagmuyo.txt
/Users/rl-14/Desktop/Celine-Thesis/all-data-reordered/all/Sylvia gihidlaw na sa maldita role.txt
/Users/rl-14/Desktop/Celine-Thesis/all-data-reordered/all/Synchronized purok election karong Sabado.txt
/Users/rl-14/Desktop/Celine-Thesis/all-data-reordered/all/Synchronized purok elections gimando.txt
/Users/rl-14/Desktop/Celine-Thesis/all-data-reordered/all/Syudad mogahin og P4M alang sa CV training.txt
/Users/rl-14/Desktop/Celine-Thesis/all-data-reordered/all/Syudad sa Dabaw magbaton na ug bag-ong Quarantine station.txt
/Users/rl-14/Desktop/Celine-Thesis/all-data-reordered/all/Taas gihapon og moral si LeBron James.txt
/Users/rl-14/Desktop/Celine-Thesis/all-data-reordered/all/Taas nga opisyal sa NPA nadakpan sa Agusan del Sur.txt
/Users/rl-14/Desktop/Celine-Thesis/all-data-reordered/all/Tabal adto sa Japan mag-training.txt
/Users/rl-14/Desktop/Celine-Thesis/all-data-reordered/all/Tabal dawaton kon...txt
/Users/rl-14/Desktop/Celine-Thesis/all-data-reordered/all/Tabal di malakip sa Sea Games lineup?.txt
/Users/rl-14/Desktop/Celine-Thesis/all-data-reordered/all/Tabal gold ang tinguha.txt
/Users/rl-14/Desktop/Celine-Thesis/all-data-reordered/all/Tabal ika-124.txt
/Users/rl-14/Desktop/Celine-Thesis/all-data-reordered/all/Tabal maapil sa Rio.txt
/Users/rl-14/Desktop/Celine-Thesis/all-data-reordered/all/Tabal manugbalik sa Italy.txt
/Users/rl-14/Desktop/Celine-Thesis/all-data-reordered/all/Tabal manuktok sa Rio Olympics karong gabii.txt
/Users/rl-14/Desktop/Celine-Thesis/all-data-reordered/all/Tabal maoy moduslit sa urna sa 2016 Milo Little Olympics.txt
/Users/rl-14/Desktop/Celine-Thesis/all-data-reordered/all/Tabal maoy SAC-SMC Athlete of the Year.txt
/Users/rl-14/Desktop/Celine-Thesis/all-data-reordered/all/Tabal mi-qualify sa Rio Olympics.txt
/Users/rl-14/Desktop/Celine-Thesis/all-data-reordered/all/Tabal miabot na sa Sugbo .txt
/Users/rl-14/Desktop/Celine-Thesis/all-data-reordered/all/Tabal mihimo’g running clinic.txt
/Users/rl-14/Desktop/Celine-Thesis/all-data-reordered/all/Tabal milabni sa iyang ika-6 nga titulo sa SM2SM run.txt
/Users/rl-14/Desktop/Celine-Thesis/all-data-reordered/all/Tabal misalmot sa 5-k Sinulog fun run.txt
/Users/rl-14/Desktop/Celine-Thesis/all-data-reordered/all/Tabal mobalik sa Italy aron mag-training.txt
/Users/rl-14/Desktop/Celine-Thesis/all-data-reordered/all/Tabal mogikan paingon sa Japan karong Peb. 22.txt
/Users/rl-14/Desktop/Celine-Thesis/all-data-reordered/all/Tabal mosalmot sa 7-Eleven half marathon.txt
/Users/rl-14/Desktop/Celine-Thesis/all-data-reordered/all/Tabal mosalmot sa SM2SM Run.txt
/Users/rl-14/Desktop/Celine-Thesis/all-data-reordered/all/Tabal mosuwayg langkat sa ika-6 nga SM2SM title.txt
/Users/rl-14/Desktop/Celine-Thesis/all-data-reordered/all/Tabal na-pressure, gikulbaa’g maayo?.txt
/Users/rl-14/Desktop/Celine-Thesis/all-data-reordered/all/Tabal nadasig sa silver medal sa SEAG.txt
/Users/rl-14/Desktop/Celine-Thesis/all-data-reordered/all/Tabal nagpanikad na.txt
/Users/rl-14/Desktop/Celine-Thesis/all-data-reordered/all/Tabal nakugang  .txt
/Users/rl-14/Desktop/Celine-Thesis/all-data-reordered/all/Tabal wa pa’y desisyon.txt
/Users/rl-14/Desktop/Celine-Thesis/all-data-reordered/all/Tabal, grandslam queen.txt
/Users/rl-14/Desktop/Celine-Thesis/all-data-reordered/all/Tabal, Poliquit miabot na sa United States.txt
/Users/rl-14/Desktop/Celine-Thesis/all-data-reordered/all/Tabang para sa mga mananagat.txt
/Users/rl-14/Desktop/Celine-Thesis/all-data-reordered/all/Tabang sa Ormoc ihinayon ni Tomas .txt
/Users/rl-14/Desktop/Celine-Thesis/all-data-reordered/all/Tabang sa Surigao ipadayon.txt
/Users/rl-14/Desktop/Celine-Thesis/all-data-reordered/all/Tabla buakon.txt
/Users/rl-14/Desktop/Celine-Thesis/all-data-reordered/all/Tabla bungkagon.txt
/Users/rl-14/Desktop/Celine-Thesis/all-data-reordered/all/Tabla!.txt
/Users/rl-14/Desktop/Celine-Thesis/all-data-reordered/all/Tablea, Foodpanda milagda og kasabotan .txt
/Users/rl-14/Desktop/Celine-Thesis/all-data-reordered/all/Tabuena: no retreat, no surender.txt
/Users/rl-14/Desktop/Celine-Thesis/all-data-reordered/all/Tabunok flyover sirhan sa DPWH.txt
/Users/rl-14/Desktop/Celine-Thesis/all-data-reordered/all/Tadeco mialma sa DPWH.txt
/Users/rl-14/Desktop/Celine-Thesis/all-data-reordered/all/Tae Kwon Do artist mibuak og 111 ka semento ginamit ang iyang ulo.txt
/Users/rl-14/Desktop/Celine-Thesis/all-data-reordered/all/Tag-as nga gambalay, gidid-an ng matukod sa Marawi City.txt
/Users/rl-14/Desktop/Celine-Thesis/all-data-reordered/all/Tag-as nga kalibre sa armas narecover atol sa military operations batok NPA.txt
/Users/rl-14/Desktop/Celine-Thesis/all-data-reordered/all/Tag-iya nangunay og spray sa iyang balay.txt
/Users/rl-14/Desktop/Celine-Thesis/all-data-reordered/all/Tag-iya og hotel sikop sa buy-bust.txt
/Users/rl-14/Desktop/Celine-Thesis/all-data-reordered/all/Tag-iya sa pabrika sa pabuto ikiha.txt
/Users/rl-14/Desktop/Celine-Thesis/all-data-reordered/all/Tag-iya sa Rockets gipamulta’g $100,000.txt
/Users/rl-14/Desktop/Celine-Thesis/all-data-reordered/all/Tag-iya sa saag nga bala naila na sa Tagoloan.txt
/Users/rl-14/Desktop/Celine-Thesis/all-data-reordered/all/Taga Bohol kandidato sa `Modelong Ama’.txt
/Users/rl-14/Desktop/Celine-Thesis/all-data-reordered/all/Taga GenSan nga apil Batang Pinoy Mindanao Qualifying Leg, unom ka gold medal na ang nakuha sa swimming competition.txt
/Users/rl-14/Desktop/Celine-Thesis/all-data-reordered/all/Taga GenSan nga lakip sa Bb. Pilipinas 2018, nanawagan ug suporta.txt
/Users/rl-14/Desktop/Celine-Thesis/all-data-reordered/all/Taga NFA-7 ipatawag sa Hunta Probinsiyal tungod sa kakuwang sa NFA rice.txt
/Users/rl-14/Desktop/Celine-Thesis/all-data-reordered/all/Taga Pasil nakuhaan og P14 M shabu.txt
/Users/rl-14/Desktop/Celine-Thesis/all-data-reordered/all/Taga Roma monganhi sa Sugbo: Jose PAlma.txt
/Users/rl-14/Desktop/Celine-Thesis/all-data-reordered/all/Taga Talisay apil sa Gilas practice.txt
/Users/rl-14/Desktop/Celine-Thesis/all-data-reordered/all/Taga-Cebu, laing 1 patay sa Condura Run.txt
/Users/rl-14/Desktop/Celine-Thesis/all-data-reordered/all/Tagaan og tubig ang mga enforcer.txt
/Users/rl-14/Desktop/Celine-Thesis/all-data-reordered/all/Tagming: Mga sipyat sa TV5.txt
/Users/rl-14/Desktop/Celine-Thesis/all-data-reordered/all/Tago nga kanindot.txt
/Users/rl-14/Desktop/Celine-Thesis/all-data-reordered/all/Tagoloan Tarantulas mikampyon .txt
/Users/rl-14/Desktop/Celine-Thesis/all-data-reordered/all/Tagoloan, Claveria magtabo sa finals.txt
/Users/rl-14/Desktop/Celine-Thesis/all-data-reordered/all/Tagoloan, El Salvador daug sa ilang unang dula.txt
/Users/rl-14/Desktop/Celine-Thesis/all-data-reordered/all/Tagum City Chamber Chorale, nangandam na sa pagsalmot sa World Choir Games sa South Africa.txt
/Users/rl-14/Desktop/Celine-Thesis/all-data-reordered/all/Tahas nga malisod.txt
/Users/rl-14/Desktop/Celine-Thesis/all-data-reordered/all/Tahas ni Cortes.txt
/Users/rl-14/Desktop/Celine-Thesis/all-data-reordered/all/Tahas sa `ahas’.txt
/Users/rl-14/Desktop/Celine-Thesis/all-data-reordered/all/Taho nga matud pa si Sen. Pacquiao ug Mayor Rivera ang gapalit sa auction sale sa mga yuta sa GenSan, gipanghimakak.txt
/Users/rl-14/Desktop/Celine-Thesis/all-data-reordered/all/Taho nga may wala gidawat nga pasyente, gipanghimakak sa Dr. Jorge Royeca Hospital managment.txt
/Users/rl-14/Desktop/Celine-Thesis/all-data-reordered/all/Taho nga Patrimonio patay na binoang ra.txt
/Users/rl-14/Desktop/Celine-Thesis/all-data-reordered/all/Taiheiyo cement maka-supply og 9%.txt
/Users/rl-14/Desktop/Celine-Thesis/all-data-reordered/all/Taiheiyo miabag sa panginabuhi sa kababayen-an.txt
/Users/rl-14/Desktop/Celine-Thesis/all-data-reordered/all/Taiheiyo mipasiuli sa daang atabay.txt
/Users/rl-14/Desktop/Celine-Thesis/all-data-reordered/all/Taiheiyo mipatrabaho  sa kaugalingong iskolar.txt
/Users/rl-14/Desktop/Celine-Thesis/all-data-reordered/all/Taiheiyo misusi, mipamatuod sa programa.txt
/Users/rl-14/Desktop/Celine-Thesis/all-data-reordered/all/Taiheiyo modugang og `clinker’.txt
/Users/rl-14/Desktop/Celine-Thesis/all-data-reordered/all/Taiheiyo padayong mipatuman sa NGP.txt
/Users/rl-14/Desktop/Celine-Thesis/all-data-reordered/all/Taiheiyo, SEDC mipahimutang sa hydraulic water system sa Tonggo.txt
/Users/rl-14/Desktop/Celine-Thesis/all-data-reordered/all/Taiwan fighter gi-knock out sa Sugboanon.txt
/Users/rl-14/Desktop/Celine-Thesis/all-data-reordered/all/takdol sa baybayon.txt
/Users/rl-14/Desktop/Celine-Thesis/all-data-reordered/all/Takeda Philippines giilang 2017 Top Employer Status.txt
/Users/rl-14/Desktop/Celine-Thesis/all-data-reordered/all/Taki gaawat ni Maine?   .txt
/Users/rl-14/Desktop/Celine-Thesis/all-data-reordered/all/Talagsaong talan-awon sa buwan karong gabii.txt
/Users/rl-14/Desktop/Celine-Thesis/all-data-reordered/all/Talento: 'Hikikomori' (Katapusang bahin).txt
/Users/rl-14/Desktop/Celine-Thesis/all-data-reordered/all/Talento: Beauty queens.txt
/Users/rl-14/Desktop/Celine-Thesis/all-data-reordered/all/Talento: Circadian rhythm.txt
/Users/rl-14/Desktop/Celine-Thesis/all-data-reordered/all/Talento: Feb-ibig .txt
/Users/rl-14/Desktop/Celine-Thesis/all-data-reordered/all/Talento: Healthy hearts.txt
/Users/rl-14/Desktop/Celine-Thesis/all-data-reordered/all/Talento: In your anger.txt
/Users/rl-14/Desktop/Celine-Thesis/all-data-reordered/all/Talento: Passport on wheels.txt
/Users/rl-14/Desktop/Celine-Thesis/all-data-reordered/all/Talento: RA 8972 (Ikaduha sa 3 ka gula).txt
/Users/rl-14/Desktop/Celine-Thesis/all-data-reordered/all/Talento: RA 8972 (Una sa tulo ka mga gula).txt
/Users/rl-14/Desktop/Celine-Thesis/all-data-reordered/all/Talento: Strong-willed kids.txt
/Users/rl-14/Desktop/Celine-Thesis/all-data-reordered/all/Talento: Trivia 'Katorse' .txt
/Users/rl-14/Desktop/Celine-Thesis/all-data-reordered/all/Talikala: `Gianod’ sa mga luha sa anak.txt
/Users/rl-14/Desktop/Celine-Thesis/all-data-reordered/all/Talikala: `Janitor’ kaniadto, maestro na karon.txt
/Users/rl-14/Desktop/Celine-Thesis/all-data-reordered/all/Talikala: Ang way kamatayon nga gugma ni `Manang Baling’.txt
/Users/rl-14/Desktop/Celine-Thesis/all-data-reordered/all/Talikala: Banda sa karsada: Panginabuhi sa Pamilyang Quiamco.txt
/Users/rl-14/Desktop/Celine-Thesis/all-data-reordered/all/Talikala: Damgo sa inahan, gikab-ot sa anak.txt
/Users/rl-14/Desktop/Celine-Thesis/all-data-reordered/all/Talikala: Gikan sa pagka enforcer, ngadto sa pagka contractor.txt
/Users/rl-14/Desktop/Celine-Thesis/all-data-reordered/all/Talikala: Gitugyan ang tanan kang Sr. Santo Niño.txt
/Users/rl-14/Desktop/Celine-Thesis/all-data-reordered/all/Talikala: Inspirasyon ang ilang 6 ka anak.txt
/Users/rl-14/Desktop/Celine-Thesis/all-data-reordered/all/Talikala: Iyang damgo maoy iyang nanegusyo.txt
/Users/rl-14/Desktop/Celine-Thesis/all-data-reordered/all/Talikala: Kalampusan nga natalikala sa Diyos.txt
/Users/rl-14/Desktop/Celine-Thesis/all-data-reordered/all/Talikala: Kanhi katabang sa balay kadete sa PMA.txt
/Users/rl-14/Desktop/Celine-Thesis/all-data-reordered/all/Talikala: Langyaw nga nahigugma sa mga Sugboanon.txt
/Users/rl-14/Desktop/Celine-Thesis/all-data-reordered/all/Talikala: Mga damgong patay nga hinayhinay nga nabuhi.txt
/Users/rl-14/Desktop/Celine-Thesis/all-data-reordered/all/Talikala: Rocking chair gipas-an padung sa kalampusan.txt
/Users/rl-14/Desktop/Celine-Thesis/all-data-reordered/all/Talikala: Sa mga buwak sila nabuhi.txt
/Users/rl-14/Desktop/Celine-Thesis/all-data-reordered/all/Talikala: Sa sapatos siya milampos.txt
/Users/rl-14/Desktop/Celine-Thesis/all-data-reordered/all/Talikala: Sayaw sa kalampusan.txt
/Users/rl-14/Desktop/Celine-Thesis/all-data-reordered/all/Talikala: Talento yawe sa kalampusan.txt
/Users/rl-14/Desktop/Celine-Thesis/all-data-reordered/all/Talikala: Tanan gisuwayan aron pagkab-ot sa kalampusan.txt
/Users/rl-14/Desktop/Celine-Thesis/all-data-reordered/all/Talikala: Tungod kay iyang idol si Lolo.txt
/Users/rl-14/Desktop/Celine-Thesis/all-data-reordered/all/Talikala: Turismo milambo tungod sa panaghiusa.txt
/Users/rl-14/Desktop/Celine-Thesis/all-data-reordered/all/Talikala: Wa matarog sa mga pagsuway.txt
/Users/rl-14/Desktop/Celine-Thesis/all-data-reordered/all/Talikala: Wala maugdaw nga paglaum ni Lujen.txt
/Users/rl-14/Desktop/Celine-Thesis/all-data-reordered/all/Talino: PRO-7 andam moimbestigar ni Lim.txt
/Users/rl-14/Desktop/Celine-Thesis/all-data-reordered/all/Taliño gihatagag award sa Mandaue.txt
/Users/rl-14/Desktop/Celine-Thesis/all-data-reordered/all/Taliño manamilit.txt
/Users/rl-14/Desktop/Celine-Thesis/all-data-reordered/all/Taliño nalipay nga deputation ni Osmeña sa pulis gibalik sa Napolcom.txt
/Users/rl-14/Desktop/Celine-Thesis/all-data-reordered/all/Taliño wa dayon mosalig sa mga sakop.txt
/Users/rl-14/Desktop/Celine-Thesis/all-data-reordered/all/Talisay City Jail butanga'g net.txt
/Users/rl-14/Desktop/Celine-Thesis/all-data-reordered/all/Talisay City Jail ipasusi ni Gullas.txt
/Users/rl-14/Desktop/Celine-Thesis/all-data-reordered/all/Talisay City magtukod og task force alang sa trapiko.txt
/Users/rl-14/Desktop/Celine-Thesis/all-data-reordered/all/Talisay City wa pay dapit baligyaanan og mga pabuto.txt
/Users/rl-14/Desktop/Celine-Thesis/all-data-reordered/all/Talisay di na magpalabay og basura: Gullas .txt
/Users/rl-14/Desktop/Celine-Thesis/all-data-reordered/all/Talisay kampeyon sa Sinulog sa Kabataan sa Lalawigan.txt
/Users/rl-14/Desktop/Celine-Thesis/all-data-reordered/all/Talisay mopalit og 4 ka ambulansya.txt
/Users/rl-14/Desktop/Celine-Thesis/all-data-reordered/all/Talisay Police mihangyo nga sa Martes magparelibo .txt
/Users/rl-14/Desktop/Celine-Thesis/all-data-reordered/all/Talisay, Tuburan kampeyon sa Sinulog sa Kabataan.txt
/Users/rl-14/Desktop/Celine-Thesis/all-data-reordered/all/Talisaynon gold medalist.txt
/Users/rl-14/Desktop/Celine-Thesis/all-data-reordered/all/Talisik maghamok: Pagasa.txt
/Users/rl-14/Desktop/Celine-Thesis/all-data-reordered/all/Taliwala sa kapakyasan Gilas madasigon gihapon.txt
/Users/rl-14/Desktop/Celine-Thesis/all-data-reordered/all/Taliwala sa mga kontrobersiya, mga Sugbuanon misuporta sa DOH: Dr. Catan.txt
/Users/rl-14/Desktop/Celine-Thesis/all-data-reordered/all/Talk N’ Text inilog.txt
/Users/rl-14/Desktop/Celine-Thesis/all-data-reordered/all/Talk N’ Text suwerte sa bag-ong pangan.txt
/Users/rl-14/Desktop/Celine-Thesis/all-data-reordered/all/Talk to Papa Joe:  Way puangod.txt
/Users/rl-14/Desktop/Celine-Thesis/all-data-reordered/all/Talk to Papa Joe: Ang hinungdan.txt
/Users/rl-14/Desktop/Celine-Thesis/all-data-reordered/all/Talk to Papa Joe: Banda.txt
/Users/rl-14/Desktop/Celine-Thesis/all-data-reordered/all/Talk to Papa Joe: Basta driver, sweet lover.txt
/Users/rl-14/Desktop/Celine-Thesis/all-data-reordered/all/Talk to Papa Joe: Baylo na lang.txt
/Users/rl-14/Desktop/Celine-Thesis/all-data-reordered/all/Talk to Papa Joe: Biktima sa gugma.txt
/Users/rl-14/Desktop/Celine-Thesis/all-data-reordered/all/Talk to Papa Joe: Crush ug triangle.txt
/Users/rl-14/Desktop/Celine-Thesis/all-data-reordered/all/Talk to Papa Joe: Dawaton kaha ko?.txt
/Users/rl-14/Desktop/Celine-Thesis/all-data-reordered/all/Talk to Papa Joe: Di katulog.txt
/Users/rl-14/Desktop/Celine-Thesis/all-data-reordered/all/Talk to Papa Joe: Di pa seguro siya.txt
/Users/rl-14/Desktop/Celine-Thesis/all-data-reordered/all/Talk to Papa Joe: Duol pero layo.txt
/Users/rl-14/Desktop/Celine-Thesis/all-data-reordered/all/Talk to Papa Joe: Ebay ang feeling.txt
/Users/rl-14/Desktop/Celine-Thesis/all-data-reordered/all/Talk to Papa Joe: Gigatasan ra daw ko.txt
/Users/rl-14/Desktop/Celine-Thesis/all-data-reordered/all/Talk to Papa Joe: Hayahay kuno.txt
/Users/rl-14/Desktop/Celine-Thesis/all-data-reordered/all/Talk to Papa Joe: Infected.txt
/Users/rl-14/Desktop/Celine-Thesis/all-data-reordered/all/Talk to Papa Joe: Inilog ko.txt
/Users/rl-14/Desktop/Celine-Thesis/all-data-reordered/all/Talk to Papa Joe: Insecure lang.txt
/Users/rl-14/Desktop/Celine-Thesis/all-data-reordered/all/Talk to Papa Joe: Iskolar.txt
/Users/rl-14/Desktop/Celine-Thesis/all-data-reordered/all/Talk to Papa Joe: Kontra sa in-law.txt
/Users/rl-14/Desktop/Celine-Thesis/all-data-reordered/all/Talk to Papa Joe: Laming.txt
/Users/rl-14/Desktop/Celine-Thesis/all-data-reordered/all/Talk to Papa Joe: Mura na og Anak.txt
/Users/rl-14/Desktop/Celine-Thesis/all-data-reordered/all/Talk to Papa Joe: Naay kabahin.txt
/Users/rl-14/Desktop/Celine-Thesis/all-data-reordered/all/Talk to Papa Joe: Napukaw na kagahapon.txt
/Users/rl-14/Desktop/Celine-Thesis/all-data-reordered/all/Talk to Papa Joe: Nipatim-aw si Papa.txt
/Users/rl-14/Desktop/Celine-Thesis/all-data-reordered/all/Talk to Papa Joe: Padayon o dili.txt
/Users/rl-14/Desktop/Celine-Thesis/all-data-reordered/all/Talk to Papa Joe: Palautang.txt
/Users/rl-14/Desktop/Celine-Thesis/all-data-reordered/all/Talk to Papa Joe: Pwede friends lang.txt
/Users/rl-14/Desktop/Celine-Thesis/all-data-reordered/all/Talk to Papa Joe: Sayop nga pagtuo.txt
/Users/rl-14/Desktop/Celine-Thesis/all-data-reordered/all/Talk to Papa Joe: Text bang basehan? .txt
/Users/rl-14/Desktop/Celine-Thesis/all-data-reordered/all/Talk to Papa Joe: Tour guide kuno.txt
/Users/rl-14/Desktop/Celine-Thesis/all-data-reordered/all/Talk to Papa Joe: Trabaho lang.txt
/Users/rl-14/Desktop/Celine-Thesis/all-data-reordered/all/Talk to Papa Joe: Tungod ni Idol.txt
/Users/rl-14/Desktop/Celine-Thesis/all-data-reordered/all/Talk to Papa Joe: Ugangan nga manggamitay.txt
/Users/rl-14/Desktop/Celine-Thesis/all-data-reordered/all/Talk to Papa Joe: Utang likay.txt
/Users/rl-14/Desktop/Celine-Thesis/all-data-reordered/all/Talk to Papa Joe: Wa magpakabana.txt
/Users/rl-14/Desktop/Celine-Thesis/all-data-reordered/all/Talk to Papa Joe: Wa mosuporta.txt
/Users/rl-14/Desktop/Celine-Thesis/all-data-reordered/all/Talk to Papa Joe: Wa nako basoli  .txt
/Users/rl-14/Desktop/Celine-Thesis/all-data-reordered/all/Talk to Papa Joe: Wala na mouli.txt
/Users/rl-14/Desktop/Celine-Thesis/all-data-reordered/all/Tallo magpa-draft sa D-League.txt
/Users/rl-14/Desktop/Celine-Thesis/all-data-reordered/all/Tam-is nga balos!.txt
/Users/rl-14/Desktop/Celine-Thesis/all-data-reordered/all/Tam-is nga balos.txt
/Users/rl-14/Desktop/Celine-Thesis/all-data-reordered/all/Tam-is nga titulo sa SPC .txt
/Users/rl-14/Desktop/Celine-Thesis/all-data-reordered/all/Tambagi ko Noy Kulas: 2 gilumpong.txt
/Users/rl-14/Desktop/Celine-Thesis/all-data-reordered/all/Tambagi ko Noy Kulas: Anak kuno.txt
/Users/rl-14/Desktop/Celine-Thesis/all-data-reordered/all/Tambagi ko Noy Kulas: Babag.txt
/Users/rl-14/Desktop/Celine-Thesis/all-data-reordered/all/Tambagi ko Noy Kulas: Balay, babaye.txt
/Users/rl-14/Desktop/Celine-Thesis/all-data-reordered/all/Tambagi ko Noy Kulas: Bisan di bayot.txt
/Users/rl-14/Desktop/Celine-Thesis/all-data-reordered/all/Tambagi ko Noy Kulas: Buayahon kuno.txt
/Users/rl-14/Desktop/Celine-Thesis/all-data-reordered/all/Tambagi ko Noy Kulas: Buluyagon.txt
/Users/rl-14/Desktop/Celine-Thesis/all-data-reordered/all/Tambagi ko Noy Kulas: Char ra kuno.txt
/Users/rl-14/Desktop/Celine-Thesis/all-data-reordered/all/Tambagi ko Noy Kulas: Di mosul-ob og sexy.txt
/Users/rl-14/Desktop/Celine-Thesis/all-data-reordered/all/Tambagi ko Noy Kulas: Gihasol sa tanlag.txt
/Users/rl-14/Desktop/Celine-Thesis/all-data-reordered/all/Tambagi ko Noy Kulas: Giunay og buso.txt
/Users/rl-14/Desktop/Celine-Thesis/all-data-reordered/all/Tambagi ko Noy Kulas: Gusto kong maglain.txt
/Users/rl-14/Desktop/Celine-Thesis/all-data-reordered/all/Tambagi ko Noy Kulas: Kalit nga mi-sweet.txt
/Users/rl-14/Desktop/Celine-Thesis/all-data-reordered/all/Tambagi ko Noy Kulas: Karibal foreigner.txt
/Users/rl-14/Desktop/Celine-Thesis/all-data-reordered/all/Tambagi ko Noy Kulas: Kay nanambok na.txt
/Users/rl-14/Desktop/Celine-Thesis/all-data-reordered/all/Tambagi ko Noy Kulas: Kinsa nila?.txt
/Users/rl-14/Desktop/Celine-Thesis/all-data-reordered/all/Tambagi ko Noy Kulas: Madre.txt
/Users/rl-14/Desktop/Celine-Thesis/all-data-reordered/all/Tambagi ko Noy Kulas: Nahadlok dunay HIV.txt
/Users/rl-14/Desktop/Celine-Thesis/all-data-reordered/all/Tambagi ko Noy Kulas: Nakakita.txt
/Users/rl-14/Desktop/Celine-Thesis/all-data-reordered/all/Tambagi ko Noy Kulas: Nangitag papa.txt
/Users/rl-14/Desktop/Celine-Thesis/all-data-reordered/all/Tambagi ko Noy Kulas: Nimabdos ang biyuda.txt
/Users/rl-14/Desktop/Celine-Thesis/all-data-reordered/all/Tambagi ko Noy Kulas: Paryente ra.txt
/Users/rl-14/Desktop/Celine-Thesis/all-data-reordered/all/Tambagi ko Noy Kulas: Problema sa yuta.txt
/Users/rl-14/Desktop/Celine-Thesis/all-data-reordered/all/Tambagi ko Noy Kulas: Sakpan sa text.txt
/Users/rl-14/Desktop/Celine-Thesis/all-data-reordered/all/Tambagi ko Noy Kulas: Si Mam.txt
/Users/rl-14/Desktop/Celine-Thesis/all-data-reordered/all/Tambagi ko Noy Kulas: Silahis diay.txt
/Users/rl-14/Desktop/Celine-Thesis/all-data-reordered/all/Tambagi ko Noy Kulas: Sumbonganan.txt
/Users/rl-14/Desktop/Celine-Thesis/all-data-reordered/all/Tambagi ko Noy Kulas: Supak ang parents.txt
/Users/rl-14/Desktop/Celine-Thesis/all-data-reordered/all/Tambagi ko Noy Kulas: Tinagoan.txt
/Users/rl-14/Desktop/Celine-Thesis/all-data-reordered/all/Tambagi ko Noy Kulas: Way klaro.txt
/Users/rl-14/Desktop/Celine-Thesis/all-data-reordered/all/Tambagi Ko Noy Tikyo.txt
/Users/rl-14/Desktop/Celine-Thesis/all-data-reordered/all/Tambagi ko Noy Tikyo: Biyudo.txt
/Users/rl-14/Desktop/Celine-Thesis/all-data-reordered/all/Tambagi Ko Noy Tikyo: Dako'g tiyan.txt
/Users/rl-14/Desktop/Celine-Thesis/all-data-reordered/all/Tambagi ko Noy Tikyo: Di makaya.txt
/Users/rl-14/Desktop/Celine-Thesis/all-data-reordered/all/Tambagi Ko Noy Tikyo: Di masultihan.txt
/Users/rl-14/Desktop/Celine-Thesis/all-data-reordered/all/Tambagi Ko Noy Tikyo: Di mosugot.txt
/Users/rl-14/Desktop/Celine-Thesis/all-data-reordered/all/Tambagi Ko Noy Tikyo: Galibog na.txt
/Users/rl-14/Desktop/Celine-Thesis/all-data-reordered/all/Tambagi ko Noy Tikyo: Giatik lang?.txt
/Users/rl-14/Desktop/Celine-Thesis/all-data-reordered/all/Tambagi Ko Noy Tikyo: Gidaut.txt
/Users/rl-14/Desktop/Celine-Thesis/all-data-reordered/all/Tambagi ko Noy Tikyo: Gikapoy na.txt
/Users/rl-14/Desktop/Celine-Thesis/all-data-reordered/all/Tambagi Ko Noy Tikyo: Gilimbongan.txt
/Users/rl-14/Desktop/Celine-Thesis/all-data-reordered/all/Tambagi Ko Noy Tikyo: Gipugngan.txt
/Users/rl-14/Desktop/Celine-Thesis/all-data-reordered/all/Tambagi Ko Noy Tikyo: Gitental.txt
/Users/rl-14/Desktop/Celine-Thesis/all-data-reordered/all/Tambagi ko Noy Tikyo: Hilig sa babaye.txt
/Users/rl-14/Desktop/Celine-Thesis/all-data-reordered/all/Tambagi ko Noy Tikyo: Ipa-abort copy.txt
/Users/rl-14/Desktop/Celine-Thesis/all-data-reordered/all/Tambagi ko Noy Tikyo: Makigbalik.txt
/Users/rl-14/Desktop/Celine-Thesis/all-data-reordered/all/Tambagi Ko Noy Tikyo: Makigbuwag.txt
/Users/rl-14/Desktop/Celine-Thesis/all-data-reordered/all/Tambagi ko Noy Tikyo: Mauwaw.txt
/Users/rl-14/Desktop/Celine-Thesis/all-data-reordered/all/Tambagi Ko Noy Tikyo: Milayas.txt
/Users/rl-14/Desktop/Celine-Thesis/all-data-reordered/all/Tambagi ko Noy Tikyo: Motabang o di?.txt
/Users/rl-14/Desktop/Celine-Thesis/all-data-reordered/all/Tambagi Ko Noy Tikyo: Nagangita.txt
/Users/rl-14/Desktop/Celine-Thesis/all-data-reordered/all/Tambagi ko Noy Tikyo: Nagduda.txt
/Users/rl-14/Desktop/Celine-Thesis/all-data-reordered/all/Tambagi Ko Noy Tikyo: Nagkasiloay.txt
/Users/rl-14/Desktop/Celine-Thesis/all-data-reordered/all/Tambagi ko Noy Tikyo: Nagluib.txt
/Users/rl-14/Desktop/Celine-Thesis/all-data-reordered/all/Tambagi Ko Noy Tikyo: Nagmahay copy.txt
/Users/rl-14/Desktop/Celine-Thesis/all-data-reordered/all/Tambagi Ko Noy Tikyo: Nagpa-pretend.txt
/Users/rl-14/Desktop/Celine-Thesis/all-data-reordered/all/Tambagi Ko Noy Tikyo: Nahasol.txt
/Users/rl-14/Desktop/Celine-Thesis/all-data-reordered/all/Tambagi Ko Noy Tikyo: Nakabig ang kasingkasing.txt
/Users/rl-14/Desktop/Celine-Thesis/all-data-reordered/all/Tambagi Ko Noy Tikyo: Nangigi.txt
/Users/rl-14/Desktop/Celine-Thesis/all-data-reordered/all/Tambagi Ko Noy Tikyo: Nasakitan.txt
/Users/rl-14/Desktop/Celine-Thesis/all-data-reordered/all/Tambagi ko Noy Tikyo: Suitor.txt
/Users/rl-14/Desktop/Celine-Thesis/all-data-reordered/all/Tambagi ko Noy Tikyo: Way pagsalig.txt
/Users/rl-14/Desktop/Celine-Thesis/all-data-reordered/all/Tambagi ko Noy Tikyo: Way suporta.txt
/Users/rl-14/Desktop/Celine-Thesis/all-data-reordered/all/Tambalanan sa Davao Occidental gitukod .txt
/Users/rl-14/Desktop/Celine-Thesis/all-data-reordered/all/Tan, Canino mihawod .txt
/Users/rl-14/Desktop/Celine-Thesis/all-data-reordered/all/Tan, Saraos nagsalo sa kampyonato .txt
/Users/rl-14/Desktop/Celine-Thesis/all-data-reordered/all/Tanan nga makaya ipagawas ni Joy.txt
/Users/rl-14/Desktop/Celine-Thesis/all-data-reordered/all/Tanan polis sa Cocpo ipatangtang  .txt
/Users/rl-14/Desktop/Celine-Thesis/all-data-reordered/all/Tanang gipili mitunga sa praktis sa Gilas.txt
/Users/rl-14/Desktop/Celine-Thesis/all-data-reordered/all/Tanang jail officers maayo nga relibohan: NCJ warden .txt
/Users/rl-14/Desktop/Celine-Thesis/all-data-reordered/all/Tanang pulis sa Talisay negative sa drug test.txt
/Users/rl-14/Desktop/Celine-Thesis/all-data-reordered/all/Tanang security stakeholders pasumitihon og security plan.txt
/Users/rl-14/Desktop/Celine-Thesis/all-data-reordered/all/Tancontian misipa og bulawan .txt
/Users/rl-14/Desktop/Celine-Thesis/all-data-reordered/all/Tangkay miagak sa sg-ARQ squad.txt
/Users/rl-14/Desktop/Celine-Thesis/all-data-reordered/all/Tangub, Lanao daug! .txt
/Users/rl-14/Desktop/Celine-Thesis/all-data-reordered/all/tanka: pamulong sa mobalik.txt
/Users/rl-14/Desktop/Celine-Thesis/all-data-reordered/all/Tanker ug motorsiklo nagbangga; 2 patay.txt
/Users/rl-14/Desktop/Celine-Thesis/all-data-reordered/all/Tanod gipatay sa Naga .txt
/Users/rl-14/Desktop/Celine-Thesis/all-data-reordered/all/Tanod gipusil sa Cafgu patay.txt
/Users/rl-14/Desktop/Celine-Thesis/all-data-reordered/all/Tanod outposts gipaguba ni Mayor Osmeña.txt
/Users/rl-14/Desktop/Celine-Thesis/all-data-reordered/all/Tanod, asawa tiklo sa drugs.txt
/Users/rl-14/Desktop/Celine-Thesis/all-data-reordered/all/Tanyag sa Globe myBusiness Academy .txt
/Users/rl-14/Desktop/Celine-Thesis/all-data-reordered/all/Taod ang bypass line .txt
/Users/rl-14/Desktop/Celine-Thesis/all-data-reordered/all/Taoist Temple sa Cebu.txt
/Users/rl-14/Desktop/Celine-Thesis/all-data-reordered/all/Tapales moilog og world title.txt
/Users/rl-14/Desktop/Celine-Thesis/all-data-reordered/all/Tapales mopirma sa Ala? .txt
/Users/rl-14/Desktop/Celine-Thesis/all-data-reordered/all/Tapales nagsugod na sa iyang ensayo, gikatakda moaway sa Australia.txt
/Users/rl-14/Desktop/Celine-Thesis/all-data-reordered/all/Tapales overweight?.txt
/Users/rl-14/Desktop/Celine-Thesis/all-data-reordered/all/Tapales vs. Villanueva?.txt
/Users/rl-14/Desktop/Celine-Thesis/all-data-reordered/all/Tapales-Juarez sa interim world title?.txt
/Users/rl-14/Desktop/Celine-Thesis/all-data-reordered/all/Tapsing.txt
/Users/rl-14/Desktop/Celine-Thesis/all-data-reordered/all/Tapulan nga mga local nga opisyal tokhangon.txt
/Users/rl-14/Desktop/Celine-Thesis/all-data-reordered/all/Target nakaipsot sa kapulisan sa Talisay.txt
/Users/rl-14/Desktop/Celine-Thesis/all-data-reordered/all/Target ni Nietes: Estrada, Gonzalez.txt
/Users/rl-14/Desktop/Celine-Thesis/all-data-reordered/all/Target sa search warrant, menor de edad sikop.txt
/Users/rl-14/Desktop/Celine-Thesis/all-data-reordered/all/Task force aron protehian ang kadagatan umolon sa Cebu City .txt
/Users/rl-14/Desktop/Celine-Thesis/all-data-reordered/all/Task force batok illegal fishing gibalik sa gobernador.txt
/Users/rl-14/Desktop/Celine-Thesis/all-data-reordered/all/Task Force Cabingas gimugna.txt
/Users/rl-14/Desktop/Celine-Thesis/all-data-reordered/all/Task Force Davao wala na mokompyansa.txt
/Users/rl-14/Desktop/Celine-Thesis/all-data-reordered/all/Task Force Haribon gibansay pa aron nga mahanas.txt
/Users/rl-14/Desktop/Celine-Thesis/all-data-reordered/all/Task Force Marawi:”Marawi full rehab,sugdan sa Mayo”.txt
/Users/rl-14/Desktop/Celine-Thesis/all-data-reordered/all/Task force mosusi sa journo killings.txt
/Users/rl-14/Desktop/Celine-Thesis/all-data-reordered/all/Task force sa Malacañang mosusi sa pagpatay ni Maxi.txt
/Users/rl-14/Desktop/Celine-Thesis/all-data-reordered/all/Task Force Ungab aduna na’y lead sa kaso sa pagpatay ni Atty. Jonnah John Ungab.txt
/Users/rl-14/Desktop/Celine-Thesis/all-data-reordered/all/Task Force-Diarog gimugna sa Davao City police.txt
/Users/rl-14/Desktop/Celine-Thesis/all-data-reordered/all/Task force-Jimenez nagsusi sa CCTV footage.txt
/Users/rl-14/Desktop/Celine-Thesis/all-data-reordered/all/Tatak Bisdak: Board na ka?.txt
/Users/rl-14/Desktop/Celine-Thesis/all-data-reordered/all/Taulava gisilutan.txt
/Users/rl-14/Desktop/Celine-Thesis/all-data-reordered/all/Taulava gusto nga moduwa sa Gilas.txt
/Users/rl-14/Desktop/Celine-Thesis/all-data-reordered/all/Tautuaa posibling i-trade sa TNT?.txt
/Users/rl-14/Desktop/Celine-Thesis/all-data-reordered/all/Tawo ni Franz napatay.txt
/Users/rl-14/Desktop/Celine-Thesis/all-data-reordered/all/Tawo sa druglord nga si Kerwin Espinosa nasikop,1.2 Million pesos nga iligal nga dorgas nasakmit.txt
/Users/rl-14/Desktop/Celine-Thesis/all-data-reordered/all/Taxi driver giihaw.txt
/Users/rl-14/Desktop/Celine-Thesis/all-data-reordered/all/Taxi driver gilarot sa pasahero.txt
/Users/rl-14/Desktop/Celine-Thesis/all-data-reordered/all/Taxi driver gipatay; 4 ka suspek nasikop.txt
/Users/rl-14/Desktop/Celine-Thesis/all-data-reordered/all/Taxi driver milikay sa checkpoint nakuhaa’g shabu.txt
/Users/rl-14/Desktop/Celine-Thesis/all-data-reordered/all/Taxi Driver nga ginasundog ang tingog ni Pangulong Duterte, wala magtoo nga mag viral sa social media.txt
/Users/rl-14/Desktop/Celine-Thesis/all-data-reordered/all/Taxi driver nga nangayo og sobrang pletihan sa pasahero gipatawag sa LTFRB.txt
/Users/rl-14/Desktop/Celine-Thesis/all-data-reordered/all/Taxi drivers, mibati ug kabalaka nga muhinay ang kita atol sa pagtaas sa plitihan.txt
/Users/rl-14/Desktop/Celine-Thesis/all-data-reordered/all/Taxi sa Davao, gina-isnab na sa mga pasahero.txt
/Users/rl-14/Desktop/Celine-Thesis/all-data-reordered/all/Taylor Swift hakot award.txt
/Users/rl-14/Desktop/Celine-Thesis/all-data-reordered/all/Taym pa: Cojuangco, et al gahi pa sa kahoy nga agkuno.txt
/Users/rl-14/Desktop/Celine-Thesis/all-data-reordered/all/Team CdeO minus og budget .txt
/Users/rl-14/Desktop/Celine-Thesis/all-data-reordered/all/Team Cebu City nanghakot og medalya.txt
/Users/rl-14/Desktop/Celine-Thesis/all-data-reordered/all/Team Cebu City nanghawod sa muay thai sa PNG.txt
/Users/rl-14/Desktop/Celine-Thesis/all-data-reordered/all/TEAM gamiton nga tigpaniid sa kadalanan.txt
/Users/rl-14/Desktop/Celine-Thesis/all-data-reordered/all/TEAM hugot mopatuman nga nagdili sa mga bata sa motorsiklo, biseklita .txt
/Users/rl-14/Desktop/Celine-Thesis/all-data-reordered/all/TEAM hugot nga magbantay sa Semana Santa.txt
/Users/rl-14/Desktop/Celine-Thesis/all-data-reordered/all/Team Kusgano gitubag sa FILSCAP.txt
/Users/rl-14/Desktop/Celine-Thesis/all-data-reordered/all/Team Lebanon mi-withdraw sa MVP Cup.txt
/Users/rl-14/Desktop/Celine-Thesis/all-data-reordered/all/Team Lebron batok Team Curry sa All-Star Game.txt
/Users/rl-14/Desktop/Celine-Thesis/all-data-reordered/all/Team Lumacang nikampyon.txt
/Users/rl-14/Desktop/Celine-Thesis/all-data-reordered/all/TEAM mag-zumba matag semana .txt
/Users/rl-14/Desktop/Celine-Thesis/all-data-reordered/all/TEAM magdungag og riders, mobile operators aron bantayan ang kadalanan sa Mandaue .txt
/Users/rl-14/Desktop/Celine-Thesis/all-data-reordered/all/Team mihangyo og tow truck.txt
/Users/rl-14/Desktop/Celine-Thesis/all-data-reordered/all/TEAM mipasidaan sa tanang motorista  .txt
/Users/rl-14/Desktop/Celine-Thesis/all-data-reordered/all/TEAM mokuha og barangay tanod sa pagduma sa trapik sa dakbayan: hepe.txt
/Users/rl-14/Desktop/Celine-Thesis/all-data-reordered/all/Team mopakatap og leaflets sa trapiko.txt
/Users/rl-14/Desktop/Celine-Thesis/all-data-reordered/all/Team OhMyGenie misakmit sa grand prize sa Globe Hack-for-a-Nation.txt
/Users/rl-14/Desktop/Celine-Thesis/all-data-reordered/all/Team Oro nilangkat og unom ka gold.txt
/Users/rl-14/Desktop/Celine-Thesis/all-data-reordered/all/Team owners meeting karon.txt
/Users/rl-14/Desktop/Celine-Thesis/all-data-reordered/all/Team Pacman wa mabalaka bisag nalangan sa pag-abot sa Amerika.txt
/Users/rl-14/Desktop/Celine-Thesis/all-data-reordered/all/Team Pacquiao, padayong nakig-negotiate kang Lomachenko.txt
/Users/rl-14/Desktop/Celine-Thesis/all-data-reordered/all/Team Rama `nangita og lusot’ sa isyu sa 93-1.txt
/Users/rl-14/Desktop/Celine-Thesis/all-data-reordered/all/Team Rama momayoriya?.txt
/Users/rl-14/Desktop/Celine-Thesis/all-data-reordered/all/Team Rama naglalis?; di tinuod: Garganera.txt
/Users/rl-14/Desktop/Celine-Thesis/all-data-reordered/all/Team Rama nanumpa sa PDP-Laban, wala si Mike.txt
/Users/rl-14/Desktop/Celine-Thesis/all-data-reordered/all/Team sa US batok Cebu Selection sa Asturias .txt
/Users/rl-14/Desktop/Celine-Thesis/all-data-reordered/all/Team Titans miapil sa Basura run 2016.txt
/Users/rl-14/Desktop/Celine-Thesis/all-data-reordered/all/Team USA kampiyon.txt
/Users/rl-14/Desktop/Celine-Thesis/all-data-reordered/all/Team West mipukan sa Team Asia .txt
/Users/rl-14/Desktop/Celine-Thesis/all-data-reordered/all/Team World gilupig sa USA.txt
/Users/rl-14/Desktop/Celine-Thesis/all-data-reordered/all/Technical school building tukuron.txt
/Users/rl-14/Desktop/Celine-Thesis/all-data-reordered/all/Technician nakuhaan og shabu.txt
/Users/rl-14/Desktop/Celine-Thesis/all-data-reordered/all/Teen Romance: Well, that was just a lie.txt
/Users/rl-14/Desktop/Celine-Thesis/all-data-reordered/all/Teespring mitabang sa entrepreneurs sa Sugbo.txt
/Users/rl-14/Desktop/Celine-Thesis/all-data-reordered/all/Teleperformance bukas na sa CdeO .txt
/Users/rl-14/Desktop/Celine-Thesis/all-data-reordered/all/Tenorio gusto nga mosunod sa mga tunob ni Alapag.txt
/Users/rl-14/Desktop/Celine-Thesis/all-data-reordered/all/Tepora gipangantihan.txt
/Users/rl-14/Desktop/Celine-Thesis/all-data-reordered/all/Tepora miabot na sa South Africa.txt
/Users/rl-14/Desktop/Celine-Thesis/all-data-reordered/all/Tepora midominar.txt
/Users/rl-14/Desktop/Celine-Thesis/all-data-reordered/all/Tepora moaway alang sa WBO interim feather.txt
/Users/rl-14/Desktop/Celine-Thesis/all-data-reordered/all/Tepora, bag-ong WBO Youth Aspac champion.txt
/Users/rl-14/Desktop/Celine-Thesis/all-data-reordered/all/Teri nanghakot og awards sa abroad.txt
/Users/rl-14/Desktop/Celine-Thesis/all-data-reordered/all/Terminal 2 91%  nang nahuman.txt
/Users/rl-14/Desktop/Celine-Thesis/all-data-reordered/all/Terminated COWD general manager,midangop sa CSC-Manila.txt
/Users/rl-14/Desktop/Celine-Thesis/all-data-reordered/all/Terrence gabangis.txt
/Users/rl-14/Desktop/Celine-Thesis/all-data-reordered/all/Terrence Romeo deny to death nga nakarelasyon si Vice Ganda.txt
/Users/rl-14/Desktop/Celine-Thesis/all-data-reordered/all/Tesda mitanyag og scholarship sa mga kabus.txt
/Users/rl-14/Desktop/Celine-Thesis/all-data-reordered/all/Testigo miingon si Duterte utok sa pagpamatay.txt
/Users/rl-14/Desktop/Celine-Thesis/all-data-reordered/all/Testigo:”Pulis ang nakapusil-patay sa sacristan sa MisOr”.txt
/Users/rl-14/Desktop/Celine-Thesis/all-data-reordered/all/Texters giputla og signal sa Painters.txt
/Users/rl-14/Desktop/Celine-Thesis/all-data-reordered/all/Texters kampyon.txt
/Users/rl-14/Desktop/Celine-Thesis/all-data-reordered/all/Texters namungot.txt
/Users/rl-14/Desktop/Celine-Thesis/all-data-reordered/all/Texters sulod sa finals; gipalagpot ang Purefoods.txt
/Users/rl-14/Desktop/Celine-Thesis/all-data-reordered/all/Textmates sa AC Martin, gikasal sa mass wedding.txt
/Users/rl-14/Desktop/Celine-Thesis/all-data-reordered/all/TFC midala sa mga Pinoy abroad sa ‘Kapamilya Reunion’.txt
/Users/rl-14/Desktop/Celine-Thesis/all-data-reordered/all/TFC milusad sa forum nga Breaking The Mold’.txt
/Users/rl-14/Desktop/Celine-Thesis/all-data-reordered/all/Thai masaligong modaog sa Ahas.txt
/Users/rl-14/Desktop/Celine-Thesis/all-data-reordered/all/The Detox and TONIQ Juice Bar miabli sa Ayala Center.txt
/Users/rl-14/Desktop/Celine-Thesis/all-data-reordered/all/Thomas andam na moduwa sa Cleveland batok Trailblazers karon.txt
/Users/rl-14/Desktop/Celine-Thesis/all-data-reordered/all/Thomas dili pa kaduwa: Cavs.txt
/Users/rl-14/Desktop/Celine-Thesis/all-data-reordered/all/Thomas hingpit nga magpaalim.txt
/Users/rl-14/Desktop/Celine-Thesis/all-data-reordered/all/Thomas mipupo'g 52 puntos aron agakon ang Celtics.txt
/Users/rl-14/Desktop/Celine-Thesis/all-data-reordered/all/Thomas moduwa sa Game 2 una mobilar.txt
/Users/rl-14/Desktop/Celine-Thesis/all-data-reordered/all/Thompson hilumon nga pagka star player: Coach Steve Kerr.txt
/Users/rl-14/Desktop/Celine-Thesis/all-data-reordered/all/Thompson nag-una sa rebound sa Gins.txt
/Users/rl-14/Desktop/Celine-Thesis/all-data-reordered/all/Thompson sama kang Johnny A: Cone.txt
/Users/rl-14/Desktop/Celine-Thesis/all-data-reordered/all/Thompson vs. Curry giatngan.txt
/Users/rl-14/Desktop/Celine-Thesis/all-data-reordered/all/Thompson wala’y gamit kaniadto.txt
/Users/rl-14/Desktop/Celine-Thesis/all-data-reordered/all/Thompson, Fajardo nag-una sa voting alang sa PBA All-Star.txt
/Users/rl-14/Desktop/Celine-Thesis/all-data-reordered/all/Three-cock fiesta derby sa Abril 20.txt
/Users/rl-14/Desktop/Celine-Thesis/all-data-reordered/all/Three-peat!.txt
/Users/rl-14/Desktop/Celine-Thesis/all-data-reordered/all/Three-point line sa NBA gitinguha nga palay-an.txt
/Users/rl-14/Desktop/Celine-Thesis/all-data-reordered/all/Three-point streak ni Curry naputol.txt
/Users/rl-14/Desktop/Celine-Thesis/all-data-reordered/all/Thunder apektado sa dimalas ni Anthony.txt
/Users/rl-14/Desktop/Celine-Thesis/all-data-reordered/all/Thunder giusban sa Warriors.txt
/Users/rl-14/Desktop/Celine-Thesis/all-data-reordered/all/Thunder kaging sa Knicks.txt
/Users/rl-14/Desktop/Celine-Thesis/all-data-reordered/all/Thunder midalugdog.txt
/Users/rl-14/Desktop/Celine-Thesis/all-data-reordered/all/Thunder mipukan sa Nuggets.txt
/Users/rl-14/Desktop/Celine-Thesis/all-data-reordered/all/Thunder mosuway na sab pagtangtang sa korona sa Warriors.txt
/Users/rl-14/Desktop/Celine-Thesis/all-data-reordered/all/Thunder nakakita na og bag-ong coach.txt
/Users/rl-14/Desktop/Celine-Thesis/all-data-reordered/all/Thunder wa kaugpo.txt
/Users/rl-14/Desktop/Celine-Thesis/all-data-reordered/all/Thunder, Cavs nagmadaugon.txt
/Users/rl-14/Desktop/Celine-Thesis/all-data-reordered/all/Thunderbird Sinulog Challenge karon.txt
/Users/rl-14/Desktop/Celine-Thesis/all-data-reordered/all/Ticket sa Fiba Olympic Qualifying mahal ra?.txt
/Users/rl-14/Desktop/Celine-Thesis/all-data-reordered/all/Tickets sa Fiba qualifying gipang-atngan.txt
/Users/rl-14/Desktop/Celine-Thesis/all-data-reordered/all/Tickets sa Game 7 hurot sud sa walo ka mga oras.txt
/Users/rl-14/Desktop/Celine-Thesis/all-data-reordered/all/Tickets sa weigh-in mas himalitan pa sa hot cake.txt
/Users/rl-14/Desktop/Celine-Thesis/all-data-reordered/all/Tig-ampo sa mga patay.txt
/Users/rl-14/Desktop/Celine-Thesis/all-data-reordered/all/Tigbakay buhisan.txt
/Users/rl-14/Desktop/Celine-Thesis/all-data-reordered/all/Tigbalita gidakop, nangawat .txt
/Users/rl-14/Desktop/Celine-Thesis/all-data-reordered/all/Tigbuhat ug peke nga ID’s, gisikop sa CdeO.txt
/Users/rl-14/Desktop/Celine-Thesis/all-data-reordered/all/Tigdala og Druga sikop.txt
/Users/rl-14/Desktop/Celine-Thesis/all-data-reordered/all/Tigers, Abellana impresibo sa opening sa CHLL.txt
/Users/rl-14/Desktop/Celine-Thesis/all-data-reordered/all/Tiggamag peke nga kwarta nasikop.txt
/Users/rl-14/Desktop/Celine-Thesis/all-data-reordered/all/Tighimo og pekeng dolyar dakpan sa entrapment .txt
/Users/rl-14/Desktop/Celine-Thesis/all-data-reordered/all/Tigom alang sa hingpit nga kausaban sa kapulisan.txt
/Users/rl-14/Desktop/Celine-Thesis/all-data-reordered/all/Tigpahuyot og 'shabu' sikop sa buy bust.txt
/Users/rl-14/Desktop/Celine-Thesis/all-data-reordered/all/Tigpataya og ilegal swertres sikop.txt
/Users/rl-14/Desktop/Celine-Thesis/all-data-reordered/all/Tillor andam nang modepensa.txt
/Users/rl-14/Desktop/Celine-Thesis/all-data-reordered/all/Tillor, back-to-back champion.txt
/Users/rl-14/Desktop/Celine-Thesis/all-data-reordered/all/Tillor, Sarongon hari, hara sa Goldline run.txt
/Users/rl-14/Desktop/Celine-Thesis/all-data-reordered/all/Tim Cone ibalhin sa Ginebra?.txt
/Users/rl-14/Desktop/Celine-Thesis/all-data-reordered/all/Tim Duncan miretiro.txt
/Users/rl-14/Desktop/Celine-Thesis/all-data-reordered/all/Tim ug partner kasal na!.txt
/Users/rl-14/Desktop/Celine-Thesis/all-data-reordered/all/Tim Yap giakusahang namaligya og drugs?.txt
/Users/rl-14/Desktop/Celine-Thesis/all-data-reordered/all/TIMANG SA UNSA DIAY TUKMA NGA PANITIK SA PINULONGA.txt
/Users/rl-14/Desktop/Celine-Thesis/all-data-reordered/all/Timbang di problema.txt
/Users/rl-14/Desktop/Celine-Thesis/all-data-reordered/all/Timbang di problema: Edito.txt
/Users/rl-14/Desktop/Celine-Thesis/all-data-reordered/all/Timberwolves coach naa’y sakit nga cancer.txt
/Users/rl-14/Desktop/Celine-Thesis/all-data-reordered/all/Timberwolves namungot batok sa Grizzlies.txt
/Users/rl-14/Desktop/Celine-Thesis/all-data-reordered/all/Time-out sa si Alcantara  SunStar.txt
/Users/rl-14/Desktop/Celine-Thesis/all-data-reordered/all/Tinagakay sa PBA.txt
/Users/rl-14/Desktop/Celine-Thesis/all-data-reordered/all/Tinagakay!.txt
/Users/rl-14/Desktop/Celine-Thesis/all-data-reordered/all/Tinagakay.txt
/Users/rl-14/Desktop/Celine-Thesis/all-data-reordered/all/Tinagik nga mga istorya .txt
/Users/rl-14/Desktop/Celine-Thesis/all-data-reordered/all/Tinago himuong dumping area?.txt
/Users/rl-14/Desktop/Celine-Thesis/all-data-reordered/all/Tinda, Park sa Osmeña blvd. idili na.txt
/Users/rl-14/Desktop/Celine-Thesis/all-data-reordered/all/Tindahan gilabaya'g granada, 4 angol.txt
/Users/rl-14/Desktop/Celine-Thesis/all-data-reordered/all/Tindahan nga paingon na manirado gitulis  .txt
/Users/rl-14/Desktop/Celine-Thesis/all-data-reordered/all/Tindahan sa Colon nasunog.txt
/Users/rl-14/Desktop/Celine-Thesis/all-data-reordered/all/Tindahan sa mga computer gilungkab; pension house miagi.txt
/Users/rl-14/Desktop/Celine-Thesis/all-data-reordered/all/Tindahan sa parte sa motor gi-raid.txt
/Users/rl-14/Desktop/Celine-Thesis/all-data-reordered/all/Tindahan, mga bodega sa Vic Enterprises sirhan ron.txt
/Users/rl-14/Desktop/Celine-Thesis/all-data-reordered/all/Tindera gihasi sa laborer.txt
/Users/rl-14/Desktop/Celine-Thesis/all-data-reordered/all/Tindero og luy-a gidagit sa Oro .txt
/Users/rl-14/Desktop/Celine-Thesis/all-data-reordered/all/Tindig Pilipinas Cebu chapter gilusad.txt
/Users/rl-14/Desktop/Celine-Thesis/all-data-reordered/all/Tingali Ang Adlaw Mosilang Ugma.txt
/Users/rl-14/Desktop/Celine-Thesis/all-data-reordered/all/Tinguha ni Tom: Aguirre mataktak pagka-abogado.txt
/Users/rl-14/Desktop/Celine-Thesis/all-data-reordered/all/Tinguha sa Beermen: Grand Slam.txt
/Users/rl-14/Desktop/Celine-Thesis/all-data-reordered/all/Tining gitaktak sa serbisyo sa Ombud.txt
/Users/rl-14/Desktop/Celine-Thesis/all-data-reordered/all/Tinugyanan sa balaod nga napusilan pasidunggan.txt
/Users/rl-14/Desktop/Celine-Thesis/all-data-reordered/all/Tinugyanan sa BFP nagpahimangno sa katawhan.txt
/Users/rl-14/Desktop/Celine-Thesis/all-data-reordered/all/Tinuig nga pagpanguha og graduating student sa mga dautang espiritu, gikabalaka sa mga ginikanan sa Surigao City.txt
/Users/rl-14/Desktop/Celine-Thesis/all-data-reordered/all/Tinun-an gihagbong; maestra gihulga.txt
/Users/rl-14/Desktop/Celine-Thesis/all-data-reordered/all/Tinun-an gimolestiya.txt
/Users/rl-14/Desktop/Celine-Thesis/all-data-reordered/all/Tinun-an nahulog sa dyip, naligsa'g trak.txt
/Users/rl-14/Desktop/Celine-Thesis/all-data-reordered/all/Tinun-an sa Guadalupe Elem. School nakit-an.txt
/Users/rl-14/Desktop/Celine-Thesis/all-data-reordered/all/Tinun-an sa nursing gilugos, suspek sikop .txt
/Users/rl-14/Desktop/Celine-Thesis/all-data-reordered/all/Tinun-an sa UC top 1.txt
/Users/rl-14/Desktop/Celine-Thesis/all-data-reordered/all/Tinun-an sa USC Best Presenter.txt
/Users/rl-14/Desktop/Celine-Thesis/all-data-reordered/all/Tinun-an una pang gipahibalo ang higala sa iyang paghikog gumikan sa away sa mga ginikanan.txt
/Users/rl-14/Desktop/Celine-Thesis/all-data-reordered/all/Tinun-an,gitabanga’g lugos-patay sa 2 treasure hunters sa CdeO.txt
/Users/rl-14/Desktop/Celine-Thesis/all-data-reordered/all/Tinun-an,naghikog-patay sa Bukidnon.txt
/Users/rl-14/Desktop/Celine-Thesis/all-data-reordered/all/Tinuod nga unod sa federalism, kinahanglang ipahibalo sa katawhan, sigon sa Bayan Muna.txt
/Users/rl-14/Desktop/Celine-Thesis/all-data-reordered/all/Tipik sa kasayasayan.txt
/Users/rl-14/Desktop/Celine-Thesis/all-data-reordered/all/Tips sa pag-ila sa peke nga kwarta.txt
/Users/rl-14/Desktop/Celine-Thesis/all-data-reordered/all/Tita Heart Dili palakwon sa wife  SunStar.txt
/Users/rl-14/Desktop/Celine-Thesis/all-data-reordered/all/Tita Heart: 2 weeks pa nga uyab.txt
/Users/rl-14/Desktop/Celine-Thesis/all-data-reordered/all/Tita Heart: Babae nga taas og standard.txt
/Users/rl-14/Desktop/Celine-Thesis/all-data-reordered/all/Tita Heart: Bulag na pero di kalimot.txt
/Users/rl-14/Desktop/Celine-Thesis/all-data-reordered/all/Tita Heart: Bulagon sa ginikanan.txt
/Users/rl-14/Desktop/Celine-Thesis/all-data-reordered/all/Tita Heart: Dili magustohan.txt
/Users/rl-14/Desktop/Celine-Thesis/all-data-reordered/all/Tita Heart: Dili motindog.txt
/Users/rl-14/Desktop/Celine-Thesis/all-data-reordered/all/Tita Heart: Feeling asawa nga uyab.txt
/Users/rl-14/Desktop/Celine-Thesis/all-data-reordered/all/Tita Heart: First time nakauyab.txt
/Users/rl-14/Desktop/Celine-Thesis/all-data-reordered/all/Tita Heart: Ga-monitor pirmi.txt
/Users/rl-14/Desktop/Celine-Thesis/all-data-reordered/all/Tita Heart: Gabakak ang GF.txt
/Users/rl-14/Desktop/Celine-Thesis/all-data-reordered/all/Tita Heart: Gahigpitan sa mama.txt
/Users/rl-14/Desktop/Celine-Thesis/all-data-reordered/all/Tita Heart: Gasawayon ang bf.txt
/Users/rl-14/Desktop/Celine-Thesis/all-data-reordered/all/Tita Heart: Gihuna-huna ang ex  .txt
/Users/rl-14/Desktop/Celine-Thesis/all-data-reordered/all/Tita Heart: Grabe ka bakakon.txt
/Users/rl-14/Desktop/Celine-Thesis/all-data-reordered/all/Tita Heart: Gusto'g laptop ang uyab .txt
/Users/rl-14/Desktop/Celine-Thesis/all-data-reordered/all/Tita Heart: Hate sa mama sa boyfriend.txt
/Users/rl-14/Desktop/Celine-Thesis/all-data-reordered/all/Tita Heart: Kwentador nga uyab .txt
/Users/rl-14/Desktop/Celine-Thesis/all-data-reordered/all/Tita Heart: Mabuang kon dili makita ang uyab.txt
/Users/rl-14/Desktop/Celine-Thesis/all-data-reordered/all/Tita Heart: Makigbalik ang asawa.txt
/Users/rl-14/Desktop/Celine-Thesis/all-data-reordered/all/Tita Heart: Makigbulag og lesbian.txt
/Users/rl-14/Desktop/Celine-Thesis/all-data-reordered/all/Tita Heart: Maulaw sa nauyab nga gay.txt
/Users/rl-14/Desktop/Celine-Thesis/all-data-reordered/all/Tita Heart: Minyo ang uyab?.txt
/Users/rl-14/Desktop/Celine-Thesis/all-data-reordered/all/Tita Heart: Mobalibad og date.txt
/Users/rl-14/Desktop/Celine-Thesis/all-data-reordered/all/Tita Heart: Nagbulag kay nag-abroad.txt
/Users/rl-14/Desktop/Celine-Thesis/all-data-reordered/all/Tita Heart: Nagduda nga buros.txt
/Users/rl-14/Desktop/Celine-Thesis/all-data-reordered/all/Tita Heart: Nagpakasal nga way gusto.txt
/Users/rl-14/Desktop/Celine-Thesis/all-data-reordered/all/Tita Heart: Nakaburos og duha.txt
/Users/rl-14/Desktop/Celine-Thesis/all-data-reordered/all/Tita Heart: Ngil-ad og batasan.txt
/Users/rl-14/Desktop/Celine-Thesis/all-data-reordered/all/Tita Heart: Online diay sa FB.txt
/Users/rl-14/Desktop/Celine-Thesis/all-data-reordered/all/Tita Heart: Papa nga nay lain.txt
/Users/rl-14/Desktop/Celine-Thesis/all-data-reordered/all/Tita Heart: Selosan ang trabaho.txt
/Users/rl-14/Desktop/Celine-Thesis/all-data-reordered/all/Tita Heart: Super seloso ang BF.txt
/Users/rl-14/Desktop/Celine-Thesis/all-data-reordered/all/Tita Heart: Walay kontakay.txt
/Users/rl-14/Desktop/Celine-Thesis/all-data-reordered/all/Tita Heart: Walay panahon .txt
/Users/rl-14/Desktop/Celine-Thesis/all-data-reordered/all/Title fight ni Nietes anhi sa Sugbo ipahigayon: Ala.txt
/Users/rl-14/Desktop/Celine-Thesis/all-data-reordered/all/Title ni Nietes iyang buhian?.txt
/Users/rl-14/Desktop/Celine-Thesis/all-data-reordered/all/Title ring in Irving ihatag sa amahan.txt
/Users/rl-14/Desktop/Celine-Thesis/all-data-reordered/all/Titser na si Paloma.txt
/Users/rl-14/Desktop/Celine-Thesis/all-data-reordered/all/Titulo ilugon sa Jr. Lancers.txt
/Users/rl-14/Desktop/Celine-Thesis/all-data-reordered/all/Titulo maoy anaa sa alimpatakan ni Asi.txt
/Users/rl-14/Desktop/Celine-Thesis/all-data-reordered/all/Titulo para sa b-day.txt
/Users/rl-14/Desktop/Celine-Thesis/all-data-reordered/all/Titulo sa Dominggo.txt
/Users/rl-14/Desktop/Celine-Thesis/all-data-reordered/all/Tiu gapanikad na’ng makabalik og duwa .txt
/Users/rl-14/Desktop/Celine-Thesis/all-data-reordered/all/Tiukinhoy makighugpong sa tanang Cesafi coaches.txt
/Users/rl-14/Desktop/Celine-Thesis/all-data-reordered/all/Tiukinhoy mapasigarbuon sa Cesafi-VIVA partnership.txt
/Users/rl-14/Desktop/Celine-Thesis/all-data-reordered/all/TNT import nanukmag.txt
/Users/rl-14/Desktop/Celine-Thesis/all-data-reordered/all/TNT interesado ni Hontiveros?.txt
/Users/rl-14/Desktop/Celine-Thesis/all-data-reordered/all/TNT Ka Tropa 5-0 na.txt
/Users/rl-14/Desktop/Celine-Thesis/all-data-reordered/all/TNT manuktok sa finals v. Gins.txt
/Users/rl-14/Desktop/Celine-Thesis/all-data-reordered/all/TNT milusad sa TNT Extend promo ug love team AlDub isip endorsers.txt
/Users/rl-14/Desktop/Celine-Thesis/all-data-reordered/all/TNT milusad sa TNT Extend promo.txt
/Users/rl-14/Desktop/Celine-Thesis/all-data-reordered/all/TNT nakauna sa PBA finals.txt
/Users/rl-14/Desktop/Celine-Thesis/all-data-reordered/all/TNT, Bolts tinaktakay.txt
/Users/rl-14/Desktop/Celine-Thesis/all-data-reordered/all/Tobi Ang: Isip amahan, sa trabaho ug istilo.txt
/Users/rl-14/Desktop/Celine-Thesis/all-data-reordered/all/Todino: Body camera alang sa mga pulis.txt
/Users/rl-14/Desktop/Celine-Thesis/all-data-reordered/all/Todino: Kudos sa malinawon nga pagsaulog.txt
/Users/rl-14/Desktop/Celine-Thesis/all-data-reordered/all/Todino: Maghubo sa publiko pwede pa.txt
/Users/rl-14/Desktop/Celine-Thesis/all-data-reordered/all/Todino: Nagpabaya nga mga drayber.txt
/Users/rl-14/Desktop/Celine-Thesis/all-data-reordered/all/Todino: Pamalandong ug divorce.txt
/Users/rl-14/Desktop/Celine-Thesis/all-data-reordered/all/Todino: Pasidaan ni Pacleb.txt
/Users/rl-14/Desktop/Celine-Thesis/all-data-reordered/all/Todino: Proyekto para sa barangay, munisipyo.txt
/Users/rl-14/Desktop/Celine-Thesis/all-data-reordered/all/Todiño: Unsay hinungdan sa mga sakit.txt
/Users/rl-14/Desktop/Celine-Thesis/all-data-reordered/all/Todiño: Way imperno.txt
/Users/rl-14/Desktop/Celine-Thesis/all-data-reordered/all/Todio Way imperno  SunStar.txt
/Users/rl-14/Desktop/Celine-Thesis/all-data-reordered/all/Tokhang gihimo sa kapulisan sa Pulangbato.txt
/Users/rl-14/Desktop/Celine-Thesis/all-data-reordered/all/Tokhang nila ni Davide, Magpale.txt
/Users/rl-14/Desktop/Celine-Thesis/all-data-reordered/all/Tokhang sa Barangay 23 malampuson bisan sa pagsupak sa kapitan.txt
/Users/rl-14/Desktop/Celine-Thesis/all-data-reordered/all/Tokhang surrendee,sikop sa PDEA sa CdeO.txt
/Users/rl-14/Desktop/Celine-Thesis/all-data-reordered/all/Tokhang surrenderee gibuk-ag ulo.txt
/Users/rl-14/Desktop/Celine-Thesis/all-data-reordered/all/Tokyo Olympics.txt
/Users/rl-14/Desktop/Celine-Thesis/all-data-reordered/all/Toledo City hospital gi-downgrade.txt
/Users/rl-14/Desktop/Celine-Thesis/all-data-reordered/all/Toledo City PNP nag-atubang sa imbestigasyon tungod sa sirado nga Police Station.txt
/Users/rl-14/Desktop/Celine-Thesis/all-data-reordered/all/Tom nanghagit ni Mike og lie test.txt
/Users/rl-14/Desktop/Celine-Thesis/all-data-reordered/all/Tom O., Davide mipirma na sa MOA kalabot sa lot 93-1.txt
/Users/rl-14/Desktop/Celine-Thesis/all-data-reordered/all/Tomas andam kon nganlan nga drug protector; pulis gihagit sab.txt
/Users/rl-14/Desktop/Celine-Thesis/all-data-reordered/all/Tomas di mohatag og retirement benefit.txt
/Users/rl-14/Desktop/Celine-Thesis/all-data-reordered/all/Tomas dili uyon sa Tax relief.txt
/Users/rl-14/Desktop/Celine-Thesis/all-data-reordered/all/Tomas dinapit sa PRO 7 atol sa 115th PNP anniv.txt
/Users/rl-14/Desktop/Celine-Thesis/all-data-reordered/all/Tomas gipasakaan og 4 ka kaso.txt
/Users/rl-14/Desktop/Celine-Thesis/all-data-reordered/all/Tomas gisaway ang TRAIN law.txt
/Users/rl-14/Desktop/Celine-Thesis/all-data-reordered/all/Tomas may bahad sa brgy. garbage collector.txt
/Users/rl-14/Desktop/Celine-Thesis/all-data-reordered/all/Tomas miangal sa fake news nga mikatap sa social media .txt
/Users/rl-14/Desktop/Celine-Thesis/all-data-reordered/all/Tomas mihagit sa PNP chief sa pagngan sa iyang `trusted aide’.txt
/Users/rl-14/Desktop/Celine-Thesis/all-data-reordered/all/Tomas mitabang kang Miro.txt
/Users/rl-14/Desktop/Celine-Thesis/all-data-reordered/all/Tomas mohatag og reward sa Mabolo police; nagduwa og poker nasikop .txt
/Users/rl-14/Desktop/Celine-Thesis/all-data-reordered/all/Tomas mohatag og reward sa makatudlo kang Erasmo.txt
/Users/rl-14/Desktop/Celine-Thesis/all-data-reordered/all/Tomas mosusi sa taas nga parking fee sa IT Park .txt
/Users/rl-14/Desktop/Celine-Thesis/all-data-reordered/all/Tomas nangandam alang sa Sinulog ‘17.txt
/Users/rl-14/Desktop/Celine-Thesis/all-data-reordered/all/Tomas Osmeña, Mike Rama managan sa 2019.txt
/Users/rl-14/Desktop/Celine-Thesis/all-data-reordered/all/Tomas pabor sa adhoc com.txt
/Users/rl-14/Desktop/Celine-Thesis/all-data-reordered/all/Tomas siguro nga magpasubli .txt
/Users/rl-14/Desktop/Celine-Thesis/all-data-reordered/all/Tomas utok sa pagpatay ni imok?.txt
/Users/rl-14/Desktop/Celine-Thesis/all-data-reordered/all/Tomas wala mahulga sa Team Rama.txt
/Users/rl-14/Desktop/Celine-Thesis/all-data-reordered/all/Tomas, Margot Osmeña gikiha .txt
/Users/rl-14/Desktop/Celine-Thesis/all-data-reordered/all/Tomboyay ang show.txt
/Users/rl-14/Desktop/Celine-Thesis/all-data-reordered/all/Tommy Osmeña: Katuohan kaha si Gina lopez? .txt
/Users/rl-14/Desktop/Celine-Thesis/all-data-reordered/all/Toni praktikal lang.txt
/Users/rl-14/Desktop/Celine-Thesis/all-data-reordered/all/Toni zipper ang baba sa isyung buntis siya.txt
/Users/rl-14/Desktop/Celine-Thesis/all-data-reordered/all/Top 1 sa Criminologist Board Exam garbo nga taga Toril.txt
/Users/rl-14/Desktop/Celine-Thesis/all-data-reordered/all/Top 5 K-Drama nga dili nimo pakyason ning Bulan sa Gugma.txt
/Users/rl-14/Desktop/Celine-Thesis/all-data-reordered/all/Top 8 drug personality sa Davao Occidental nalit-ag.txt
/Users/rl-14/Desktop/Celine-Thesis/all-data-reordered/all/Top 8 most wanted person sa Malungon Sarangani, sikop.txt
/Users/rl-14/Desktop/Celine-Thesis/all-data-reordered/all/Top Rank bilib sa Cebu boxing fans.txt
/Users/rl-14/Desktop/Celine-Thesis/all-data-reordered/all/Top sa bar, board exam sa Lapu apil sa pasidunggan .txt
/Users/rl-14/Desktop/Celine-Thesis/all-data-reordered/all/TOP sa reckless driver sa Mandaue.txt
/Users/rl-14/Desktop/Celine-Thesis/all-data-reordered/all/Top scorer sa LA gi-trade  SunStar.txt
/Users/rl-14/Desktop/Celine-Thesis/all-data-reordered/all/Toral mi-resign sa CPDRC.txt
/Users/rl-14/Desktop/Celine-Thesis/all-data-reordered/all/Toroman na-impressed sa gipakita sa Ginebra.txt
/Users/rl-14/Desktop/Celine-Thesis/all-data-reordered/all/Torre vs. Karpov giplano sa PSC.txt
/Users/rl-14/Desktop/Celine-Thesis/all-data-reordered/all/Torres-Sunang pakyas.txt
/Users/rl-14/Desktop/Celine-Thesis/all-data-reordered/all/Total deployment ban sa mga OFWs sa Kuwait, gikalipay sa OWWA-12.txt
/Users/rl-14/Desktop/Celine-Thesis/all-data-reordered/all/Tourism miapela sa PAMB nga irekonsiderar pagbukas sa Mt. Apo .txt
/Users/rl-14/Desktop/Celine-Thesis/all-data-reordered/all/Tourism sec Wanda Teo gipanghimakak nga naga-dala ug make-up artist sa mga foreign trips.txt
/Users/rl-14/Desktop/Celine-Thesis/all-data-reordered/all/Tourist arrivals sa GenSan, miusbaw.txt
/Users/rl-14/Desktop/Celine-Thesis/all-data-reordered/all/Tourist police sa Davao gibansay sa DOT.txt
/Users/rl-14/Desktop/Celine-Thesis/all-data-reordered/all/Tourist spots sa Misamis Oriental luwas na nga bisitahon.txt
/Users/rl-14/Desktop/Celine-Thesis/all-data-reordered/all/Tow trucks way labot sa truck ban: Osmeña.txt
/Users/rl-14/Desktop/Celine-Thesis/all-data-reordered/all/Towing ordinance sa Lapu buhion.txt
/Users/rl-14/Desktop/Celine-Thesis/all-data-reordered/all/Towing ug clamping ipatuman sa Minglanilla.txt
/Users/rl-14/Desktop/Celine-Thesis/all-data-reordered/all/Towns di pa segurado nga mahimong no. 1.txt
/Users/rl-14/Desktop/Celine-Thesis/all-data-reordered/all/Towns no. 1 pick.txt
/Users/rl-14/Desktop/Celine-Thesis/all-data-reordered/all/Towns posibling No. 1 pick.txt
/Users/rl-14/Desktop/Celine-Thesis/all-data-reordered/all/TPG 6 dayon na karong Enero.txt
/Users/rl-14/Desktop/Celine-Thesis/all-data-reordered/all/TPG 6 giplanohan.txt
/Users/rl-14/Desktop/Celine-Thesis/all-data-reordered/all/TPG 6 Tablon Fiesta libre sa mananaway .txt
/Users/rl-14/Desktop/Celine-Thesis/all-data-reordered/all/TPG VI giplanohan karong Enero  .txt
/Users/rl-14/Desktop/Celine-Thesis/all-data-reordered/all/Trabahante nalumos sa pier sa Lapu.txt
/Users/rl-14/Desktop/Celine-Thesis/all-data-reordered/all/Trabahante natagak, patay.txt
/Users/rl-14/Desktop/Celine-Thesis/all-data-reordered/all/Trabahante nga nag disco nakawatan ug bag.txt
/Users/rl-14/Desktop/Celine-Thesis/all-data-reordered/all/Trabahante sa bansohan nasunog, patay.txt
/Users/rl-14/Desktop/Celine-Thesis/all-data-reordered/all/Trabahante sa CEED sapon nagsuyop.txt
/Users/rl-14/Desktop/Celine-Thesis/all-data-reordered/all/Trabahante sa munisipyo gipusil patay sa nakamotorsiklo.txt
/Users/rl-14/Desktop/Celine-Thesis/all-data-reordered/all/Trabahante sa Oro City Prosecutor’s Office sikop.txt
/Users/rl-14/Desktop/Celine-Thesis/all-data-reordered/all/Trabahante,nakit-ang patay sa Bukidnon.txt
/Users/rl-14/Desktop/Celine-Thesis/all-data-reordered/all/Trabaho sa CCMC gipadali og maayo.txt
/Users/rl-14/Desktop/Celine-Thesis/all-data-reordered/all/Trabaho, klase gipangsuspenso.txt
/Users/rl-14/Desktop/Celine-Thesis/all-data-reordered/all/Trade sa SMB-KIA makadaot sa PBA.txt
/Users/rl-14/Desktop/Celine-Thesis/all-data-reordered/all/Traffic enforcer giobserbahan: doktor.txt
/Users/rl-14/Desktop/Celine-Thesis/all-data-reordered/all/Traffic enforcer gitaktak ni Luigi.txt
/Users/rl-14/Desktop/Celine-Thesis/all-data-reordered/all/Traffic enforcer nga nasikop sa buy-bust gitaktak .txt
/Users/rl-14/Desktop/Celine-Thesis/all-data-reordered/all/Traffic enforcer sa Mandaue nga positibo sa surprise drug test sa City Hall wala na pabalika sa trabaho.txt
/Users/rl-14/Desktop/Celine-Thesis/all-data-reordered/all/Traffic enforcer sikop sa buy-bust  .txt
/Users/rl-14/Desktop/Celine-Thesis/all-data-reordered/all/Traffic enforcers nakahimo sa pagsikop ug 19 mil ka mga jaywalkers.txt
/Users/rl-14/Desktop/Celine-Thesis/all-data-reordered/all/Traffic managers sa Metro Cebu ipatawag unya  ni Gob. Davide III.txt
/Users/rl-14/Desktop/Celine-Thesis/all-data-reordered/all/Traffic sa Mandaue sa Enero 19 gipaabot.txt
/Users/rl-14/Desktop/Celine-Thesis/all-data-reordered/all/Traffic signages sa Mandaue palambuon.txt
/Users/rl-14/Desktop/Celine-Thesis/all-data-reordered/all/Traffic ubos sa 1st bridge miluag.txt
/Users/rl-14/Desktop/Celine-Thesis/all-data-reordered/all/Traffic violations sa dakbayan sa Mandaue, Cebu nagkagrabe sulod lang sa 3 ka semana, pag counterflow, pinakadaghang violations nga natala.txt
/Users/rl-14/Desktop/Celine-Thesis/all-data-reordered/all/Trainer ni Conor nagtuo nga ma-knockout si Floyd Jr. .txt
/Users/rl-14/Desktop/Celine-Thesis/all-data-reordered/all/Training ni Nietes sa US way problema: Villamor.txt
/Users/rl-14/Desktop/Celine-Thesis/all-data-reordered/all/Training ni Pacquiao ibalhin sa Mindanao.txt
/Users/rl-14/Desktop/Celine-Thesis/all-data-reordered/all/Training sa Japan epektibo.txt
/Users/rl-14/Desktop/Celine-Thesis/all-data-reordered/all/Training sa mga atleta sa Region 12 alang sa 2018 Palarong Pambansa, magsugod sa Marso 12.txt
/Users/rl-14/Desktop/Celine-Thesis/all-data-reordered/all/Training sa mga atleta sa Region 12 sa 2018 Palarong Pambansa magsugod ning adlawa.txt
/Users/rl-14/Desktop/Celine-Thesis/all-data-reordered/all/Trak galumba, natumba, nakatrapik.txt
/Users/rl-14/Desktop/Celine-Thesis/all-data-reordered/all/Trak nahaybol: 2 patay, 10 angol.txt
/Users/rl-14/Desktop/Celine-Thesis/all-data-reordered/all/Trak nahug sa pangpang, 4 patay.txt
/Users/rl-14/Desktop/Celine-Thesis/all-data-reordered/all/Trak natumba; 1 patay, 5 angol.txt
/Users/rl-14/Desktop/Celine-Thesis/all-data-reordered/all/Trak nga moguyod sa maaberiya, maaksidente gisugyot ni Luigi.txt
/Users/rl-14/Desktop/Celine-Thesis/all-data-reordered/all/Transgender gidakop .txt
/Users/rl-14/Desktop/Celine-Thesis/all-data-reordered/all/Transitory housing di idayon sa M’daue.txt
/Users/rl-14/Desktop/Celine-Thesis/all-data-reordered/all/Transpo allowance sa Cebu City scholars naa na.txt
/Users/rl-14/Desktop/Celine-Thesis/all-data-reordered/all/Transport group ning syudad, mangayo’g usbaw sa pletehan.txt
/Users/rl-14/Desktop/Celine-Thesis/all-data-reordered/all/Trapik sa Mandaue abnormal: Antigua.txt
/Users/rl-14/Desktop/Celine-Thesis/all-data-reordered/all/Trapik sa N. Bacalso hayan mograbe, pahimangno sa Citom.txt
/Users/rl-14/Desktop/Celine-Thesis/all-data-reordered/all/Trapik sa unang Mactan bridge nagkamang human sa linog.txt
/Users/rl-14/Desktop/Celine-Thesis/all-data-reordered/all/Trapik samot kahuot sa N. Bacalso, F. Llamas.txt
/Users/rl-14/Desktop/Celine-Thesis/all-data-reordered/all/Trapiko, drainage gitutokan ni Luigi.txt
/Users/rl-14/Desktop/Celine-Thesis/all-data-reordered/all/Traslacion han-ay; rota sa Sinulog mubo.txt
/Users/rl-14/Desktop/Celine-Thesis/all-data-reordered/all/Traslacion manukad sa Mactan bridge.txt
/Users/rl-14/Desktop/Celine-Thesis/all-data-reordered/all/Traslacion sa CdeO ngayong 2018, ‘most peaceful’ kahit may terror threat.txt
/Users/rl-14/Desktop/Celine-Thesis/all-data-reordered/all/Traslacion sa Itom nga Nazareno andam na.txt
/Users/rl-14/Desktop/Celine-Thesis/all-data-reordered/all/Traslacion, seaborne procession malinawon.txt
/Users/rl-14/Desktop/Celine-Thesis/all-data-reordered/all/Travel Advisory sa MisOr nagsumpaki.txt
/Users/rl-14/Desktop/Celine-Thesis/all-data-reordered/all/Traysikol ibalhin sa team.txt
/Users/rl-14/Desktop/Celine-Thesis/all-data-reordered/all/Traysikol nga madakpan di na makuha.txt
/Users/rl-14/Desktop/Celine-Thesis/all-data-reordered/all/Tres ni Morris mitiklo sa OKC.txt
/Users/rl-14/Desktop/Celine-Thesis/all-data-reordered/all/Tres ni Westbrook mipatay sa Kings.txt
/Users/rl-14/Desktop/Celine-Thesis/all-data-reordered/all/Tribal leader, igsuon ug pag-umangkon gipatay.txt
/Users/rl-14/Desktop/Celine-Thesis/all-data-reordered/all/Tribu Kandaya moapil sa Aliwan Festival.txt
/Users/rl-14/Desktop/Celine-Thesis/all-data-reordered/all/Tribu Lapu-Lapu apil sa Ironman.txt
/Users/rl-14/Desktop/Celine-Thesis/all-data-reordered/all/Tribunalo gipulihan na sa PDRRMO.txt
/Users/rl-14/Desktop/Celine-Thesis/all-data-reordered/all/Tribunalo mihimakak.txt
/Users/rl-14/Desktop/Celine-Thesis/all-data-reordered/all/Tribunalo nanghikap og sampot?.txt
/Users/rl-14/Desktop/Celine-Thesis/all-data-reordered/all/Tricia pabiling welcome sa pamilya ni Gary V.txt
/Users/rl-14/Desktop/Celine-Thesis/all-data-reordered/all/Tricycle driver gipusil, patay.txt
/Users/rl-14/Desktop/Celine-Thesis/all-data-reordered/all/Tricycle driver nga nangluba sa iyang kauban, patay sa miresponding pulis sa Agusan Del Norte.txt
/Users/rl-14/Desktop/Celine-Thesis/all-data-reordered/all/Tricycle drivers sa Mandaue gitigom.txt
/Users/rl-14/Desktop/Celine-Thesis/all-data-reordered/all/Trillanes 'buang'.txt
/Users/rl-14/Desktop/Celine-Thesis/all-data-reordered/all/Trillanes gitambagan magpa-check up sa psychiatrist.txt
/Users/rl-14/Desktop/Celine-Thesis/all-data-reordered/all/Trillanes non grata sa Davao.txt
/Users/rl-14/Desktop/Celine-Thesis/all-data-reordered/all/Triple na sab.txt
/Users/rl-14/Desktop/Celine-Thesis/all-data-reordered/all/Triple-double ni Westbrook, ika-52 na.txt
/Users/rl-14/Desktop/Celine-Thesis/all-data-reordered/all/triptych: kinapyotay.txt
/Users/rl-14/Desktop/Celine-Thesis/all-data-reordered/all/Tropang Texters nakaipsot .txt
/Users/rl-14/Desktop/Celine-Thesis/all-data-reordered/all/Trophy, gift certificates sa 4-cock derby .txt
/Users/rl-14/Desktop/Celine-Thesis/all-data-reordered/all/Truck ban epektibo: Sanchez.txt
/Users/rl-14/Desktop/Celine-Thesis/all-data-reordered/all/Truck ban ipatuman sa lalawigan sa Sugbo.txt
/Users/rl-14/Desktop/Celine-Thesis/all-data-reordered/all/Truck corridor sa Mandaue epektibo.txt
/Users/rl-14/Desktop/Celine-Thesis/all-data-reordered/all/Truck gidaro ang 3 sakyanan; 7 patay.txt
/Users/rl-14/Desktop/Celine-Thesis/all-data-reordered/all/Truck kargado'g binangay gisunog.txt
/Users/rl-14/Desktop/Celine-Thesis/all-data-reordered/all/Truck sa saging gisunog sa mga armado..txt
/Users/rl-14/Desktop/Celine-Thesis/all-data-reordered/all/Trump gikondenar sa NBA players, coaches .txt
/Users/rl-14/Desktop/Celine-Thesis/all-data-reordered/all/Trump gipikhan na sab ni James.txt
/Users/rl-14/Desktop/Celine-Thesis/all-data-reordered/all/Trump midaog batok Clinton pagkapresidente.txt
/Users/rl-14/Desktop/Celine-Thesis/all-data-reordered/all/Trumpet Challenge video sa San Juanico Bridge.txt
/Users/rl-14/Desktop/Celine-Thesis/all-data-reordered/all/Trust account himuon  .txt
/Users/rl-14/Desktop/Celine-Thesis/all-data-reordered/all/Tsikang patay na si Jiro, gikaitok ni Aiai.txt
/Users/rl-14/Desktop/Celine-Thesis/all-data-reordered/all/Tuazon gitudlong OPBF president.txt
/Users/rl-14/Desktop/Celine-Thesis/all-data-reordered/all/Tubag sa 3 ka resto-bars gihulgang sirad-an, gitun-an sa CLO.txt
/Users/rl-14/Desktop/Celine-Thesis/all-data-reordered/all/Tubig mitubod sa kapilya, gikagubtan.txt
/Users/rl-14/Desktop/Celine-Thesis/all-data-reordered/all/Tubig para eskwelahan.txt
/Users/rl-14/Desktop/Celine-Thesis/all-data-reordered/all/Tubig Queen nag-taping na sa Magpakailanman.txt
/Users/rl-14/Desktop/Celine-Thesis/all-data-reordered/all/Tubo sa tubig mibuto hinungdan sa trapik sa Carcar.txt
/Users/rl-14/Desktop/Celine-Thesis/all-data-reordered/all/Tubod.txt
/Users/rl-14/Desktop/Celine-Thesis/all-data-reordered/all/Tuig 2015 dunay 383 ka insidente sa sunog sa CDO.txt
/Users/rl-14/Desktop/Celine-Thesis/all-data-reordered/all/Tuig sa Lancers.txt
/Users/rl-14/Desktop/Celine-Thesis/all-data-reordered/all/Tukoran og edipisyo angay susihon: CDRRMC.txt
/Users/rl-14/Desktop/Celine-Thesis/all-data-reordered/all/Tukoron nga Quarentine Office maka-akomodar sa 20 ka mga pasyente.txt
/Users/rl-14/Desktop/Celine-Thesis/all-data-reordered/all/TULA alang sa edukasyon sa mga bata.txt
/Users/rl-14/Desktop/Celine-Thesis/all-data-reordered/all/Tulay sa Davao Occidental nahugmak sa baha.txt
/Users/rl-14/Desktop/Celine-Thesis/all-data-reordered/all/tuldok.txt
/Users/rl-14/Desktop/Celine-Thesis/all-data-reordered/all/Tulis hinungdan sa pagpatay sa 15-anyos  .txt
/Users/rl-14/Desktop/Celine-Thesis/all-data-reordered/all/Tulis posibling motibo sa pagpatay sa usa ka call center agent: CCPO.txt
/Users/rl-14/Desktop/Celine-Thesis/all-data-reordered/all/Tulisan napatay; pulis nga nakapusil pasidunggan.txt
/Users/rl-14/Desktop/Celine-Thesis/all-data-reordered/all/Tulisan napusilan sa pulis sa Talisay City.txt
/Users/rl-14/Desktop/Celine-Thesis/all-data-reordered/all/Tulisan sa Talisay nasikop.txt
/Users/rl-14/Desktop/Celine-Thesis/all-data-reordered/all/Tulo ka balay, gilamoy sa kalayo sa Butuan City.txt
/Users/rl-14/Desktop/Celine-Thesis/all-data-reordered/all/Tulo ka managlahing Erich.txt
/Users/rl-14/Desktop/Celine-Thesis/all-data-reordered/all/Tulo ka mga anggulo gitan-aw sa ambush sa New Corella, Davao del Norte.txt
/Users/rl-14/Desktop/Celine-Thesis/all-data-reordered/all/Tulo ka mga daog.txt
/Users/rl-14/Desktop/Celine-Thesis/all-data-reordered/all/Tulo ka Sharks gisuspende.txt
/Users/rl-14/Desktop/Celine-Thesis/all-data-reordered/all/Tulo ka tawo patay sa ambush sa New Corella sa Davao del Norte.txt
/Users/rl-14/Desktop/Celine-Thesis/all-data-reordered/all/Tulo sikop, droga ug 17 ka armasnarekober sa raid sa tulunghaan sa Arakan, North Cotabato.txt
/Users/rl-14/Desktop/Celine-Thesis/all-data-reordered/all/Tulo sulod!.txt
/Users/rl-14/Desktop/Celine-Thesis/all-data-reordered/all/Tuman ka bugnaw nga panahon na nasinati sa Singapore gumikan sa sige nga pag-ulan.txt
/Users/rl-14/Desktop/Celine-Thesis/all-data-reordered/all/Tumong sa Bolts: 3-0.txt
/Users/rl-14/Desktop/Celine-Thesis/all-data-reordered/all/Tumulak gitudlo nga focal person sa trapiko sa lalawigan .txt
/Users/rl-14/Desktop/Celine-Thesis/all-data-reordered/all/Tumulak gusto nga ‘lanes’ kilid sa underpass buksan.txt
/Users/rl-14/Desktop/Celine-Thesis/all-data-reordered/all/Tumulak himuong deputy mayor.txt
/Users/rl-14/Desktop/Celine-Thesis/all-data-reordered/all/Tumulak mibiya sa Team Rama; mag-independente.txt
/Users/rl-14/Desktop/Celine-Thesis/all-data-reordered/all/Tunghaan gibasol sa ginikanan sa paghikog.txt
/Users/rl-14/Desktop/Celine-Thesis/all-data-reordered/all/Tunghaan gitabangan.txt
/Users/rl-14/Desktop/Celine-Thesis/all-data-reordered/all/Tunghaang elementarya sa Brgy. Tayud nasunog.txt
/Users/rl-14/Desktop/Celine-Thesis/all-data-reordered/all/Tungod sa adobo ug sisig .txt
/Users/rl-14/Desktop/Celine-Thesis/all-data-reordered/all/Tungod sa gihambin nga balatian, lalaki nagpakamatay.txt
/Users/rl-14/Desktop/Celine-Thesis/all-data-reordered/all/Tungod sa kagamay sa nakawat nga kwarta, financing corporation gisunog.txt
/Users/rl-14/Desktop/Celine-Thesis/all-data-reordered/all/Tungod sa kakabus, di na lang moreklamo batok sa VSMMC?.txt
/Users/rl-14/Desktop/Celine-Thesis/all-data-reordered/all/Tungod sa nayabong mayonnaise sa kalsada truck nabalintong 9 angol.txt
/Users/rl-14/Desktop/Celine-Thesis/all-data-reordered/all/Tungod sa pag-iyahay og selfie sa mga turista, bangka mitiklaob sa Surigao del Norte, tanang 26 ka mga pasahero naluwas.txt
/Users/rl-14/Desktop/Celine-Thesis/all-data-reordered/all/Tungod sa problema sa kwarta og pamilya, lalaki sa Butuan City naghikog.txt
/Users/rl-14/Desktop/Celine-Thesis/all-data-reordered/all/Turismo sa Caraga Region, mas pakusgan subay sa temporaryong pagpasira sa Boracay.txt
/Users/rl-14/Desktop/Celine-Thesis/all-data-reordered/all/Turismo sa Lapu-Lapu naapektuhan sa kagubot sa Bohol, Marawi.txt
/Users/rl-14/Desktop/Celine-Thesis/all-data-reordered/all/Turismo sa MisOr mas palambuon  SunStar.txt
/Users/rl-14/Desktop/Celine-Thesis/all-data-reordered/all/Turistang Swiss National, gilugos matud pa sa usa ka Sound system operator sa Surigao Del Norte.txt
/Users/rl-14/Desktop/Celine-Thesis/all-data-reordered/all/Turkish national, nasikop tungod sa pag-uba’g menor de edad sa motel ning syudad.txt
/Users/rl-14/Desktop/Celine-Thesis/all-data-reordered/all/Turno na kaha ni Balquin?.txt
/Users/rl-14/Desktop/Celine-Thesis/all-data-reordered/all/Turno na sab ni Ancheta.txt
/Users/rl-14/Desktop/Celine-Thesis/all-data-reordered/all/Turon maoy naka-ingon.txt
/Users/rl-14/Desktop/Celine-Thesis/all-data-reordered/all/Twitter ni Yaya Dub gisulod sa hackers.txt
/Users/rl-14/Desktop/Celine-Thesis/all-data-reordered/all/Tyrone Lue, Popovich maoy mag-atbang sa All Star Game.txt
/Users/rl-14/Desktop/Celine-Thesis/all-data-reordered/all/Tyson gitangtanga'g bakus.txt
/Users/rl-14/Desktop/Celine-Thesis/all-data-reordered/all/Tyson mi-duso kang Trump.txt
/Users/rl-14/Desktop/Celine-Thesis/all-data-reordered/all/U.S. athletes mipahasubo sa Las Vegas.txt
/Users/rl-14/Desktop/Celine-Thesis/all-data-reordered/all/U.S. buot mokustodiya ni Ruhland.txt
/Users/rl-14/Desktop/Celine-Thesis/all-data-reordered/all/U.S. sud sa semis.txt
/Users/rl-14/Desktop/Celine-Thesis/all-data-reordered/all/U.S.A. nahudlat na sab batok Serbia.txt
/Users/rl-14/Desktop/Celine-Thesis/all-data-reordered/all/UA 3-on-3 Cebu, Abril 22-23.txt
/Users/rl-14/Desktop/Celine-Thesis/all-data-reordered/all/Ubanan daog sa Iligan Fiesta Chessfest.txt
/Users/rl-14/Desktop/Celine-Thesis/all-data-reordered/all/Ubang transport group di moapil sa transport strike sa Lunes.txt
/Users/rl-14/Desktop/Celine-Thesis/all-data-reordered/all/Ubay-ubay ka anti-drug operations napahigayon sa PDEA-12 sukad sa paglingkod sa bag-ong regional director.txt
/Users/rl-14/Desktop/Celine-Thesis/all-data-reordered/all/Ubay-ubay na ang nanguha sa Montierra.txt
/Users/rl-14/Desktop/Celine-Thesis/all-data-reordered/all/Uber gisuspenso sa LTFRB, miapelar, mipadagan na sab.txt
/Users/rl-14/Desktop/Celine-Thesis/all-data-reordered/all/Ubol-ubol gikitkit sa beautician.txt
/Users/rl-14/Desktop/Celine-Thesis/all-data-reordered/all/UC 3x3 team mohimamat ni Curry sa South Korea.txt
/Users/rl-14/Desktop/Celine-Thesis/all-data-reordered/all/UC di moapil sa Miloympics.txt
/Users/rl-14/Desktop/Celine-Thesis/all-data-reordered/all/UC jrs. finals tirada sa 2016 Cesafi.txt
/Users/rl-14/Desktop/Celine-Thesis/all-data-reordered/all/UC juniors kampyon sa Cabanero Cup Inter-HS.txt
/Users/rl-14/Desktop/Celine-Thesis/all-data-reordered/all/UC kampiyon.txt
/Users/rl-14/Desktop/Celine-Thesis/all-data-reordered/all/UC mipasabot sa ilang cash incentives sa topnotchers.txt
/Users/rl-14/Desktop/Celine-Thesis/all-data-reordered/all/UC mipildi sa UV sa Punta Princesa.txt
/Users/rl-14/Desktop/Celine-Thesis/all-data-reordered/all/UC moapil og balik sa Milo Little Olympics karong tuiga.txt
/Users/rl-14/Desktop/Celine-Thesis/all-data-reordered/all/UC mosuway og haros sa finals series batok UV.txt
/Users/rl-14/Desktop/Celine-Thesis/all-data-reordered/all/UC professor giila sa pagtuon sa blogging sa college students.txt
/Users/rl-14/Desktop/Celine-Thesis/all-data-reordered/all/UC Table Tennis team nalangkatan sa titulo.txt
/Users/rl-14/Desktop/Celine-Thesis/all-data-reordered/all/UC-HS batch 1980 reunion.txt
/Users/rl-14/Desktop/Celine-Thesis/all-data-reordered/all/UCM.Lhuillier 3rd sa Sinulog Cup 18  SunStar.txt
/Users/rl-14/Desktop/Celine-Thesis/all-data-reordered/all/UFC fighter mihagit ni Floyd Jr..txt
/Users/rl-14/Desktop/Celine-Thesis/all-data-reordered/all/UFC president dili mobabag sa Mayweather-McGregor.txt
/Users/rl-14/Desktop/Celine-Thesis/all-data-reordered/all/UFC president mihimakak nga gibalik na niya si McGregor.txt
/Users/rl-14/Desktop/Celine-Thesis/all-data-reordered/all/UFO o falling star ang nakit-an?.txt
/Users/rl-14/Desktop/Celine-Thesis/all-data-reordered/all/Uichico taktakunon sa KaTropa.txt
/Users/rl-14/Desktop/Celine-Thesis/all-data-reordered/all/Ulahi nang pagmahay sa tanod nga nasikop sa druga .txt
/Users/rl-14/Desktop/Celine-Thesis/all-data-reordered/all/Ulan nakatabang arun mihinay ang sunog sa Mt. Apo .txt
/Users/rl-14/Desktop/Celine-Thesis/all-data-reordered/all/Ulitawo gipakaulawan nag-sex og anay.txt
/Users/rl-14/Desktop/Celine-Thesis/all-data-reordered/all/Ulitawo mi-aparta sa away gi-atsa .txt
/Users/rl-14/Desktop/Celine-Thesis/all-data-reordered/all/Ulitawo mi-inom og hilo sa ilaga.txt
/Users/rl-14/Desktop/Celine-Thesis/all-data-reordered/all/Ulitawo naanod sa baha, patay.txt
/Users/rl-14/Desktop/Celine-Thesis/all-data-reordered/all/Ulitawo nag-internet, gipatay.txt
/Users/rl-14/Desktop/Celine-Thesis/all-data-reordered/all/Ulitawo napasok sa trak, patay.txt
/Users/rl-14/Desktop/Celine-Thesis/all-data-reordered/all/Ulitawo nga gikan inom,gi-urom patay sa CdeO?.txt
/Users/rl-14/Desktop/Celine-Thesis/all-data-reordered/all/Ulitawo nga gila-ay,naghikog-patay sa Camiguin.txt
/Users/rl-14/Desktop/Celine-Thesis/all-data-reordered/all/Ulitawo nga guwang gisud og sako, patay.txt
/Users/rl-14/Desktop/Celine-Thesis/all-data-reordered/all/Ulo sa lalaki na-ugbok, patay.txt
/Users/rl-14/Desktop/Celine-Thesis/all-data-reordered/all/UM nanguna paghisgut sa Pederalismo .txt
/Users/rl-14/Desktop/Celine-Thesis/all-data-reordered/all/Umaabot marino gibansay isip researchers.txt
/Users/rl-14/Desktop/Celine-Thesis/all-data-reordered/all/Umapad dumpsite gipasirad-an na.txt
/Users/rl-14/Desktop/Celine-Thesis/all-data-reordered/all/Umento sa minimum nga suholan moepekto karon.txt
/Users/rl-14/Desktop/Celine-Thesis/all-data-reordered/all/Umento sa multa sa traffic violation giduso.txt
/Users/rl-14/Desktop/Celine-Thesis/all-data-reordered/all/Umento sa suweldo gipangayo.txt
/Users/rl-14/Desktop/Celine-Thesis/all-data-reordered/all/Umpad Bros. sakop sa Sadaya Drug group.txt
/Users/rl-14/Desktop/Celine-Thesis/all-data-reordered/all/UN ave., Plaridel st. di na pahunongan,  di pakanaugan.txt
/Users/rl-14/Desktop/Celine-Thesis/all-data-reordered/all/UN avenue miluag sukad sa no stopping sa Team.txt
/Users/rl-14/Desktop/Celine-Thesis/all-data-reordered/all/Una nga 24-hrs library sa Pilipinas nakatakda nga ablihan karong Biyernes ug sa Cebu lang kini makita.txt
/Users/rl-14/Desktop/Celine-Thesis/all-data-reordered/all/Unaha ang simba usa Valentine’s.txt
/Users/rl-14/Desktop/Celine-Thesis/all-data-reordered/all/Unang adlaw sa ASEAN Summit malinawon: PRO 7.txt
/Users/rl-14/Desktop/Celine-Thesis/all-data-reordered/all/Unang adlaw sa Misa de Gallo malinawon.txt
/Users/rl-14/Desktop/Celine-Thesis/all-data-reordered/all/Unang adlaw sa pag-abli sa kapistahan ni Sr. Sto. Nino, gidagsa sa 80,000 ka tao; Ubay-ubay nga kausaban ipatuman, Selfie gidili na.txt
/Users/rl-14/Desktop/Celine-Thesis/all-data-reordered/all/Unang babaye GM sa Pilipinas,  Torre miabot na.txt
/Users/rl-14/Desktop/Celine-Thesis/all-data-reordered/all/Unang babayeng coach sa NBA summer league mipakampyon sa Spurs.txt
/Users/rl-14/Desktop/Celine-Thesis/all-data-reordered/all/Unang bulawan sa Davao.txt
/Users/rl-14/Desktop/Celine-Thesis/all-data-reordered/all/Unang bulawan, gipupo sa DavNor.txt
/Users/rl-14/Desktop/Celine-Thesis/all-data-reordered/all/Unang bulawan.txt
/Users/rl-14/Desktop/Celine-Thesis/all-data-reordered/all/Unang commercial flight.txt
/Users/rl-14/Desktop/Celine-Thesis/all-data-reordered/all/Unang dugo! .txt
/Users/rl-14/Desktop/Celine-Thesis/all-data-reordered/all/Unang duwa sa entablado sa TCC.txt
/Users/rl-14/Desktop/Celine-Thesis/all-data-reordered/all/Unang finals ni Alcantara .txt
/Users/rl-14/Desktop/Celine-Thesis/all-data-reordered/all/Unang ice tea gikan sa kamunggay gipaila dinhi sa Sugbo.txt
/Users/rl-14/Desktop/Celine-Thesis/all-data-reordered/all/Unang inter-public school tournament.txt
/Users/rl-14/Desktop/Celine-Thesis/all-data-reordered/all/Unang international ni Fernandez.txt
/Users/rl-14/Desktop/Celine-Thesis/all-data-reordered/all/Unang pagdepensa.txt
/Users/rl-14/Desktop/Celine-Thesis/all-data-reordered/all/Unang Pinoy movie sa 2018.txt
/Users/rl-14/Desktop/Celine-Thesis/all-data-reordered/all/Unang public hearing sa re-application sa STL sa GenSan, ipahigayon ning adlawa.txt
/Users/rl-14/Desktop/Celine-Thesis/all-data-reordered/all/Unang titulo ang tuyo: Big 3 sa OKC.txt
/Users/rl-14/Desktop/Celine-Thesis/all-data-reordered/all/Unang youth congress sa Lapu-Lapu.txt
/Users/rl-14/Desktop/Celine-Thesis/all-data-reordered/all/Unang ‘containerized’ data center  sa Pilipinas.txt
/Users/rl-14/Desktop/Celine-Thesis/all-data-reordered/all/Underpass iuswag: MCCI.txt
/Users/rl-14/Desktop/Celine-Thesis/all-data-reordered/all/Underpass sa N. Bacalso sugdan na .txt
/Users/rl-14/Desktop/Celine-Thesis/all-data-reordered/all/Underpass sa UN Avenue dugay pa sugdan.txt
/Users/rl-14/Desktop/Celine-Thesis/all-data-reordered/all/Underwater cave nadiskubrehan .txt
/Users/rl-14/Desktop/Celine-Thesis/all-data-reordered/all/Ungab `nagdawatan’ kang Kerwin: Albuera PNP chief.txt
/Users/rl-14/Desktop/Celine-Thesis/all-data-reordered/all/Ungab gihulga nianang buntag nga siya gipatay.txt
/Users/rl-14/Desktop/Celine-Thesis/all-data-reordered/all/Ungab mihimakak nga protector.txt
/Users/rl-14/Desktop/Celine-Thesis/all-data-reordered/all/Ungab moisnab na og drug case.txt
/Users/rl-14/Desktop/Celine-Thesis/all-data-reordered/all/Unification fight maoy gusto ni Nietes.txt
/Users/rl-14/Desktop/Celine-Thesis/all-data-reordered/all/Univille Homes football, Aug. 8-9.txt
/Users/rl-14/Desktop/Celine-Thesis/all-data-reordered/all/Unom namatay sa dengue sa Talisay.txt
/Users/rl-14/Desktop/Celine-Thesis/all-data-reordered/all/Unsa ka daghan ang uwan sa Huwebes sa gabii.txt
/Users/rl-14/Desktop/Celine-Thesis/all-data-reordered/all/Unsa kahay motibo?.txt
/Users/rl-14/Desktop/Celine-Thesis/all-data-reordered/all/Unsa nga jersey ang iretiro ni Kobe sa LA?.txt
/Users/rl-14/Desktop/Celine-Thesis/all-data-reordered/all/Unsaon pagkuha’g Philippine Passport?.txt
/Users/rl-14/Desktop/Celine-Thesis/all-data-reordered/all/Unsaon paglikay nga mamabdos?.txt
/Users/rl-14/Desktop/Celine-Thesis/all-data-reordered/all/Unsay ayo sa Year of the Dog.txt
/Users/rl-14/Desktop/Celine-Thesis/all-data-reordered/all/Unsay hinungdan sa pagkahugno sa bunkhouse?.txt
/Users/rl-14/Desktop/Celine-Thesis/all-data-reordered/all/Unsay inyong unahon og tan-aw sa MMFF?.txt
/Users/rl-14/Desktop/Celine-Thesis/all-data-reordered/all/Unsay koneksyon sa “semicolon” sa hikug?.txt
/Users/rl-14/Desktop/Celine-Thesis/all-data-reordered/all/Unsay tambag ni Vidal kang Villarojo.txt
/Users/rl-14/Desktop/Celine-Thesis/all-data-reordered/all/Upat ka mayor, ABC pres gireklamo; Magpale di interesado moimbestigar.txt
/Users/rl-14/Desktop/Celine-Thesis/all-data-reordered/all/Upat ka mga Warriors dunganon pagpasulod?.txt
/Users/rl-14/Desktop/Celine-Thesis/all-data-reordered/all/Upat ka-tao, patay human natabunan sa landslide sa Maragusan, Compostela Valley.txt
/Users/rl-14/Desktop/Celine-Thesis/all-data-reordered/all/Urdaneta mibulsa og titulo sa 5th Nat'l Bike Challenge.txt
/Users/rl-14/Desktop/Celine-Thesis/all-data-reordered/all/Urduja hinay nag-irog; andam sa hulga.txt
/Users/rl-14/Desktop/Celine-Thesis/all-data-reordered/all/US batok Spain.txt
/Users/rl-14/Desktop/Celine-Thesis/all-data-reordered/all/US citizen, mituo nga padayon pang mapalambo ni Pres. Donald Trump ang ekonomiya.txt
/Users/rl-14/Desktop/Celine-Thesis/all-data-reordered/all/US embassy  dunay travel advisory sa Cebu, CV.txt
/Users/rl-14/Desktop/Celine-Thesis/all-data-reordered/all/US mansion ni Sharon gipalit sa higala ni Adam Sandler .txt
/Users/rl-14/Desktop/Celine-Thesis/all-data-reordered/all/US, Phil. Navy mihimo og hiniusang training.txt
/Users/rl-14/Desktop/Celine-Thesis/all-data-reordered/all/US, Serbia sa finals.txt
/Users/rl-14/Desktop/Celine-Thesis/all-data-reordered/all/Usa ka barangay sa Tubod, Surigao del Norte, nalunupan og tubig nga duna’y sagol lapok nga gitu-uhang gikan sa usa ka mining company.txt
/Users/rl-14/Desktop/Celine-Thesis/all-data-reordered/all/Usa ka coffee shop nga gipasirado sa BIR, subli nang gi-abrihan.txt
/Users/rl-14/Desktop/Celine-Thesis/all-data-reordered/all/Usa ka daug nalang.txt
/Users/rl-14/Desktop/Celine-Thesis/all-data-reordered/all/Usa ka negosyante nga kanhi drug surenderee, sikop; mga pusil, bala og shabu nakumpiska.txt
/Users/rl-14/Desktop/Celine-Thesis/all-data-reordered/all/Usa ka squad leader ug miyembro sa NPA, mitahan sa Malapatan, Sarangani.txt
/Users/rl-14/Desktop/Celine-Thesis/all-data-reordered/all/Usa kritikal, 4 samaron human gibanggaan sa mini dump truck ang motorsiklo.txt
/Users/rl-14/Desktop/Celine-Thesis/all-data-reordered/all/Usa na sab ka silver kang Lozada.txt
/Users/rl-14/Desktop/Celine-Thesis/all-data-reordered/all/Usa pa ka daug pagtapos sa tuig.txt
/Users/rl-14/Desktop/Celine-Thesis/all-data-reordered/all/Usa patay og usa na-amnesia human ang vehicular accident sa Agusan del Norte.txt
/Users/rl-14/Desktop/Celine-Thesis/all-data-reordered/all/Usa sa 6 nga ‘mikulata’ sa bayot mitahan sa kapitan.txt
/Users/rl-14/Desktop/Celine-Thesis/all-data-reordered/all/Usa sa 9 ka suspek mihinlo sa iyang ngalan.txt
/Users/rl-14/Desktop/Celine-Thesis/all-data-reordered/all/Usa sa mga suspek sa pagpamusil-patay giila.txt
/Users/rl-14/Desktop/Celine-Thesis/all-data-reordered/all/Usab-usab nga singil sa kuryente gitagaa'g katin-awan sa Dasureco .txt
/Users/rl-14/Desktop/Celine-Thesis/all-data-reordered/all/Usaka libo ka mga condo units ihatag ni Pangulonhg Duterte sa mga kanhi rebeldi.txt
/Users/rl-14/Desktop/Celine-Thesis/all-data-reordered/all/Usbaw pension sa SSS madawat sa Pebrero .txt
/Users/rl-14/Desktop/Celine-Thesis/all-data-reordered/all/USC director: ‘Academic Librarian of the Year’.txt
/Users/rl-14/Desktop/Celine-Thesis/all-data-reordered/all/USC import na-ospital.txt
/Users/rl-14/Desktop/Celine-Thesis/all-data-reordered/all/USC, UV vs. Luzon teams.txt
/Users/rl-14/Desktop/Celine-Thesis/all-data-reordered/all/USC-Bed maoy overall champion.txt
/Users/rl-14/Desktop/Celine-Thesis/all-data-reordered/all/USC-NABC summer league sugdan na.txt
/Users/rl-14/Desktop/Celine-Thesis/all-data-reordered/all/USJ-R kaging sa UC.txt
/Users/rl-14/Desktop/Celine-Thesis/all-data-reordered/all/USJ-R Librarian gitudlo nga ambahador sa librarian group.txt
/Users/rl-14/Desktop/Celine-Thesis/all-data-reordered/all/USJ-R mi-host sa pagbansay sa magtutudlo sa regions 7, 8 .txt
/Users/rl-14/Desktop/Celine-Thesis/all-data-reordered/all/USJ-R team midaug sa 13th Sweep.txt
/Users/rl-14/Desktop/Celine-Thesis/all-data-reordered/all/USJ-R vs. FEU; UV Batok HTC.txt
/Users/rl-14/Desktop/Celine-Thesis/all-data-reordered/all/USJ-RMay Abuhan mipildi sa UV-ARQ  SunStar.txt
/Users/rl-14/Desktop/Celine-Thesis/all-data-reordered/all/USPF apil sa Asia Pacific UGames.txt
/Users/rl-14/Desktop/Celine-Thesis/all-data-reordered/all/USPF inilog sa Leyte Fiesta Cup.txt
/Users/rl-14/Desktop/Celine-Thesis/all-data-reordered/all/USPF kampyon sa National Beach Volley sa Boracay.txt
/Users/rl-14/Desktop/Celine-Thesis/all-data-reordered/all/USTP community:”Hustisya alang kang Rotoras”.txt
/Users/rl-14/Desktop/Celine-Thesis/all-data-reordered/all/USTP,dismayado sa hinay SITG-Rotoras investigation.txt
/Users/rl-14/Desktop/Celine-Thesis/all-data-reordered/all/USTP,mi-kondinar sa Manila based contractor.txt
/Users/rl-14/Desktop/Celine-Thesis/all-data-reordered/all/USTP,modangop sa Ombudsman vs contractor.txt
/Users/rl-14/Desktop/Celine-Thesis/all-data-reordered/all/Utang baylo sa pagkalalaki.txt
/Users/rl-14/Desktop/Celine-Thesis/all-data-reordered/all/Utility companies pakuhaon og permit.txt
/Users/rl-14/Desktop/Celine-Thesis/all-data-reordered/all/Utlanan tali sa mga barangay buot ipaklaro.txt
/Users/rl-14/Desktop/Celine-Thesis/all-data-reordered/all/UV Lancers 2-0 ang target vs. USC Warriors.txt
/Users/rl-14/Desktop/Celine-Thesis/all-data-reordered/all/UV midominar sa Milo SPB, Passarelle division.txt
/Users/rl-14/Desktop/Celine-Thesis/all-data-reordered/all/UV misuspenso sa usa sa ilang player.txt
/Users/rl-14/Desktop/Celine-Thesis/all-data-reordered/all/UV nakakaplag og mga haligi.txt
/Users/rl-14/Desktop/Celine-Thesis/all-data-reordered/all/UV nakatabla.txt
/Users/rl-14/Desktop/Celine-Thesis/all-data-reordered/all/UV Passarelle, SBP coach gisuspenso.txt
/Users/rl-14/Desktop/Celine-Thesis/all-data-reordered/all/UV sportsmanship awardee sa SBP.txt
/Users/rl-14/Desktop/Celine-Thesis/all-data-reordered/all/UV, SHS magtiwas.txt
/Users/rl-14/Desktop/Celine-Thesis/all-data-reordered/all/UV, USJR mangatak.txt
/Users/rl-14/Desktop/Celine-Thesis/all-data-reordered/all/UV-USC championship rematch sugdan gilayon karong hapon.txt
/Users/rl-14/Desktop/Celine-Thesis/all-data-reordered/all/UV: mobalik pagdominar.txt
/Users/rl-14/Desktop/Celine-Thesis/all-data-reordered/all/UVSG ARQ vs. UCM.Lhuillier  SunStar.txt
/Users/rl-14/Desktop/Celine-Thesis/all-data-reordered/all/Uy namugos nga gi-veto ni Moreno ang minilyong budget insertion sa CdeO.txt
/Users/rl-14/Desktop/Celine-Thesis/all-data-reordered/all/Uyab ni Jomari imbiyerna kang Aiko?.txt
/Users/rl-14/Desktop/Celine-Thesis/all-data-reordered/all/Uyab sa asawa gipatay sa bana.txt
/Users/rl-14/Desktop/Celine-Thesis/all-data-reordered/all/Uyab sa babaye nga gipatay sa Talisay nasikop sa Zamboanga.txt
/Users/rl-14/Desktop/Celine-Thesis/all-data-reordered/all/Uyab sa gi-gang rape mitahan .txt
/Users/rl-14/Desktop/Celine-Thesis/all-data-reordered/all/Uyo-an nakabsan na sa kinabuhi.txt
/Users/rl-14/Desktop/Celine-Thesis/all-data-reordered/all/Uyoan napatay sa pag-umangkon sa Oro.txt
/Users/rl-14/Desktop/Celine-Thesis/all-data-reordered/all/Uyoan, pag-umangkon patay.txt
/Users/rl-14/Desktop/Celine-Thesis/all-data-reordered/all/Uyon, apan gidak-an ra.txt
/Users/rl-14/Desktop/Celine-Thesis/all-data-reordered/all/Uyuan gitigbas sa pag-umangkon.txt
/Users/rl-14/Desktop/Celine-Thesis/all-data-reordered/all/V-hire Terminal pasirhan sa Konseho; Osmeña supak.txt
/Users/rl-14/Desktop/Celine-Thesis/all-data-reordered/all/Val Chiong mipasabot sa konseho, mga kapitan.txt
/Users/rl-14/Desktop/Celine-Thesis/all-data-reordered/all/Val Sandiego, unsay iyang gipangayo ni Sr. Santo Nino?.txt
/Users/rl-14/Desktop/Celine-Thesis/all-data-reordered/all/Valdez mo-try out alang national team.txt
/Users/rl-14/Desktop/Celine-Thesis/all-data-reordered/all/Valdez target ni Tepora.txt
/Users/rl-14/Desktop/Celine-Thesis/all-data-reordered/all/Valentine's Day Special: Lipstick.txt
/Users/rl-14/Desktop/Celine-Thesis/all-data-reordered/all/Valentine's Flash Mob masaksihan sa Lapu-Lapu.txt
/Users/rl-14/Desktop/Celine-Thesis/all-data-reordered/all/Valentine’s Day buot himuong National Family Day ni Kong. Abellanosa.txt
/Users/rl-14/Desktop/Celine-Thesis/all-data-reordered/all/Valentine’s gift ni Guardo.txt
/Users/rl-14/Desktop/Celine-Thesis/all-data-reordered/all/Valero miretener sa iyang bakos.txt
/Users/rl-14/Desktop/Celine-Thesis/all-data-reordered/all/Validity sa lisensiya sugdan sa Nobiyemre.txt
/Users/rl-14/Desktop/Celine-Thesis/all-data-reordered/all/Vallacar patubagon sa LTFRB sa bangga.txt
/Users/rl-14/Desktop/Celine-Thesis/all-data-reordered/all/Vallena: Ang biseklita.txt
/Users/rl-14/Desktop/Celine-Thesis/all-data-reordered/all/Vallena: Atake sa mga habalhabal.txt
/Users/rl-14/Desktop/Celine-Thesis/all-data-reordered/all/Vallena: Nagkita na gyud mi.txt
/Users/rl-14/Desktop/Celine-Thesis/all-data-reordered/all/Valles nibida sa 6th win streak sa Gamba 97.txt
/Users/rl-14/Desktop/Celine-Thesis/all-data-reordered/all/Van nahulog sa kanal; 3 patay.txt
/Users/rl-14/Desktop/Celine-Thesis/all-data-reordered/all/Van-for-hire ipa accredit sa PTO?.txt
/Users/rl-14/Desktop/Celine-Thesis/all-data-reordered/all/Vargas 6 rounds ra, matod sa trainer.txt
/Users/rl-14/Desktop/Celine-Thesis/all-data-reordered/all/Vargas bag-ong president sa POC.txt
/Users/rl-14/Desktop/Celine-Thesis/all-data-reordered/all/Vargas di pa final nga kontra: Pacman.txt
/Users/rl-14/Desktop/Celine-Thesis/all-data-reordered/all/Vargas dili moatras batok ni Pacquiao.txt
/Users/rl-14/Desktop/Celine-Thesis/all-data-reordered/all/Vargas ma-knockout: Roach.txt
/Users/rl-14/Desktop/Celine-Thesis/all-data-reordered/all/Vargas maoy target ni Horn kon dili gyud modayon si Pacquiao.txt
/Users/rl-14/Desktop/Celine-Thesis/all-data-reordered/all/Vargas masaligon; Pacman malukapa.txt
/Users/rl-14/Desktop/Celine-Thesis/all-data-reordered/all/Vargas masurprisa.txt
/Users/rl-14/Desktop/Celine-Thesis/all-data-reordered/all/Vargas mibahad nga Pacquiao dili atrasan.txt
/Users/rl-14/Desktop/Celine-Thesis/all-data-reordered/all/Vargas wa’y porsiyento modaog batok Pacquiao -- Peñalosa.txt
/Users/rl-14/Desktop/Celine-Thesis/all-data-reordered/all/VAWC sa Davao 'misaka'.txt
/Users/rl-14/Desktop/Celine-Thesis/all-data-reordered/all/VBDP sa brgy. gi-aprobahan sa Konseho.txt
/Users/rl-14/Desktop/Celine-Thesis/all-data-reordered/all/Veco miayo sa electrical system sa merkado publiko.txt
/Users/rl-14/Desktop/Celine-Thesis/all-data-reordered/all/Veco mipahigayon og coastal clean-up.txt
/Users/rl-14/Desktop/Celine-Thesis/all-data-reordered/all/Veco mipanindot sa Cansaga Playground .txt
/Users/rl-14/Desktop/Celine-Thesis/all-data-reordered/all/Veco misaulog sa ika-113 anibersaryo.txt
/Users/rl-14/Desktop/Celine-Thesis/all-data-reordered/all/Veco misugod sa ikaduhang hugna sa paglubong sa kable.txt
/Users/rl-14/Desktop/Celine-Thesis/all-data-reordered/all/Veco mitanyag og summer jobs.txt
/Users/rl-14/Desktop/Celine-Thesis/all-data-reordered/all/Veco mopasaka sa bayranan.txt
/Users/rl-14/Desktop/Celine-Thesis/all-data-reordered/all/Veco nagtukod og dugang sub-station.txt
/Users/rl-14/Desktop/Celine-Thesis/all-data-reordered/all/VECO sa DSWD 7 Home for Girls.txt
/Users/rl-14/Desktop/Celine-Thesis/all-data-reordered/all/Veco service center sa SM sirhan sa Oktubre.txt
/Users/rl-14/Desktop/Celine-Thesis/all-data-reordered/all/Veco ug Silid Pangarap.txt
/Users/rl-14/Desktop/Celine-Thesis/all-data-reordered/all/Velasco: Pinoy boxers basin makagold sa Olympics.txt
/Users/rl-14/Desktop/Celine-Thesis/all-data-reordered/all/Vendor morehistro aron makabaligya.txt
/Users/rl-14/Desktop/Celine-Thesis/all-data-reordered/all/Vendors makabalik pagtinda.txt
/Users/rl-14/Desktop/Celine-Thesis/all-data-reordered/all/Vera gusto mahimong senador.txt
/Users/rl-14/Desktop/Celine-Thesis/all-data-reordered/all/Vera madasigon.txt
/Users/rl-14/Desktop/Celine-Thesis/all-data-reordered/all/Vera milangkat sa ONE heavyweight title.txt
/Users/rl-14/Desktop/Celine-Thesis/all-data-reordered/all/Vera moabli’g MMA gym sa Manila.txt
/Users/rl-14/Desktop/Celine-Thesis/all-data-reordered/all/Vera molansar sa 2019.txt
/Users/rl-14/Desktop/Celine-Thesis/all-data-reordered/all/Vera vs. Parry sa ONE FC.txt
/Users/rl-14/Desktop/Celine-Thesis/all-data-reordered/all/Vera wa’y pahuway.txt
/Users/rl-14/Desktop/Celine-Thesis/all-data-reordered/all/Verification sa mga signatories sa recall petition sa vice mayor sa Cabadbaran City, gisugdan na.txt
/Users/rl-14/Desktop/Celine-Thesis/all-data-reordered/all/Veterans’ move.txt
/Users/rl-14/Desktop/Celine-Thesis/all-data-reordered/all/Veterinary office mikita og P7M.txt
/Users/rl-14/Desktop/Celine-Thesis/all-data-reordered/all/VFS TasHeel International miabli sa Sugbo.txt
/Users/rl-14/Desktop/Celine-Thesis/all-data-reordered/all/Vhong gikasohan nasab og rape.txt
/Users/rl-14/Desktop/Celine-Thesis/all-data-reordered/all/Vhong hadlok gihapon kang Cedric.txt
/Users/rl-14/Desktop/Celine-Thesis/all-data-reordered/all/Vic Enterprises dili na makabalik og abli sa ilang tindahan sa Mabolo.txt
/Users/rl-14/Desktop/Celine-Thesis/all-data-reordered/all/Vic Enterprises sa Mabolo pabalhinon ni Osmeña.txt
/Users/rl-14/Desktop/Celine-Thesis/all-data-reordered/all/Vic Manuel napiling Player of the Week.txt
/Users/rl-14/Desktop/Celine-Thesis/all-data-reordered/all/Vice dugay nang nakapasaylo sa nipatay sa iyang amahan.txt
/Users/rl-14/Desktop/Celine-Thesis/all-data-reordered/all/Vice Ganda ug Coco mag-uban gihapon sa MMFF   .txt
/Users/rl-14/Desktop/Celine-Thesis/all-data-reordered/all/Vice Ganda: I'm inlove! .txt
/Users/rl-14/Desktop/Celine-Thesis/all-data-reordered/all/Vice gilusad ang iyang cosmetic line via concert .txt
/Users/rl-14/Desktop/Celine-Thesis/all-data-reordered/all/Vice gisaway ang mga kandidato.txt
/Users/rl-14/Desktop/Celine-Thesis/all-data-reordered/all/Vice himuong seryoso nga singer ni Ogie.txt
/Users/rl-14/Desktop/Celine-Thesis/all-data-reordered/all/Vice Mayor’s League of the Philippines Cebu Chapter, gikondenar ang pagpatay ni Atty Jonnah John Ungab.txt
/Users/rl-14/Desktop/Celine-Thesis/all-data-reordered/all/Vice nag-sorry kang Tony Calvento.txt
/Users/rl-14/Desktop/Celine-Thesis/all-data-reordered/all/Vice nakauyab og showbiz guy  SunStar.txt
/Users/rl-14/Desktop/Celine-Thesis/all-data-reordered/all/Vice ug Coco balik pwersa sa MMFF .txt
/Users/rl-14/Desktop/Celine-Thesis/all-data-reordered/all/Vice, Karylle, Iza nanan-aw sa concert ni Justin Bieber.txt
/Users/rl-14/Desktop/Celine-Thesis/all-data-reordered/all/Vice-Coco movie gikatakda.txt
/Users/rl-14/Desktop/Celine-Thesis/all-data-reordered/all/Vickie Rushton ideal girl ni Jason.txt
/Users/rl-14/Desktop/Celine-Thesis/all-data-reordered/all/Victor Villanueva, One-on-one sa direktor sa ‘Patay na si Hesus’.txt
/Users/rl-14/Desktop/Celine-Thesis/all-data-reordered/all/Vidal 'semi-comatose'.txt
/Users/rl-14/Desktop/Celine-Thesis/all-data-reordered/all/Video ni Alden  nag-viral.txt
/Users/rl-14/Desktop/Celine-Thesis/all-data-reordered/all/Video scandal ni Bernard gipiyestahan.txt
/Users/rl-14/Desktop/Celine-Thesis/all-data-reordered/all/Villaba gideklarar nga insurgency free.txt
/Users/rl-14/Desktop/Celine-Thesis/all-data-reordered/all/Villanueva gibaharan ni Tete pahawkon sa kanbas  SunStar.txt
/Users/rl-14/Desktop/Celine-Thesis/all-data-reordered/all/Villanueva nakadawat og tambag ni Roach.txt
/Users/rl-14/Desktop/Celine-Thesis/all-data-reordered/all/Villanueva napakyas.txt
/Users/rl-14/Desktop/Celine-Thesis/all-data-reordered/all/Villanueva vs. Arroyo: 50-50.txt
/Users/rl-14/Desktop/Celine-Thesis/all-data-reordered/all/Villar misuroy sa Ormoc.txt
/Users/rl-14/Desktop/Celine-Thesis/all-data-reordered/all/Villarante mipasidaan bahin sa plano nga ipapribado ang ihawan, merkado.txt
/Users/rl-14/Desktop/Celine-Thesis/all-data-reordered/all/Villareal: Federalism.txt
/Users/rl-14/Desktop/Celine-Thesis/all-data-reordered/all/Villariasa: Kaon ta: Rekado, usa ka tuig na!.txt
/Users/rl-14/Desktop/Celine-Thesis/all-data-reordered/all/Vilma milaban sa iyang anak.txt
/Users/rl-14/Desktop/Celine-Thesis/all-data-reordered/all/Vilma Santos todo dayeg kay Jessy Mendiola.txt
/Users/rl-14/Desktop/Celine-Thesis/all-data-reordered/all/Viloria batok P4P king.txt
/Users/rl-14/Desktop/Celine-Thesis/all-data-reordered/all/Viloria gusto og rematch.txt
/Users/rl-14/Desktop/Celine-Thesis/all-data-reordered/all/Viloria midaog sa Japan.txt
/Users/rl-14/Desktop/Celine-Thesis/all-data-reordered/all/Vin echapwera sa Singko?.txt
/Users/rl-14/Desktop/Celine-Thesis/all-data-reordered/all/Vina di usikan og panahon si Cedric.txt
/Users/rl-14/Desktop/Celine-Thesis/all-data-reordered/all/Vina gitawag og ‘palingkera’.txt
/Users/rl-14/Desktop/Celine-Thesis/all-data-reordered/all/Vina mag-atubang og patong-patong nga kaso.txt
/Users/rl-14/Desktop/Celine-Thesis/all-data-reordered/all/Vina nagpakahilom sa kontrobersya.txt
/Users/rl-14/Desktop/Celine-Thesis/all-data-reordered/all/Vina namakak - Cedric.txt
/Users/rl-14/Desktop/Celine-Thesis/all-data-reordered/all/Vina never atrasan ang ex-partner.txt
/Users/rl-14/Desktop/Celine-Thesis/all-data-reordered/all/Vintage bomb wa mapabuto .txt
/Users/rl-14/Desktop/Celine-Thesis/all-data-reordered/all/Vintage Jomags nangulo sa kadaugan sa Vincyne v. Barili.txt
/Users/rl-14/Desktop/Celine-Thesis/all-data-reordered/all/Viral sa FB nangulata gikasohan.txt
/Users/rl-14/Desktop/Celine-Thesis/all-data-reordered/all/Visaya personal nga mibabay sa 4ID .txt
/Users/rl-14/Desktop/Celine-Thesis/all-data-reordered/all/Visayanian, UV Law Class ‘63 reunion.txt
/Users/rl-14/Desktop/Celine-Thesis/all-data-reordered/all/Visayas Open Tourney sugdan sunod buwan .txt
/Users/rl-14/Desktop/Celine-Thesis/all-data-reordered/all/Viva manawat na og song entries.txt
/Users/rl-14/Desktop/Celine-Thesis/all-data-reordered/all/Viva may bag-ong foreign male artist.txt
/Users/rl-14/Desktop/Celine-Thesis/all-data-reordered/all/Viva! Pit Senyor!.txt
/Users/rl-14/Desktop/Celine-Thesis/all-data-reordered/all/VM Labella, Dino mihatag og tabang  .txt
/Users/rl-14/Desktop/Celine-Thesis/all-data-reordered/all/VMM ibutang sa panagatan.txt
/Users/rl-14/Desktop/Celine-Thesis/all-data-reordered/all/Voltes 5, Magnificent 7 magkausa, asoy ni Sy.txt
/Users/rl-14/Desktop/Celine-Thesis/all-data-reordered/all/VRA gihimo sa MGB 7 sa 12 ka mga lugar .txt
/Users/rl-14/Desktop/Celine-Thesis/all-data-reordered/all/Wa gihapon mohubas ang baha sa Basak.txt
/Users/rl-14/Desktop/Celine-Thesis/all-data-reordered/all/Wa gihapo’y sama.txt
/Users/rl-14/Desktop/Celine-Thesis/all-data-reordered/all/Wa ka-sex sa asawa modemanda.txt
/Users/rl-14/Desktop/Celine-Thesis/all-data-reordered/all/Wa magkasinabot.txt
/Users/rl-14/Desktop/Celine-Thesis/all-data-reordered/all/Wa makolekta nga mga basura sulbaron .txt
/Users/rl-14/Desktop/Celine-Thesis/all-data-reordered/all/Wa mamahin, sa halin, misis gitipi sa bana.txt
/Users/rl-14/Desktop/Celine-Thesis/all-data-reordered/all/Wa matalaw.txt
/Users/rl-14/Desktop/Celine-Thesis/all-data-reordered/all/Wa mi patukar og balik: Backflip.txt
/Users/rl-14/Desktop/Celine-Thesis/all-data-reordered/all/Wa mibayad sa beer gipriso .txt
/Users/rl-14/Desktop/Celine-Thesis/all-data-reordered/all/Wa nagpasakay giluba.txt
/Users/rl-14/Desktop/Celine-Thesis/all-data-reordered/all/Wa nako ilara ang mga boxing fans: Pacquiao.txt
/Users/rl-14/Desktop/Celine-Thesis/all-data-reordered/all/Wa nay Lingap program.txt
/Users/rl-14/Desktop/Celine-Thesis/all-data-reordered/all/Wa nay lugway sa ilegal nga mga manindahay.txt
/Users/rl-14/Desktop/Celine-Thesis/all-data-reordered/all/Wa nay settlement sa kalapasan sa trapiko.txt
/Users/rl-14/Desktop/Celine-Thesis/all-data-reordered/all/Wa pa matino: Casiban naghikog o gipatay.txt
/Users/rl-14/Desktop/Celine-Thesis/all-data-reordered/all/Wa pay final decision.txt
/Users/rl-14/Desktop/Celine-Thesis/all-data-reordered/all/Wa pay ikapuli kang 'Damgo'; lubong maoy unahon: Marcial.txt
/Users/rl-14/Desktop/Celine-Thesis/all-data-reordered/all/Wa sa hurisdeksyon sa dakbayan: Tibon.txt
/Users/rl-14/Desktop/Celine-Thesis/all-data-reordered/all/Wa siya’y gidapigan.txt
/Users/rl-14/Desktop/Celine-Thesis/all-data-reordered/all/Wa una’y interbyu.txt
/Users/rl-14/Desktop/Celine-Thesis/all-data-reordered/all/Wa'y kaluya.txt
/Users/rl-14/Desktop/Celine-Thesis/all-data-reordered/all/Wa'y undangay sa pag-ensayo.txt
/Users/rl-14/Desktop/Celine-Thesis/all-data-reordered/all/Wade gipamulta.txt
/Users/rl-14/Desktop/Celine-Thesis/all-data-reordered/all/Wade mobiya sa Bulls; posibling makigkauban og balik ni James.txt
/Users/rl-14/Desktop/Celine-Thesis/all-data-reordered/all/Wade nibalhin sa Bulls.txt
/Users/rl-14/Desktop/Celine-Thesis/all-data-reordered/all/Wade pabilin sa Heat.txt
/Users/rl-14/Desktop/Celine-Thesis/all-data-reordered/all/Wade wa morespeto sa nat’l anthem sa Canada?.txt
/Users/rl-14/Desktop/Celine-Thesis/all-data-reordered/all/Wade, James mag-uban .txt
/Users/rl-14/Desktop/Celine-Thesis/all-data-reordered/all/Wade-James reunion mianinaw.txt
/Users/rl-14/Desktop/Celine-Thesis/all-data-reordered/all/Wadhus Quality Store 80 ka tuig na sa negosyo .txt
/Users/rl-14/Desktop/Celine-Thesis/all-data-reordered/all/Wagdos, Barit kampeyon  .txt
/Users/rl-14/Desktop/Celine-Thesis/all-data-reordered/all/Wage petition di pa tagdon: RTWPB.txt
/Users/rl-14/Desktop/Celine-Thesis/all-data-reordered/all/Waiter patay sa bangga.txt
/Users/rl-14/Desktop/Celine-Thesis/all-data-reordered/all/Waiting areas sa TRaysikol, sikad ipabalhin.txt
/Users/rl-14/Desktop/Celine-Thesis/all-data-reordered/all/Wakee nagtuo'ng ma-knockout ni Pacquiao si Vargas .txt
/Users/rl-14/Desktop/Celine-Thesis/all-data-reordered/all/Wala gipa-sex nag-wild, mipatay.txt
/Users/rl-14/Desktop/Celine-Thesis/all-data-reordered/all/Wala ka ‘score’ sa sex naglasong  .txt
/Users/rl-14/Desktop/Celine-Thesis/all-data-reordered/all/Wala madayong 'cash gift' sa pulis gikadismaya .txt
/Users/rl-14/Desktop/Celine-Thesis/all-data-reordered/all/Wala mitahan sa Tokhang sikop sa drug bust.txt
/Users/rl-14/Desktop/Celine-Thesis/all-data-reordered/all/Wala mobayad sa traffic penalty sa dakbayan sa Talisay ipangkiha.txt
/Users/rl-14/Desktop/Celine-Thesis/all-data-reordered/all/Wala nag-condom gipadakop.txt
/Users/rl-14/Desktop/Celine-Thesis/all-data-reordered/all/Wala nay brownout sa Mindanao.txt
/Users/rl-14/Desktop/Celine-Thesis/all-data-reordered/all/Wala nay Pinay sa Aiba boxing.txt
/Users/rl-14/Desktop/Celine-Thesis/all-data-reordered/all/Wala Nay Sibogay Niining Pederalismo.txt
/Users/rl-14/Desktop/Celine-Thesis/all-data-reordered/all/Wala nay ugma alang sa Tagoloan, Balingasag.txt
/Users/rl-14/Desktop/Celine-Thesis/all-data-reordered/all/Wala pa masayri kanus-a mobalik si Stephen Curry.txt
/Users/rl-14/Desktop/Celine-Thesis/all-data-reordered/all/Wala ray mopatay: Roach.txt
/Users/rl-14/Desktop/Celine-Thesis/all-data-reordered/all/Wala si Curry, okey ra.txt
/Users/rl-14/Desktop/Celine-Thesis/all-data-reordered/all/Wala'y makalupig ni Jerwin: analyst.txt
/Users/rl-14/Desktop/Celine-Thesis/all-data-reordered/all/Walay bagyo, habagat miepekto hinungdan sa pag-uwan: Pagasa.txt
/Users/rl-14/Desktop/Celine-Thesis/all-data-reordered/all/Walay balay, nakabalay.txt
/Users/rl-14/Desktop/Celine-Thesis/all-data-reordered/all/Walay demolition order sa Dumlog .txt
/Users/rl-14/Desktop/Celine-Thesis/all-data-reordered/all/Walay hulga sa terorista sa Central Visayas.txt
/Users/rl-14/Desktop/Celine-Thesis/all-data-reordered/all/Walay koneksiyon.txt
/Users/rl-14/Desktop/Celine-Thesis/all-data-reordered/all/Walay makapaninda duol sa Basilica .txt
/Users/rl-14/Desktop/Celine-Thesis/all-data-reordered/all/Walay nabuthan pagtagbo sa Bag-ong tuig sa CdeO, MisOr .txt
/Users/rl-14/Desktop/Celine-Thesis/all-data-reordered/all/Walay oil spill sa San Fernando: Naga Coast Guard.txt
/Users/rl-14/Desktop/Celine-Thesis/all-data-reordered/all/Walay pagpanagit: Talisay police.txt
/Users/rl-14/Desktop/Celine-Thesis/all-data-reordered/all/Walay peace talks; mga operation sa army magpadayon.txt
/Users/rl-14/Desktop/Celine-Thesis/all-data-reordered/all/Walay suporta sa bana nga langyaw.txt
/Users/rl-14/Desktop/Celine-Thesis/all-data-reordered/all/Walay teroristang grupo sa habagatan: CPPO chief.txt
/Users/rl-14/Desktop/Celine-Thesis/all-data-reordered/all/Walay tugpahay sa kalag-kalag.txt
/Users/rl-14/Desktop/Celine-Thesis/all-data-reordered/all/Walay ulo nga patay napalgan.txt
/Users/rl-14/Desktop/Celine-Thesis/all-data-reordered/all/Wala’y makahulip .txt
/Users/rl-14/Desktop/Celine-Thesis/all-data-reordered/all/wala’y sama ang higayon.txt
/Users/rl-14/Desktop/Celine-Thesis/all-data-reordered/all/Wali sa pari nga makapakatug.txt
/Users/rl-14/Desktop/Celine-Thesis/all-data-reordered/all/Walk with Jesus karong adlawa, gidugok sa mga deboto.txt
/Users/rl-14/Desktop/Celine-Thesis/all-data-reordered/all/Wall, Beal nagkauyon nga mag-uli og buot.txt
/Users/rl-14/Desktop/Celine-Thesis/all-data-reordered/all/Walo ka retirado ug aktibo nga mga bombero, patubagon sa sunog sa NCCC mall.txt
/Users/rl-14/Desktop/Celine-Thesis/all-data-reordered/all/Walton gipamulta.txt
/Users/rl-14/Desktop/Celine-Thesis/all-data-reordered/all/Wanted kay wala mitunga sa hearing, sikop .txt
/Users/rl-14/Desktop/Celine-Thesis/all-data-reordered/all/Wanted nga kundoktor nadakpan.txt
/Users/rl-14/Desktop/Celine-Thesis/all-data-reordered/all/Wanted person nga nalambigit sa droga, sikop!.txt
/Users/rl-14/Desktop/Celine-Thesis/all-data-reordered/all/Wanted sa Dolores sikop.txt
/Users/rl-14/Desktop/Celine-Thesis/all-data-reordered/all/Wanted sa Leyte sikop.txt
/Users/rl-14/Desktop/Celine-Thesis/all-data-reordered/all/Wanted sa murder nasikop sa NBI 7.txt
/Users/rl-14/Desktop/Celine-Thesis/all-data-reordered/all/Wanted ug high-value target nadakpan sa Jasaan .txt
/Users/rl-14/Desktop/Celine-Thesis/all-data-reordered/all/Ward mi-tko ni Korvalev sa 8th.txt
/Users/rl-14/Desktop/Celine-Thesis/all-data-reordered/all/Warden sa CPDRC miluwat tungod sa stress, kamingaw.txt
/Users/rl-14/Desktop/Celine-Thesis/all-data-reordered/all/Warriors 2-0 ang target.txt
/Users/rl-14/Desktop/Celine-Thesis/all-data-reordered/all/Warriors 2-1 na.txt
/Users/rl-14/Desktop/Celine-Thesis/all-data-reordered/all/Warriors 46-0.txt
/Users/rl-14/Desktop/Celine-Thesis/all-data-reordered/all/Warriors 61-6 na.txt
/Users/rl-14/Desktop/Celine-Thesis/all-data-reordered/all/Warriors 73 ka daog ang target.txt
/Users/rl-14/Desktop/Celine-Thesis/all-data-reordered/all/Warriors angay sun-on sa Gilas: Rubio.txt
/Users/rl-14/Desktop/Celine-Thesis/all-data-reordered/all/Warriors di kadaog sa Bulls: Pippen.txt
/Users/rl-14/Desktop/Celine-Thesis/all-data-reordered/all/Warriors di mobisita ni Trump.txt
/Users/rl-14/Desktop/Celine-Thesis/all-data-reordered/all/Warriors dili pa kuntento.txt
/Users/rl-14/Desktop/Celine-Thesis/all-data-reordered/all/Warriors gihambat sa Timberwolves.txt
/Users/rl-14/Desktop/Celine-Thesis/all-data-reordered/all/Warriors gikastigo.txt
/Users/rl-14/Desktop/Celine-Thesis/all-data-reordered/all/Warriors gipaampo sa San Antonio Spurs.txt
/Users/rl-14/Desktop/Celine-Thesis/all-data-reordered/all/Warriors gipakgang.txt
/Users/rl-14/Desktop/Celine-Thesis/all-data-reordered/all/Warriors himsog sa West finals.txt
/Users/rl-14/Desktop/Celine-Thesis/all-data-reordered/all/Warriors inilog.txt
/Users/rl-14/Desktop/Celine-Thesis/all-data-reordered/all/Warriors kampiyon!.txt
/Users/rl-14/Desktop/Celine-Thesis/all-data-reordered/all/Warriors karon lisod itandi sa Bulls kaniadto: Kerr.txt
/Users/rl-14/Desktop/Celine-Thesis/all-data-reordered/all/Warriors kulatado.txt
/Users/rl-14/Desktop/Celine-Thesis/all-data-reordered/all/Warriors lubong sa Blazers.txt
/Users/rl-14/Desktop/Celine-Thesis/all-data-reordered/all/Warriors magsaulog sab sa Las Vegas.txt
/Users/rl-14/Desktop/Celine-Thesis/all-data-reordered/all/Warriors mibawi.txt
/Users/rl-14/Desktop/Celine-Thesis/all-data-reordered/all/Warriors midaog gihapon.txt
/Users/rl-14/Desktop/Celine-Thesis/all-data-reordered/all/Warriors miinat sa ilang rekord sa 19-0.txt
/Users/rl-14/Desktop/Celine-Thesis/all-data-reordered/all/Warriors moasdang sa Spurs.txt
/Users/rl-14/Desktop/Celine-Thesis/all-data-reordered/all/Warriors modaog: Cone.txt
/Users/rl-14/Desktop/Celine-Thesis/all-data-reordered/all/Warriors molikay sa panamilit sa Game 5 batok Thunder.txt
/Users/rl-14/Desktop/Celine-Thesis/all-data-reordered/all/Warriors nabungog.txt
/Users/rl-14/Desktop/Celine-Thesis/all-data-reordered/all/Warriors Nag-wild.txt
/Users/rl-14/Desktop/Celine-Thesis/all-data-reordered/all/Warriors naglantaw na sa umaabot nga NBA season.txt
/Users/rl-14/Desktop/Celine-Thesis/all-data-reordered/all/Warriors naglawig.txt
/Users/rl-14/Desktop/Celine-Thesis/all-data-reordered/all/Warriors nagpadayon.txt
/Users/rl-14/Desktop/Celine-Thesis/all-data-reordered/all/Warriors naka-una.txt
/Users/rl-14/Desktop/Celine-Thesis/all-data-reordered/all/Warriors nakabawi gipukling ang Clippers.txt
/Users/rl-14/Desktop/Celine-Thesis/all-data-reordered/all/Warriors nakaipsot.txt
/Users/rl-14/Desktop/Celine-Thesis/all-data-reordered/all/Warriors nakauna!.txt
/Users/rl-14/Desktop/Celine-Thesis/all-data-reordered/all/Warriors nakauna.txt
/Users/rl-14/Desktop/Celine-Thesis/all-data-reordered/all/Warriors naunhan.txt
/Users/rl-14/Desktop/Celine-Thesis/all-data-reordered/all/Warriors pormal nga miangkon sa no. 1 spot.txt
/Users/rl-14/Desktop/Celine-Thesis/all-data-reordered/all/Warriors return.txt
/Users/rl-14/Desktop/Celine-Thesis/all-data-reordered/all/Warriors sa finals.txt
/Users/rl-14/Desktop/Celine-Thesis/all-data-reordered/all/Warriors sun-on sa Barako.txt
/Users/rl-14/Desktop/Celine-Thesis/all-data-reordered/all/Warriors sungagon sa ‘95-96 nga Bulls.txt
/Users/rl-14/Desktop/Celine-Thesis/all-data-reordered/all/Warriors vs. Jaguars.txt
/Users/rl-14/Desktop/Celine-Thesis/all-data-reordered/all/Warriors wala kapiog sa Bulls.txt
/Users/rl-14/Desktop/Celine-Thesis/all-data-reordered/all/Warriors wala kaugpo sa spurs.txt
/Users/rl-14/Desktop/Celine-Thesis/all-data-reordered/all/Warriors wala maghunahuna og 16-0.txt
/Users/rl-14/Desktop/Celine-Thesis/all-data-reordered/all/Warriors, 11-0.txt
/Users/rl-14/Desktop/Celine-Thesis/all-data-reordered/all/Warriors, 17-0.txt
/Users/rl-14/Desktop/Celine-Thesis/all-data-reordered/all/Warriors, 2-0 .txt
/Users/rl-14/Desktop/Celine-Thesis/all-data-reordered/all/Warriors, 2-0.txt
/Users/rl-14/Desktop/Celine-Thesis/all-data-reordered/all/Warriors, 23-0.txt
/Users/rl-14/Desktop/Celine-Thesis/all-data-reordered/all/Warriors, 29-1.txt
/Users/rl-14/Desktop/Celine-Thesis/all-data-reordered/all/Warriors, 62-6.txt
/Users/rl-14/Desktop/Celine-Thesis/all-data-reordered/all/Warriors, 63-7.txt
/Users/rl-14/Desktop/Celine-Thesis/all-data-reordered/all/Warriors, 65-7.txt
/Users/rl-14/Desktop/Celine-Thesis/all-data-reordered/all/Warriors, Cavaliers nangandam sa makasaysayon nga Game 7.txt
/Users/rl-14/Desktop/Celine-Thesis/all-data-reordered/all/Warriors, OKC nagmadaugon.txt
/Users/rl-14/Desktop/Celine-Thesis/all-data-reordered/all/Warriors, Thunder magtiwas; ang modaog makigbatok sa Cavs sa finals.txt
/Users/rl-14/Desktop/Celine-Thesis/all-data-reordered/all/Warriors-Blazers playoffs sugdan na.txt
/Users/rl-14/Desktop/Celine-Thesis/all-data-reordered/all/Warriors-Cavs rematch sugdan.txt
/Users/rl-14/Desktop/Celine-Thesis/all-data-reordered/all/Warriors-Thunder Western finals mosugod na karon.txt
/Users/rl-14/Desktop/Celine-Thesis/all-data-reordered/all/Warriors: 60.txt
/Users/rl-14/Desktop/Celine-Thesis/all-data-reordered/all/Waste-to-energy nga planta luwas: EMB.txt
/Users/rl-14/Desktop/Celine-Thesis/all-data-reordered/all/Watanabe gold ang tinguha sa SEAG.txt
/Users/rl-14/Desktop/Celine-Thesis/all-data-reordered/all/Waterbus sa Abril ilusad, mobiyahe sa mga lungsod sa south, north sa Cebu.txt
/Users/rl-14/Desktop/Celine-Thesis/all-data-reordered/all/Wawrinka kampiyon sa US Open.txt
/Users/rl-14/Desktop/Celine-Thesis/all-data-reordered/all/Way agas sa tubig gireklamo sa Carmen .txt
/Users/rl-14/Desktop/Celine-Thesis/all-data-reordered/all/Way atleta matulog sa salog sa Davraa.txt
/Users/rl-14/Desktop/Celine-Thesis/all-data-reordered/all/Way ayuda sa City jail: Tomas .txt
/Users/rl-14/Desktop/Celine-Thesis/all-data-reordered/all/Way baha sa AS Fortuna, NRA niadtong Lunes: Mayor Luigi .txt
/Users/rl-14/Desktop/Celine-Thesis/all-data-reordered/all/Way daganay: Juarez.txt
/Users/rl-14/Desktop/Celine-Thesis/all-data-reordered/all/Way drugs sa Greyhound operation sa Cebu City Jail.txt
/Users/rl-14/Desktop/Celine-Thesis/all-data-reordered/all/Way extension sa business permit, paglukat gihimo nang sayon: Mayor.txt
/Users/rl-14/Desktop/Celine-Thesis/all-data-reordered/all/Way gikidnap sa Naga.txt
/Users/rl-14/Desktop/Celine-Thesis/all-data-reordered/all/Way gitakdang bayad sa pagpamisa sa kalag: Palma.txt
/Users/rl-14/Desktop/Celine-Thesis/all-data-reordered/all/Way gitugtan nga mobaligya og pabuto sa Talisay City.txt
/Users/rl-14/Desktop/Celine-Thesis/all-data-reordered/all/Way gitugtang mang-solicit: VSMMC official.txt
/Users/rl-14/Desktop/Celine-Thesis/all-data-reordered/all/Way hatagi og ESA gikwestyon ni Loot.txt
/Users/rl-14/Desktop/Celine-Thesis/all-data-reordered/all/Way hustisya.txt
/Users/rl-14/Desktop/Celine-Thesis/all-data-reordered/all/Way kalihokan sa drugas sa mga barangay sa EV.txt
/Users/rl-14/Desktop/Celine-Thesis/all-data-reordered/all/Way kausaban sa lineup sa Warriors.txt
/Users/rl-14/Desktop/Celine-Thesis/all-data-reordered/all/Way klase.txt
/Users/rl-14/Desktop/Celine-Thesis/all-data-reordered/all/Way kontra nga kandidato sa DavOcc 'iproklama na'.txt
/Users/rl-14/Desktop/Celine-Thesis/all-data-reordered/all/Way lawas; search gihunong.txt
/Users/rl-14/Desktop/Celine-Thesis/all-data-reordered/all/Way Life Dance sa SRP.txt
/Users/rl-14/Desktop/Celine-Thesis/all-data-reordered/all/Way mafia: Korean officials.txt
/Users/rl-14/Desktop/Celine-Thesis/all-data-reordered/all/Way mawani sa SGLG: Chatto.txt
/Users/rl-14/Desktop/Celine-Thesis/all-data-reordered/all/Way mogamit og drugas sa Cebu City Council.txt
/Users/rl-14/Desktop/Celine-Thesis/all-data-reordered/all/Way nakalas, naangol ni Marce.txt
/Users/rl-14/Desktop/Celine-Thesis/all-data-reordered/all/Way nakuhang kontrabando .txt
/Users/rl-14/Desktop/Celine-Thesis/all-data-reordered/all/Way nawala nga SSS contribution: opisyal.txt
/Users/rl-14/Desktop/Celine-Thesis/all-data-reordered/all/Way oil spill sa bangga sa sports car, motor?.txt
/Users/rl-14/Desktop/Celine-Thesis/all-data-reordered/all/Way oil spill sa Talisay: Coast Guard.txt
/Users/rl-14/Desktop/Celine-Thesis/all-data-reordered/all/Way palutson sa gun ban.txt
/Users/rl-14/Desktop/Celine-Thesis/all-data-reordered/all/Way permit sa kuwang og rekisitos.txt
/Users/rl-14/Desktop/Celine-Thesis/all-data-reordered/all/Way pulis nga apil sa drugas: Recla.txt
/Users/rl-14/Desktop/Celine-Thesis/all-data-reordered/all/Way recall nga mahitabo sa mga sakyanan: Tumulak.txt
/Users/rl-14/Desktop/Celine-Thesis/all-data-reordered/all/Way rehistro di makabiyahe.txt
/Users/rl-14/Desktop/Celine-Thesis/all-data-reordered/all/Way sirhang karsada atol sa street party sa 'Kadaugan'.txt
/Users/rl-14/Desktop/Celine-Thesis/all-data-reordered/all/Way tiil nga miapil sa Ironman giabibahan sa mga misaksi.txt
/Users/rl-14/Desktop/Celine-Thesis/all-data-reordered/all/Way umento hangtod Marso.txt
/Users/rl-14/Desktop/Celine-Thesis/all-data-reordered/all/Way unipormeng enforcers ipakatap.txt
/Users/rl-14/Desktop/Celine-Thesis/all-data-reordered/all/Wa’y bakasyunay.txt
/Users/rl-14/Desktop/Celine-Thesis/all-data-reordered/all/Wa’y paglubad.txt
/Users/rl-14/Desktop/Celine-Thesis/all-data-reordered/all/Wa’y planong mobiya.txt
/Users/rl-14/Desktop/Celine-Thesis/all-data-reordered/all/Wa’y puas nga binukbokay nalantawan.txt
/Users/rl-14/Desktop/Celine-Thesis/all-data-reordered/all/WBC mihatag na'g kamanduan alang sa Golovkin-Alvarez rematch.txt
/Users/rl-14/Desktop/Celine-Thesis/all-data-reordered/all/WBC title eliminator gisalikway ni Donaire.txt
/Users/rl-14/Desktop/Celine-Thesis/all-data-reordered/all/WBO angay moimbestiga: Pacquiao.txt
/Users/rl-14/Desktop/Celine-Thesis/all-data-reordered/all/WBO mibaliktad.txt
/Users/rl-14/Desktop/Celine-Thesis/all-data-reordered/all/Weidman nagpanikad nga mobawos ni Rockhold.txt
/Users/rl-14/Desktop/Celine-Thesis/all-data-reordered/all/Weidman nakaamgo.txt
/Users/rl-14/Desktop/Celine-Thesis/all-data-reordered/all/Weidman ug Aldo pulos gipangkuhaan og titulo.txt
/Users/rl-14/Desktop/Celine-Thesis/all-data-reordered/all/Weidman, Floyd Jr. nagtagbo .txt
/Users/rl-14/Desktop/Celine-Thesis/all-data-reordered/all/WEKAF sugdan.txt
/Users/rl-14/Desktop/Celine-Thesis/all-data-reordered/all/Welga sa Sugbo huyang.txt
/Users/rl-14/Desktop/Celine-Thesis/all-data-reordered/all/Welga wala kabalda: PRO 7.txt
/Users/rl-14/Desktop/Celine-Thesis/all-data-reordered/all/Welga wala makabalda: Chief Supt. Espino.txt
/Users/rl-14/Desktop/Celine-Thesis/all-data-reordered/all/Welga way epek: Doria .txt
/Users/rl-14/Desktop/Celine-Thesis/all-data-reordered/all/West CCS buhi pa! .txt
/Users/rl-14/Desktop/Celine-Thesis/all-data-reordered/all/West naluoy kang Bryant .txt
/Users/rl-14/Desktop/Celine-Thesis/all-data-reordered/all/Westbrook gipahalipayan ni MJ, Durant.txt
/Users/rl-14/Desktop/Celine-Thesis/all-data-reordered/all/Westbrook labing dako og suweldo.txt
/Users/rl-14/Desktop/Celine-Thesis/all-data-reordered/all/Westbrook mangulo sa All-Star reserves  SunStar.txt
/Users/rl-14/Desktop/Celine-Thesis/all-data-reordered/all/Westbrook mihimakak nga nagka-istorya sila ni Durant.txt
/Users/rl-14/Desktop/Celine-Thesis/all-data-reordered/all/Westbrook mirehistro sa ika-46 nga triple-double.txt
/Users/rl-14/Desktop/Celine-Thesis/all-data-reordered/all/Westbrook misiak og record sa NBA.txt
/Users/rl-14/Desktop/Celine-Thesis/all-data-reordered/all/Westbrook nagbangis.txt
/Users/rl-14/Desktop/Celine-Thesis/all-data-reordered/all/Westbrook naka-99 na.txt
/Users/rl-14/Desktop/Celine-Thesis/all-data-reordered/all/Westbrook padayong nagbangis.txt
/Users/rl-14/Desktop/Celine-Thesis/all-data-reordered/all/Who’s Next 5 boxing karong gabii .txt
/Users/rl-14/Desktop/Celine-Thesis/all-data-reordered/all/Who’s Next Pro boxing sa Robinson’s Galleria.txt
/Users/rl-14/Desktop/Celine-Thesis/all-data-reordered/all/Wildflower ngano dili na i-extend?.txt
/Users/rl-14/Desktop/Celine-Thesis/all-data-reordered/all/Wilkerson gipapauli sa SMB; AZ Reid gipabalik.txt
/Users/rl-14/Desktop/Celine-Thesis/all-data-reordered/all/Williams naangol atol sa praktis.txt
/Users/rl-14/Desktop/Celine-Thesis/all-data-reordered/all/Win gyud kay Winwyn gud.txt
/Users/rl-14/Desktop/Celine-Thesis/all-data-reordered/all/Winners sa Ms. Pajo 2015.txt
/Users/rl-14/Desktop/Celine-Thesis/all-data-reordered/all/Winwin ug Mark magpakasal na?.txt
/Users/rl-14/Desktop/Celine-Thesis/all-data-reordered/all/Winwyn giyam-iran ang Miss Universe.txt
/Users/rl-14/Desktop/Celine-Thesis/all-data-reordered/all/Winwyn miapela nga dili mang-bash ni Maxine.txt
/Users/rl-14/Desktop/Celine-Thesis/all-data-reordered/all/Winwyn undecided pa.txt
/Users/rl-14/Desktop/Celine-Thesis/all-data-reordered/all/Wish ni KC, magka-love life!.txt
/Users/rl-14/Desktop/Celine-Thesis/all-data-reordered/all/Wolves 07 gipugngan sa Jammers 05.txt
/Users/rl-14/Desktop/Celine-Thesis/all-data-reordered/all/Women's month special: Gandang Mommy, Gandang Pulis .txt
/Users/rl-14/Desktop/Celine-Thesis/all-data-reordered/all/Women's Month Special: Kasamang Analiza Reyes.txt
/Users/rl-14/Desktop/Celine-Thesis/all-data-reordered/all/Womens Code sa Davao City angayang sundon sa organizer sa Mutya ng Dabaw 2018.txt
/Users/rl-14/Desktop/Celine-Thesis/all-data-reordered/all/Women’s Month celebration, pormal nang gibuksan.txt
/Users/rl-14/Desktop/Celine-Thesis/all-data-reordered/all/Wonder Woman gilabwan ang kita sa Batman Vs Superman.txt
/Users/rl-14/Desktop/Celine-Thesis/all-data-reordered/all/Wonder Woman nindot; gi-magic ni Vice Ganda?.txt
/Users/rl-14/Desktop/Celine-Thesis/all-data-reordered/all/World AIDS Day: Kabag-ohan human nagpositibo sa HIV.txt
/Users/rl-14/Desktop/Celine-Thesis/all-data-reordered/all/World Bank team midayeg sa Aloguinsan.txt
/Users/rl-14/Desktop/Celine-Thesis/all-data-reordered/all/World champ ka sparring ni Magsayo.txt
/Users/rl-14/Desktop/Celine-Thesis/all-data-reordered/all/World champion na!.txt
/Users/rl-14/Desktop/Celine-Thesis/all-data-reordered/all/World champions modumbol sa SRP.txt
/Users/rl-14/Desktop/Celine-Thesis/all-data-reordered/all/World Cup mobuak og rekord: SBP.txt
/Users/rl-14/Desktop/Celine-Thesis/all-data-reordered/all/World title fight ni Sonsona kanselado.txt
/Users/rl-14/Desktop/Celine-Thesis/all-data-reordered/all/World Vision milusad og 2nd National Summit.txt
/Users/rl-14/Desktop/Celine-Thesis/all-data-reordered/all/World Vision mitabang sa mga pamilyang napiit sa krisis sa Marawi.txt
/Users/rl-14/Desktop/Celine-Thesis/all-data-reordered/all/World Vision run karong Hulyo 16.txt
/Users/rl-14/Desktop/Celine-Thesis/all-data-reordered/all/World Vision: Psychosocial care kabataan sa Marawi.txt
/Users/rl-14/Desktop/Celine-Thesis/all-data-reordered/all/Wowowin kada-adlaw na.txt
/Users/rl-14/Desktop/Celine-Thesis/all-data-reordered/all/Wowowin mopahulay usa sa ere .txt
/Users/rl-14/Desktop/Celine-Thesis/all-data-reordered/all/Wright andam mopuli ni Romeo.txt
/Users/rl-14/Desktop/Celine-Thesis/all-data-reordered/all/Writ of kalikasan gipasaka sa CA.txt
/Users/rl-14/Desktop/Celine-Thesis/all-data-reordered/all/Written report sa DILG sa imbestigasyon sa pagkasunog sa NCCC Mall, gikatakdang itunol sa DOJ.txt
/Users/rl-14/Desktop/Celine-Thesis/all-data-reordered/all/WTF sa Resort World Manila.txt
/Users/rl-14/Desktop/Celine-Thesis/all-data-reordered/all/Wurtzbach dapig kang Jessy.txt
/Users/rl-14/Desktop/Celine-Thesis/all-data-reordered/all/Wurtzbach, Gerald movie mokita kaha? .txt
/Users/rl-14/Desktop/Celine-Thesis/all-data-reordered/all/Wyn Marquez mabdos?.txt
/Users/rl-14/Desktop/Celine-Thesis/all-data-reordered/all/Xander Ford hambugero?.txt
/Users/rl-14/Desktop/Celine-Thesis/all-data-reordered/all/Xander nag-hair extension?.txt
/Users/rl-14/Desktop/Celine-Thesis/all-data-reordered/all/Xander nagtago-tago lang.txt
/Users/rl-14/Desktop/Celine-Thesis/all-data-reordered/all/Xian dawat ang mga pagsaway kaniya.txt
/Users/rl-14/Desktop/Celine-Thesis/all-data-reordered/all/Xian gi-let go na si Kim.txt
/Users/rl-14/Desktop/Celine-Thesis/all-data-reordered/all/Xian nag 'I love you' ni Kim sa concert.txt
/Users/rl-14/Desktop/Celine-Thesis/all-data-reordered/all/Xian suportado si Kim ug Gerald   SunStar.txt
/Users/rl-14/Desktop/Celine-Thesis/all-data-reordered/all/XU gilubong sa SPC.txt
/Users/rl-14/Desktop/Celine-Thesis/all-data-reordered/all/XU hapit nakasulod.txt
/Users/rl-14/Desktop/Celine-Thesis/all-data-reordered/all/XU lady smashers nikompleto og grand slam.txt
/Users/rl-14/Desktop/Celine-Thesis/all-data-reordered/all/XU Pagadian sa unang round sa Tagum Invitational  SunStar.txt
/Users/rl-14/Desktop/Celine-Thesis/all-data-reordered/all/XU, Pagadian sa unang round sa Tagum Invitational.txt
/Users/rl-14/Desktop/Celine-Thesis/all-data-reordered/all/XUGS gitagak sa City Central.txt
/Users/rl-14/Desktop/Celine-Thesis/all-data-reordered/all/XUGS, City Central duwa karon.txt
/Users/rl-14/Desktop/Celine-Thesis/all-data-reordered/all/XUGS, South Central magbangi karon.txt
/Users/rl-14/Desktop/Celine-Thesis/all-data-reordered/all/XUHS   paingon sa desisyon  SunStar.txt
/Users/rl-14/Desktop/Celine-Thesis/all-data-reordered/all/XUHS  kampyon ra gyud  SunStar.txt
/Users/rl-14/Desktop/Celine-Thesis/all-data-reordered/all/XUHS 1994, 1995 na sa final.txt
/Users/rl-14/Desktop/Celine-Thesis/all-data-reordered/all/XUHS 1994, 2000 ug 2006 nagkalayo.txt
/Users/rl-14/Desktop/Celine-Thesis/all-data-reordered/all/XUHS 1995 batok Alumni 2001 karong gabie.txt
/Users/rl-14/Desktop/Celine-Thesis/all-data-reordered/all/XUHS 1995, 2001, 2005 nibira sa unang dugo.txt
/Users/rl-14/Desktop/Celine-Thesis/all-data-reordered/all/XUHS 1997 gibugha sa XU United.txt
/Users/rl-14/Desktop/Celine-Thesis/all-data-reordered/all/XUHS 2001 kampyon ra gyud!.txt
/Users/rl-14/Desktop/Celine-Thesis/all-data-reordered/all/XUHS 2005, 2007 na sa Ignatius Cup title.txt
/Users/rl-14/Desktop/Celine-Thesis/all-data-reordered/all/XUHS 2005, 2007 paingon sa desisyon.txt
/Users/rl-14/Desktop/Celine-Thesis/all-data-reordered/all/XUHS 95 sure na no.1 sa Xavier Cup division.txt
/Users/rl-14/Desktop/Celine-Thesis/all-data-reordered/all/XUHS ang angayan nga kampyon taliwala sa mga tawag.txt
/Users/rl-14/Desktop/Celine-Thesis/all-data-reordered/all/XU’s medicine student,reigning Ms Kuyamis sa MisOr.txt
/Users/rl-14/Desktop/Celine-Thesis/all-data-reordered/all/Y A M O.txt
/Users/rl-14/Desktop/Celine-Thesis/all-data-reordered/all/Yabag mokanta gidunggab.txt
/Users/rl-14/Desktop/Celine-Thesis/all-data-reordered/all/Yano nga kadaugan.txt
/Users/rl-14/Desktop/Celine-Thesis/all-data-reordered/all/Yao nasurpresa ni Taulava.txt
/Users/rl-14/Desktop/Celine-Thesis/all-data-reordered/all/Yao nominado sa HoF.txt
/Users/rl-14/Desktop/Celine-Thesis/all-data-reordered/all/Yap bilib kang Romeo; nagtuo nga maoy mopuli niya.txt
/Users/rl-14/Desktop/Celine-Thesis/all-data-reordered/all/Yap dili makasugod sa 2016-17 season .txt
/Users/rl-14/Desktop/Celine-Thesis/all-data-reordered/all/Yap gihulipan aron BRT tutokan.txt
/Users/rl-14/Desktop/Celine-Thesis/all-data-reordered/all/Yap magul-anon, mapasalamaton nga mibiya sa Star Hotshots.txt
/Users/rl-14/Desktop/Celine-Thesis/all-data-reordered/all/Yasmien Kurdi sa ‘advocaserye’.txt
/Users/rl-14/Desktop/Celine-Thesis/all-data-reordered/all/Yasmien nangandoy og normal nga kinabuhi.txt
/Users/rl-14/Desktop/Celine-Thesis/all-data-reordered/all/Yasmien solid Kapuso!.txt
/Users/rl-14/Desktop/Celine-Thesis/all-data-reordered/all/Yasmien way offer sa Dos.txt
/Users/rl-14/Desktop/Celine-Thesis/all-data-reordered/all/Yassi milimod nga siya si Darna.txt
/Users/rl-14/Desktop/Celine-Thesis/all-data-reordered/all/Yassi Pressman gidepensahan ni Coco  .txt
/Users/rl-14/Desktop/Celine-Thesis/all-data-reordered/all/Yaw-Yan Ardigma mitukod og laing branch sa Mabolo.txt
/Users/rl-14/Desktop/Celine-Thesis/all-data-reordered/all/Yaw-Yan Clinic 2nd level sugdan karon.txt
/Users/rl-14/Desktop/Celine-Thesis/all-data-reordered/all/Yaw-Yan Summer clinic motapos na.txt
/Users/rl-14/Desktop/Celine-Thesis/all-data-reordered/all/Yaw-Yan Summer clinic sugdan karon.txt
/Users/rl-14/Desktop/Celine-Thesis/all-data-reordered/all/Yaw-Yan Summer clinic sugdan karong adlawa.txt
/Users/rl-14/Desktop/Celine-Thesis/all-data-reordered/all/Yaw-Yan training sugdan Hunyo 25.txt
/Users/rl-14/Desktop/Celine-Thesis/all-data-reordered/all/Yawyan, 'Organization of the Year' awardee.txt
/Users/rl-14/Desktop/Celine-Thesis/all-data-reordered/all/Yen dili makatou mapartner si Piolo.txt
/Users/rl-14/Desktop/Celine-Thesis/all-data-reordered/all/Yen, speechless sa bag-ong karakter.txt
/Users/rl-14/Desktop/Celine-Thesis/all-data-reordered/all/Yeng iritado kang Vice? .txt
/Users/rl-14/Desktop/Celine-Thesis/all-data-reordered/all/Yevgeny Emano posibleng mag-mayor sa Oro.txt
/Users/rl-14/Desktop/Celine-Thesis/all-data-reordered/all/YMCA Run for Scholars karong Oktubre.txt
/Users/rl-14/Desktop/Celine-Thesis/all-data-reordered/all/YMCA run-for-scholars karong Dominggo na.txt
/Users/rl-14/Desktop/Celine-Thesis/all-data-reordered/all/Yogi gikuha sa BOC, PDEA 7 napiangan?.txt
/Users/rl-14/Desktop/Celine-Thesis/all-data-reordered/all/Yolanda survivors moapil sa Sun.Star Cheerdance contest.txt
/Users/rl-14/Desktop/Celine-Thesis/all-data-reordered/all/Young di pabor nga Cebu City mo-host sa Palaro.txt
/Users/rl-14/Desktop/Celine-Thesis/all-data-reordered/all/YouTube sensation Karl Aquino gikuhang endorser sa Olive C.txt
/Users/rl-14/Desktop/Celine-Thesis/all-data-reordered/all/Yulo mihawaod.txt
/Users/rl-14/Desktop/Celine-Thesis/all-data-reordered/all/Yuta midahili; 2 patay.txt
/Users/rl-14/Desktop/Celine-Thesis/all-data-reordered/all/Yuta mitabon sa 12 ka sakyanan.txt
/Users/rl-14/Desktop/Celine-Thesis/all-data-reordered/all/Zaldy Ocon gisuspenso og 6 ka bulan .txt
/Users/rl-14/Desktop/Celine-Thesis/all-data-reordered/all/Zero-indiscriminate firing sa Iligan, 5 insidente sa firecrackers.txt
/Users/rl-14/Desktop/Celine-Thesis/all-data-reordered/all/Zia dili partihan ni Marian ug Dingdong.txt
/Users/rl-14/Desktop/Celine-Thesis/all-data-reordered/all/Zika virus gipangandaman sa dakbayan sa Sugbo.txt
/Users/rl-14/Desktop/Celine-Thesis/all-data-reordered/all/Zombie drugs posibling ania na sa CV: PDEA.txt
/Users/rl-14/Desktop/Celine-Thesis/all-data-reordered/all/Zone 2 nikampyeon.txt
/Users/rl-14/Desktop/Celine-Thesis/all-data-reordered/all/Zone 2, USA daog sa Game 1.txt
/Users/rl-14/Desktop/Celine-Thesis/all-data-reordered/all/Zsa Zsa magpakasal na sa 2017?.txt
/Users/rl-14/Desktop/Celine-Thesis/all-data-reordered/all/Zsazsa dili excited sa iyang wedding .txt
/Users/rl-14/Desktop/Celine-Thesis/all-data-reordered/all/Zumba Challenge sa Ayala, Nob. 25.txt
/Users/rl-14/Desktop/Celine-Thesis/all-data-reordered/all/ Pedopilya, sikop paghawid sa punganguhan sa bata sa MisOcc.txt
/Users/rl-14/Desktop/Celine-Thesis/all-data-reordered/all/​Hepe sa MTRCB midasig sa mga miyembro sa DMI.txt
/Users/rl-14/Desktop/Celine-Thesis/all-data-reordered/all/​Obra sa 3 ka propisor, 1 USC Fine Arts grads sa Australia .txt
/Users/rl-14/Desktop/Celine-Thesis/all-data-reordered/all/​RAFI mitunol sa 13 ka day care centers sa Sugbo.txt
/Users/rl-14/Desktop/Celine-Thesis/all-data-reordered/all/​Sugbuanong tinun-an sa Education sa USC nanudlo didto sa Indonesia.txt
/Users/rl-14/Desktop/Celine-Thesis/all-data-reordered/all/​Taiheiyo milusad sa goat dispersal.txt
/Users/rl-14/Desktop/Celine-Thesis/all-data-reordered/all/​‘Cebu Tres’ magsugod pagbola karong adlawa .txt
/Users/rl-14/Desktop/Celine-Thesis/all-data-reordered/all/‘A House in the Parian: An Art Contest’ gilusad.txt
/Users/rl-14/Desktop/Celine-Thesis/all-data-reordered/all/‘A-Plus VISMIN Pasalamat’ alegre, malampuson.txt
/Users/rl-14/Desktop/Celine-Thesis/all-data-reordered/all/‘Ahas’ Athlete of the Year.txt
/Users/rl-14/Desktop/Celine-Thesis/all-data-reordered/all/‘Alsa Droga’ gilusad sa Tuburan.txt
/Users/rl-14/Desktop/Celine-Thesis/all-data-reordered/all/‘Always There’ sa Johndorf gilusad.txt
/Users/rl-14/Desktop/Celine-Thesis/all-data-reordered/all/‘Ang Pinaka’ gilusad.txt
/Users/rl-14/Desktop/Celine-Thesis/all-data-reordered/all/‘Angels’ mitabang kang Mary Owen nga maka-recover.txt
/Users/rl-14/Desktop/Celine-Thesis/all-data-reordered/all/‘Anti-Epal’ bill ni Sen. Pacquiao, insakto lang-abugado.txt
/Users/rl-14/Desktop/Celine-Thesis/all-data-reordered/all/‘Antingan’ nga ‘killer’ nadakpan sa kapulisan.txt
/Users/rl-14/Desktop/Celine-Thesis/all-data-reordered/all/‘Araw’ bikefest mosikad sa Marso 25.txt
/Users/rl-14/Desktop/Celine-Thesis/all-data-reordered/all/‘Ayaw padala sa problema'.txt
/Users/rl-14/Desktop/Celine-Thesis/all-data-reordered/all/‘Bagman’ sa kanhi mayor, gipatay .txt
/Users/rl-14/Desktop/Celine-Thesis/all-data-reordered/all/‘Baha Team’ mugnaon sa Davao.txt
/Users/rl-14/Desktop/Celine-Thesis/all-data-reordered/all/‘Bahala na si Lord’.txt
/Users/rl-14/Desktop/Celine-Thesis/all-data-reordered/all/‘Bahog Duga’ sikat na nga dula.txt
/Users/rl-14/Desktop/Celine-Thesis/all-data-reordered/all/‘Balitang America’ sa TFC midaog og 4 bronzes.txt
/Users/rl-14/Desktop/Celine-Thesis/all-data-reordered/all/‘Barkada Kontra druga’ gihingusgan sa MOGCHS.txt
/Users/rl-14/Desktop/Celine-Thesis/all-data-reordered/all/‘Basyang’ moigo sa habagatang Sugbo.txt
/Users/rl-14/Desktop/Celine-Thesis/all-data-reordered/all/‘Bati ug nawong’ mokiha .txt
/Users/rl-14/Desktop/Celine-Thesis/all-data-reordered/all/‘Bayot’ nanumbag, nangluwa .txt
/Users/rl-14/Desktop/Celine-Thesis/all-data-reordered/all/‘Be RICEponsible’ giduso .txt
/Users/rl-14/Desktop/Celine-Thesis/all-data-reordered/all/‘Best of Mindanao’ sa Tapestry Fashion Show.txt
/Users/rl-14/Desktop/Celine-Thesis/all-data-reordered/all/‘Bigtime pusher’ napatay sa pulis.txt
/Users/rl-14/Desktop/Celine-Thesis/all-data-reordered/all/‘Bigtime pusher’ nasikop sa buy bust.txt
/Users/rl-14/Desktop/Celine-Thesis/all-data-reordered/all/‘Birdshot’ sud sa Oscars.txt
/Users/rl-14/Desktop/Celine-Thesis/all-data-reordered/all/‘Black Propaganda’  .txt
/Users/rl-14/Desktop/Celine-Thesis/all-data-reordered/all/‘Blocking forces’ gimuntar sa utlanan sa DavSur ug NorCot .txt
/Users/rl-14/Desktop/Celine-Thesis/all-data-reordered/all/‘Bomber’ nadakpan, 2 nakasibat.txt
/Users/rl-14/Desktop/Celine-Thesis/all-data-reordered/all/‘Buang’ nangilog og sakyanan .txt
/Users/rl-14/Desktop/Celine-Thesis/all-data-reordered/all/‘Christmas list’.txt
/Users/rl-14/Desktop/Celine-Thesis/all-data-reordered/all/‘Companion’ mihatag og paglaum sa 40 segundos  .txt
/Users/rl-14/Desktop/Celine-Thesis/all-data-reordered/all/‘Congrats Warriors’.txt
/Users/rl-14/Desktop/Celine-Thesis/all-data-reordered/all/‘Cyborg’ naningkamot maatbang si Rousey .txt
/Users/rl-14/Desktop/Celine-Thesis/all-data-reordered/all/‘Dalagang Argawanon’ gipresentar.txt
/Users/rl-14/Desktop/Celine-Thesis/all-data-reordered/all/‘Destined to be Yours’ Aldub midominar sa Twitter.txt
/Users/rl-14/Desktop/Celine-Thesis/all-data-reordered/all/‘Destined To Be Yours’ mosalida na sa Lunes.txt
/Users/rl-14/Desktop/Celine-Thesis/all-data-reordered/all/‘Dial 4 Home’ gilusad.txt
/Users/rl-14/Desktop/Celine-Thesis/all-data-reordered/all/‘Digong’ midasig sa Pinoyng mga atleta .txt
/Users/rl-14/Desktop/Celine-Thesis/all-data-reordered/all/‘Dinner for a cause’ sa USC Downtown .txt
/Users/rl-14/Desktop/Celine-Thesis/all-data-reordered/all/‘Dissolution of marriage’ hugot gisupak.txt
/Users/rl-14/Desktop/Celine-Thesis/all-data-reordered/all/‘Dogs Day Out’ sa Montierra lingaw.txt
/Users/rl-14/Desktop/Celine-Thesis/all-data-reordered/all/‘DPSA’ contest mibalik.txt
/Users/rl-14/Desktop/Celine-Thesis/all-data-reordered/all/‘Drug lord’ mipausab sa nawong, sikop.txt
/Users/rl-14/Desktop/Celine-Thesis/all-data-reordered/all/‘Drug lord’ nadakpan.txt
/Users/rl-14/Desktop/Celine-Thesis/all-data-reordered/all/‘Drug Lord’ tipi sa ambush.txt
/Users/rl-14/Desktop/Celine-Thesis/all-data-reordered/all/‘Drug pusher’ gipatay; wa pa mailhi .txt
/Users/rl-14/Desktop/Celine-Thesis/all-data-reordered/all/‘Druglords ug shab labs,posible sa NorMin- PDEA chief.txt
/Users/rl-14/Desktop/Celine-Thesis/all-data-reordered/all/‘Duterte’ gigamit pangilad.txt
/Users/rl-14/Desktop/Celine-Thesis/all-data-reordered/all/‘Ely’ miuli og bulawan.txt
/Users/rl-14/Desktop/Celine-Thesis/all-data-reordered/all/‘Enabling law’ sa pagmugna'g Bangsamoro govt. natapos na.txt
/Users/rl-14/Desktop/Celine-Thesis/all-data-reordered/all/‘Engkanto’ mibahad.txt
/Users/rl-14/Desktop/Celine-Thesis/all-data-reordered/all/‘Expansion sa Martial Law sa Visayas pangandaman ug angayang suportaan’-Presidential Assistant for the Visayas.txt
/Users/rl-14/Desktop/Celine-Thesis/all-data-reordered/all/‘Fashion For a Cause Model Search’ sa Hulyo 28.txt
/Users/rl-14/Desktop/Celine-Thesis/all-data-reordered/all/‘Folk and Country Jam 2018’ sa The Industry ugma.txt
/Users/rl-14/Desktop/Celine-Thesis/all-data-reordered/all/‘Fr Suganob,nakaikyas ug wala maluwas?’-Marawi bishop.txt
/Users/rl-14/Desktop/Celine-Thesis/all-data-reordered/all/‘Full alert status’ kapulisan gipatuman sa DavSur ug DavOcc.txt
/Users/rl-14/Desktop/Celine-Thesis/all-data-reordered/all/‘Future of the Stars’ giplano.txt
/Users/rl-14/Desktop/Celine-Thesis/all-data-reordered/all/‘Gingharian sa kamatuoran’.txt
/Users/rl-14/Desktop/Celine-Thesis/all-data-reordered/all/‘God Gave Me You’ patok sa noontime Lenten Special.txt
/Users/rl-14/Desktop/Celine-Thesis/all-data-reordered/all/‘Godfather’ sa mga Badjao gisusi.txt
/Users/rl-14/Desktop/Celine-Thesis/all-data-reordered/all/‘Guardian’ mibansay sa 4 Barangay.txt
/Users/rl-14/Desktop/Celine-Thesis/all-data-reordered/all/‘Gubot pa sa lukot’.txt
/Users/rl-14/Desktop/Celine-Thesis/all-data-reordered/all/‘Gubot pa’s lukot’.txt
/Users/rl-14/Desktop/Celine-Thesis/all-data-reordered/all/‘Gulayan sa Paaralan’ gipalambo.txt
/Users/rl-14/Desktop/Celine-Thesis/all-data-reordered/all/‘Gun smuggler’ gi-raid.txt
/Users/rl-14/Desktop/Celine-Thesis/all-data-reordered/all/‘Halad Pasalamat’ alang sa Missionaries of the Sacred Heart.txt
/Users/rl-14/Desktop/Celine-Thesis/all-data-reordered/all/‘Happy Ka Dito This Summer’ nga station ID sa TV5 gilusad.txt
/Users/rl-14/Desktop/Celine-Thesis/all-data-reordered/all/‘Hazing, gi-ban nang daan sa balaod’ – abugado.txt
/Users/rl-14/Desktop/Celine-Thesis/all-data-reordered/all/‘Heat exhaustion’ nagpa-undang kang Libietes .txt
/Users/rl-14/Desktop/Celine-Thesis/all-data-reordered/all/‘High’ sa druga milupad.txt
/Users/rl-14/Desktop/Celine-Thesis/all-data-reordered/all/‘Hitman sa drug lord misukol’, napatay.txt
/Users/rl-14/Desktop/Celine-Thesis/all-data-reordered/all/‘Hitman’ nadakpan.txt
/Users/rl-14/Desktop/Celine-Thesis/all-data-reordered/all/‘Hitman’ napatay.txt
/Users/rl-14/Desktop/Celine-Thesis/all-data-reordered/all/‘Hitman’ ni Kerwin Espinosa namusil; bata, 3, napagan.txt
/Users/rl-14/Desktop/Celine-Thesis/all-data-reordered/all/‘Hitman’ sa drug pusher natipi sa PDEA.txt
/Users/rl-14/Desktop/Celine-Thesis/all-data-reordered/all/‘Hospital arrest’.txt
/Users/rl-14/Desktop/Celine-Thesis/all-data-reordered/all/‘Hubog’ nabanggaan patay.txt
/Users/rl-14/Desktop/Celine-Thesis/all-data-reordered/all/‘Humayo’ nominado sa Asian Film Festival.txt
/Users/rl-14/Desktop/Celine-Thesis/all-data-reordered/all/‘Hustisya’ singgit sa mga ginikanan sa 12-anyos nga babae.txt
/Users/rl-14/Desktop/Celine-Thesis/all-data-reordered/all/‘Huwarang Pantawid Pamilya’ search gilusad sa DSWD 7.txt
/Users/rl-14/Desktop/Celine-Thesis/all-data-reordered/all/‘I love the president’-Former DENR Sec. Gina Lopez re: wala pagtugot ni Duterte nga i-lift ang pag ban sa open-pit mining.txt
/Users/rl-14/Desktop/Celine-Thesis/all-data-reordered/all/‘I See Kids Tours’ sa RAFI .txt
/Users/rl-14/Desktop/Celine-Thesis/all-data-reordered/all/‘Ibog-Ibog’: kampiyon sa Bisrock Songwriting.txt
/Users/rl-14/Desktop/Celine-Thesis/all-data-reordered/all/‘Illegal recruiter’ sa Lapu nasikop.txt
/Users/rl-14/Desktop/Celine-Thesis/all-data-reordered/all/‘Jail the pusher, save the user’.txt
/Users/rl-14/Desktop/Celine-Thesis/all-data-reordered/all/‘Judicial independence’, handum sa IBP-SocGen kalabot sa panawagan nga pagluwat sa pwesto ni CJ Sereno.txt
/Users/rl-14/Desktop/Celine-Thesis/all-data-reordered/all/‘Junior’ naigo pagpamusil .txt
/Users/rl-14/Desktop/Celine-Thesis/all-data-reordered/all/‘Junior’ ni Ahron Villena gipiyestahan.txt
/Users/rl-14/Desktop/Celine-Thesis/all-data-reordered/all/‘Kabit’ gipakaulawan sulod sa botika .txt
/Users/rl-14/Desktop/Celine-Thesis/all-data-reordered/all/‘Kabit’ ni misis giluba sa bana.txt
/Users/rl-14/Desktop/Celine-Thesis/all-data-reordered/all/‘Kadaugan segurado’.txt
/Users/rl-14/Desktop/Celine-Thesis/all-data-reordered/all/‘Kalag’ nagkondenar sa utang.txt
/Users/rl-14/Desktop/Celine-Thesis/all-data-reordered/all/‘Kalinisan katawan Triskelion maasahan’.txt
/Users/rl-14/Desktop/Celine-Thesis/all-data-reordered/all/‘Kandado Gang’ nagpaluyo sa pagpangawat sa mga establisiyemento sa GenSan; P2 M gikan sa gisulod nga tulunghaan pakyas nga matangag sa mga kawatan.txt
/Users/rl-14/Desktop/Celine-Thesis/all-data-reordered/all/‘Kano’ napalgang patay.txt
/Users/rl-14/Desktop/Celine-Thesis/all-data-reordered/all/‘Karnaper’ miikyas napusilan .txt
/Users/rl-14/Desktop/Celine-Thesis/all-data-reordered/all/‘Kasadya’ gibuksan.txt
/Users/rl-14/Desktop/Celine-Thesis/all-data-reordered/all/‘Katapusang hunat’ sa mga kandidato.txt
/Users/rl-14/Desktop/Celine-Thesis/all-data-reordered/all/‘Kausaban’ mensahe sa pagkabanhaw.txt
/Users/rl-14/Desktop/Celine-Thesis/all-data-reordered/all/‘Kawad-on sa pasilidad, dili babag sa pagtrabaho sa kapulisan’ – DCPO Dir. Alexander Tagum.txt
/Users/rl-14/Desktop/Celine-Thesis/all-data-reordered/all/‘Kawatan’ og mga motor miangkon.txt
/Users/rl-14/Desktop/Celine-Thesis/all-data-reordered/all/‘Kawatan’ sikop sa Iligan drug bust.txt
/Users/rl-14/Desktop/Celine-Thesis/all-data-reordered/all/‘Kiddie Crew’ sa McDo.txt
/Users/rl-14/Desktop/Celine-Thesis/all-data-reordered/all/‘Kidnap me’ student ikiha.txt
/Users/rl-14/Desktop/Celine-Thesis/all-data-reordered/all/‘Killers’ sa PAF airman gikiha.txt
/Users/rl-14/Desktop/Celine-Thesis/all-data-reordered/all/‘Killer’ sa empliyado sa food chain nasikop.txt
/Users/rl-14/Desktop/Celine-Thesis/all-data-reordered/all/‘Killer’ sa sikad driver mitahan.txt
/Users/rl-14/Desktop/Celine-Thesis/all-data-reordered/all/‘Kita ang Katag’ sugdan.txt
/Users/rl-14/Desktop/Celine-Thesis/all-data-reordered/all/‘Koordinasyon’ ipatuman matag higayong dunay proyektong ipatuman sa kadalanan.txt
/Users/rl-14/Desktop/Celine-Thesis/all-data-reordered/all/‘Kristo’ sa buwangan gipusil, patay  .txt
/Users/rl-14/Desktop/Celine-Thesis/all-data-reordered/all/‘Krus ni Lorena’ sa CCTN 47.txt
/Users/rl-14/Desktop/Celine-Thesis/all-data-reordered/all/‘Kulang ang oras’ .txt
/Users/rl-14/Desktop/Celine-Thesis/all-data-reordered/all/‘Kumander Kobra’ namatay.txt
/Users/rl-14/Desktop/Celine-Thesis/all-data-reordered/all/‘Kuto’ managhan sa ting-init .txt
/Users/rl-14/Desktop/Celine-Thesis/all-data-reordered/all/‘Kwarta sa Basura’ project sa Siquijor.txt
/Users/rl-14/Desktop/Celine-Thesis/all-data-reordered/all/‘Last Night’ nindot apan dili typical….txt
/Users/rl-14/Desktop/Celine-Thesis/all-data-reordered/all/‘Latay-kable’ para sa kaugmaon sa mga bata.txt
/Users/rl-14/Desktop/Celine-Thesis/all-data-reordered/all/‘Legal help’ mas maayo kay sa P50,000: Garcia.txt
/Users/rl-14/Desktop/Celine-Thesis/all-data-reordered/all/‘Lider’ sa tulisan nasikop.txt
/Users/rl-14/Desktop/Celine-Thesis/all-data-reordered/all/‘Likom Barya Para kay Lolo’t Lola’ program, inilunsad ng BSP-Butuan.txt
/Users/rl-14/Desktop/Celine-Thesis/all-data-reordered/all/‘Lockdown’ dili mahitabo sa Iligan City .txt
/Users/rl-14/Desktop/Celine-Thesis/all-data-reordered/all/‘Lolong,’ Hingpit nang gibalhin sa iyang permanenteng pinuy-anan.txt
/Users/rl-14/Desktop/Celine-Thesis/all-data-reordered/all/‘Luoy ang Pinas kon si Roxas ang modaug’.txt
/Users/rl-14/Desktop/Celine-Thesis/all-data-reordered/all/‘Mag-uyab’ sapon sa pagpangarnap .txt
/Users/rl-14/Desktop/Celine-Thesis/all-data-reordered/all/‘Mahiwagang Blackbox’ mapalit na sa Oro.txt
/Users/rl-14/Desktop/Celine-Thesis/all-data-reordered/all/‘Manang’ nga may bagets, gibukbok.txt
/Users/rl-14/Desktop/Celine-Thesis/all-data-reordered/all/‘Manugsikat’.txt
/Users/rl-14/Desktop/Celine-Thesis/all-data-reordered/all/‘Meant to be forever’.txt
/Users/rl-14/Desktop/Celine-Thesis/all-data-reordered/all/‘Mga bata nga adunay pinasagdan nga sakit, sagad sa nangamatay sa tipdas’ – CHO.txt
/Users/rl-14/Desktop/Celine-Thesis/all-data-reordered/all/‘Milagro ang akong pagkaluwas,’ sigon sa brgy kagawad nga survivor sa landslide sa Surigao del Sur.txt
/Users/rl-14/Desktop/Celine-Thesis/all-data-reordered/all/‘Miminos’ ang malnourished.txt
/Users/rl-14/Desktop/Celine-Thesis/all-data-reordered/all/‘Ming-ulbo ang kaspa’.txt
/Users/rl-14/Desktop/Celine-Thesis/all-data-reordered/all/‘Misinformation, kontrahon’ – Mayor Sara Duterte-Carpio.txt
/Users/rl-14/Desktop/Celine-Thesis/all-data-reordered/all/‘Mitulis’ sa Mabolo Parish miikyas.txt
/Users/rl-14/Desktop/Celine-Thesis/all-data-reordered/all/‘Momskie’ maoy gitawag.txt
/Users/rl-14/Desktop/Celine-Thesis/all-data-reordered/all/‘Mr. Gay World Phils.’ finalist manedyer sa BPO company.txt
/Users/rl-14/Desktop/Celine-Thesis/all-data-reordered/all/‘Na-solicit’ sa Apas ipauli ni Osmeña.txt
/Users/rl-14/Desktop/Celine-Thesis/all-data-reordered/all/‘Nag-masturbate’ sulod sa dyip dakpan .txt
/Users/rl-14/Desktop/Celine-Thesis/all-data-reordered/all/‘Nangawat’ og helmet nakuhaan og druga.txt
/Users/rl-14/Desktop/Celine-Thesis/all-data-reordered/all/‘Nangawat’ sa dept. store nasikop; nanghatag pa.txt
/Users/rl-14/Desktop/Celine-Thesis/all-data-reordered/all/‘Nasudlan’ nga tinun-an milutaw sa hangin.txt
/Users/rl-14/Desktop/Celine-Thesis/all-data-reordered/all/‘National day of protest’ bantayan sa kapolisan.txt
/Users/rl-14/Desktop/Celine-Thesis/all-data-reordered/all/‘Negosyante nga anak sa CdeO brgy kapitan,ecstasy positive’-PDEA.txt
/Users/rl-14/Desktop/Celine-Thesis/all-data-reordered/all/‘Neon Vibes, A Glow Party’ sa Catmon karon.txt
/Users/rl-14/Desktop/Celine-Thesis/all-data-reordered/all/‘No bag’ rule ipatuman sa Kadayawan.txt
/Users/rl-14/Desktop/Celine-Thesis/all-data-reordered/all/‘No contact apprehension policy ordinance’ mipasar sa konseho sa Mandaue.txt
/Users/rl-14/Desktop/Celine-Thesis/all-data-reordered/all/‘No smoking’ sa CPDRC.txt
/Users/rl-14/Desktop/Celine-Thesis/all-data-reordered/all/‘No to Terror’ advocacy gilunsad sa TF Davao .txt
/Users/rl-14/Desktop/Celine-Thesis/all-data-reordered/all/‘No way out’ suportado sa Sports Commission.txt
/Users/rl-14/Desktop/Celine-Thesis/all-data-reordered/all/‘Oplan baklas’ karong Marso 25.txt
/Users/rl-14/Desktop/Celine-Thesis/all-data-reordered/all/‘Oplan greyhound’ sorpresang himoun sa mga prisuhan .txt
/Users/rl-14/Desktop/Celine-Thesis/all-data-reordered/all/‘Oplan SumVac 2017’ sa PRO-Caraga, gipahugtan na.txt
/Users/rl-14/Desktop/Celine-Thesis/all-data-reordered/all/‘Ordinaryong away’.txt
/Users/rl-14/Desktop/Celine-Thesis/all-data-reordered/all/‘P115M, inisyal nga damyos sa paglapdos sa bagyong Vinta’ – City Engineers Office.txt
/Users/rl-14/Desktop/Celine-Thesis/all-data-reordered/all/‘Pacman mapildi ni Khan’.txt
/Users/rl-14/Desktop/Celine-Thesis/all-data-reordered/all/‘Pamilya sa PAF member nga gipatay, dili madawat ang plano sa manag-uyab nga nalambigit sa krimen nga mamahimong state witness’.txt
/Users/rl-14/Desktop/Celine-Thesis/all-data-reordered/all/‘Panagsinabtanay, kalinaw’.txt
/Users/rl-14/Desktop/Celine-Thesis/all-data-reordered/all/‘Panalay King’ milupig sa UV.txt
/Users/rl-14/Desktop/Celine-Thesis/all-data-reordered/all/‘Patay Na Si Hesus’ alegre.txt
/Users/rl-14/Desktop/Celine-Thesis/all-data-reordered/all/‘Payday Weekend Sale’ karon sa Gaisano Capital.txt
/Users/rl-14/Desktop/Celine-Thesis/all-data-reordered/all/‘Pedophile’ gahikog.txt
/Users/rl-14/Desktop/Celine-Thesis/all-data-reordered/all/‘Peping’s Lechon pinaka lami’.txt
/Users/rl-14/Desktop/Celine-Thesis/all-data-reordered/all/‘Promise of Forever’ magsugod na ugma.txt
/Users/rl-14/Desktop/Celine-Thesis/all-data-reordered/all/‘Protesters’ nga misud sa buhatan sa mayor giabog.txt
/Users/rl-14/Desktop/Celine-Thesis/all-data-reordered/all/‘Pulitika’ ang nagpaluyo sa pagtipi ni Imok: Largo.txt
/Users/rl-14/Desktop/Celine-Thesis/all-data-reordered/all/‘Pusher’ gipusil; maestra napagan.txt
/Users/rl-14/Desktop/Celine-Thesis/all-data-reordered/all/‘Pyramiding’ ang estilo sa Tokhang sa Station 3 sa Lapu-Lapu police.txt
/Users/rl-14/Desktop/Celine-Thesis/all-data-reordered/all/‘Radyoke Shinning Star’ gilusad.txt
/Users/rl-14/Desktop/Celine-Thesis/all-data-reordered/all/‘Rape’ nahitabo sa hotel.txt
/Users/rl-14/Desktop/Celine-Thesis/all-data-reordered/all/‘Reel Time’ sa GMA: Best Program sa World TV Awards .txt
/Users/rl-14/Desktop/Celine-Thesis/all-data-reordered/all/‘Running priest’ at ex-CHR Chairman Rosales, puspusan ang human rights education sa CdeO.txt
/Users/rl-14/Desktop/Celine-Thesis/all-data-reordered/all/‘Salome’ way direktang epekto sa Sugbo.txt
/Users/rl-14/Desktop/Celine-Thesis/all-data-reordered/all/‘School is Cool Sale’ sa Gaisano Capital  star-studded karon.txt
/Users/rl-14/Desktop/Celine-Thesis/all-data-reordered/all/‘Serial rapist’ sa Mandaue nadakpan.txt
/Users/rl-14/Desktop/Celine-Thesis/all-data-reordered/all/‘Sin Island’ moabli sa Valentines Day.txt
/Users/rl-14/Desktop/Celine-Thesis/all-data-reordered/all/‘Sipaka’ sa Talisayan gibida sa Kuyamis Festival.txt
/Users/rl-14/Desktop/Celine-Thesis/all-data-reordered/all/‘Sorry sa NPA rebels,giyam-iran sa Bukidnon ambush victims’.txt
/Users/rl-14/Desktop/Celine-Thesis/all-data-reordered/all/‘Speed ug power ni Horn, layo kon itandi kang Pacquiao’-sports writer.txt
/Users/rl-14/Desktop/Celine-Thesis/all-data-reordered/all/‘State of emergency’ nasinati na sa DavSur.txt
/Users/rl-14/Desktop/Celine-Thesis/all-data-reordered/all/‘Steve Nash’ bagong presidente sa Ballpals.txt
/Users/rl-14/Desktop/Celine-Thesis/all-data-reordered/all/‘Sunfish’ nakuha.txt
/Users/rl-14/Desktop/Celine-Thesis/all-data-reordered/all/‘Sunken cemetery,misahan’ sa Camiguin.txt
/Users/rl-14/Desktop/Celine-Thesis/all-data-reordered/all/‘Super Team’.txt
/Users/rl-14/Desktop/Celine-Thesis/all-data-reordered/all/‘Superteam’.txt
/Users/rl-14/Desktop/Celine-Thesis/all-data-reordered/all/‘Suspek nga manag-uyab ug 4 pa ka mga kaubanan niini, pasakahan ug kasong murder gumikan sa pagpatay ug pagsunog sa PAF member’.txt
/Users/rl-14/Desktop/Celine-Thesis/all-data-reordered/all/‘Suspendidong barangay kagawad na nahuli sa drug raid, posibleng ma-terminate’.txt
/Users/rl-14/Desktop/Celine-Thesis/all-data-reordered/all/‘Takbo Para sa Presinto Dos’ ipahigayon karong Dominggo.txt
/Users/rl-14/Desktop/Celine-Thesis/all-data-reordered/all/‘Tanghaga’.txt
/Users/rl-14/Desktop/Celine-Thesis/all-data-reordered/all/‘Tawing’ gipasigarbo ni Moreno.txt
/Users/rl-14/Desktop/Celine-Thesis/all-data-reordered/all/‘Tawing’ ipadula sa World Age Group.txt
/Users/rl-14/Desktop/Celine-Thesis/all-data-reordered/all/‘Ten-Dahang Karnabal’ ilusad sa Prince Hypermart.txt
/Users/rl-14/Desktop/Celine-Thesis/all-data-reordered/all/‘The Debutantes’ manghadlok na.txt
/Users/rl-14/Desktop/Celine-Thesis/all-data-reordered/all/‘The Greatest Story’ giduwa.txt
/Users/rl-14/Desktop/Celine-Thesis/all-data-reordered/all/‘The Queen’ .txt
/Users/rl-14/Desktop/Celine-Thesis/all-data-reordered/all/‘Tsiks’ gigukod sa nag-masturbate  .txt
/Users/rl-14/Desktop/Celine-Thesis/all-data-reordered/all/‘Tuman Cebu, Pwede Kaayo’ video gilusad.txt
/Users/rl-14/Desktop/Celine-Thesis/all-data-reordered/all/‘Ubay-ubay nga ihap sa mga rebelde, mibalik na sa sabakan sa kagamhanan’ – Gov. Dayanghirang.txt
/Users/rl-14/Desktop/Celine-Thesis/all-data-reordered/all/‘Ukoy’ sa Aplaya gilalisan sa netizens.txt
/Users/rl-14/Desktop/Celine-Thesis/all-data-reordered/all/‘Ulan-ulan’ giawayan .txt
/Users/rl-14/Desktop/Celine-Thesis/all-data-reordered/all/‘Unplugged’ nga aircon, hinungdan sa pagkasunog sa DepEd-Agusan del Norte Office – BFP.txt
/Users/rl-14/Desktop/Celine-Thesis/all-data-reordered/all/‘Urduja’ mibilin og kadaut, ‘Vinta’ naghulga.txt
/Users/rl-14/Desktop/Celine-Thesis/all-data-reordered/all/‘Usa sa mga suspek sa pagpatay sa PAF member, gikumpirma sa mga otoridad nga miyembro sa NPA’.txt
/Users/rl-14/Desktop/Celine-Thesis/all-data-reordered/all/‘Utok’ sa pagpatay nadakpan; nanghimakak.txt
/Users/rl-14/Desktop/Celine-Thesis/all-data-reordered/all/‘Wala ko gi-hostage apan nagpatabang lamang siya’-MisOr priest.txt
/Users/rl-14/Desktop/Celine-Thesis/all-data-reordered/all/‘Walk For Life’ batok sa pagpamatay ipahigayon.txt
/Users/rl-14/Desktop/Celine-Thesis/all-data-reordered/all/‘Warrant of Arrest ni Floirendo, nagpakita nga walay gidapigan ang Duterte Admin.’ – Speaker Alvarez.txt
/Users/rl-14/Desktop/Celine-Thesis/all-data-reordered/all/‘Way gisi’ ang kinatawo .txt
/Users/rl-14/Desktop/Celine-Thesis/all-data-reordered/all/‘Way pulis’ sa estasyon sa Toledo.txt
/Users/rl-14/Desktop/Celine-Thesis/all-data-reordered/all/‘Wa’y hikapay’.txt
/Users/rl-14/Desktop/Celine-Thesis/all-data-reordered/all/‘White lady’ motabok sa dalan gibasol sa mga disgrasya .txt
/Users/rl-14/Desktop/Celine-Thesis/all-data-reordered/all/‘Zero crime incidence’ gitinguha sa Undas 2016.txt
/Users/rl-14/Desktop/Celine-Thesis/all-data-reordered/all/‘Zero supply’ sa bugas sa Oro.txt
/Users/rl-14/Desktop/Celine-Thesis/all-data-reordered/all/’Bulawan’, tuyo ug tumong sa Gilas.txt
/Users/rl-14/Desktop/Celine-Thesis/all-data-reordered/all/“Adopt a Child on Hearts’ Day”, himuon sa Surigao del Sur karong Valentine’s Day.txt
/Users/rl-14/Desktop/Celine-Thesis/all-data-reordered/all/“Anti-Christ brew” ang kape kaniadto.txt
/Users/rl-14/Desktop/Celine-Thesis/all-data-reordered/all/“Asa ka kitag senador nga mi-akusar sa Presidente nga Killer ug Psychopath?” – CWGG Con. Atty Soriano.txt
/Users/rl-14/Desktop/Celine-Thesis/all-data-reordered/all/“Bugsay Mindanao IV, Paddle for Peace,” gipahigayon sa Surigao City.txt
/Users/rl-14/Desktop/Celine-Thesis/all-data-reordered/all/“Changing Partners” laing musical movie.txt
/Users/rl-14/Desktop/Celine-Thesis/all-data-reordered/all/“Epic failure”comment ni Sen. Trillanes vs sa usa ka tuig nga pagpangatungdanan ni Pangulong Duterte, dili na angayang ikahikurat-abugado.txt
/Users/rl-14/Desktop/Celine-Thesis/all-data-reordered/all/“Ghost Employees” ni Trillanes mibutho.txt
/Users/rl-14/Desktop/Celine-Thesis/all-data-reordered/all/“Horn, dirty fighter”- igsuon ni Pacquiao.txt
/Users/rl-14/Desktop/Celine-Thesis/all-data-reordered/all/“Ice” gigamit pagpawong sa sunog sa Mt. Apo.txt
/Users/rl-14/Desktop/Celine-Thesis/all-data-reordered/all/“Iresponsableng” nagsulat sa sayop nga report kalabot sa 10 Maute members sa Sarangani, gisaway!.txt
/Users/rl-14/Desktop/Celine-Thesis/all-data-reordered/all/“Longest serving CdeO mayor, pumanaw na sa edad, 77.txt
/Users/rl-14/Desktop/Celine-Thesis/all-data-reordered/all/“My Bebe Love” mopakilig sa mga Dabawenyo.txt
/Users/rl-14/Desktop/Celine-Thesis/all-data-reordered/all/“Naa koy constituents pud nga dili pud intawn Katoliko”- Mayor Jose Esgana.txt
/Users/rl-14/Desktop/Celine-Thesis/all-data-reordered/all/“Over my Dead Body”- PNP Chief Dela Rosa sa giingong destabilization plot sa PNP vs PDuterte.txt
/Users/rl-14/Desktop/Celine-Thesis/all-data-reordered/all/“Pax Ganern” ilusad sa Bukidnon.txt
/Users/rl-14/Desktop/Celine-Thesis/all-data-reordered/all/“Pokusan usab ang anggulo sa politika”- Pamilyang Ungab.txt
/Users/rl-14/Desktop/Celine-Thesis/all-data-reordered/all/“Prince” toa na sa US.txt
/Users/rl-14/Desktop/Celine-Thesis/all-data-reordered/all/“Salto Breeders’ Benefit Sabong” misikad sa Talisay.txt
/Users/rl-14/Desktop/Celine-Thesis/all-data-reordered/all/“Sinungaling si Charice” – Raquel Pempengco.txt
/Users/rl-14/Desktop/Celine-Thesis/all-data-reordered/all/“tan-aw kanako aron makakita ka kanimo”.txt
/Users/rl-14/Desktop/Celine-Thesis/all-data-reordered/all/“The Barker” giatngan sa fans ni Empoy.txt
/Users/rl-14/Desktop/Celine-Thesis/all-data-reordered/all/“TRAIN Law” giingong anti-poor?.txt
/Users/rl-14/Desktop/Celine-Thesis/all-data-reordered/all/”Bangon Marawi’ army singer,gipabati ang bag-ong song composition sa Bombo Radyo.txt
/Users/rl-14/Desktop/Celine-Thesis/all-data-reordered/all/”Galua ug late USTP prexy,may panagbikil”.txt
/Users/rl-14/Desktop/Celine-Thesis/all-data-reordered/all/…Lillard nahagit nga wa malakip.txt
